2026-05-11 19:30:58,462 - INFO - 🔄 步骤1: 重置APP，检测登录状态并登出
2026-05-11 19:31:04,304 - INFO -     ✅ APP已重置
2026-05-11 19:31:19,516 - INFO -     ℹ️ 未检测到登录状态，已在登录页面
2026-05-11 19:31:19,518 - INFO - ✅ 步骤1: 重置APP，检测登录状态并登出 - 完成
2026-05-11 19:31:19,518 - INFO - 🔄 步骤2: 点击登录按钮进入Sign in页面
2026-05-11 19:31:20,492 - INFO - ✅ 步骤2: 点击登录按钮进入Sign in页面 - 完成
2026-05-11 19:31:22,002 - INFO - 🔄 步骤3: 点击邮箱框，输入邮箱
2026-05-11 19:32:02,822 - INFO -     ✅ 邮箱输入完成: haoc51888@gmail.com
2026-05-11 19:32:03,827 - INFO - ✅ 步骤3: 点击邮箱框，输入邮箱 - 完成
2026-05-11 19:32:03,828 - INFO - 🔄 步骤4: 点击密码框，输入密码
2026-05-11 19:32:45,176 - INFO -     ✅ 密码输入完成
2026-05-11 19:32:46,184 - INFO - ✅ 步骤4: 点击密码框，输入密码 - 完成
2026-05-11 19:32:46,185 - INFO - 🔄 步骤5: 点击键盘Done，收起键盘
2026-05-11 19:32:47,422 - INFO - ✅ 步骤5: 点击键盘Done，收起键盘 - 完成
2026-05-11 19:32:48,432 - INFO - 🔄 步骤6: 点击登录按钮（不勾选用户协议和隐私政策）
2026-05-11 19:32:49,251 - INFO - ✅ 步骤6: 点击登录按钮（不勾选用户协议和隐私政策） - 完成
2026-05-11 19:32:51,257 - INFO - 🔄 步骤7: 断言页面显示错误提示信息
2026-05-11 19:32:51,588 - INFO -     ✅ 找到错误提示信息: Please confirm and tick the Privacy Policy and User Agreement
2026-05-11 19:32:51,588 - INFO - ✅ 步骤7: 断言页面显示错误提示信息 - 完成，错误提示信息已显示
2026-05-11 19:32:51,588 - INFO - 🎉 测试用例102660执行成功！
2026-05-11 19:32:51,619 - INFO - ✅ 报告已生成: /Users/ambrose.chen/Desktop/iot/project/APP外壳/2测试报告/platform/ios_20260511_193056/ios_20260511_193056_report.xlsx
