2026-04-29 18:03:00,197 - INFO - 🔄 步骤0: 登出，确保从登出状态开始测试
2026-04-29 18:03:00,198 - INFO - 开始登出流程...
2026-04-29 18:03:00,452 - INFO - 检测到home sel元素
2026-04-29 18:03:11,830 - INFO - ✅ 点击mine按钮: //XCUIElementTypeButton[@name="mine"]
2026-04-29 18:03:14,007 - INFO - ✅ 点击CommonEdit编辑按钮: //XCUIElementTypeButton[@name="CommonEdit"]
2026-04-29 18:03:16,209 - INFO - ✅ 点击Log Out: //XCUIElementTypeButton[@name="Log Out"]
2026-04-29 18:03:18,403 - INFO - ✅ 点击Confirm: //XCUIElementTypeButton[@name="Confirm"]
2026-04-29 18:03:19,905 - INFO - 登出操作完成
2026-04-29 18:03:20,237 - INFO - ✅ 成功回到登录页面
2026-04-29 18:03:20,237 - INFO - ✅ 步骤0: 登出，确保从登出状态开始测试 - 完成
2026-04-29 18:03:22,242 - INFO - 🔄 步骤1: 点击Sign Up按钮进入注册页面
2026-04-29 18:03:23,226 - INFO - ✅ 步骤1: 点击Sign Up按钮进入注册页面 - 完成
2026-04-29 18:03:25,228 - INFO - 🔄 步骤2: 输入邮箱地址
2026-04-29 18:03:25,233 - INFO - 📧 生成邮箱地址: 1+2-3.4%5_629@163.com
2026-04-29 18:03:27,325 - INFO - ✅ 步骤2: 输入邮箱地址 - 完成，邮箱: 1+2-3.4%5_629@163.com
2026-04-29 18:03:29,330 - INFO - 🔄 步骤3: 同意隐私政策
2026-04-29 18:03:30,400 - INFO - ✅ 步骤3: 同意隐私政策 - 完成
2026-04-29 18:03:32,403 - INFO - 🔄 步骤4: 点击Done按钮（收起键盘）
2026-04-29 18:03:33,730 - INFO - ✅ 步骤4: 点击Done按钮（收起键盘） - 完成
2026-04-29 18:03:35,735 - INFO - 🔄 步骤5: 点击Next按钮进入密码设置
2026-04-29 18:03:36,469 - INFO - ✅ 步骤5: 点击Next按钮进入密码设置 - 完成
2026-04-29 18:03:38,473 - INFO - 🔄 步骤6: 设置密码
2026-04-29 18:03:43,624 - INFO - ✅ 步骤6: 设置密码 - 完成
2026-04-29 18:03:45,625 - INFO - 🔄 步骤7: 点击Done按钮（收起键盘）
2026-04-29 18:03:46,885 - INFO - ✅ 步骤7: 点击Done按钮（收起键盘） - 完成
2026-04-29 18:03:48,888 - INFO - 🔄 步骤8: 点击Next按钮进入个人信息页面
2026-04-29 18:03:49,903 - INFO - ✅ 步骤8: 点击Next按钮进入个人信息页面 - 完成
2026-04-29 18:03:51,906 - INFO - 🔄 步骤9: 设置用户名
2026-04-29 18:03:55,686 - INFO - ✅ 步骤9: 设置用户名 - 完成，用户名: qPKjmiEeLoMIaeOFZSDwKuTchosopfIAskpzOspXaXPuIvJWjTwlJRrgdejG
2026-04-29 18:03:58,692 - INFO - 🔄 步骤10: 点击Done按钮收起键盘
2026-04-29 18:03:59,972 - INFO - ✅ 步骤10: 点击Done按钮收起键盘 - 完成
2026-04-29 18:04:01,977 - INFO - 🔄 步骤11: 点击左上角返回按钮
2026-04-29 18:04:02,664 - INFO - ✅ 步骤11: 点击左上角返回按钮 - 完成
2026-04-29 18:04:05,669 - INFO - 🔄 步骤12: 验证跳转到APP主页面
2026-04-29 18:04:06,121 - INFO - ✅ 步骤12: 验证跳转到APP主页面 - 完成
2026-04-29 18:04:06,121 - INFO - 🔄 步骤13: 验证用户名显示为默认的'Username'
2026-04-29 18:04:11,377 - INFO - ✅ 找到用户名元素，使用选择器: //XCUIElementTypeStaticText[contains(@name, "Username")]
2026-04-29 18:04:11,435 - INFO - 📝 用户名显示内容: Hi, Username
2026-04-29 18:04:11,435 - INFO - ✅ 步骤13: 验证用户名显示为默认的'Username' - 完成，用户名显示为默认值: Hi, Username
2026-04-29 18:04:11,435 - INFO - 🎉 测试用例102248执行成功！
2026-04-29 18:04:13,477 - INFO - ✅ 报告已生成: /Users/ambrose.chen/Desktop/iot/project/APP外壳/2测试报告/platform/ios_20260429_180256/ios_20260429_180256_report.xlsx
