2026-05-09 19:08:36,673 - INFO - 🔄 步骤0: 登出，确保从登出状态开始测试
2026-05-09 19:08:36,674 - INFO - 开始登出流程...
2026-05-09 19:09:07,588 - INFO - 未检测到home sel/mine sel/mine，跳过登出流程
2026-05-09 19:09:07,588 - INFO - ✅ 步骤0: 登出，确保从登出状态开始测试 - 完成
2026-05-09 19:09:09,598 - INFO - 🔄 步骤1: 验证在APP首页（登录页面）
2026-05-09 19:09:09,762 - INFO - ✅ 步骤1: 验证在APP首页（登录页面） - 完成，确认在APP首页（登录页面）
2026-05-09 19:09:11,772 - INFO - 🔄 步骤2: 点击Sign Up按钮进入注册页面
2026-05-09 19:09:12,750 - INFO - ✅ 步骤2: 点击Sign Up按钮进入注册页面 - 完成
2026-05-09 19:09:15,758 - INFO - 🔄 步骤3: 验证进入Sign Up页面
2026-05-09 19:09:15,990 - INFO - ✅ 步骤3: 验证进入Sign Up页面 - 完成，确认已进入Sign Up注册页面
2026-05-09 19:09:17,995 - INFO - 🔄 步骤4: 国家切为China，查看账号行的显示
2026-05-09 19:09:19,063 - INFO - ✅ 已点击国家栏下拉按钮
2026-05-09 19:10:31,692 - INFO - ✅ 已输入搜索关键词: China
2026-05-09 19:10:35,069 - INFO - ✅ 已选择国家: China，命中的元素: China
2026-05-09 19:10:49,175 - INFO - 📝 China国家下，账号行显示: Email
2026-05-09 19:10:49,177 - INFO - ✅ 步骤4: 国家切为China，查看账号行的显示 - 完成，China国家下账号行显示: Email
2026-05-09 19:10:51,179 - INFO - 🔄 步骤5: 国家切为美国，查看账号行的显示
2026-05-09 19:10:52,365 - INFO - ✅ 已点击国家栏下拉按钮
2026-05-09 19:12:05,318 - INFO - ✅ 已输入搜索关键词: United States of America
2026-05-09 19:12:13,800 - INFO - ✅ 已选择国家: United States of America，命中的元素: United States of America
2026-05-09 19:12:27,904 - INFO - 📝 美国国家下，账号行显示: Email
2026-05-09 19:12:27,904 - INFO - ✅ 步骤5: 国家切为美国，查看账号行的显示 - 完成，美国国家下账号行显示: Email
2026-05-09 19:12:29,906 - INFO - 🔄 步骤6: 验证两个国家下都显示Email
2026-05-09 19:12:41,010 - INFO - ✅ 步骤6: 验证两个国家下都显示Email - 完成
2026-05-09 19:12:41,010 - INFO - ✅ 验证通过：China和美国两个国家下，账号行都显示'Email'
2026-05-09 19:12:43,017 - INFO - 🎉 测试用例102194执行成功！
2026-05-09 19:12:43,018 - INFO - ✅ 验证注册地为任何国家时，提示文案均为"邮箱"：China和美国都显示Email
2026-05-09 19:12:45,055 - INFO - ✅ 报告已生成: /Users/ambrose.chen/Desktop/iot/project/APP外壳/2测试报告/platform/ios_20260509_190834/ios_20260509_190834_report.xlsx
