2026-05-08 16:17:09,115 - INFO - 🔄 步骤0: 登出，确保从登出状态开始测试
2026-05-08 16:17:09,116 - INFO - 开始登出流程...
2026-05-08 16:17:40,001 - INFO - 未检测到home sel/mine sel/mine，跳过登出流程
2026-05-08 16:17:40,002 - INFO - ✅ 步骤0: 登出，确保从登出状态开始测试 - 完成
2026-05-08 16:17:42,006 - INFO - 🔄 步骤1: 验证在APP首页（登录页面）
2026-05-08 16:17:42,159 - INFO - ✅ 步骤1: 验证在APP首页（登录页面） - 完成，确认在APP首页（登录页面）
2026-05-08 16:17:44,163 - INFO - 🔄 步骤2: 点击Sign Up按钮进入注册页面
2026-05-08 16:17:45,136 - INFO - ✅ 步骤2: 点击Sign Up按钮进入注册页面 - 完成
2026-05-08 16:17:48,140 - INFO - 🔄 步骤3: 验证进入Sign Up页面
2026-05-08 16:17:48,371 - INFO - ✅ 步骤3: 验证进入Sign Up页面 - 完成，确认已进入Sign Up注册页面
2026-05-08 16:17:50,375 - INFO - 🔄 步骤4: 邮箱框输入数字+字母（value="Email"）
2026-05-08 16:17:52,016 - INFO - ✅ 步骤4: 邮箱框输入数字+字母（value="Email"） - 完成，输入邮箱: 123456abcd
2026-05-08 16:17:53,018 - INFO - 🔄 步骤5: 勾选隐私政策和用户协议
2026-05-08 16:17:59,220 - INFO - ✅ 隐私政策复选框已勾选
2026-05-08 16:18:00,725 - INFO - 🔄 步骤6: 点击Next按钮
2026-05-08 16:18:08,792 - INFO - ❌ 步骤6: 点击Next按钮失败: 无法找到或点击Next按钮 - Message: 

2026-05-08 16:18:08,792 - INFO - 
============================================================
2026-05-08 16:18:08,792 - INFO - ❌ 测试失败
2026-05-08 16:18:08,792 - INFO - 📍 失败步骤: 步骤6: 点击Next按钮
2026-05-08 16:18:08,792 - INFO - 📝 失败原因: 步骤6: 点击Next按钮失败: 无法找到或点击Next按钮 - Message: 

2026-05-08 16:18:08,792 - INFO - ============================================================
2026-05-08 16:18:08,795 - INFO - Traceback (most recent call last):

2026-05-08 16:18:08,795 - INFO -   File "/Users/ambrose.chen/Desktop/iot/project/APP外壳/3功能/1平台/IOS/2注册/102207 验证邮箱数字+字母，无法下一步.py", line 216, in test_102207
    next_btn = WebDriverWait(driver, 8).until(
               ^^^^^^^^^^^^^^^^^^^^^^^^^^^^^^^

2026-05-08 16:18:08,795 - INFO -   File "/Library/Frameworks/Python.framework/Versions/3.11/lib/python3.11/site-packages/selenium/webdriver/support/wait.py", line 138, in until
    raise TimeoutException(message, screen, stacktrace)

2026-05-08 16:18:08,795 - INFO - selenium.common.exceptions.TimeoutException: Message: 


2026-05-08 16:18:09,043 - INFO - 已保存test_102207_failed失败截图: screenshots/test_102207_failed_1778228288.png
2026-05-08 16:18:09,061 - INFO - ✅ 报告已生成: /Users/ambrose.chen/Desktop/iot/project/APP外壳/2测试报告/platform/ios_20260508_161706/ios_20260508_161706_report.xlsx
