2026-05-11 19:59:22,914 - INFO - 🔄 步骤0: 登出，确保从登出状态开始测试
2026-05-11 19:59:22,915 - INFO - 开始登出流程...
2026-05-11 19:59:53,831 - INFO - 未检测到home sel/mine sel/mine，跳过登出流程
2026-05-11 19:59:53,833 - INFO - ✅ 步骤0: 登出，确保从登出状态开始测试 - 完成
2026-05-11 19:59:55,841 - INFO - 🔄 步骤1: 验证在APP首页（登录页面）
2026-05-11 19:59:56,004 - INFO - ✅ 步骤1: 验证在APP首页（登录页面） - 完成，确认在APP首页（登录页面）
2026-05-11 19:59:58,005 - INFO - 🔄 步骤2: 点击Sign Up按钮进入注册页面
2026-05-11 19:59:58,960 - INFO - ✅ 步骤2: 点击Sign Up按钮进入注册页面 - 完成
2026-05-11 20:00:01,963 - INFO - 🔄 步骤3: 验证进入Sign Up页面
2026-05-11 20:00:02,204 - INFO - ✅ 步骤3: 验证进入Sign Up页面 - 完成，确认已进入Sign Up注册页面
2026-05-11 20:00:04,212 - INFO - 🔄 步骤4: 点击国家栏下拉按钮
2026-05-11 20:00:05,319 - INFO - ✅ 步骤4: 点击国家栏下拉按钮 - 完成，已点击国家栏下拉按钮
2026-05-11 20:00:08,329 - INFO - 🔄 步骤5: 验证跳转至国家选择页面
2026-05-11 20:00:41,672 - INFO - ✅ 步骤5: 验证跳转至国家选择页面 - 完成，确认已跳转至国家选择页面
2026-05-11 20:00:43,674 - INFO - 🔄 步骤6: 点击搜索框并输入France
2026-05-11 20:01:20,037 - INFO - ✅ 步骤6: 点击搜索框并输入France - 完成，已输入France
2026-05-11 20:01:22,040 - INFO - 🔄 步骤7: 选择France
2026-05-11 20:01:28,497 - INFO - ✅ 步骤7: 选择France - 完成，已选择France，命中的元素: France
2026-05-11 20:01:31,506 - INFO - 🔄 步骤8: 验证注册页面显示的国家与选择的一致
2026-05-11 20:01:31,793 - INFO - ✅ 找到国家显示元素，使用选择器: //XCUIElementTypeStaticText[@name="France"]
2026-05-11 20:01:31,793 - INFO - 📝 注册页面显示的国家: France
2026-05-11 20:01:31,793 - INFO - ✅ 步骤8: 验证注册页面显示的国家与选择的一致 - 完成
2026-05-11 20:01:31,793 - INFO - ✅ 注册页面显示的国家与选择的一致: France
2026-05-11 20:01:33,801 - INFO - 🎉 测试用例102185执行成功！
2026-05-11 20:01:33,802 - INFO - ✅ 注册页面国家切换-搜索一个存在的国家
2026-05-11 20:01:35,844 - INFO - ✅ 报告已生成: /Users/ambrose.chen/Desktop/iot/project/APP外壳/2测试报告/platform/ios_20260511_195921/ios_20260511_195921_report.xlsx
