2026-05-09 20:04:16,984 - INFO - 🔄 步骤0: 登出，确保从登出状态开始测试
2026-05-09 20:04:16,985 - INFO - 开始登出流程...
2026-05-09 20:04:47,895 - INFO - 未检测到home sel/mine sel/mine，跳过登出流程
2026-05-09 20:04:47,896 - INFO - ✅ 步骤0: 登出，确保从登出状态开始测试 - 完成
2026-05-09 20:04:49,901 - INFO - 🔄 步骤1: 验证在APP首页（登录页面）
2026-05-09 20:04:50,055 - INFO - ✅ 步骤1: 验证在APP首页（登录页面） - 完成，确认在APP首页（登录页面）
2026-05-09 20:04:52,063 - INFO - 🔄 步骤2: 点击Sign Up按钮进入注册页面
2026-05-09 20:04:53,017 - INFO - ✅ 步骤2: 点击Sign Up按钮进入注册页面 - 完成
2026-05-09 20:04:56,027 - INFO - 🔄 步骤3: 验证进入Sign Up页面
2026-05-09 20:04:56,259 - INFO - ✅ 步骤3: 验证进入Sign Up页面 - 完成，确认已进入Sign Up注册页面
2026-05-09 20:04:58,268 - INFO - 🔄 步骤4: 输入邮箱
2026-05-09 20:04:58,272 - INFO - 📧 生成简单邮箱地址: testuser210@163.com
2026-05-09 20:05:00,284 - INFO - ✅ 步骤4: 输入邮箱 - 完成，邮箱: testuser210@163.com
2026-05-09 20:05:02,295 - INFO - 🔄 步骤5: 勾选隐私政策和用户协议
2026-05-09 20:05:08,453 - INFO - ✅ 隐私政策复选框已勾选
2026-05-09 20:05:09,963 - INFO - 🔄 步骤5.1: 收起键盘（Done）
2026-05-09 20:05:11,246 - INFO - ✅ 已点击Done收起键盘
2026-05-09 20:05:12,254 - INFO - 🔄 步骤6: 点击Next进入set password页面
2026-05-09 20:05:12,964 - INFO - ✅ 步骤6: 点击Next进入set password页面 - 完成，已点击Next按钮
2026-05-09 20:05:15,973 - INFO - 🔄 步骤7: 验证进入set password页面
2026-05-09 20:05:16,251 - INFO - ✅ 成功进入set password页面
2026-05-09 20:05:17,758 - INFO - 🔄 步骤8: 输入大小写混合密码并验证规则颜色
2026-05-09 20:05:19,582 - INFO - ✅ 已输入密码: XINGmai
2026-05-09 20:05:21,508 - INFO - ✅ 已输入确认密码: XINGmai
2026-05-09 20:05:22,903 - INFO - 📝 规则提示: • 6-20 characters 颜色: None
2026-05-09 20:05:23,286 - INFO - 📝 规则提示: • contains letters 颜色: None
2026-05-09 20:05:23,666 - INFO - 📝 规则提示: • contains numbers 颜色: None
2026-05-09 20:05:24,058 - INFO - 📝 规则提示: • Supports special characters:! @ # $ % ^ & * ( ) - _ = + \ | [ ] { } ; : / ? . , ~ > < ` 颜色: None
2026-05-09 20:05:25,270 - INFO - ✅ 密码页已点击Done收起键盘
2026-05-09 20:05:26,280 - INFO - 🔄 步骤9: 点击Next验证仍停留在set password页面
2026-05-09 20:05:26,845 - INFO - ✅ 已尝试点击密码页Next按钮（应无跳转）
2026-05-09 20:05:29,158 - INFO - ✅ 点击后仍停留在set password页面，Next按钮不可使页面跳转
2026-05-09 20:05:30,166 - INFO - 🎉 测试用例102236执行成功！
2026-05-09 20:05:30,166 - INFO - ✅ 大小写混合但无数字/特殊字符，Next不可跳转，停留密码页
2026-05-09 20:05:32,211 - INFO - ✅ 报告已生成: /Users/ambrose.chen/Desktop/iot/project/APP外壳/2测试报告/platform/ios_20260509_200415/ios_20260509_200415_report.xlsx
