2026-04-30 16:31:53,937 - INFO - 🔄 步骤1: 重启APP并处理登录状态
2026-04-30 16:32:15,497 - INFO - ✅ 步骤1: 重启APP并处理登录状态 - 完成
2026-04-30 16:32:15,499 - INFO - 🔄 步骤2: 点击Sign In进入登录页
2026-04-30 16:32:18,517 - INFO - ✅ 步骤2: 点击Sign In进入登录页 - 完成
2026-04-30 16:32:18,519 - INFO - 🔄 步骤3: 点击Forgot password进入忘记密码页
2026-04-30 16:32:21,661 - INFO - ✅ 步骤3: 点击Forgot password进入忘记密码页 - 完成
2026-04-30 16:32:21,668 - INFO - 🔄 步骤4: 输入邮箱
2026-04-30 16:32:28,595 - INFO - ✅ 步骤4: 输入邮箱 - 完成，邮箱: haoc51888@gmail.com
2026-04-30 16:32:28,604 - INFO - 🔄 步骤5: 点击Next进入验证码页并触发发码
2026-04-30 16:32:38,291 - INFO - ✅ 步骤5: 点击Next进入验证码页并触发发码 - 完成
2026-04-30 16:32:38,295 - INFO - 🔄 步骤6: Gmail获取最新验证码code1
2026-04-30 16:35:04,892 - INFO - ✅ 步骤6: Gmail获取最新验证码code1 - 完成，code1: 418620
2026-04-30 16:35:04,903 - INFO - 🔄 步骤7: 等待Resend可用并点击
2026-04-30 16:35:24,323 - INFO - ✅ 步骤7: 等待Resend可用并点击 - 完成
2026-04-30 16:35:24,327 - INFO - 🔄 步骤8: 输入旧验证码并提交
2026-04-30 16:39:25,085 - INFO -     💡 当前页面可见按钮(name/label)示例: ['nav back', 'Resend', "Can't receive verification code?"]
2026-04-30 16:39:25,092 - INFO - 
============================================================
2026-04-30 16:39:25,092 - INFO - ❌ 测试失败
2026-04-30 16:39:25,092 - INFO - 📍 失败步骤: 步骤8: 输入旧验证码并提交
2026-04-30 16:39:25,092 - INFO - 📝 失败原因: 步骤8: 输入旧验证码并提交失败
2026-04-30 16:39:25,092 - INFO - ============================================================
2026-04-30 16:39:25,124 - INFO - Traceback (most recent call last):

2026-04-30 16:39:25,134 - INFO -   File "/Users/ambrose.chen/Desktop/iot/project/APP外壳/3功能/1平台/IOS/3忘记密码/102135验证重新发送验证码后，上次的验证码会失效，会提示重填.py", line 436, in test_102135
    _submit_verification(driver)

2026-04-30 16:39:25,134 - INFO -   File "/Users/ambrose.chen/Desktop/iot/project/APP外壳/3功能/1平台/IOS/3忘记密码/102135验证重新发送验证码后，上次的验证码会失效，会提示重填.py", line 296, in _submit_verification
    _click_with_tap_fallback(driver, selectors=selectors, timeout_each=12)

2026-04-30 16:39:25,135 - INFO -   File "/Users/ambrose.chen/Desktop/iot/project/APP外壳/3功能/1平台/IOS/3忘记密码/102135验证重新发送验证码后，上次的验证码会失效，会提示重填.py", line 95, in _click_with_tap_fallback
    raise TimeoutException("未找到可点击元素")

2026-04-30 16:39:25,135 - INFO - selenium.common.exceptions.TimeoutException: Message: 未找到可点击元素


2026-04-30 16:39:25,408 - INFO - 已保存test_102135_failed失败截图: screenshots/test_102135_failed_1777538365.png
2026-04-30 16:39:25,558 - INFO - ✅ 报告已生成: /Users/ambrose.chen/Desktop/iot/project/APP外壳/2测试报告/platform/ios_20260430_163149/ios_20260430_163149_report.xlsx
