2026-05-08 21:36:54,662 - INFO - 🔄 步骤0: 登出，确保从登出状态开始测试
2026-05-08 21:36:54,662 - INFO - 开始登出流程...
2026-05-08 21:36:54,896 - INFO - 检测到home sel元素
2026-05-08 21:37:06,251 - INFO - ✅ 点击mine按钮: //XCUIElementTypeButton[@name="mine"]
2026-05-08 21:37:08,435 - INFO - ✅ 点击CommonEdit编辑按钮: //XCUIElementTypeButton[@name="CommonEdit"]
2026-05-08 21:37:10,617 - INFO - ✅ 点击Log Out: //XCUIElementTypeButton[@name="Log Out"]
2026-05-08 21:37:12,799 - INFO - ✅ 点击Confirm: //XCUIElementTypeButton[@name="Confirm"]
2026-05-08 21:37:14,302 - INFO - 登出操作完成
2026-05-08 21:37:14,623 - INFO - ✅ 成功回到登录页面
2026-05-08 21:37:14,623 - INFO - ✅ 步骤0: 登出，确保从登出状态开始测试 - 完成
2026-05-08 21:37:16,627 - INFO - 🔄 步骤1: 验证在APP首页（登录页面）
2026-05-08 21:37:16,786 - INFO - ✅ 步骤1: 验证在APP首页（登录页面） - 完成，确认在APP首页（登录页面）
2026-05-08 21:37:18,789 - INFO - 🔄 步骤2: 点击Sign Up按钮进入注册页面
2026-05-08 21:37:19,752 - INFO - ✅ 步骤2: 点击Sign Up按钮进入注册页面 - 完成
2026-05-08 21:37:22,758 - INFO - 🔄 步骤3: 验证进入Sign Up页面
2026-05-08 21:37:22,985 - INFO - ✅ 步骤3: 验证进入Sign Up页面 - 完成，确认已进入Sign Up注册页面
2026-05-08 21:37:24,989 - INFO - 🔄 步骤4: 输入邮箱
2026-05-08 21:37:24,991 - INFO - 📧 生成简单邮箱地址: testuser185@163.com
2026-05-08 21:37:26,859 - INFO - ✅ 步骤4: 输入邮箱 - 完成，邮箱: testuser185@163.com
2026-05-08 21:37:28,869 - INFO - 🔄 步骤5: 勾选隐私政策和用户协议
2026-05-08 21:37:34,985 - INFO - ✅ 隐私政策复选框已勾选
2026-05-08 21:37:36,490 - INFO - 🔄 步骤5.1: 收起键盘（Done）
2026-05-08 21:37:37,739 - INFO - ✅ 已点击Done收起键盘
2026-05-08 21:37:38,739 - INFO - 🔄 步骤6: 点击Next进入set password页面
2026-05-08 21:37:39,432 - INFO - ✅ 步骤6: 点击Next进入set password页面 - 完成，已点击Next按钮
2026-05-08 21:37:42,433 - INFO - 🔄 步骤7: 验证进入set password页面
2026-05-08 21:37:42,719 - INFO - ✅ 成功进入set password页面
2026-05-08 21:37:44,222 - INFO - 🔄 步骤8: 输入密码并确认
2026-05-08 21:37:46,014 - INFO - ✅ 已输入密码: Csx150128
2026-05-08 21:37:48,086 - INFO - ✅ 已输入确认密码: Csx150128
2026-05-08 21:37:50,300 - INFO - ✅ 密码页已点击Done收起键盘
2026-05-08 21:37:51,310 - INFO - 🔄 步骤9: 点击Next进入Personal Information页面
2026-05-08 21:37:52,284 - INFO - ✅ 已点击密码页Next按钮
2026-05-08 21:37:55,295 - INFO - 🔄 步骤10: 输入用户名，点击Skip，验证跳转主界面
2026-05-08 21:37:55,903 - INFO - ✅ 确认已进入Personal Information页面
2026-05-08 21:37:59,721 - INFO - ✅ 已输入用户名: F0UqkUk9n4h5HqOnXjb19dlHYY5psjQdAgfwRqb3ua5Idilvly
2026-05-08 21:38:01,954 - INFO - ✅ 已点击Done收起键盘
2026-05-08 21:38:13,608 - INFO - ✅ 找到Skip元素: //XCUIElementTypeButton[@name="Skip"]
2026-05-08 21:38:14,021 - INFO - ✅ 已点击Skip按钮
2026-05-08 21:38:17,238 - INFO - ✅ 主页面标识元素存在: //XCUIElementTypeButton[@name="home sel"]
2026-05-08 21:38:17,433 - INFO - ✅ Username元素仍显示在主界面
2026-05-08 21:38:18,439 - INFO - 🎉 测试用例102246执行成功！
2026-05-08 21:38:18,439 - INFO - ✅ 输入用户名后点击Skip成功跳转至主界面
2026-05-08 21:38:20,473 - INFO - ✅ 报告已生成: /Users/ambrose.chen/Desktop/iot/project/APP外壳/2测试报告/platform/ios_20260508_213652/ios_20260508_213652_report.xlsx
