2026-05-08 15:28:28,641 - INFO - 🔄 步骤0: 登出，确保从登出状态开始测试
2026-05-08 15:28:28,642 - INFO - 开始登出流程...
2026-05-08 15:28:59,536 - INFO - 未检测到home sel/mine sel/mine，跳过登出流程
2026-05-08 15:28:59,536 - INFO - ✅ 步骤0: 登出，确保从登出状态开始测试 - 完成
2026-05-08 15:29:01,542 - INFO - 🔄 步骤1: 验证在APP首页（登录页面）
2026-05-08 15:29:01,716 - INFO - ✅ 步骤1: 验证在APP首页（登录页面） - 完成，确认在APP首页（登录页面）
2026-05-08 15:29:03,721 - INFO - 🔄 步骤2: 点击Sign Up按钮进入注册页面
2026-05-08 15:29:04,681 - INFO - ✅ 步骤2: 点击Sign Up按钮进入注册页面 - 完成
2026-05-08 15:29:07,686 - INFO - 🔄 步骤3: 验证进入Sign Up页面
2026-05-08 15:29:07,917 - INFO - ✅ 步骤3: 验证进入Sign Up页面 - 完成，确认已进入Sign Up注册页面
2026-05-08 15:29:09,919 - INFO - 🔄 步骤4: 输入邮箱（value="Email"）
2026-05-08 15:29:09,922 - INFO - 📧 生成简单邮箱地址: testuser145@163.com
2026-05-08 15:29:11,798 - INFO - ✅ 步骤4: 输入邮箱（value="Email"） - 完成，邮箱: testuser145@163.com
2026-05-08 15:29:13,802 - INFO - 🔄 步骤5: 点击Done按钮收起键盘
2026-05-08 15:29:15,050 - INFO - ✅ 步骤5: 点击Done按钮收起键盘 - 完成
2026-05-08 15:29:17,054 - INFO - 🔄 步骤6: 勾选隐私政策和用户协议
2026-05-08 15:29:23,805 - INFO - ℹ️ 未检测到 selected（可忽略），继续下一步用页面跳转验证是否勾选成功
2026-05-08 15:29:23,806 - INFO - ✅ 步骤6: 勾选隐私政策和用户协议 - 完成
2026-05-08 15:29:25,810 - INFO - 🔄 步骤7: 点击Next按钮进入密码设置页面
2026-05-08 15:29:26,520 - INFO - ✅ 步骤7: 点击Next按钮进入密码设置页面 - 完成，已点击Next按钮
2026-05-08 15:29:30,162 - INFO - 🔄 步骤8: 点击左上角返回按钮（name="nav back"）
2026-05-08 15:29:31,293 - INFO - ✅ 步骤8: 点击左上角返回按钮（name="nav back"） - 完成
2026-05-08 15:29:32,297 - INFO - 🔄 步骤9: 返回后点击login check sel，出现提示即成功
2026-05-08 15:29:33,169 - INFO - ✅ 已出现提示文案：Please confirm and tick the Privacy Policy and User Agreement
2026-05-08 15:29:33,169 - INFO - ✅ 步骤9: 返回后点击login check sel，出现提示即成功 - 完成
2026-05-08 15:29:35,170 - INFO - 🎉 测试用例102199执行成功！
2026-05-08 15:29:35,171 - INFO - ✅ 102199：勾选协议进入密码页后返回，协议回到未勾选态并出现提示文案
2026-05-08 15:29:37,191 - INFO - ✅ 报告已生成: /Users/ambrose.chen/Desktop/iot/project/APP外壳/2测试报告/platform/ios_20260508_152824/ios_20260508_152824_report.xlsx
