2026-05-08 20:49:11,508 - INFO - 🔄 步骤0: 登出，确保从登出状态开始测试
2026-05-08 20:49:11,509 - INFO - 开始登出流程...
2026-05-08 20:49:42,413 - INFO - 未检测到home sel/mine sel/mine，跳过登出流程
2026-05-08 20:49:42,414 - INFO - ✅ 步骤0: 登出，确保从登出状态开始测试 - 完成
2026-05-08 20:49:44,424 - INFO - 🔄 步骤1: 验证在APP首页（登录页面）
2026-05-08 20:49:44,579 - INFO - ✅ 步骤1: 验证在APP首页（登录页面） - 完成，确认在APP首页（登录页面）
2026-05-08 20:49:46,587 - INFO - 🔄 步骤2: 点击Sign Up按钮进入注册页面
2026-05-08 20:49:47,543 - INFO - ✅ 步骤2: 点击Sign Up按钮进入注册页面 - 完成
2026-05-08 20:49:50,548 - INFO - 🔄 步骤3: 验证进入Sign Up页面
2026-05-08 20:49:50,780 - INFO - ✅ 步骤3: 验证进入Sign Up页面 - 完成，确认已进入Sign Up注册页面
2026-05-08 20:49:52,787 - INFO - 🔄 步骤4: 输入错误邮箱（tank163.@163.com）
2026-05-08 20:49:54,648 - INFO - ✅ 步骤4: 输入错误邮箱（tank163.@163.com） - 完成，输入错误邮箱: tank163.@163.com
2026-05-08 20:49:56,991 - INFO - ✅ 已出现提示：Please sign up using your email address
2026-05-08 20:49:56,992 - INFO - 🔄 步骤5: 勾选隐私政策和用户协议
2026-05-08 20:50:02,750 - INFO - ✅ 隐私政策复选框已勾选
2026-05-08 20:50:04,260 - INFO - 🔄 步骤6: 点击Next按钮（错误邮箱）
2026-05-08 20:50:05,026 - INFO - ✅ 步骤6: 点击Next按钮（错误邮箱） - 已尝试点击Next按钮
2026-05-08 20:50:06,030 - INFO - 🔄 步骤7: 验证停留当前页面并出现提示（错误邮箱）
2026-05-08 20:50:06,529 - INFO - ✅ 步骤7: 验证停留当前页面并出现提示（错误邮箱） - 完成，提示信息: Please sign up using your email address
2026-05-08 20:50:08,537 - INFO - 🔄 步骤8: 修正邮箱为正确邮箱
2026-05-08 20:50:08,541 - INFO - 📧 生成简单邮箱地址: testuser160@163.com
2026-05-08 20:50:21,524 - INFO - ✅ 步骤8: 修正邮箱为正确邮箱 - 完成，输入正确邮箱: testuser160@163.com
2026-05-08 20:50:33,888 - INFO - ✅ 修正邮箱后错误提示已消失
2026-05-08 20:50:33,889 - INFO - 🔄 步骤9: 再次点击Next按钮（正确邮箱）
2026-05-08 20:50:34,522 - INFO - ✅ 步骤9: 再次点击Next按钮（正确邮箱） - 已尝试点击Next按钮（正确邮箱）
2026-05-08 20:50:37,527 - INFO - 🔄 步骤10: 验证跳转到set password页面
2026-05-08 20:50:37,709 - INFO - ✅ 步骤10: 验证跳转到set password页面 - 完成，已进入 Set Password 页面
2026-05-08 20:50:39,716 - INFO - 🎉 测试用例102209执行成功！
2026-05-08 20:50:39,717 - INFO - ✅ 错误邮箱提示后，改正邮箱再次点击Next，成功跳转到set password页面
2026-05-08 20:50:41,744 - INFO - ✅ 报告已生成: /Users/ambrose.chen/Desktop/iot/project/APP外壳/2测试报告/platform/ios_20260508_204909/ios_20260508_204909_report.xlsx
