2026-05-11 19:57:06,457 - INFO - 🔄 步骤0: 登出，确保从登出状态开始测试
2026-05-11 19:57:06,457 - INFO - 开始登出流程...
2026-05-11 19:57:37,359 - INFO - 未检测到home sel/mine sel/mine，跳过登出流程
2026-05-11 19:57:37,360 - INFO - ✅ 步骤0: 登出，确保从登出状态开始测试 - 完成
2026-05-11 19:57:39,361 - INFO - 🔄 步骤1: 验证在APP首页（登录页面）
2026-05-11 19:57:39,519 - INFO - ✅ 步骤1: 验证在APP首页（登录页面） - 完成，确认在APP首页（登录页面）
2026-05-11 19:57:41,523 - INFO - 🔄 步骤2: 点击Sign Up按钮进入注册页面
2026-05-11 19:57:42,453 - INFO - ✅ 步骤2: 点击Sign Up按钮进入注册页面 - 完成
2026-05-11 19:57:45,454 - INFO - 🔄 步骤3: 验证进入Sign Up页面
2026-05-11 19:57:45,681 - INFO - ✅ 步骤3: 验证进入Sign Up页面 - 完成，确认已进入Sign Up注册页面
2026-05-11 19:57:47,682 - INFO - 🔄 步骤4: 点击国家栏下拉按钮
2026-05-11 19:57:48,857 - INFO - ✅ 步骤4: 点击国家栏下拉按钮 - 完成，已点击国家栏下拉按钮
2026-05-11 19:57:51,864 - INFO - 🔄 步骤5: 验证跳转至国家选择页面
2026-05-11 19:58:25,136 - INFO - ✅ 步骤5: 验证跳转至国家选择页面 - 完成，确认已跳转至国家选择页面
2026-05-11 19:58:27,146 - INFO - 🔄 步骤6: 点击搜索框并输入america
2026-05-11 19:59:03,478 - INFO - ✅ 步骤6: 点击搜索框并输入america - 完成，已输入america
2026-05-11 19:59:05,483 - INFO - 🔄 步骤7: 选择United States of America
2026-05-11 19:59:11,941 - INFO - ✅ 步骤7: 选择United States of America - 完成，已选择国家项: United States of America
2026-05-11 19:59:14,947 - INFO - 🔄 步骤8: 验证注册页面显示的国家与选择的一致
2026-05-11 19:59:15,243 - INFO - ✅ 找到国家显示元素，使用选择器: //XCUIElementTypeStaticText[@name="United States of America"]
2026-05-11 19:59:15,243 - INFO - 📝 注册页面显示的国家: United States of America
2026-05-11 19:59:15,243 - INFO - ✅ 步骤8: 验证注册页面显示的国家与选择的一致 - 完成
2026-05-11 19:59:15,243 - INFO - ✅ 注册页面显示的国家与选择的一致: United States of America
2026-05-11 19:59:17,246 - INFO - 🎉 测试用例102184执行成功！
2026-05-11 19:59:17,247 - INFO - ✅ 注册页面国家切换功能正常，选择的国家已正确显示
2026-05-11 19:59:19,290 - INFO - ✅ 报告已生成: /Users/ambrose.chen/Desktop/iot/project/APP外壳/2测试报告/platform/ios_20260511_195704/ios_20260511_195704_report.xlsx
