2026-05-07 22:24:04,043 - INFO - 🔄 步骤0: 登出，确保从登出状态开始测试
2026-05-07 22:24:04,044 - INFO - 开始登出流程...
2026-05-07 22:24:04,300 - INFO - 检测到home sel元素
2026-05-07 22:24:15,683 - INFO - ✅ 点击mine按钮: //XCUIElementTypeButton[@name="mine"]
2026-05-07 22:24:17,988 - INFO - ✅ 点击CommonEdit编辑按钮: //XCUIElementTypeButton[@name="CommonEdit"]
2026-05-07 22:24:20,183 - INFO - ✅ 点击Log Out: //XCUIElementTypeButton[@name="Log Out"]
2026-05-07 22:24:22,382 - INFO - ✅ 点击Confirm: //XCUIElementTypeButton[@name="Confirm"]
2026-05-07 22:24:23,892 - INFO - 登出操作完成
2026-05-07 22:24:24,218 - INFO - ✅ 成功回到登录页面
2026-05-07 22:24:24,219 - INFO - ✅ 步骤0: 登出，确保从登出状态开始测试 - 完成
2026-05-07 22:24:26,224 - INFO - 🔄 步骤1: 点击Sign Up按钮进入注册页面
2026-05-07 22:24:27,205 - INFO - ✅ 步骤1: 点击Sign Up按钮进入注册页面 - 完成
2026-05-07 22:24:29,207 - INFO - 🔄 步骤2: 输入邮箱地址
2026-05-07 22:24:29,211 - INFO - 📧 生成邮箱地址: 1+2-3.4%5_630@163.com
2026-05-07 22:24:31,283 - INFO - ✅ 步骤2: 输入邮箱地址 - 完成，邮箱: 1+2-3.4%5_630@163.com
2026-05-07 22:24:33,293 - INFO - 🔄 步骤3: 同意隐私政策
2026-05-07 22:24:34,477 - INFO - ✅ 步骤3: 同意隐私政策 - 完成
2026-05-07 22:24:36,479 - INFO - 🔄 步骤4: 点击Done按钮（收起键盘）
2026-05-07 22:24:37,788 - INFO - ✅ 步骤4: 点击Done按钮（收起键盘） - 完成
2026-05-07 22:24:39,796 - INFO - 🔄 步骤5: 点击Next按钮进入密码设置
2026-05-07 22:24:40,620 - INFO - ✅ 步骤5: 点击Next按钮进入密码设置 - 完成
2026-05-07 22:24:42,628 - INFO - 🔄 步骤6: 设置密码
2026-05-07 22:24:47,733 - INFO - ✅ 步骤6: 设置密码 - 完成
2026-05-07 22:24:49,743 - INFO - 🔄 步骤7: 点击Done按钮（收起键盘）
2026-05-07 22:24:51,112 - INFO - ✅ 步骤7: 点击Done按钮（收起键盘） - 完成
2026-05-07 22:24:53,120 - INFO - 🔄 步骤8: 点击Next按钮进入个人信息页面
2026-05-07 22:24:54,095 - INFO - ✅ 步骤8: 点击Next按钮进入个人信息页面 - 完成
2026-05-07 22:24:56,100 - INFO - 🔄 步骤9: 验证用户名输入框存在但不输入任何信息
2026-05-07 22:24:57,766 - INFO - ✅ 步骤9: 验证用户名输入框存在但不输入任何信息 - 完成，用户名输入框为空
2026-05-07 22:24:59,767 - INFO - 🔄 步骤10: 点击左上角返回按钮
2026-05-07 22:25:00,654 - INFO - ✅ 步骤10: 点击左上角返回按钮 - 完成
2026-05-07 22:25:03,660 - INFO - 🔄 步骤11: 验证跳转到APP主页面
2026-05-07 22:25:04,055 - INFO - ✅ 步骤11: 验证跳转到APP主页面 - 完成
2026-05-07 22:25:04,055 - INFO - 🔄 步骤12: 验证用户名显示为默认的'Username'
2026-05-07 22:25:09,299 - INFO - ✅ 找到用户名元素，使用选择器: //XCUIElementTypeStaticText[contains(@name, "Username")]
2026-05-07 22:25:09,351 - INFO - 📝 用户名显示内容: Hi, Username
2026-05-07 22:25:09,351 - INFO - ✅ 步骤12: 验证用户名显示为默认的'Username' - 完成，用户名显示为默认值: Hi, Username
2026-05-07 22:25:09,351 - INFO - 🎉 测试用例102247执行成功！
2026-05-07 22:25:11,379 - INFO - ✅ 报告已生成: /Users/ambrose.chen/Desktop/iot/project/APP外壳/2测试报告/platform/ios_20260507_222402/ios_20260507_222402_report.xlsx
