2026-05-07 20:48:50,826 - INFO - 🔄 步骤0: 登出，确保从登出状态开始测试
2026-05-07 20:48:50,826 - INFO - 开始登出流程...
2026-05-07 20:48:51,088 - INFO - 检测到home sel元素
2026-05-07 20:49:02,455 - INFO - ✅ 点击mine按钮: //XCUIElementTypeButton[@name="mine"]
2026-05-07 20:49:04,639 - INFO - ✅ 点击CommonEdit编辑按钮: //XCUIElementTypeButton[@name="CommonEdit"]
2026-05-07 20:49:06,834 - INFO - ✅ 点击Log Out: //XCUIElementTypeButton[@name="Log Out"]
2026-05-07 20:49:09,034 - INFO - ✅ 点击Confirm: //XCUIElementTypeButton[@name="Confirm"]
2026-05-07 20:49:10,538 - INFO - 登出操作完成
2026-05-07 20:49:10,874 - INFO - ✅ 成功回到登录页面
2026-05-07 20:49:10,874 - INFO - ✅ 步骤0: 登出，确保从登出状态开始测试 - 完成
2026-05-07 20:49:12,884 - INFO - 🔄 步骤1: 点击Sign Up按钮进入注册页面
2026-05-07 20:49:13,854 - INFO - ✅ 步骤1: 点击Sign Up按钮进入注册页面 - 完成
2026-05-07 20:49:15,858 - INFO - 🔄 步骤2-5: 输入邮箱并进入设置密码页面
2026-05-07 20:49:15,860 - INFO - 📧 生成未使用过的特殊字符邮箱: 1+2-3.4%5_602208@163.com
2026-05-07 20:49:17,910 - INFO - ✅ 步骤2: 输入邮箱 - 完成（第1次尝试），邮箱: 1+2-3.4%5_602208@163.com
2026-05-07 20:49:25,250 - INFO - ✅ 步骤3: 同意隐私政策 - 完成
2026-05-07 20:49:27,389 - INFO - ✅ 步骤4: Done收起键盘 - 完成
2026-05-07 20:49:28,951 - INFO - ✅ 步骤5: 点击Next - 完成
2026-05-07 20:49:30,971 - INFO - ✅ 已进入set password页面
2026-05-07 20:49:30,971 - INFO - 🔄 步骤6: 设置密码
2026-05-07 20:49:36,118 - INFO - ✅ 步骤6: 设置密码 - 完成
2026-05-07 20:49:38,122 - INFO - 🔄 步骤7: 点击Done按钮（收起键盘）
2026-05-07 20:49:39,380 - INFO - ✅ 步骤7: 点击Done按钮（收起键盘） - 完成
2026-05-07 20:49:41,381 - INFO - 🔄 步骤8: 点击Next按钮进入个人信息页面
2026-05-07 20:49:42,346 - INFO - ✅ 步骤8: 点击Next按钮进入个人信息页面 - 完成
2026-05-07 20:49:44,350 - INFO - 🔄 步骤9: 设置49个字符的用户名
2026-05-07 20:49:44,350 - INFO - 📝 生成的用户名长度: 49 个字符
2026-05-07 20:49:46,871 - INFO - ✅ 已点击用户名区域: //XCUIElementTypeTextField[@value="Username"]
2026-05-07 20:49:47,885 - INFO - ✅ 命中用户名输入框定位: //XCUIElementTypeTextField[@value="Username"]
2026-05-07 20:49:49,269 - INFO - ✅ 步骤9: 设置49个字符的用户名 - 完成，输入的用户名长度: 49 个字符
2026-05-07 20:49:49,269 - INFO - 📝 输入的用户名: 8D5NdlS4L4TdtP80YiqTmexNG19fFkXFBNl3czujWRCjm1cIm
2026-05-07 20:49:52,273 - INFO - 🔄 步骤10: 点击Done按钮收起键盘
2026-05-07 20:49:53,549 - INFO - ✅ 步骤10: 点击Done按钮收起键盘 - 完成
2026-05-07 20:49:55,551 - INFO - 🔄 步骤11: 点击submit
2026-05-07 20:49:56,221 - INFO - ✅ 步骤11: 点击submit - 完成
2026-05-07 20:49:59,231 - INFO - 🔄 步骤12: 验证跳转到APP主页面
2026-05-07 20:49:59,664 - INFO - ✅ 步骤12: 验证跳转到APP主页面 - 完成
2026-05-07 20:49:59,664 - INFO - 🔄 步骤13: 验证用户名显示为完整的49个字符
2026-05-07 20:49:59,812 - INFO - ✅ 找到用户名元素，使用选择器: //XCUIElementTypeStaticText[contains(@name, "Hi")]
2026-05-07 20:49:59,863 - INFO - 📝 用户名显示内容: Hi, 8D5NdlS4L4TdtP80YiqTmexNG19fFkXFBNl3czujWRCjm1cIm
2026-05-07 20:49:59,863 - INFO - ✅ 步骤13: 验证用户名显示为完整的49个字符 - 完成
2026-05-07 20:49:59,863 - INFO - 📝 输入的用户名长度: 49 个字符
2026-05-07 20:49:59,863 - INFO - 📝 显示的用户名长度: 49 个字符（完整显示）
2026-05-07 20:49:59,863 - INFO - 📝 显示的用户名: 8D5NdlS4L4TdtP80YiqTmexNG19fFkXFBNl3czujWRCjm1cIm
2026-05-07 20:49:59,863 - INFO - 🎉 测试用例102180执行成功！
2026-05-07 20:50:01,895 - INFO - ✅ 报告已生成: /Users/ambrose.chen/Desktop/iot/project/APP外壳/2测试报告/platform/ios_20260507_204848/ios_20260507_204848_report.xlsx
