2026-05-07 20:50:43,523 - INFO - 🔄 步骤0: 登出，确保从登出状态开始测试
2026-05-07 20:50:43,524 - INFO - 开始登出流程...
2026-05-07 20:51:14,427 - INFO - 未检测到home sel/mine sel/mine，跳过登出流程
2026-05-07 20:51:14,428 - INFO - ✅ 步骤0: 登出，确保从登出状态开始测试 - 完成
2026-05-07 20:51:16,438 - INFO - 🔄 步骤1: 验证在APP首页（登录页面）
2026-05-07 20:51:16,592 - INFO - ✅ 步骤1: 验证在APP首页（登录页面） - 完成，确认在APP首页（登录页面）
2026-05-07 20:51:18,600 - INFO - 🔄 步骤2: 点击Sign Up按钮
2026-05-07 20:51:19,565 - INFO - ✅ 步骤2: 点击Sign Up按钮 - 完成
2026-05-07 20:51:22,569 - INFO - 🔄 步骤3: 确认进入了Sign Up页面
2026-05-07 20:51:23,078 - INFO - ✅ 步骤3: 确认进入了Sign Up页面 - 完成
2026-05-07 20:51:23,079 - INFO - ✅ 确认已成功进入Sign Up注册页面
2026-05-07 20:51:23,079 - INFO - 📝 找到Sign Up文本元素: Sign Up
2026-05-07 20:51:25,080 - INFO - 🔄 步骤4: 点击左上角返回按钮
2026-05-07 20:51:26,149 - INFO - ✅ 步骤4: 点击左上角返回按钮 - 完成，已点击返回按钮
2026-05-07 20:51:29,157 - INFO - 🔄 步骤5: 验证回到APP首页面
2026-05-07 20:51:29,488 - INFO - ✅ 步骤5: 验证回到APP首页面 - 完成
2026-05-07 20:51:29,488 - INFO - ✅ 确认已成功返回APP首页（登录页面）
2026-05-07 20:51:29,488 - INFO - 📝 找到Sign Up按钮: Sign Up
2026-05-07 20:51:31,498 - INFO - 🎉 测试用例102182执行成功！
2026-05-07 20:51:31,498 - INFO - ✅ 点击返回按钮后能够正常返回到APP首页
2026-05-07 20:51:33,527 - INFO - ✅ 报告已生成: /Users/ambrose.chen/Desktop/iot/project/APP外壳/2测试报告/platform/ios_20260507_205041/ios_20260507_205041_report.xlsx
