2026-05-09 19:38:14,610 - INFO - 🔄 步骤0: 登出，确保从登出状态开始测试
2026-05-09 19:38:14,610 - INFO - 开始登出流程...
2026-05-09 19:38:45,503 - INFO - 未检测到home sel/mine sel/mine，跳过登出流程
2026-05-09 19:38:45,505 - INFO - ✅ 步骤0: 登出，确保从登出状态开始测试 - 完成
2026-05-09 19:38:47,515 - INFO - 🔄 步骤1: 验证在APP首页（登录页面）
2026-05-09 19:38:47,666 - INFO - ✅ 步骤1: 验证在APP首页（登录页面） - 完成，确认在APP首页（登录页面）
2026-05-09 19:38:49,675 - INFO - 🔄 步骤2: 点击Sign Up按钮进入注册页面
2026-05-09 19:38:50,615 - INFO - ✅ 步骤2: 点击Sign Up按钮进入注册页面 - 完成
2026-05-09 19:38:53,625 - INFO - 🔄 步骤3: 验证进入Sign Up页面
2026-05-09 19:38:53,860 - INFO - ✅ 步骤3: 验证进入Sign Up页面 - 完成，确认已进入Sign Up注册页面
2026-05-09 19:38:55,870 - INFO - 🔄 步骤4: 邮箱输入错误格式
2026-05-09 19:38:57,667 - INFO - ✅ 步骤4: 邮箱输入错误格式 - 完成，输入错误邮箱: asd@gmail..
2026-05-09 19:38:59,676 - INFO - 🔄 步骤5: 勾选隐私政策和用户协议
2026-05-09 19:39:05,816 - INFO - ✅ 隐私政策复选框已勾选
2026-05-09 19:39:07,322 - INFO - 🔄 步骤5.1: 收起键盘（Done）
2026-05-09 19:39:08,587 - INFO - ✅ 已点击Done收起键盘
2026-05-09 19:39:09,596 - INFO - 🔄 步骤6: 点击Next按钮
2026-05-09 19:39:10,249 - INFO - ✅ 步骤6: 点击Next按钮 - 完成，已点击Next按钮
2026-05-09 19:39:12,258 - INFO - 🔄 步骤7: 验证停留当前页面并出现提示
2026-05-09 19:39:23,199 - INFO - ✅ 找到提示信息元素，选择器: //XCUIElementTypeStaticText[@name="Please sign up using your email address"]
2026-05-09 19:39:23,199 - INFO - ✅ 步骤7: 验证停留当前页面并出现提示 - 完成，提示信息: Please sign up using your email address
2026-05-09 19:39:25,203 - INFO - 🎉 测试用例102217执行成功！
2026-05-09 19:39:25,203 - INFO - ✅ 验证错误邮箱 asd@gmail.. 勾选隐私后点击Next，停留当前页并提示“Please sign up using your email address”
2026-05-09 19:39:27,241 - INFO - ✅ 报告已生成: /Users/ambrose.chen/Desktop/iot/project/APP外壳/2测试报告/platform/ios_20260509_193812/ios_20260509_193812_report.xlsx
