2026-05-12 11:00:06,436 - INFO - 🔄 步骤0: 登出，确保从登出状态开始测试
2026-05-12 11:00:06,437 - INFO - 开始登出流程...
2026-05-12 11:00:37,345 - INFO - 未检测到home sel/mine sel/mine，跳过登出流程
2026-05-12 11:00:37,346 - INFO - ✅ 步骤0: 登出，确保从登出状态开始测试 - 完成
2026-05-12 11:00:40,356 - INFO - 🔄 步骤1: 验证在APP首页（登录页面）
2026-05-12 11:00:40,526 - INFO - ✅ 步骤1: 验证在APP首页（登录页面） - 完成，确认在APP首页（登录页面）
2026-05-12 11:00:42,532 - INFO - 🔄 步骤2: 点击Sign Up按钮进入注册页面
2026-05-12 11:00:43,479 - INFO - ✅ 步骤2: 点击Sign Up按钮进入注册页面 - 完成
2026-05-12 11:00:46,482 - INFO - 🔄 步骤3: 验证进入Sign Up页面
2026-05-12 11:00:46,756 - INFO - ✅ 步骤3: 验证进入Sign Up页面 - 完成，确认已进入Sign Up注册页面
2026-05-12 11:00:48,766 - INFO - 🔄 步骤4: 在邮箱栏输入邮箱
2026-05-12 11:00:48,771 - INFO - 📧 生成简单邮箱地址: testuser266@163.com
2026-05-12 11:00:50,686 - INFO - ✅ 步骤4: 在邮箱栏输入邮箱 - 完成，邮箱: testuser266@163.com
2026-05-12 11:00:52,697 - INFO - 🔄 步骤5: 点击邮箱右侧清除按钮
2026-05-12 11:00:53,696 - INFO - ✅ 步骤5: 点击邮箱右侧清除按钮 - 完成，已点击清除按钮
2026-05-12 11:00:55,705 - INFO - 🔄 步骤6: 验证邮箱被清空
2026-05-12 11:00:56,222 - INFO - 📝 清除后邮箱框内容: 'Email'
2026-05-12 11:00:56,223 - INFO - ✅ 步骤6: 验证邮箱被清空 - 完成，邮箱已清空
2026-05-12 11:00:57,232 - INFO - 🎉 测试用例102205执行成功！
2026-05-12 11:00:57,233 - INFO - ✅ 验证清空邮箱的“×”按钮，可以清空邮箱
2026-05-12 11:00:59,254 - INFO - ✅ 报告已生成: /Users/ambrose.chen/Desktop/iot/project/APP外壳/2测试报告/platform/ios_20260512_110004/ios_20260512_110004_report.xlsx
