2026-05-07 21:30:52,631 - INFO - 🔄 步骤0: 登出，确保从登出状态开始测试
2026-05-07 21:30:52,632 - INFO - 开始登出流程...
2026-05-07 21:31:23,553 - INFO - 未检测到home sel/mine sel/mine，跳过登出流程
2026-05-07 21:31:23,554 - INFO - ✅ 步骤0: 登出，确保从登出状态开始测试 - 完成
2026-05-07 21:31:26,564 - INFO - 🔄 步骤1: 验证在APP首页（登录页面）
2026-05-07 21:31:26,729 - INFO - ✅ 步骤1: 验证在APP首页（登录页面） - 完成，确认在APP首页（登录页面）
2026-05-07 21:31:28,730 - INFO - 🔄 步骤2: 点击Sign Up按钮进入注册页面
2026-05-07 21:31:29,684 - INFO - ✅ 步骤2: 点击Sign Up按钮进入注册页面 - 完成
2026-05-07 21:31:32,694 - INFO - 🔄 步骤3: 验证进入Sign Up页面
2026-05-07 21:31:32,929 - INFO - ✅ 步骤3: 验证进入Sign Up页面 - 完成，确认已进入Sign Up注册页面
2026-05-07 21:31:34,936 - INFO - 🔄 步骤4: 在邮箱栏输入邮箱
2026-05-07 21:31:34,941 - INFO - 📧 生成简单邮箱地址: testuser104@163.com
2026-05-07 21:31:36,938 - INFO - ✅ 步骤4: 在邮箱栏输入邮箱 - 完成，邮箱: testuser104@163.com
2026-05-07 21:31:38,947 - INFO - 🔄 步骤5: 点击邮箱右侧清除按钮
2026-05-07 21:31:39,996 - INFO - ✅ 步骤5: 点击邮箱右侧清除按钮 - 完成，已点击清除按钮
2026-05-07 21:31:42,006 - INFO - 🔄 步骤6: 验证邮箱被清空
2026-05-07 21:31:42,545 - INFO - 📝 清除后邮箱框内容: 'Email'
2026-05-07 21:31:42,546 - INFO - ✅ 步骤6: 验证邮箱被清空 - 完成，邮箱已清空
2026-05-07 21:31:43,555 - INFO - 🎉 测试用例102205执行成功！
2026-05-07 21:31:43,555 - INFO - ✅ 验证清空邮箱的“×”按钮，可以清空邮箱
2026-05-07 21:31:45,584 - INFO - ✅ 报告已生成: /Users/ambrose.chen/Desktop/iot/project/APP外壳/2测试报告/platform/ios_20260507_213050/ios_20260507_213050_report.xlsx
