2026-05-12 13:11:26,469 - INFO - 🔄 步骤1: 重启APP并处理登录状态
2026-05-12 13:11:47,710 - INFO - ✅ 步骤1: 重启APP并处理登录状态 - 完成
2026-05-12 13:11:47,711 - INFO - 🔄 步骤2: 点击Sign In进入登录页
2026-05-12 13:11:50,682 - INFO - ✅ 步骤2: 点击Sign In进入登录页 - 完成
2026-05-12 13:11:50,682 - INFO - 🔄 步骤3: 点击Forgot password进入忘记密码页
2026-05-12 13:11:53,738 - INFO - ✅ 步骤3: 点击Forgot password进入忘记密码页 - 完成
2026-05-12 13:11:53,754 - INFO - 🔄 步骤4: 输入邮箱并点击Next进入验证码页
2026-05-12 13:12:04,146 - INFO - ✅ 步骤4: 输入邮箱并点击Next进入验证码页 - 完成，邮箱: haoc51888@gmail.com
2026-05-12 13:12:04,148 - INFO - 🔄 步骤5: Gmail获取最新验证码code
2026-05-12 13:13:46,606 - INFO - ✅ 步骤5: Gmail获取最新验证码code - 完成，code: 813749
2026-05-12 13:13:46,608 - INFO - 🔄 步骤6: 输入验证码进入Set Password页
2026-05-12 13:13:55,889 - INFO - ✅ 步骤6: 输入验证码进入Set Password页 - 完成
2026-05-12 13:13:55,890 - INFO - 🔄 步骤7: 输入大写字母+特殊字符密码(两次)并收起键盘
2026-05-12 13:14:01,227 - INFO - ✅ 步骤7: 输入大写字母+特殊字符密码(两次)并收起键盘 - 完成，password: !@#*XINGMAI
2026-05-12 13:14:01,227 - INFO - 🔄 步骤8: 校验密码规则文案颜色（若能取到color）
2026-05-12 13:14:01,449 - INFO - 📝 规则提示: • 6-20 characters 颜色: None
2026-05-12 13:14:01,670 - INFO - 📝 规则提示: • contains letters 颜色: None
2026-05-12 13:14:01,877 - INFO - 📝 规则提示: • contains numbers 颜色: None
2026-05-12 13:14:02,099 - INFO - 📝 规则提示: • Supports special characters:! @ # $ % ^ & * ( ) - _ = + \ | [ ] { } ; : / ? . , ~ > < ` 颜色: None
2026-05-12 13:14:02,099 - INFO - ✅ 步骤8: 校验密码规则文案颜色（若能取到color） - 完成
2026-05-12 13:14:02,099 - INFO - 🔄 步骤9: 点击Submit，断言不可完成修改密码（仍停留Set Password页）
2026-05-12 13:14:02,360 - INFO - ✅ 步骤9: 点击Submit，断言不可完成修改密码（仍停留Set Password页） - 完成
2026-05-12 13:14:02,360 - INFO - 🎉 测试用例102160执行成功！
2026-05-12 13:14:02,390 - INFO - ✅ 报告已生成: /Users/ambrose.chen/Desktop/iot/project/APP外壳/2测试报告/platform/ios_20260512_131124/ios_20260512_131124_report.xlsx
