2026-05-20 12:17:15,291 - INFO - 🔄 步骤1: 重启APP
2026-05-20 12:17:20,231 - INFO - ✅ 步骤1: 重启APP - 完成
2026-05-20 12:17:20,231 - INFO - 🔄 步骤2: 检测登录状态并确保在登录/注册入口页
2026-05-20 12:17:20,722 - INFO -     [登出] 开始登出流程...
2026-05-20 12:17:20,723 - INFO -     [登出] 步骤1: 检查页面是否有 More 按钮
2026-05-20 12:17:20,785 - INFO -     [登出] ✅ 检测到 More 按钮: //android.view.View[@content-desc="More"]
2026-05-20 12:17:20,785 - INFO -     [登出] 步骤2: 点击 More 按钮，进入 more 页面
2026-05-20 12:17:20,837 - INFO -     [登出] ✅ 已点击 More 按钮 (使用: //android.view.View[@content-desc="More"])
2026-05-20 12:17:22,847 - INFO -     [登出] 步骤3: 点击 edit 按钮
2026-05-20 12:17:23,016 - INFO -     [登出] ✅ 已点击 edit 按钮
2026-05-20 12:17:25,023 - INFO -     [登出] 步骤4: 点击 Log Out 按钮
2026-05-20 12:17:25,991 - INFO -     [登出] ✅ 已点击 Log Out 按钮
2026-05-20 12:17:27,497 - INFO -     [登出] 步骤5: 点击 Confirm 按钮，确认登出
2026-05-20 12:17:29,246 - INFO -     [登出] ✅ 已点击 Confirm 按钮
2026-05-20 12:17:37,283 - INFO -     [登出] ⚠️ 登出完成，但无法确认是否已返回登录页面
2026-05-20 12:17:37,283 - INFO -     [登出] ✅ 登出流程完成
2026-05-20 12:17:39,335 - INFO - ✅ 步骤2: 检测登录状态并确保在登录/注册入口页 - 完成
2026-05-20 12:17:39,335 - INFO - 🔄 步骤3: 点击 Sign Up 进入注册页
2026-05-20 12:17:41,633 - INFO - ✅ 步骤3: 点击 Sign Up 进入注册页 - 完成
2026-05-20 12:17:41,637 - INFO - 📧 生成简单邮箱地址: testuser380@163.com
2026-05-20 12:17:41,637 - INFO -     📧 邮箱: testuser380@163.com
2026-05-20 12:17:41,637 - INFO - 🔄 步骤4: 输入邮箱
2026-05-20 12:18:16,677 - INFO - ✅ 步骤4: 输入邮箱 - 完成
2026-05-20 12:18:16,678 - INFO - 🔄 步骤5: 勾选隐私政策
2026-05-20 12:18:17,518 - INFO - ✅ 步骤5: 勾选隐私政策 - 完成
2026-05-20 12:18:17,518 - INFO - 🔄 步骤6: 点击 Next 进入设置密码页
2026-05-20 12:18:20,395 - INFO - ✅ 步骤6: 点击 Next 进入设置密码页 - 完成
2026-05-20 12:18:20,395 - INFO - 🔄 步骤7: 设置密码
2026-05-20 12:18:26,419 - INFO -     🔑 密码: Csx150128
2026-05-20 12:18:26,420 - INFO - ✅ 步骤7: 设置密码 - 完成
2026-05-20 12:18:26,420 - INFO - 🔄 步骤8: 点击 Next 进入用户名页
2026-05-20 12:18:31,214 - INFO - ✅ 步骤8: 点击 Next 进入用户名页 - 完成
2026-05-20 12:18:31,215 - INFO - 🔄 步骤9: 输入用户名
2026-05-20 12:18:34,757 - INFO -     📝 用户名框内容: 'VFWWMBot'
2026-05-20 12:18:34,758 - INFO -     👤 用户名: VFWWMBot
2026-05-20 12:18:34,758 - INFO - ✅ 步骤9: 输入用户名 - 完成
2026-05-20 12:18:34,758 - INFO - 🔄 步骤10: 点击返回按钮
2026-05-20 12:18:34,758 - INFO -     🔄 定位返回: //android.widget.ImageView[@content-desc="back"]
2026-05-20 12:18:36,886 - INFO -     ✅ 已点击返回按钮
2026-05-20 12:18:36,887 - INFO - ✅ 步骤10: 点击返回按钮 - 完成
2026-05-20 12:18:36,887 - INFO - 🔄 步骤11: 断言跳转主页面（More 可见）
2026-05-20 12:18:36,946 - INFO -     ✅ 主页面 More 可见: //android.view.View[@content-desc="More"]
2026-05-20 12:19:02,168 - INFO - ✅ 步骤11: 断言跳转主页面（More 可见） - 完成
2026-05-20 12:19:02,169 - INFO - 🎉 测试用例 200089 执行成功！
2026-05-20 12:19:02,169 - INFO - ✅ 输入用户名后点击返回，已跳转主页面（More 可见）
2026-05-20 12:19:02,201 - INFO - ✅ 报告已生成: /Users/ambrose.chen/Desktop/iot/project/APP外壳/2测试报告/platform/android_20260520_121712/android_20260520_121712_report.xlsx
