2026-05-12 10:29:43,136 - INFO - 🔄 步骤0: 登出，确保从登出状态开始测试
2026-05-12 10:29:43,136 - INFO - 开始登出流程...
2026-05-12 10:30:14,030 - INFO - 未检测到home sel/mine sel/mine，跳过登出流程
2026-05-12 10:30:14,030 - INFO - ✅ 步骤0: 登出，确保从登出状态开始测试 - 完成
2026-05-12 10:30:16,036 - INFO - 🔄 步骤1: 验证在APP首页（登录页面）
2026-05-12 10:30:16,198 - INFO - ✅ 步骤1: 验证在APP首页（登录页面） - 完成，确认在APP首页（登录页面）
2026-05-12 10:30:18,203 - INFO - 🔄 步骤2: 点击Sign Up按钮进入注册页面
2026-05-12 10:30:19,261 - INFO - ✅ 步骤2: 点击Sign Up按钮进入注册页面 - 完成
2026-05-12 10:30:22,265 - INFO - 🔄 步骤3: 验证进入Sign Up页面
2026-05-12 10:30:22,504 - INFO - ✅ 步骤3: 验证进入Sign Up页面 - 完成，确认已进入Sign Up注册页面
2026-05-12 10:30:24,505 - INFO - 🔄 步骤4: 点击国家栏下拉按钮
2026-05-12 10:30:25,603 - INFO - ✅ 步骤4: 点击国家栏下拉按钮 - 完成，已点击国家栏下拉按钮
2026-05-12 10:30:28,608 - INFO - 🔄 步骤5: 验证跳转至国家选择页面
2026-05-12 10:31:02,021 - INFO - ✅ 步骤5: 验证跳转至国家选择页面 - 完成，确认已跳转至国家选择页面
2026-05-12 10:31:04,026 - INFO - 🔄 步骤6: 点击搜索框并输入Americ
2026-05-12 10:31:40,307 - INFO - ✅ 步骤6: 点击搜索框并输入Americ - 完成，已输入Americ
2026-05-12 10:31:43,313 - INFO - 🔄 步骤7: 验证下面显示多个国家
2026-05-12 10:31:59,425 - INFO - 📝 找到的国家数量: 2
2026-05-12 10:31:59,426 - INFO - 📝 找到的国家（前10个）: ['American Samoa', 'United States of America']
2026-05-12 10:31:59,426 - INFO - ✅ 步骤7: 验证下面显示多个国家 - 完成，找到 2 个匹配的国家
2026-05-12 10:32:01,427 - INFO - 🔄 步骤8: 点击清除按钮
2026-05-12 10:32:19,035 - INFO - ✅ 步骤8: 点击清除按钮 - 完成，已点击清除按钮
2026-05-12 10:32:21,041 - INFO - 🔄 步骤9: 验证筛选出来的国家消失了，显示默认状态下的国家
2026-05-12 10:32:37,702 - INFO - 📝 搜索框当前内容: 'Search'
2026-05-12 10:33:42,743 - INFO - 📝 清除后显示的默认国家数量: 12
2026-05-12 10:33:42,743 - INFO - 📝 显示的默认国家（前20个）: ['dictation', 'Return', 'Afghanistan', 'Albania', 'Algeria', 'American Samoa', 'Andorra', 'Angola', 'Anguilla', 'SystemInputAssistantView', 'CenterPageView', 'UIKeyboardLayoutStar Preview']
2026-05-12 10:33:42,743 - INFO - 📝 清除后新增的非筛选国家数量: 11
2026-05-12 10:33:42,743 - INFO - 📝 清除后新增的非筛选国家（前10个）: ['dictation', 'Return', 'Afghanistan', 'Albania', 'Algeria', 'Andorra', 'Angola', 'Anguilla', 'SystemInputAssistantView', 'CenterPageView']
2026-05-12 10:33:42,743 - INFO - ✅ 步骤9: 验证筛选出来的国家消失了，显示默认状态下的国家 - 完成
2026-05-12 10:33:42,744 - INFO - ✅ 验证通过：筛选出来的国家已消失，显示默认状态下的国家列表（共 12 个国家）
2026-05-12 10:33:44,748 - INFO - 🎉 测试用例102187执行成功！
2026-05-12 10:33:44,748 - INFO - ✅ 注册页面国家切换-清空搜索内容：清除按钮功能正常，筛选出来的国家已消失，显示默认状态下的国家
2026-05-12 10:33:46,786 - INFO - ✅ 报告已生成: /Users/ambrose.chen/Desktop/iot/project/APP外壳/2测试报告/platform/ios_20260512_102941/ios_20260512_102941_report.xlsx
