2026-05-18 17:35:45,958 - INFO - 🔄 步骤1: 重启APP
2026-05-18 17:35:45,958 - INFO -     🔄 driver.terminate_app / activate_app: com.xingmai.tech
2026-05-18 17:35:50,860 - INFO -     ✅ APP 已重启
2026-05-18 17:35:50,860 - INFO - ✅ 步骤1: 重启APP - 完成
2026-05-18 17:35:50,860 - INFO - 🔄 步骤2: 检测登录状态并确保在登录/注册入口页
2026-05-18 17:35:50,880 - INFO -     🔄 检测已登录元素: //android.view.View[@content-desc="More"]
2026-05-18 17:35:51,016 - INFO -     🔄 检测已登录元素: //*[@content-desc="More"]
2026-05-18 17:35:51,633 - INFO -     ℹ️ 未检测到 More，判定未登录
2026-05-18 17:35:51,633 - INFO -     🔄 等待登录/注册入口页: //*[(@text="Sign In" or @text="Sign Up") or contains(@text,"Sign In") or contains(@text,"Sign Up") or @content-desc="Sign In" or @content-desc="Sign Up"]
2026-05-18 17:35:51,683 - INFO -     ✅ 已处于登录/注册入口页
2026-05-18 17:35:51,683 - INFO - ✅ 步骤2: 检测登录状态并确保在登录/注册入口页 - 完成
2026-05-18 17:35:51,683 - INFO - 🔄 步骤3: 点击 Sign In 进入登录页
2026-05-18 17:35:51,683 - INFO -     🔄 定位 Sign In: //android.widget.TextView[@text="Sign In"]
2026-05-18 17:35:51,772 - INFO -     ✅ 找到 Sign In: //android.widget.TextView[@text="Sign In"]
2026-05-18 17:35:52,420 - INFO - ✅ 步骤3: 点击 Sign In 进入登录页 - 完成
2026-05-18 17:35:53,922 - INFO - 🔄 步骤4: 输入邮箱
2026-05-18 17:35:53,923 - INFO -     🔄 邮箱: haoc51888@gmail.com
2026-05-18 17:35:54,815 - INFO -     ✅ 聚焦: //android.widget.ScrollView/android.widget.EditText[1]/android.view.View[2]
2026-05-18 17:35:54,815 - INFO -     🔄 定位: //android.widget.ScrollView/android.widget.EditText[1]
2026-05-18 17:35:55,200 - INFO - ✅ 步骤4: 输入邮箱 - 完成
2026-05-18 17:35:55,200 - INFO - 🔄 步骤5: 输入密码
2026-05-18 17:35:55,200 - INFO -     🔄 密码已填入（长度 9）
2026-05-18 17:35:55,909 - INFO -     🔄 定位: //android.widget.ScrollView/android.widget.EditText[2]
2026-05-18 17:35:56,309 - INFO - ✅ 步骤5: 输入密码 - 完成
2026-05-18 17:35:56,309 - INFO - 🔄 步骤6: 收起输入键盘
2026-05-18 17:35:57,718 - INFO -     ✅ hide_keyboard 成功
2026-05-18 17:35:58,123 - INFO - ✅ 步骤6: 收起输入键盘 - 完成
2026-05-18 17:35:58,124 - INFO - 🔄 步骤7: 勾选用户协议与隐私政策
2026-05-18 17:35:58,124 - INFO -     🔄 定位: //android.widget.ImageView[@content-desc="checkbox"]
2026-05-18 17:35:58,986 - INFO - ✅ 步骤7: 勾选用户协议与隐私政策 - 完成
2026-05-18 17:35:58,986 - INFO - 🔄 步骤8: 点击 Next 登录
2026-05-18 17:35:58,986 - INFO -     🔄 定位: //android.widget.ImageView[@content-desc="next"]
2026-05-18 17:36:00,307 - INFO - ✅ 步骤8: 点击 Next 登录 - 完成
2026-05-18 17:36:00,308 - INFO - 🔄 步骤9: 断言登录成功（More 可见）
2026-05-18 17:36:00,308 - INFO -     🔄 定位: //*[@content-desc="More"] | //android.view.View[@content-desc="More"]
2026-05-18 17:36:04,110 - INFO - ✅ 步骤9: 断言登录成功（More 可见） - 完成
2026-05-18 17:36:04,111 - INFO - 🎉 测试用例 200015 执行成功！
2026-05-18 17:36:04,135 - INFO - ✅ 报告已生成: /Users/ambrose.chen/Desktop/iot/project/APP外壳/2测试报告/platform/android_20260518_173543/android_20260518_173543_report.xlsx
