2026-05-11 19:53:05,518 - INFO - 🔄 步骤0: 登出，确保从登出状态开始测试
2026-05-11 19:53:05,518 - INFO - 开始登出流程...
2026-05-11 19:53:05,768 - INFO - 检测到home sel元素
2026-05-11 19:53:17,157 - INFO - ✅ 点击mine按钮: //XCUIElementTypeButton[@name="mine"]
2026-05-11 19:53:19,353 - INFO - ✅ 点击CommonEdit编辑按钮: //XCUIElementTypeButton[@name="CommonEdit"]
2026-05-11 19:53:21,504 - INFO - ✅ 点击Log Out: //XCUIElementTypeButton[@name="Log Out"]
2026-05-11 19:53:23,708 - INFO - ✅ 点击Confirm: //XCUIElementTypeButton[@name="Confirm"]
2026-05-11 19:53:25,219 - INFO - 登出操作完成
2026-05-11 19:53:30,398 - INFO - ✅ 成功回到登录页面
2026-05-11 19:53:30,398 - INFO - ✅ 步骤0: 登出，确保从登出状态开始测试 - 完成
2026-05-11 19:53:32,403 - INFO - 🔄 步骤1: 验证在APP首页（登录页面）
2026-05-11 19:53:32,566 - INFO - ✅ 步骤1: 验证在APP首页（登录页面） - 完成，确认在APP首页（登录页面）
2026-05-11 19:53:34,571 - INFO - 🔄 步骤2: 点击Sign Up按钮
2026-05-11 19:53:35,523 - INFO - ✅ 步骤2: 点击Sign Up按钮 - 完成
2026-05-11 19:53:38,531 - INFO - 🔄 步骤3: 验证跳转到Sign Up页面 - 验证'Sign Up'文本元素
2026-05-11 19:53:38,834 - INFO - ✅ 步骤3: 验证跳转到Sign Up页面 - 验证'Sign Up'文本元素 - 完成，找到Sign Up文本元素: Sign Up
2026-05-11 19:53:39,842 - INFO - 🔄 步骤4: 验证隐私政策文本元素
2026-05-11 19:53:40,150 - INFO - ✅ 步骤4: 验证隐私政策文本元素 - 完成，找到隐私政策文本元素
2026-05-11 19:53:40,151 - INFO - 📝 隐私政策文本内容: I have read and understood the Privacy Policy and agree to the User Agreement.
2026-05-11 19:53:41,156 - INFO - 🔄 步骤5: 验证页面跳转成功（综合验证）
2026-05-11 19:53:41,595 - INFO - ✅ 步骤5: 验证页面跳转成功（综合验证） - 完成
2026-05-11 19:53:41,595 - INFO - ✅ 确认已成功跳转到Sign Up注册页面
2026-05-11 19:53:41,595 - INFO - ✅ 页面包含以下关键元素：
2026-05-11 19:53:41,646 - INFO -    - Sign Up文本: Sign Up
2026-05-11 19:53:41,703 - INFO -    - 隐私政策文本: I have read and understood the Privacy Policy and agree to the User Agreement.
2026-05-11 19:53:42,705 - INFO - 🎉 测试用例102181执行成功！
2026-05-11 19:53:42,706 - INFO - ✅ 点击Sign Up按钮后能够正常跳转到注册页面
2026-05-11 19:53:44,745 - INFO - ✅ 报告已生成: /Users/ambrose.chen/Desktop/iot/project/APP外壳/2测试报告/platform/ios_20260511_195303/ios_20260511_195303_report.xlsx
