2026-05-08 10:56:46,856 - INFO - 🔄 步骤0: 登出，确保从登出状态开始测试
2026-05-08 10:56:46,857 - INFO - 开始登出流程...
2026-05-08 10:57:17,778 - INFO - 未检测到home sel/mine sel/mine，跳过登出流程
2026-05-08 10:57:17,780 - INFO - ✅ 步骤0: 登出，确保从登出状态开始测试 - 完成
2026-05-08 10:57:19,786 - INFO - 🔄 步骤1: 验证在APP首页（登录页面）
2026-05-08 10:57:19,941 - INFO - ✅ 步骤1: 验证在APP首页（登录页面） - 完成，确认在APP首页（登录页面）
2026-05-08 10:57:21,943 - INFO - 🔄 步骤2: 点击Sign Up按钮进入注册页面
2026-05-08 10:57:22,899 - INFO - ✅ 步骤2: 点击Sign Up按钮进入注册页面 - 完成
2026-05-08 10:57:25,902 - INFO - 🔄 步骤3: 验证进入Sign Up页面
2026-05-08 10:57:26,130 - INFO - ✅ 步骤3: 验证进入Sign Up页面 - 完成，确认已进入Sign Up注册页面
2026-05-08 10:57:28,133 - INFO - 🔄 步骤4: 国家切为china
2026-05-08 10:57:29,186 - INFO - ✅ 已点击国家栏下拉按钮
2026-05-08 10:58:41,504 - INFO - ✅ 已输入搜索关键词: China
2026-05-08 10:58:44,899 - INFO - ✅ 已选择国家: china，命中的元素: China
2026-05-08 10:58:47,905 - INFO - ✅ 步骤4: 国家切为china - 完成，已切换国家为china
2026-05-08 10:58:49,910 - INFO - 🔄 步骤5: 输入正确邮箱（调用共用脚本生成）
2026-05-08 10:58:49,914 - INFO - 📧 生成简单邮箱地址: testuser134@163.com
2026-05-08 10:58:51,822 - INFO - ✅ 步骤5: 输入正确邮箱（调用共用脚本生成） - 完成，邮箱: testuser134@163.com
2026-05-08 10:58:53,822 - INFO - 🔄 步骤6: 点击Done按钮收起键盘
2026-05-08 10:58:55,107 - INFO - ✅ 步骤6: 点击Done按钮收起键盘 - 完成
2026-05-08 10:58:57,109 - INFO - 🔄 步骤7: 勾选隐私政策和用户协议
2026-05-08 10:59:02,905 - INFO - ✅ 隐私政策复选框已勾选
2026-05-08 10:59:03,907 - INFO - ✅ 步骤7: 勾选隐私政策和用户协议 - 完成
2026-05-08 10:59:05,911 - INFO - 🔄 步骤8: 点击Next按钮进入密码设置
2026-05-08 10:59:06,618 - INFO - ✅ 步骤8: 点击Next按钮进入密码设置 - 完成
2026-05-08 10:59:09,621 - INFO - 🔄 步骤9: 设置密码
2026-05-08 10:59:14,655 - INFO - ✅ 步骤9: 设置密码 - 完成
2026-05-08 10:59:16,661 - INFO - 🔄 步骤10: 点击Done按钮收起键盘
2026-05-08 10:59:17,902 - INFO - ✅ 步骤10: 点击Done按钮收起键盘 - 完成
2026-05-08 10:59:19,903 - INFO - 🔄 步骤11: 点击Next按钮进入个人信息页面
2026-05-08 10:59:20,876 - INFO - ✅ 步骤11: 点击Next按钮进入个人信息页面 - 完成
2026-05-08 10:59:23,879 - INFO - 🔄 步骤12: 点击Submit按钮完成注册
2026-05-08 10:59:34,876 - INFO - ✅ 步骤12: 点击Submit按钮完成注册 - 完成
2026-05-08 10:59:39,882 - INFO - 🔄 步骤13: 验证注册成功，跳转到APP主页面
2026-05-08 11:00:29,684 - INFO - ❌ 步骤13: 验证注册成功，跳转到APP主页面失败: 未成功跳转到主页面，注册可能失败 - Message: 
Stacktrace:
NoSuchElementError: An element could not be located on the page using the given search parameters.
    at XCUITestDriver.doNativeFind (/Users/ambrose.chen/.appium/node_modules/appium-xcuitest-driver/lib/commands/find.js:116:11)
    at processTicksAndRejections (node:internal/process/task_queues:103:5)
    at XCUITestDriver.findNativeElementOrElements (/Users/ambrose.chen/.appium/node_modules/appium-xcuitest-driver/lib/commands/find.js:69:10)
    at XCUITestDriver.findElOrEls (/Users/ambrose.chen/.appium/node_modules/appium-xcuitest-driver/lib/commands/find.js:13:12)
    at XCUITestDriver.findElOrElsWithProcessing (/Users/ambrose.chen/.appium/node_modules/appium-xcuitest-driver/node_modules/@appium/base-driver/lib/basedriver/commands/find.ts:60:12)
    at XCUITestDriver.findElement (/Users/ambrose.chen/.appium/node_modules/appium-xcuitest-driver/node_modules/@appium/base-driver/lib/basedriver/commands/find.ts:75:12)
2026-05-08 11:00:29,685 - INFO - 
============================================================
2026-05-08 11:00:29,686 - INFO - ❌ 测试失败
2026-05-08 11:00:29,686 - INFO - 📍 失败步骤: 步骤13: 验证注册成功，跳转到APP主页面
2026-05-08 11:00:29,686 - INFO - 📝 失败原因: 步骤13: 验证注册成功，跳转到APP主页面失败: 未成功跳转到主页面，注册可能失败 - Message: 
Stacktrace:
NoSuchElementError: An element could not be located on the page using the given search parameters.
    at XCUITestDriver.doNativeFind (/Users/ambrose.chen/.appium/node_modules/appium-xcuitest-driver/lib/commands/find.js:116:11)
    at processTicksAndRejections (node:internal/process/task_queues:103:5)
    at XCUITestDriver.findNativeElementOrElements (/Users/ambrose.chen/.appium/node_modules/appium-xcuitest-driver/lib/commands/find.js:69:10)
    at XCUITestDriver.findElOrEls (/Users/ambrose.chen/.appium/node_modules/appium-xcuitest-driver/lib/commands/find.js:13:12)
    at XCUITestDriver.findElOrElsWithProcessing (/Users/ambrose.chen/.appium/node_modules/appium-xcuitest-driver/node_modules/@appium/base-driver/lib/basedriver/commands/find.ts:60:12)
    at XCUITestDriver.findElement (/Users/ambrose.chen/.appium/node_modules/appium-xcuitest-driver/node_modules/@appium/base-driver/lib/basedriver/commands/find.ts:75:12)
2026-05-08 11:00:29,686 - INFO - ============================================================
2026-05-08 11:00:29,691 - INFO - Traceback (most recent call last):

2026-05-08 11:00:29,691 - INFO -   File "/Users/ambrose.chen/Desktop/iot/project/APP外壳/3功能/1平台/IOS/2注册/102195 验证注册地为"中国"，正确邮箱，可以注册.py", line 387, in test_102195
    WebDriverWait(driver, 45).until(

2026-05-08 11:00:29,692 - INFO -   File "/Library/Frameworks/Python.framework/Versions/3.11/lib/python3.11/site-packages/selenium/webdriver/support/wait.py", line 138, in until
    raise TimeoutException(message, screen, stacktrace)

2026-05-08 11:00:29,692 - INFO - selenium.common.exceptions.TimeoutException: Message: 
Stacktrace:
NoSuchElementError: An element could not be located on the page using the given search parameters.
    at XCUITestDriver.doNativeFind (/Users/ambrose.chen/.appium/node_modules/appium-xcuitest-driver/lib/commands/find.js:116:11)
    at processTicksAndRejections (node:internal/process/task_queues:103:5)
    at XCUITestDriver.findNativeElementOrElements (/Users/ambrose.chen/.appium/node_modules/appium-xcuitest-driver/lib/commands/find.js:69:10)
    at XCUITestDriver.findElOrEls (/Users/ambrose.chen/.appium/node_modules/appium-xcuitest-driver/lib/commands/find.js:13:12)
    at XCUITestDriver.findElOrElsWithProcessing (/Users/ambrose.chen/.appium/node_modules/appium-xcuitest-driver/node_modules/@appium/base-driver/lib/basedriver/commands/find.ts:60:12)
    at XCUITestDriver.findElement (/Users/ambrose.chen/.appium/node_modules/appium-xcuitest-driver/node_modules/@appium/base-driver/lib/basedriver/commands/find.ts:75:12)

2026-05-08 11:00:29,985 - INFO - 已保存test_102195_failed失败截图: screenshots/test_102195_failed_1778209229.png
2026-05-08 11:00:30,003 - INFO - ✅ 报告已生成: /Users/ambrose.chen/Desktop/iot/project/APP外壳/2测试报告/platform/ios_20260508_105644/ios_20260508_105644_report.xlsx
