2026-05-07 21:59:15,207 - INFO - 🔄 步骤0: 登出，确保从登出状态开始测试
2026-05-07 21:59:15,208 - INFO - 开始登出流程...
2026-05-07 21:59:15,468 - INFO - 检测到home sel元素
2026-05-07 21:59:26,828 - INFO - ✅ 点击mine按钮: //XCUIElementTypeButton[@name="mine"]
2026-05-07 21:59:29,008 - INFO - ✅ 点击CommonEdit编辑按钮: //XCUIElementTypeButton[@name="CommonEdit"]
2026-05-07 21:59:31,190 - INFO - ✅ 点击Log Out: //XCUIElementTypeButton[@name="Log Out"]
2026-05-07 21:59:33,390 - INFO - ✅ 点击Confirm: //XCUIElementTypeButton[@name="Confirm"]
2026-05-07 21:59:34,897 - INFO - 登出操作完成
2026-05-07 21:59:35,241 - INFO - ✅ 成功回到登录页面
2026-05-07 21:59:35,241 - INFO - ✅ 步骤0: 登出，确保从登出状态开始测试 - 完成
2026-05-07 21:59:37,251 - INFO - 🔄 步骤1: 验证在APP首页（登录页面）
2026-05-07 21:59:37,421 - INFO - ✅ 步骤1: 验证在APP首页（登录页面） - 完成，确认在APP首页（登录页面）
2026-05-07 21:59:39,431 - INFO - 🔄 步骤2: 点击Sign Up按钮进入注册页面
2026-05-07 21:59:40,391 - INFO - ✅ 步骤2: 点击Sign Up按钮进入注册页面 - 完成
2026-05-07 21:59:43,401 - INFO - 🔄 步骤3: 验证进入Sign Up页面
2026-05-07 21:59:43,633 - INFO - ✅ 步骤3: 验证进入Sign Up页面 - 完成，确认已进入Sign Up注册页面
2026-05-07 21:59:45,639 - INFO - 🔄 步骤4: 输入邮箱
2026-05-07 21:59:45,642 - INFO - 📧 生成简单邮箱地址: testuser111@163.com
2026-05-07 21:59:47,633 - INFO - ✅ 步骤4: 输入邮箱 - 完成，邮箱: testuser111@163.com
2026-05-07 21:59:49,641 - INFO - 🔄 步骤5: 勾选隐私政策和用户协议
2026-05-07 21:59:55,606 - INFO - ✅ 隐私政策复选框已勾选
2026-05-07 21:59:57,117 - INFO - 🔄 步骤5.1: 收起键盘（Done）
2026-05-07 21:59:58,398 - INFO - ✅ 已点击Done收起键盘
2026-05-07 21:59:59,409 - INFO - 🔄 步骤6: 点击Next进入set password页面
2026-05-07 22:00:00,139 - INFO - ✅ 步骤6: 点击Next进入set password页面 - 完成，已点击Next按钮
2026-05-07 22:00:03,149 - INFO - 🔄 步骤7: 验证进入set password页面
2026-05-07 22:00:03,442 - INFO - ✅ 成功进入set password页面
2026-05-07 22:00:04,949 - INFO - 🔄 步骤8: 输入纯数字密码并验证规则颜色
2026-05-07 22:00:06,712 - INFO - ✅ 已输入密码: 123456
2026-05-07 22:00:08,763 - INFO - ✅ 已输入确认密码: 123456
2026-05-07 22:00:10,192 - INFO - 📝 规则提示: • 6-20 characters 颜色: None
2026-05-07 22:00:10,596 - INFO - 📝 规则提示: • contains letters 颜色: None
2026-05-07 22:00:11,011 - INFO - 📝 规则提示: • contains numbers 颜色: None
2026-05-07 22:00:11,412 - INFO - 📝 规则提示: • Supports special characters:! @ # $ % ^ & * ( ) - _ = + \ | [ ] { } ; : / ? . , ~ > < ` 颜色: None
2026-05-07 22:00:12,640 - INFO - ✅ 密码页已点击Done收起键盘
2026-05-07 22:00:13,648 - INFO - 🔄 步骤9: 点击Next验证仍停留在set password页面
2026-05-07 22:00:14,348 - INFO - ✅ 已尝试点击密码页Next按钮（应无跳转）
2026-05-07 22:00:16,658 - INFO - ✅ 点击后仍停留在set password页面，Next按钮不可使页面跳转
2026-05-07 22:00:17,660 - INFO - 🎉 测试用例102228执行成功！
2026-05-07 22:00:17,660 - INFO - ✅ 纯数字密码规则提示符合预期，Next不可跳转
2026-05-07 22:00:19,690 - INFO - ✅ 报告已生成: /Users/ambrose.chen/Desktop/iot/project/APP外壳/2测试报告/platform/ios_20260507_215913/ios_20260507_215913_report.xlsx
