2026-05-09 19:19:22,723 - INFO - 🔄 步骤0: 登出，确保从登出状态开始测试
2026-05-09 19:19:22,725 - INFO - 开始登出流程...
2026-05-09 19:19:53,648 - INFO - 未检测到home sel/mine sel/mine，跳过登出流程
2026-05-09 19:19:53,650 - INFO - ✅ 步骤0: 登出，确保从登出状态开始测试 - 完成
2026-05-09 19:19:55,656 - INFO - 🔄 步骤1: 验证在APP首页（登录页面）
2026-05-09 19:19:55,828 - INFO - ✅ 步骤1: 验证在APP首页（登录页面） - 完成，确认在APP首页（登录页面）
2026-05-09 19:19:57,838 - INFO - 🔄 步骤2: 点击Sign Up按钮进入注册页面
2026-05-09 19:19:58,798 - INFO - ✅ 步骤2: 点击Sign Up按钮进入注册页面 - 完成
2026-05-09 19:20:01,805 - INFO - 🔄 步骤3: 验证进入Sign Up页面
2026-05-09 19:20:02,051 - INFO - ✅ 步骤3: 验证进入Sign Up页面 - 完成，确认已进入Sign Up注册页面
2026-05-09 19:20:04,060 - INFO - 🔄 步骤4: 输入邮箱
2026-05-09 19:20:04,065 - INFO - 📧 生成简单邮箱地址: testuser190@163.com
2026-05-09 19:20:05,951 - INFO - ✅ 步骤4: 输入邮箱 - 完成，邮箱: testuser190@163.com
2026-05-09 19:20:07,959 - INFO - 🔄 步骤5: 点击Done按钮收起键盘
2026-05-09 19:20:09,357 - INFO - ✅ 步骤5: 点击Done按钮收起键盘 - 完成
2026-05-09 19:20:11,366 - INFO - 🔄 步骤6: 勾选隐私政策和用户协议
2026-05-09 19:20:17,137 - INFO - ✅ 隐私政策复选框已勾选
2026-05-09 19:20:18,147 - INFO - ✅ 步骤6: 勾选隐私政策和用户协议 - 完成
2026-05-09 19:20:20,157 - INFO - 🔄 步骤7: 点击Next按钮
2026-05-09 19:20:20,844 - INFO - ✅ 步骤7: 点击Next按钮 - 完成
2026-05-09 19:20:23,849 - INFO - 🔄 步骤8: 验证跳转至set password页面
2026-05-09 19:20:24,137 - INFO - ✅ 步骤8: 验证跳转至set password页面 - 完成
2026-05-09 19:20:24,137 - INFO - ✅ 验证通过：已成功跳转至set password页面
2026-05-09 19:20:26,142 - INFO - 🎉 测试用例102198执行成功！
2026-05-09 19:20:26,142 - INFO - ✅ 验证"隐私政策、用户协议"勾选功能：勾选后点击Next按钮，成功跳转至set password页面
2026-05-09 19:20:28,180 - INFO - ✅ 报告已生成: /Users/ambrose.chen/Desktop/iot/project/APP外壳/2测试报告/platform/ios_20260509_191920/ios_20260509_191920_report.xlsx
