2026-05-08 21:09:19,240 - INFO - 🔄 步骤0: 登出，确保从登出状态开始测试
2026-05-08 21:09:19,240 - INFO - 开始登出流程...
2026-05-08 21:09:50,138 - INFO - 未检测到home sel/mine sel/mine，跳过登出流程
2026-05-08 21:09:50,138 - INFO - ✅ 步骤0: 登出，确保从登出状态开始测试 - 完成
2026-05-08 21:09:52,148 - INFO - 🔄 步骤1: 验证在APP首页（登录页面）
2026-05-08 21:09:52,303 - INFO - ✅ 步骤1: 验证在APP首页（登录页面） - 完成，确认在APP首页（登录页面）
2026-05-08 21:09:54,309 - INFO - 🔄 步骤2: 点击Sign Up按钮进入注册页面
2026-05-08 21:09:55,262 - INFO - ✅ 步骤2: 点击Sign Up按钮进入注册页面 - 完成
2026-05-08 21:09:58,272 - INFO - 🔄 步骤3: 验证进入Sign Up页面
2026-05-08 21:09:58,510 - INFO - ✅ 步骤3: 验证进入Sign Up页面 - 完成，确认已进入Sign Up注册页面
2026-05-08 21:10:00,520 - INFO - 🔄 步骤4: 输入邮箱
2026-05-08 21:10:00,523 - INFO - 📧 生成简单邮箱地址: testuser164@163.com
2026-05-08 21:10:02,487 - INFO - ✅ 步骤4: 输入邮箱 - 完成，邮箱: testuser164@163.com
2026-05-08 21:10:04,493 - INFO - 🔄 步骤5: 勾选隐私政策和用户协议
2026-05-08 21:10:10,597 - INFO - ✅ 隐私政策复选框已勾选
2026-05-08 21:10:12,099 - INFO - 🔄 步骤5.1: 收起键盘（Done）
2026-05-08 21:10:13,354 - INFO - ✅ 已点击Done收起键盘
2026-05-08 21:10:14,360 - INFO - 🔄 步骤6: 点击Next进入set password页面
2026-05-08 21:10:15,050 - INFO - ✅ 步骤6: 点击Next进入set password页面 - 完成，已点击Next按钮
2026-05-08 21:10:18,060 - INFO - 🔄 步骤7: 验证进入set password页面
2026-05-08 21:10:18,362 - INFO - ✅ 成功进入set password页面
2026-05-08 21:10:19,864 - INFO - 🔄 步骤8: 输入超长密码并验证规则颜色
2026-05-08 21:10:21,800 - INFO - ✅ 已输入密码: Csx123456789012345678
2026-05-08 21:10:23,692 - INFO - 📝 规则提示: • 6-20 characters 颜色: None
2026-05-08 21:10:24,082 - INFO - 📝 规则提示: • contains letters 颜色: None
2026-05-08 21:10:24,451 - INFO - 📝 规则提示: • contains numbers 颜色: None
2026-05-08 21:10:24,826 - INFO - 📝 规则提示: • Supports special characters:! @ # $ % ^ & * ( ) - _ = + \ | [ ] { } ; : / ? . , ~ > < ` 颜色: None
2026-05-08 21:10:24,826 - INFO - ✅ 规则颜色检查完成（无法获取颜色时已记录）
2026-05-08 21:10:25,836 - INFO - 🔄 步骤9: 收起键盘并点击Next，验证停留当前页面
2026-05-08 21:10:27,017 - INFO - ✅ 已点击Done收起键盘
2026-05-08 21:10:28,600 - INFO - ✅ 已尝试点击密码页Next按钮
2026-05-08 21:10:30,915 - INFO - ✅ 点击后仍停留在set password页面，Next按钮不可使页面跳转
2026-05-08 21:10:31,916 - INFO - 🎉 测试用例102225执行成功！
2026-05-08 21:10:31,917 - INFO - ✅ 密码大于20位时规则颜色符合预期，Next按钮不可跳转
2026-05-08 21:10:33,943 - INFO - ✅ 报告已生成: /Users/ambrose.chen/Desktop/iot/project/APP外壳/2测试报告/platform/ios_20260508_210917/ios_20260508_210917_report.xlsx
