2026-05-11 19:28:40,105 - INFO - 🔄 步骤1: 重置APP，检测登录状态并登出
2026-05-11 19:28:46,052 - INFO -     ✅ APP已重置
2026-05-11 19:29:01,273 - INFO -     ℹ️ 未检测到登录状态，已在登录页面
2026-05-11 19:29:01,274 - INFO - ✅ 步骤1: 重置APP，检测登录状态并登出 - 完成
2026-05-11 19:29:01,275 - INFO - 🔄 步骤2: 点击登录按钮进入Sign in页面
2026-05-11 19:29:02,252 - INFO - ✅ 步骤2: 点击登录按钮进入Sign in页面 - 完成
2026-05-11 19:29:03,754 - INFO - 🔄 步骤3: 点击邮箱框，输入邮箱
2026-05-11 19:29:44,670 - INFO -     ✅ 邮箱输入完成: haoc51888@gmail.com
2026-05-11 19:29:45,680 - INFO - ✅ 步骤3: 点击邮箱框，输入邮箱 - 完成
2026-05-11 19:29:45,680 - INFO - 🔄 步骤4: 点击键盘Done，收起键盘
2026-05-11 19:29:46,918 - INFO - ✅ 步骤4: 点击键盘Done，收起键盘 - 完成
2026-05-11 19:29:47,925 - INFO - 🔄 步骤5: 验证密码输入框为空（不输入密码）
2026-05-11 19:29:48,179 - INFO -     ✅ 密码输入框为空
2026-05-11 19:29:48,179 - INFO - ✅ 步骤5: 验证密码输入框为空（不输入密码） - 完成，密码输入框为空
2026-05-11 19:29:48,180 - INFO - 🔄 步骤6: 点击登录按钮（不勾选用户协议和隐私政策，不输入密码）
2026-05-11 19:29:48,996 - INFO - ✅ 步骤6: 点击登录按钮（不勾选用户协议和隐私政策，不输入密码） - 完成
2026-05-11 19:29:51,005 - INFO - 🔄 步骤7: 断言页面显示错误提示信息
2026-05-11 19:29:51,330 - INFO -     ✅ 找到错误提示信息: Incorrect password. Please confirm and try again.
2026-05-11 19:29:51,331 - INFO - ✅ 步骤7: 断言页面显示错误提示信息 - 完成，错误提示信息已显示
2026-05-11 19:29:51,331 - INFO - 🎉 测试用例102656执行成功！
2026-05-11 19:29:51,362 - INFO - ✅ 报告已生成: /Users/ambrose.chen/Desktop/iot/project/APP外壳/2测试报告/platform/ios_20260511_192838/ios_20260511_192838_report.xlsx
