2026-05-19 16:25:41,498 - INFO - 🔄 步骤1: 重启APP
2026-05-19 16:25:46,430 - INFO - ✅ 步骤1: 重启APP - 完成
2026-05-19 16:25:46,430 - INFO - 🔄 步骤2: 检测登录状态并确保在登录/注册入口页
2026-05-19 16:25:46,960 - INFO -     [登出] 开始登出流程...
2026-05-19 16:25:46,960 - INFO -     [登出] 步骤1: 检查页面是否有 More 按钮
2026-05-19 16:25:46,999 - INFO -     [登出] ✅ 检测到 More 按钮: //android.view.View[@content-desc="More"]
2026-05-19 16:25:46,999 - INFO -     [登出] 步骤2: 点击 More 按钮，进入 more 页面
2026-05-19 16:25:47,040 - INFO -     [登出] ✅ 已点击 More 按钮 (使用: //android.view.View[@content-desc="More"])
2026-05-19 16:25:49,046 - INFO -     [登出] 步骤3: 点击 edit 按钮
2026-05-19 16:25:49,365 - INFO -     [登出] ✅ 已点击 edit 按钮
2026-05-19 16:25:51,370 - INFO -     [登出] 步骤4: 点击 Log Out 按钮
2026-05-19 16:25:51,496 - INFO -     [登出] ✅ 已点击 Log Out 按钮
2026-05-19 16:25:53,001 - INFO -     [登出] 步骤5: 点击 Confirm 按钮，确认登出
2026-05-19 16:25:55,113 - INFO -     [登出] ✅ 已点击 Confirm 按钮
2026-05-19 16:26:03,163 - INFO -     [登出] ⚠️ 登出完成，但无法确认是否已返回登录页面
2026-05-19 16:26:03,164 - INFO -     [登出] ✅ 登出流程完成
2026-05-19 16:26:05,220 - INFO - ✅ 步骤2: 检测登录状态并确保在登录/注册入口页 - 完成
2026-05-19 16:26:05,220 - INFO - 🔄 步骤3: 点击 Sign Up 进入注册页
2026-05-19 16:26:07,486 - INFO - ✅ 步骤3: 点击 Sign Up 进入注册页 - 完成
2026-05-19 16:26:07,488 - INFO - 📧 生成简单邮箱地址: testuser331@163.com
2026-05-19 16:26:07,489 - INFO - 🔄 步骤4: 用户名页点击返回
2026-05-19 16:27:20,600 - INFO - 
============================================================
2026-05-19 16:27:20,601 - INFO - ❌ 测试失败
2026-05-19 16:27:20,601 - INFO - 📍 失败步骤: 步骤4: 用户名页点击返回
2026-05-19 16:27:20,601 - INFO - 📝 失败原因: 步骤4: 用户名页点击返回失败: Message: 未进入设置密码页（需要至少 2 个 EditText）

2026-05-19 16:27:20,602 - INFO - ============================================================
2026-05-19 16:27:20,606 - INFO - Traceback (most recent call last):

2026-05-19 16:27:20,607 - INFO -   File "/Users/ambrose.chen/Desktop/iot/project/APP外壳/3功能/1平台/Android/2注册/200088验证不输入用户名，点击返回按钮.py", line 240, in test_200088
    step_assert_on_password_page(driver)

2026-05-19 16:27:20,607 - INFO -   File "/Users/ambrose.chen/Desktop/iot/project/APP外壳/3功能/1平台/Android/2注册/register_case_base.py", line 260, in step_assert_on_password_page
    raise TimeoutException("未进入设置密码页（需要至少 2 个 EditText）")

2026-05-19 16:27:20,607 - INFO - selenium.common.exceptions.TimeoutException: Message: 未进入设置密码页（需要至少 2 个 EditText）


2026-05-19 16:27:21,249 - INFO - 已保存test_200088_failed失败截图: screenshots/test_200088_failed_1779179240.png
2026-05-19 16:27:21,279 - INFO - ✅ 报告已生成: /Users/ambrose.chen/Desktop/iot/project/APP外壳/2测试报告/platform/android_20260519_162538/android_20260519_162538_report.xlsx
