2026-05-18 17:32:22,261 - INFO - 🔄 步骤1: 重启APP
2026-05-18 17:32:22,262 - INFO -     🔄 driver.terminate_app / activate_app: com.xingmai.tech
2026-05-18 17:32:27,177 - INFO -     ✅ APP 已重启
2026-05-18 17:32:27,178 - INFO - ✅ 步骤1: 重启APP - 完成
2026-05-18 17:32:27,179 - INFO - 🔄 步骤2: 检测登录状态并确保在登录/注册入口页
2026-05-18 17:32:27,186 - INFO -     🔄 检测已登录元素: //android.view.View[@content-desc="More"]
2026-05-18 17:32:27,329 - INFO -     🔄 检测已登录元素: //*[@content-desc="More"]
2026-05-18 17:32:27,946 - INFO -     ℹ️ 未检测到 More，判定未登录
2026-05-18 17:32:27,947 - INFO -     🔄 等待登录/注册入口页: //*[(@text="Sign In" or @text="Sign Up") or contains(@text,"Sign In") or contains(@text,"Sign Up") or @content-desc="Sign In" or @content-desc="Sign Up"]
2026-05-18 17:32:27,999 - INFO -     ✅ 已处于登录/注册入口页
2026-05-18 17:32:27,999 - INFO - ✅ 步骤2: 检测登录状态并确保在登录/注册入口页 - 完成
2026-05-18 17:32:27,999 - INFO - 🔄 步骤3: 点击 Sign In 进入登录页
2026-05-18 17:32:27,999 - INFO -     🔄 定位 Sign In: //android.widget.TextView[@text="Sign In"]
2026-05-18 17:32:28,061 - INFO -     ✅ 找到 Sign In: //android.widget.TextView[@text="Sign In"]
2026-05-18 17:32:28,689 - INFO - ✅ 步骤3: 点击 Sign In 进入登录页 - 完成
2026-05-18 17:32:30,192 - INFO - 🔄 步骤4: 输入邮箱
2026-05-18 17:32:30,193 - INFO -     🔄 邮箱: haoc51888chenhao@gmail.com
2026-05-18 17:32:30,275 - INFO -     ✅ 聚焦: //android.widget.ScrollView/android.widget.EditText[1]/android.view.View[2]
2026-05-18 17:32:30,275 - INFO -     🔄 定位: //android.widget.ScrollView/android.widget.EditText[1]
2026-05-18 17:32:31,445 - INFO - ✅ 步骤4: 输入邮箱 - 完成
2026-05-18 17:32:31,445 - INFO - 🔄 步骤5: 输入密码
2026-05-18 17:32:31,445 - INFO -     🔄 密码已填入（长度 9）
2026-05-18 17:32:32,158 - INFO -     🔄 定位: //android.widget.ScrollView/android.widget.EditText[2]
2026-05-18 17:32:32,565 - INFO - ✅ 步骤5: 输入密码 - 完成
2026-05-18 17:32:32,565 - INFO - 🔄 步骤6: 收起输入键盘
2026-05-18 17:32:34,005 - INFO -     ✅ hide_keyboard 成功
2026-05-18 17:32:34,410 - INFO - ✅ 步骤6: 收起输入键盘 - 完成
2026-05-18 17:32:34,410 - INFO - 🔄 步骤7: 勾选用户协议与隐私政策
2026-05-18 17:32:34,410 - INFO -     🔄 定位: //android.widget.ImageView[@content-desc="checkbox"]
2026-05-18 17:32:35,268 - INFO - ✅ 步骤7: 勾选用户协议与隐私政策 - 完成
2026-05-18 17:32:35,268 - INFO - 🔄 步骤8: 点击 Next 登录
2026-05-18 17:32:35,269 - INFO -     🔄 定位: //android.widget.ImageView[@content-desc="next"]
2026-05-18 17:32:36,598 - INFO - ✅ 步骤8: 点击 Next 登录 - 完成
2026-05-18 17:32:36,598 - INFO - 🔄 步骤9: 断言提示文案
2026-05-18 17:32:36,599 - INFO -     🔄 期望文案: This email is not registered. Please check and re-enter.
2026-05-18 17:32:36,681 - INFO -     ✅ 已显示提示
2026-05-18 17:32:36,681 - INFO - ✅ 步骤9: 断言提示文案 - 完成
2026-05-18 17:32:36,682 - INFO - 🎉 测试用例 200003 执行成功！
2026-05-18 17:32:36,712 - INFO - ✅ 报告已生成: /Users/ambrose.chen/Desktop/iot/project/APP外壳/2测试报告/platform/android_20260518_173219/android_20260518_173219_report.xlsx
