2026-05-08 21:31:51,599 - INFO - 🔄 步骤0: 登出，确保从登出状态开始测试
2026-05-08 21:31:51,600 - INFO - 开始登出流程...
2026-05-08 21:32:22,495 - INFO - 未检测到home sel/mine sel/mine，跳过登出流程
2026-05-08 21:32:22,497 - INFO - ✅ 步骤0: 登出，确保从登出状态开始测试 - 完成
2026-05-08 21:32:24,501 - INFO - 🔄 步骤1: 验证在APP首页（登录页面）
2026-05-08 21:32:24,659 - INFO - ✅ 步骤1: 验证在APP首页（登录页面） - 完成，确认在APP首页（登录页面）
2026-05-08 21:32:26,669 - INFO - 🔄 步骤2: 点击Sign Up按钮进入注册页面
2026-05-08 21:32:27,748 - INFO - ✅ 步骤2: 点击Sign Up按钮进入注册页面 - 完成
2026-05-08 21:32:30,750 - INFO - 🔄 步骤3: 验证进入Sign Up页面
2026-05-08 21:32:30,986 - INFO - ✅ 步骤3: 验证进入Sign Up页面 - 完成，确认已进入Sign Up注册页面
2026-05-08 21:32:32,987 - INFO - 🔄 步骤4: 输入邮箱
2026-05-08 21:32:32,991 - INFO - 📧 生成简单邮箱地址: testuser181@163.com
2026-05-08 21:32:35,004 - INFO - ✅ 步骤4: 输入邮箱 - 完成，邮箱: testuser181@163.com
2026-05-08 21:32:37,011 - INFO - 🔄 步骤5: 勾选隐私政策和用户协议
2026-05-08 21:32:43,109 - INFO - ✅ 隐私政策复选框已勾选
2026-05-08 21:32:44,616 - INFO - 🔄 步骤5.1: 收起键盘（Done）
2026-05-08 21:32:45,864 - INFO - ✅ 已点击Done收起键盘
2026-05-08 21:32:46,869 - INFO - 🔄 步骤6: 点击Next进入set password页面
2026-05-08 21:32:47,571 - INFO - ✅ 步骤6: 点击Next进入set password页面 - 完成，已点击Next按钮
2026-05-08 21:32:50,582 - INFO - 🔄 步骤7: 验证进入set password页面
2026-05-08 21:32:50,883 - INFO - ✅ 成功进入set password页面
2026-05-08 21:32:52,393 - INFO - 🔄 步骤8: 输入密码并明文显示
2026-05-08 21:32:54,021 - INFO - ✅ 已输入密码: Csx150128
2026-05-08 21:32:55,956 - INFO - ✅ 第一次点击显示密码按钮（明文）
2026-05-08 21:32:57,275 - INFO - 📝 明文时value: 'Csx150128', type: 'XCUIElementTypeTextField'
2026-05-08 21:32:57,753 - INFO - ✅ 第二次点击显示密码按钮（隐藏）
2026-05-08 21:32:59,094 - INFO - 📝 隐藏后value: '•••••••••', type: 'XCUIElementTypeSecureTextField'
2026-05-08 21:32:59,094 - INFO - ✅ 明文后再次隐藏成功
2026-05-08 21:33:00,102 - INFO - 🎉 测试用例102242执行成功！
2026-05-08 21:33:00,102 - INFO - ✅ 明文显示后可再次隐藏密文校验通过
2026-05-08 21:33:02,128 - INFO - ✅ 报告已生成: /Users/ambrose.chen/Desktop/iot/project/APP外壳/2测试报告/platform/ios_20260508_213149/ios_20260508_213149_report.xlsx
