2026-05-12 10:43:40,228 - INFO - 🔄 步骤0: 登出，确保从登出状态开始测试
2026-05-12 10:43:40,228 - INFO - 开始登出流程...
2026-05-12 10:44:11,129 - INFO - 未检测到home sel/mine sel/mine，跳过登出流程
2026-05-12 10:44:11,132 - INFO - ✅ 步骤0: 登出，确保从登出状态开始测试 - 完成
2026-05-12 10:44:13,137 - INFO - 🔄 步骤1: 验证在APP首页（登录页面）
2026-05-12 10:44:13,315 - INFO - ✅ 步骤1: 验证在APP首页（登录页面） - 完成，确认在APP首页（登录页面）
2026-05-12 10:44:15,320 - INFO - 🔄 步骤2: 点击Sign Up按钮进入注册页面
2026-05-12 10:44:16,267 - INFO - ✅ 步骤2: 点击Sign Up按钮进入注册页面 - 完成
2026-05-12 10:44:19,273 - INFO - 🔄 步骤3: 验证进入Sign Up页面
2026-05-12 10:44:19,505 - INFO - ✅ 步骤3: 验证进入Sign Up页面 - 完成，确认已进入Sign Up注册页面
2026-05-12 10:44:21,508 - INFO - 🔄 步骤4: 国家切为China，查看账号行的显示
2026-05-12 10:44:22,580 - INFO - ✅ 已点击国家栏下拉按钮
2026-05-12 10:45:34,976 - INFO - ✅ 已输入搜索关键词: China
2026-05-12 10:45:38,350 - INFO - ✅ 已选择国家: China，命中的元素: China
2026-05-12 10:45:52,492 - INFO - 📝 China国家下，账号行显示: Email
2026-05-12 10:45:52,493 - INFO - ✅ 步骤4: 国家切为China，查看账号行的显示 - 完成，China国家下账号行显示: Email
2026-05-12 10:45:54,497 - INFO - 🔄 步骤5: 国家切为美国，查看账号行的显示
2026-05-12 10:45:55,702 - INFO - ✅ 已点击国家栏下拉按钮
2026-05-12 10:47:08,678 - INFO - ✅ 已输入搜索关键词: United States of America
2026-05-12 10:47:17,129 - INFO - ✅ 已选择国家: United States of America，命中的元素: United States of America
2026-05-12 10:47:31,209 - INFO - 📝 美国国家下，账号行显示: Email
2026-05-12 10:47:31,210 - INFO - ✅ 步骤5: 国家切为美国，查看账号行的显示 - 完成，美国国家下账号行显示: Email
2026-05-12 10:47:33,215 - INFO - 🔄 步骤6: 验证两个国家下都显示Email
2026-05-12 10:47:44,360 - INFO - ✅ 步骤6: 验证两个国家下都显示Email - 完成
2026-05-12 10:47:44,360 - INFO - ✅ 验证通过：China和美国两个国家下，账号行都显示'Email'
2026-05-12 10:47:46,362 - INFO - 🎉 测试用例102194执行成功！
2026-05-12 10:47:46,363 - INFO - ✅ 验证注册地为任何国家时，提示文案均为"邮箱"：China和美国都显示Email
2026-05-12 10:47:48,399 - INFO - ✅ 报告已生成: /Users/ambrose.chen/Desktop/iot/project/APP外壳/2测试报告/platform/ios_20260512_104338/ios_20260512_104338_report.xlsx
