2026-05-11 19:04:05,584 - INFO - 📧 生成简单邮箱地址: testuser221@163.com
2026-05-11 19:04:05,585 - INFO - 🔄 步骤0: 重启APP并确保登出
2026-05-11 19:04:09,014 - INFO -     [登出] 开始登出流程...
2026-05-11 19:04:09,015 - INFO -     [登出] 步骤1: 检查页面是否有 More 按钮
2026-05-11 19:04:09,588 - INFO -     [登出] ✅ 检测到 More 按钮: //android.view.View[@content-desc="More"]
2026-05-11 19:04:09,589 - INFO -     [登出] 步骤2: 点击 More 按钮，进入 more 页面
2026-05-11 19:04:09,616 - INFO -     [登出] ✅ 已点击 More 按钮 (使用: //android.view.View[@content-desc="More"])
2026-05-11 19:04:11,621 - INFO -     [登出] 步骤3: 点击 edit 按钮
2026-05-11 19:04:11,767 - INFO -     [登出] ✅ 已点击 edit 按钮
2026-05-11 19:04:13,770 - INFO -     [登出] 步骤4: 点击 Log Out 按钮
2026-05-11 19:04:13,934 - INFO -     [登出] ✅ 已点击 Log Out 按钮
2026-05-11 19:04:15,435 - INFO -     [登出] 步骤5: 点击 Confirm 按钮，确认登出
2026-05-11 19:04:17,667 - INFO -     [登出] ✅ 已点击 Confirm 按钮
2026-05-11 19:04:25,701 - INFO -     [登出] ⚠️ 登出完成，但无法确认是否已返回登录页面
2026-05-11 19:04:25,702 - INFO -     [登出] ✅ 登出流程完成
2026-05-11 19:04:27,708 - INFO - ✅ 步骤0: 重启APP并确保登出 - 完成
2026-05-11 19:04:27,708 - INFO - 🔄 步骤1: 点击 Sign Up 进入注册页
2026-05-11 19:04:30,424 - INFO - ✅ 步骤1: 点击 Sign Up 进入注册页 - 完成
2026-05-11 19:04:30,425 - INFO - 🔄 步骤2: 输入邮箱 testuser221@163.com
2026-05-11 19:04:33,590 - INFO - ✅ 步骤2: 输入邮箱 testuser221@163.com - 完成
2026-05-11 19:04:33,592 - INFO - 🔄 步骤3: 勾选协议
2026-05-11 19:04:34,386 - INFO - ✅ 步骤3: 勾选协议 - 完成
2026-05-11 19:04:34,387 - INFO - 🔄 步骤4: 点击 Next 进入设置密码页
2026-05-11 19:04:37,275 - INFO - ✅ 步骤4: 点击 Next 进入设置密码页 - 完成
2026-05-11 19:04:37,275 - INFO - 🔄 步骤5: 输入密码与确认密码，并点击 Next 进入用户名页
2026-05-11 19:04:45,635 - INFO - ✅ 步骤5: 输入密码与确认密码，并点击 Next 进入用户名页 - 完成
2026-05-11 19:04:45,637 - INFO - 🔄 步骤6: 输入超过50字符用户名并点击 Submit
2026-05-11 19:04:45,637 - INFO -     ℹ️ 本次用户名长度: 60
2026-05-11 19:04:53,321 - INFO - ✅ 步骤6: 输入超过50字符用户名并点击 Submit - 完成
2026-05-11 19:04:53,322 - INFO - 🔄 步骤7: 断言注册失败（未进入主界面）
2026-05-11 19:05:08,555 - INFO - 🎉 测试用例200023执行成功！
2026-05-11 19:05:08,581 - INFO - ✅ 报告已生成: /Users/ambrose.chen/Desktop/iot/project/APP外壳/2测试报告/platform/android_20260511_190402/android_20260511_190402_report.xlsx
