2026-05-12 11:52:27,344 - INFO - 🔄 步骤0: 登出，确保从登出状态开始测试
2026-05-12 11:52:27,345 - INFO - 开始登出流程...
2026-05-12 11:52:58,273 - INFO - 未检测到home sel/mine sel/mine，跳过登出流程
2026-05-12 11:52:58,275 - INFO - ✅ 步骤0: 登出，确保从登出状态开始测试 - 完成
2026-05-12 11:53:00,281 - INFO - 🔄 步骤1: 验证在APP首页（登录页面）
2026-05-12 11:53:00,447 - INFO - ✅ 步骤1: 验证在APP首页（登录页面） - 完成，确认在APP首页（登录页面）
2026-05-12 11:53:02,457 - INFO - 🔄 步骤2: 点击Sign Up按钮进入注册页面
2026-05-12 11:53:03,410 - INFO - ✅ 步骤2: 点击Sign Up按钮进入注册页面 - 完成
2026-05-12 11:53:06,419 - INFO - 🔄 步骤3: 验证进入Sign Up页面
2026-05-12 11:53:06,679 - INFO - ✅ 步骤3: 验证进入Sign Up页面 - 完成，确认已进入Sign Up注册页面
2026-05-12 11:53:08,690 - INFO - 🔄 步骤4: 输入邮箱
2026-05-12 11:53:08,695 - INFO - 📧 生成简单邮箱地址: testuser292@163.com
2026-05-12 11:53:10,720 - INFO - ✅ 步骤4: 输入邮箱 - 完成，邮箱: testuser292@163.com
2026-05-12 11:53:12,727 - INFO - 🔄 步骤5: 勾选隐私政策和用户协议
2026-05-12 11:53:18,877 - INFO - ✅ 隐私政策复选框已勾选
2026-05-12 11:53:20,388 - INFO - 🔄 步骤5.1: 收起键盘（Done）
2026-05-12 11:53:21,681 - INFO - ✅ 已点击Done收起键盘
2026-05-12 11:53:22,692 - INFO - 🔄 步骤6: 点击Next进入set password页面
2026-05-12 11:53:23,409 - INFO - ✅ 步骤6: 点击Next进入set password页面 - 完成，已点击Next按钮
2026-05-12 11:53:26,411 - INFO - 🔄 步骤7: 验证进入set password页面
2026-05-12 11:53:26,813 - INFO - ✅ 成功进入set password页面
2026-05-12 11:53:28,317 - INFO - 🔄 步骤8: 输入密码并确认
2026-05-12 11:53:30,276 - INFO - ✅ 已输入密码: Csx150128
2026-05-12 11:53:32,393 - INFO - ✅ 已输入确认密码: Csx150128
2026-05-12 11:53:34,616 - INFO - ✅ 密码页已点击Done收起键盘
2026-05-12 11:53:35,625 - INFO - 🔄 步骤9: 点击Next进入Personal Information页面
2026-05-12 11:53:36,614 - INFO - ✅ 已点击密码页Next按钮
2026-05-12 11:53:39,617 - INFO - 🔄 步骤10: 输入用户名，点击Skip，验证跳转主界面
2026-05-12 11:53:45,833 - INFO - ✅ 确认已进入Personal Information页面
2026-05-12 11:53:49,667 - INFO - ✅ 已输入用户名: TxJJRJfB57VEWd7c9v87iePuNwe8MyHLSSbfV4xTLfJwZh03E3
2026-05-12 11:53:51,922 - INFO - ✅ 已点击Done收起键盘
2026-05-12 11:54:03,706 - INFO - ✅ 找到Skip元素: //XCUIElementTypeButton[@name="Skip"]
2026-05-12 11:54:04,237 - INFO - ✅ 已点击Skip按钮
2026-05-12 11:54:07,455 - INFO - ✅ 主页面标识元素存在: //XCUIElementTypeButton[@name="home sel"]
2026-05-12 11:54:07,648 - INFO - ✅ Username元素仍显示在主界面
2026-05-12 11:54:08,658 - INFO - 🎉 测试用例102246执行成功！
2026-05-12 11:54:08,658 - INFO - ✅ 输入用户名后点击Skip成功跳转至主界面
2026-05-12 11:54:10,699 - INFO - ✅ 报告已生成: /Users/ambrose.chen/Desktop/iot/project/APP外壳/2测试报告/platform/ios_20260512_115225/ios_20260512_115225_report.xlsx
