2026-05-12 10:24:52,844 - INFO - 🔄 步骤0: 登出，确保从登出状态开始测试
2026-05-12 10:24:52,844 - INFO - 开始登出流程...
2026-05-12 10:25:23,756 - INFO - 未检测到home sel/mine sel/mine，跳过登出流程
2026-05-12 10:25:23,756 - INFO - ✅ 步骤0: 登出，确保从登出状态开始测试 - 完成
2026-05-12 10:25:25,757 - INFO - 🔄 步骤1: 验证在APP首页（登录页面）
2026-05-12 10:25:25,921 - INFO - ✅ 步骤1: 验证在APP首页（登录页面） - 完成，确认在APP首页（登录页面）
2026-05-12 10:25:27,923 - INFO - 🔄 步骤2: 点击Sign Up按钮进入注册页面
2026-05-12 10:25:28,869 - INFO - ✅ 步骤2: 点击Sign Up按钮进入注册页面 - 完成
2026-05-12 10:25:31,872 - INFO - 🔄 步骤3: 验证进入Sign Up页面
2026-05-12 10:25:32,104 - INFO - ✅ 步骤3: 验证进入Sign Up页面 - 完成，确认已进入Sign Up注册页面
2026-05-12 10:25:34,107 - INFO - 🔄 步骤4: 点击国家栏下拉按钮
2026-05-12 10:25:35,317 - INFO - ✅ 步骤4: 点击国家栏下拉按钮 - 完成，已点击国家栏下拉按钮
2026-05-12 10:25:38,323 - INFO - 🔄 步骤5: 验证跳转至国家选择页面
2026-05-12 10:26:11,455 - INFO - ✅ 步骤5: 验证跳转至国家选择页面 - 完成，确认已跳转至国家选择页面
2026-05-12 10:26:13,460 - INFO - 🔄 步骤6: 点击搜索框并输入France
2026-05-12 10:26:49,620 - INFO - ✅ 步骤6: 点击搜索框并输入France - 完成，已输入France
2026-05-12 10:26:51,623 - INFO - 🔄 步骤7: 选择France
2026-05-12 10:26:58,086 - INFO - ✅ 步骤7: 选择France - 完成，已选择France，命中的元素: France
2026-05-12 10:27:01,089 - INFO - 🔄 步骤8: 验证注册页面显示的国家与选择的一致
2026-05-12 10:27:01,357 - INFO - ✅ 找到国家显示元素，使用选择器: //XCUIElementTypeStaticText[@name="France"]
2026-05-12 10:27:01,357 - INFO - 📝 注册页面显示的国家: France
2026-05-12 10:27:01,357 - INFO - ✅ 步骤8: 验证注册页面显示的国家与选择的一致 - 完成
2026-05-12 10:27:01,357 - INFO - ✅ 注册页面显示的国家与选择的一致: France
2026-05-12 10:27:03,359 - INFO - 🎉 测试用例102185执行成功！
2026-05-12 10:27:03,360 - INFO - ✅ 注册页面国家切换-搜索一个存在的国家
2026-05-12 10:27:05,386 - INFO - ✅ 报告已生成: /Users/ambrose.chen/Desktop/iot/project/APP外壳/2测试报告/platform/ios_20260512_102451/ios_20260512_102451_report.xlsx
