2026-05-08 15:44:45,863 - INFO - 🔄 步骤0: 登出，确保从登出状态开始测试
2026-05-08 15:44:45,863 - INFO - 开始登出流程...
2026-05-08 15:45:16,747 - INFO - 未检测到home sel/mine sel/mine，跳过登出流程
2026-05-08 15:45:16,748 - INFO - ✅ 步骤0: 登出，确保从登出状态开始测试 - 完成
2026-05-08 15:45:18,751 - INFO - 🔄 步骤1: 验证在APP首页（登录页面）
2026-05-08 15:45:18,904 - INFO - ✅ 步骤1: 验证在APP首页（登录页面） - 完成，确认在APP首页（登录页面）
2026-05-08 15:45:20,908 - INFO - 🔄 步骤2: 点击Sign Up按钮进入注册页面
2026-05-08 15:45:21,863 - INFO - ✅ 步骤2: 点击Sign Up按钮进入注册页面 - 完成
2026-05-08 15:45:24,864 - INFO - 🔄 步骤4: 点击Next（未输入邮箱、未勾选协议）
2026-05-08 15:45:25,779 - INFO - ✅ 已出现提示：Please sign up using your email address
2026-05-08 15:45:25,990 - INFO - ✅ 步骤4: 点击Next（未输入邮箱、未勾选协议） - 完成
2026-05-08 15:45:26,992 - INFO - 🔄 步骤5: 输入邮箱（value="Email"）
2026-05-08 15:45:26,995 - INFO - 📧 生成简单邮箱地址: testuser148@163.com
2026-05-08 15:45:28,863 - INFO - ✅ 步骤5: 输入邮箱（value="Email"） - 完成，邮箱: testuser148@163.com
2026-05-08 15:45:31,025 - INFO - 🔄 步骤6: 再次点击Next（仍应提示）
2026-05-08 15:45:32,077 - INFO - ✅ 步骤6: 再次点击Next（仍应提示） - 完成
2026-05-08 15:45:33,083 - INFO - 🔄 步骤7: 勾选协议（login check normal）
2026-05-08 15:45:44,509 - INFO - ❌ 步骤7: 勾选协议（login check normal）失败: Message: 
Stacktrace:
NoSuchElementError: An element could not be located on the page using the given search parameters.
    at XCUITestDriver.doNativeFind (/Users/ambrose.chen/.appium/node_modules/appium-xcuitest-driver/lib/commands/find.js:116:11)
    at processTicksAndRejections (node:internal/process/task_queues:103:5)
    at XCUITestDriver.findNativeElementOrElements (/Users/ambrose.chen/.appium/node_modules/appium-xcuitest-driver/lib/commands/find.js:69:10)
    at XCUITestDriver.findElOrEls (/Users/ambrose.chen/.appium/node_modules/appium-xcuitest-driver/lib/commands/find.js:13:12)
    at XCUITestDriver.findElOrElsWithProcessing (/Users/ambrose.chen/.appium/node_modules/appium-xcuitest-driver/node_modules/@appium/base-driver/lib/basedriver/commands/find.ts:60:12)
    at XCUITestDriver.findElement (/Users/ambrose.chen/.appium/node_modules/appium-xcuitest-driver/node_modules/@appium/base-driver/lib/basedriver/commands/find.ts:75:12)
2026-05-08 15:45:44,510 - INFO - 
============================================================
2026-05-08 15:45:44,510 - INFO - ❌ 测试失败
2026-05-08 15:45:44,510 - INFO - 📍 失败步骤: 步骤7: 勾选协议（login check normal）
2026-05-08 15:45:44,510 - INFO - 📝 失败原因: 步骤7: 勾选协议（login check normal）失败: Message: 
Stacktrace:
NoSuchElementError: An element could not be located on the page using the given search parameters.
    at XCUITestDriver.doNativeFind (/Users/ambrose.chen/.appium/node_modules/appium-xcuitest-driver/lib/commands/find.js:116:11)
    at processTicksAndRejections (node:internal/process/task_queues:103:5)
    at XCUITestDriver.findNativeElementOrElements (/Users/ambrose.chen/.appium/node_modules/appium-xcuitest-driver/lib/commands/find.js:69:10)
    at XCUITestDriver.findElOrEls (/Users/ambrose.chen/.appium/node_modules/appium-xcuitest-driver/lib/commands/find.js:13:12)
    at XCUITestDriver.findElOrElsWithProcessing (/Users/ambrose.chen/.appium/node_modules/appium-xcuitest-driver/node_modules/@appium/base-driver/lib/basedriver/commands/find.ts:60:12)
    at XCUITestDriver.findElement (/Users/ambrose.chen/.appium/node_modules/appium-xcuitest-driver/node_modules/@appium/base-driver/lib/basedriver/commands/find.ts:75:12)
2026-05-08 15:45:44,510 - INFO - ============================================================
2026-05-08 15:45:44,514 - INFO - Traceback (most recent call last):

2026-05-08 15:45:44,515 - INFO -   File "/Users/ambrose.chen/Desktop/iot/project/APP外壳/3功能/1平台/IOS/2注册/102203 验证只填写正确邮箱，“Next”按钮还是浅色，不可点击.py", line 273, in test_102203
    WebDriverWait(driver, 8).until(

2026-05-08 15:45:44,515 - INFO -   File "/Library/Frameworks/Python.framework/Versions/3.11/lib/python3.11/site-packages/selenium/webdriver/support/wait.py", line 138, in until
    raise TimeoutException(message, screen, stacktrace)

2026-05-08 15:45:44,516 - INFO - selenium.common.exceptions.TimeoutException: Message: 
Stacktrace:
NoSuchElementError: An element could not be located on the page using the given search parameters.
    at XCUITestDriver.doNativeFind (/Users/ambrose.chen/.appium/node_modules/appium-xcuitest-driver/lib/commands/find.js:116:11)
    at processTicksAndRejections (node:internal/process/task_queues:103:5)
    at XCUITestDriver.findNativeElementOrElements (/Users/ambrose.chen/.appium/node_modules/appium-xcuitest-driver/lib/commands/find.js:69:10)
    at XCUITestDriver.findElOrEls (/Users/ambrose.chen/.appium/node_modules/appium-xcuitest-driver/lib/commands/find.js:13:12)
    at XCUITestDriver.findElOrElsWithProcessing (/Users/ambrose.chen/.appium/node_modules/appium-xcuitest-driver/node_modules/@appium/base-driver/lib/basedriver/commands/find.ts:60:12)
    at XCUITestDriver.findElement (/Users/ambrose.chen/.appium/node_modules/appium-xcuitest-driver/node_modules/@appium/base-driver/lib/basedriver/commands/find.ts:75:12)

2026-05-08 15:45:44,813 - INFO - 已保存test_102203_failed失败截图: screenshots/test_102203_failed_1778226344.png
2026-05-08 15:45:44,827 - INFO - ✅ 报告已生成: /Users/ambrose.chen/Desktop/iot/project/APP外壳/2测试报告/platform/ios_20260508_154443/ios_20260508_154443_report.xlsx
