2026-05-12 13:08:46,418 - INFO - 🔄 步骤1: 重启APP并处理登录状态
2026-05-12 13:09:07,671 - INFO - ✅ 步骤1: 重启APP并处理登录状态 - 完成
2026-05-12 13:09:07,672 - INFO - 🔄 步骤2: 点击Sign In进入登录页
2026-05-12 13:09:10,590 - INFO - ✅ 步骤2: 点击Sign In进入登录页 - 完成
2026-05-12 13:09:10,591 - INFO - 🔄 步骤3: 点击Forgot password进入忘记密码页
2026-05-12 13:09:13,623 - INFO - ✅ 步骤3: 点击Forgot password进入忘记密码页 - 完成
2026-05-12 13:09:13,624 - INFO - 🔄 步骤4: 输入邮箱并点击Next进入验证码页
2026-05-12 13:09:24,000 - INFO - ✅ 步骤4: 输入邮箱并点击Next进入验证码页 - 完成，邮箱: haoc51888@gmail.com
2026-05-12 13:09:24,002 - INFO - 🔄 步骤5: Gmail获取最新验证码code
2026-05-12 13:11:06,929 - INFO - ✅ 步骤5: Gmail获取最新验证码code - 完成，code: 658084
2026-05-12 13:11:06,931 - INFO - 🔄 步骤6: 输入验证码进入Set Password页
2026-05-12 13:11:16,230 - INFO - ✅ 步骤6: 输入验证码进入Set Password页 - 完成
2026-05-12 13:11:16,230 - INFO - 🔄 步骤7: 输入小写字母+特殊字符密码(两次)并收起键盘
2026-05-12 13:11:21,667 - INFO - ✅ 步骤7: 输入小写字母+特殊字符密码(两次)并收起键盘 - 完成，password: !@#&xingmai
2026-05-12 13:11:21,668 - INFO - 🔄 步骤8: 校验密码规则文案颜色（若能取到color）
2026-05-12 13:11:21,896 - INFO - 📝 规则提示: • 6-20 characters 颜色: None
2026-05-12 13:11:22,106 - INFO - 📝 规则提示: • contains letters 颜色: None
2026-05-12 13:11:22,315 - INFO - 📝 规则提示: • contains numbers 颜色: None
2026-05-12 13:11:22,542 - INFO - 📝 规则提示: • Supports special characters:! @ # $ % ^ & * ( ) - _ = + \ | [ ] { } ; : / ? . , ~ > < ` 颜色: None
2026-05-12 13:11:22,542 - INFO - ✅ 步骤8: 校验密码规则文案颜色（若能取到color） - 完成
2026-05-12 13:11:22,543 - INFO - 🔄 步骤9: 点击Submit，断言不可完成修改密码（仍停留Set Password页）
2026-05-12 13:11:22,808 - INFO - ✅ 步骤9: 点击Submit，断言不可完成修改密码（仍停留Set Password页） - 完成
2026-05-12 13:11:22,808 - INFO - 🎉 测试用例102159执行成功！
2026-05-12 13:11:22,839 - INFO - ✅ 报告已生成: /Users/ambrose.chen/Desktop/iot/project/APP外壳/2测试报告/platform/ios_20260512_130844/ios_20260512_130844_report.xlsx
