2026-05-11 20:04:13,732 - INFO - 🔄 步骤0: 登出，确保从登出状态开始测试
2026-05-11 20:04:13,733 - INFO - 开始登出流程...
2026-05-11 20:04:44,661 - INFO - 未检测到home sel/mine sel/mine，跳过登出流程
2026-05-11 20:04:44,663 - INFO - ✅ 步骤0: 登出，确保从登出状态开始测试 - 完成
2026-05-11 20:04:46,668 - INFO - 🔄 步骤1: 验证在APP首页（登录页面）
2026-05-11 20:04:46,829 - INFO - ✅ 步骤1: 验证在APP首页（登录页面） - 完成，确认在APP首页（登录页面）
2026-05-11 20:04:48,837 - INFO - 🔄 步骤2: 点击Sign Up按钮进入注册页面
2026-05-11 20:04:49,790 - INFO - ✅ 步骤2: 点击Sign Up按钮进入注册页面 - 完成
2026-05-11 20:04:52,800 - INFO - 🔄 步骤3: 验证进入Sign Up页面
2026-05-11 20:04:53,035 - INFO - ✅ 步骤3: 验证进入Sign Up页面 - 完成，确认已进入Sign Up注册页面
2026-05-11 20:04:55,041 - INFO - 🔄 步骤4: 点击国家栏下拉按钮
2026-05-11 20:04:56,159 - INFO - ✅ 步骤4: 点击国家栏下拉按钮 - 完成，已点击国家栏下拉按钮
2026-05-11 20:04:59,165 - INFO - 🔄 步骤5: 验证跳转至国家选择页面
2026-05-11 20:05:32,524 - INFO - ✅ 步骤5: 验证跳转至国家选择页面 - 完成，确认已跳转至国家选择页面
2026-05-11 20:05:34,535 - INFO - 🔄 步骤6: 点击搜索框并输入Americ
2026-05-11 20:06:10,682 - INFO - ✅ 步骤6: 点击搜索框并输入Americ - 完成，已输入Americ
2026-05-11 20:06:13,689 - INFO - 🔄 步骤7: 验证下面显示多个国家
2026-05-11 20:06:29,725 - INFO - 📝 找到的国家数量: 2
2026-05-11 20:06:29,726 - INFO - 📝 找到的国家（前10个）: ['American Samoa', 'United States of America']
2026-05-11 20:06:29,726 - INFO - ✅ 步骤7: 验证下面显示多个国家 - 完成，找到 2 个匹配的国家
2026-05-11 20:06:31,728 - INFO - 🔄 步骤8: 点击清除按钮
2026-05-11 20:06:49,325 - INFO - ✅ 步骤8: 点击清除按钮 - 完成，已点击清除按钮
2026-05-11 20:06:51,334 - INFO - 🔄 步骤9: 验证筛选出来的国家消失了，显示默认状态下的国家
2026-05-11 20:07:08,054 - INFO - 📝 搜索框当前内容: 'Search'
2026-05-11 20:08:13,019 - INFO - 📝 清除后显示的默认国家数量: 12
2026-05-11 20:08:13,021 - INFO - 📝 显示的默认国家（前20个）: ['dictation', 'Return', 'Afghanistan', 'Albania', 'Algeria', 'American Samoa', 'Andorra', 'Angola', 'Anguilla', 'SystemInputAssistantView', 'CenterPageView', 'UIKeyboardLayoutStar Preview']
2026-05-11 20:08:13,021 - INFO - 📝 清除后新增的非筛选国家数量: 11
2026-05-11 20:08:13,021 - INFO - 📝 清除后新增的非筛选国家（前10个）: ['dictation', 'Return', 'Afghanistan', 'Albania', 'Algeria', 'Andorra', 'Angola', 'Anguilla', 'SystemInputAssistantView', 'CenterPageView']
2026-05-11 20:08:13,021 - INFO - ✅ 步骤9: 验证筛选出来的国家消失了，显示默认状态下的国家 - 完成
2026-05-11 20:08:13,022 - INFO - ✅ 验证通过：筛选出来的国家已消失，显示默认状态下的国家列表（共 12 个国家）
2026-05-11 20:08:15,030 - INFO - 🎉 测试用例102187执行成功！
2026-05-11 20:08:15,030 - INFO - ✅ 注册页面国家切换-清空搜索内容：清除按钮功能正常，筛选出来的国家已消失，显示默认状态下的国家
2026-05-11 20:08:17,071 - INFO - ✅ 报告已生成: /Users/ambrose.chen/Desktop/iot/project/APP外壳/2测试报告/platform/ios_20260511_200411/ios_20260511_200411_report.xlsx
