2026-05-11 20:11:52,873 - INFO - 🔄 步骤0: 登出，确保从登出状态开始测试
2026-05-11 20:11:52,874 - INFO - 开始登出流程...
2026-05-11 20:12:23,815 - INFO - 未检测到home sel/mine sel/mine，跳过登出流程
2026-05-11 20:12:23,817 - INFO - ✅ 步骤0: 登出，确保从登出状态开始测试 - 完成
2026-05-11 20:12:25,827 - INFO - 🔄 步骤1: 验证在APP首页（登录页面）
2026-05-11 20:12:25,986 - INFO - ✅ 步骤1: 验证在APP首页（登录页面） - 完成，确认在APP首页（登录页面）
2026-05-11 20:12:27,994 - INFO - 🔄 步骤2: 点击Sign Up按钮进入注册页面
2026-05-11 20:12:28,976 - INFO - ✅ 步骤2: 点击Sign Up按钮进入注册页面 - 完成
2026-05-11 20:12:31,982 - INFO - 🔄 步骤3: 验证进入Sign Up页面
2026-05-11 20:12:32,235 - INFO - ✅ 步骤3: 验证进入Sign Up页面 - 完成，确认已进入Sign Up注册页面
2026-05-11 20:12:34,235 - INFO - 🔄 步骤4: 记录当前显示的国家（China）
2026-05-11 20:12:34,500 - INFO - ✅ 找到国家显示元素，使用选择器: //XCUIElementTypeStaticText[@name="China"]
2026-05-11 20:12:34,500 - INFO - 📝 进入国家选择页面前，注册页面显示的国家: China
2026-05-11 20:12:34,500 - INFO - ✅ 步骤4: 记录当前显示的国家（China） - 完成，记录的国家: China
2026-05-11 20:12:36,507 - INFO - 🔄 步骤5: 点击国家栏下拉按钮
2026-05-11 20:12:37,608 - INFO - ✅ 步骤5: 点击国家栏下拉按钮 - 完成，已点击国家栏下拉按钮
2026-05-11 20:12:40,610 - INFO - 🔄 步骤6: 验证跳转至国家选择页面
2026-05-11 20:13:14,069 - INFO - ✅ 步骤6: 验证跳转至国家选择页面 - 完成，确认已跳转至国家选择页面
2026-05-11 20:13:16,078 - INFO - 🔄 步骤7: 点击左上角返回按钮
2026-05-11 20:13:17,925 - INFO - ✅ 步骤7: 点击左上角返回按钮 - 完成，已点击左上角返回按钮
2026-05-11 20:13:20,930 - INFO - 🔄 步骤8: 验证返回注册主页面
2026-05-11 20:13:21,149 - INFO - ✅ 步骤8: 验证返回注册主页面 - 完成，确认已返回注册主页面
2026-05-11 20:13:23,157 - INFO - 🔄 步骤9: 验证国家没有变化，仍显示之前的国家（China）
2026-05-11 20:13:23,428 - INFO - ✅ 找到国家显示元素，使用选择器: //XCUIElementTypeStaticText[@name="China"]
2026-05-11 20:13:23,428 - INFO - 📝 返回注册主页面后，显示的国家: China
2026-05-11 20:13:23,428 - INFO - 📝 进入国家选择页面前，显示的国家: China
2026-05-11 20:13:23,428 - INFO - ✅ 步骤9: 验证国家没有变化，仍显示之前的国家（China） - 完成
2026-05-11 20:13:23,428 - INFO - ✅ 验证通过：国家没有变化，仍显示之前的国家（China）
2026-05-11 20:13:25,435 - INFO - 🎉 测试用例102189执行成功！
2026-05-11 20:13:25,436 - INFO - ✅ 验证从国家列表"取消"，返回注册主页面：国家没有变化，仍显示之前的国家
2026-05-11 20:13:27,479 - INFO - ✅ 报告已生成: /Users/ambrose.chen/Desktop/iot/project/APP外壳/2测试报告/platform/ios_20260511_201151/ios_20260511_201151_report.xlsx
