2026-05-19 10:59:30,376 - INFO - 🔄 步骤1: 重启APP
2026-05-19 10:59:30,377 - INFO -     🔄 driver.terminate_app / activate_app: com.xingmai.tech
2026-05-19 10:59:35,247 - INFO -     ✅ APP 已重启
2026-05-19 10:59:35,248 - INFO - ✅ 步骤1: 重启APP - 完成
2026-05-19 10:59:35,248 - INFO - 🔄 步骤2: 检测登录状态并确保在登录/注册入口页
2026-05-19 10:59:35,254 - INFO -     🔄 检测已登录元素: //android.view.View[@content-desc="More"]
2026-05-19 10:59:35,382 - INFO -     🔄 检测已登录元素: //*[@content-desc="More"]
2026-05-19 10:59:35,996 - INFO -     ℹ️ 未检测到 More，判定未登录
2026-05-19 10:59:35,996 - INFO -     🔄 等待登录/注册入口页: //*[(@text="Sign In" or @text="Sign Up") or contains(@text,"Sign In") or contains(@text,"Sign Up") or @content-desc="Sign In" or @content-desc="Sign Up"]
2026-05-19 10:59:36,039 - INFO -     ✅ 已处于登录/注册入口页
2026-05-19 10:59:36,040 - INFO - ✅ 步骤2: 检测登录状态并确保在登录/注册入口页 - 完成
2026-05-19 10:59:36,040 - INFO - 🔄 步骤3: 点击 Sign In 进入登录页
2026-05-19 10:59:36,040 - INFO -     🔄 定位 Sign In: //android.widget.TextView[@text="Sign In"]
2026-05-19 10:59:36,102 - INFO -     ✅ 找到 Sign In: //android.widget.TextView[@text="Sign In"]
2026-05-19 10:59:36,746 - INFO - ✅ 步骤3: 点击 Sign In 进入登录页 - 完成
2026-05-19 10:59:38,249 - INFO - 🔄 步骤4: 输入邮箱
2026-05-19 10:59:38,249 - INFO -     🔄 邮箱: haoc51888@gmail.com
2026-05-19 10:59:39,115 - INFO -     ✅ 聚焦: //android.widget.ScrollView/android.widget.EditText[1]/android.view.View[2]
2026-05-19 10:59:39,115 - INFO -     🔄 定位: //android.widget.ScrollView/android.widget.EditText[1]
2026-05-19 10:59:39,509 - INFO - ✅ 步骤4: 输入邮箱 - 完成
2026-05-19 10:59:39,510 - INFO - 🔄 步骤5: 收起输入键盘
2026-05-19 10:59:40,883 - INFO -     ✅ hide_keyboard 成功
2026-05-19 10:59:41,284 - INFO - ✅ 步骤5: 收起输入键盘 - 完成
2026-05-19 10:59:41,285 - INFO - 🔄 步骤6: 点击 Next 登录
2026-05-19 10:59:41,285 - INFO -     🔄 定位: //android.widget.ImageView[@content-desc="next"]
2026-05-19 10:59:43,012 - INFO - ✅ 步骤6: 点击 Next 登录 - 完成
2026-05-19 10:59:43,013 - INFO - 🔄 步骤7: 断言提示文案
2026-05-19 10:59:43,013 - INFO -     🔄 期望文案: Incorrect password. Please confirm and try again.
2026-05-19 10:59:43,089 - INFO -     ✅ 已显示提示
2026-05-19 10:59:43,090 - INFO - ✅ 步骤7: 断言提示文案 - 完成
2026-05-19 10:59:43,090 - INFO - 🎉 测试用例 200007 执行成功！
2026-05-19 10:59:43,109 - INFO - ✅ 报告已生成: /Users/ambrose.chen/Desktop/iot/project/APP外壳/2测试报告/platform/android_20260519_105927/android_20260519_105927_report.xlsx
