2026-05-12 10:03:35,019 - INFO - 🔄 步骤1: 重置APP，检测登录状态并登出
2026-05-12 10:03:40,963 - INFO -     ✅ APP已重置
2026-05-12 10:03:41,187 - INFO -     ✅ 检测到已登录状态: //XCUIElementTypeButton[@name="home sel"]
2026-05-12 10:03:41,188 - INFO -     🔄 检测到已登录，执行登出操作...
2026-05-12 10:03:41,188 - INFO - 开始登出流程...
2026-05-12 10:03:41,468 - INFO - 检测到home sel元素
2026-05-12 10:03:52,845 - INFO - ✅ 点击mine按钮: //XCUIElementTypeButton[@name="mine"]
2026-05-12 10:03:55,026 - INFO - ✅ 点击CommonEdit编辑按钮: //XCUIElementTypeButton[@name="CommonEdit"]
2026-05-12 10:03:57,198 - INFO - ✅ 点击Log Out: //XCUIElementTypeButton[@name="Log Out"]
2026-05-12 10:03:59,400 - INFO - ✅ 点击Confirm: //XCUIElementTypeButton[@name="Confirm"]
2026-05-12 10:04:00,906 - INFO - 登出操作完成
2026-05-12 10:04:01,354 - INFO - ✅ 成功回到登录页面
2026-05-12 10:04:01,354 - INFO -     ✅ 登出操作完成
2026-05-12 10:04:02,860 - INFO - ✅ 步骤1: 重置APP，检测登录状态并登出 - 完成
2026-05-12 10:04:02,861 - INFO - 🔄 步骤2: 点击登录按钮进入Sign in页面
2026-05-12 10:04:03,820 - INFO - ✅ 步骤2: 点击登录按钮进入Sign in页面 - 完成
2026-05-12 10:04:05,322 - INFO - 🔄 步骤3: 点击密码框，输入密码，验证密码被隐藏
2026-05-12 10:04:46,020 - INFO -     ✅ 密码输入完成
2026-05-12 10:04:52,451 - INFO -     ✅ 验证密码被隐藏成功（类型: XCUIElementTypeSecureTextField）
2026-05-12 10:04:52,452 - INFO - ✅ 步骤3: 点击密码框，输入密码，验证密码被隐藏 - 完成
2026-05-12 10:04:52,452 - INFO - 🔄 步骤4: 点击×按钮，验证密码被清空
2026-05-12 10:04:58,550 - INFO -     ✅ 已点击×按钮
2026-05-12 10:05:25,538 - INFO -     ✅ 验证密码已被清空（状态: delete_button_hidden）
2026-05-12 10:05:25,538 - INFO - ✅ 步骤4: 点击×按钮，验证密码被清空 - 完成，密码内容已清空
2026-05-12 10:05:25,538 - INFO - 🎉 测试用例102668执行成功！
2026-05-12 10:05:25,571 - INFO - ✅ 报告已生成: /Users/ambrose.chen/Desktop/iot/project/APP外壳/2测试报告/platform/ios_20260512_100333/ios_20260512_100333_report.xlsx
