2026-05-09 19:04:50,540 - INFO - 🔄 步骤0: 登出，确保从登出状态开始测试
2026-05-09 19:04:50,541 - INFO - 开始登出流程...
2026-05-09 19:05:21,490 - INFO - 未检测到home sel/mine sel/mine，跳过登出流程
2026-05-09 19:05:21,492 - INFO - ✅ 步骤0: 登出，确保从登出状态开始测试 - 完成
2026-05-09 19:05:23,502 - INFO - 🔄 步骤1: 验证在APP首页（登录页面）
2026-05-09 19:05:23,654 - INFO - ✅ 步骤1: 验证在APP首页（登录页面） - 完成，确认在APP首页（登录页面）
2026-05-09 19:05:25,662 - INFO - 🔄 步骤2: 点击Sign Up按钮进入注册页面
2026-05-09 19:05:26,624 - INFO - ✅ 步骤2: 点击Sign Up按钮进入注册页面 - 完成
2026-05-09 19:05:29,632 - INFO - 🔄 步骤3: 验证进入Sign Up页面
2026-05-09 19:05:29,868 - INFO - ✅ 步骤3: 验证进入Sign Up页面 - 完成，确认已进入Sign Up注册页面
2026-05-09 19:05:31,875 - INFO - 🔄 步骤5: 输入邮箱
2026-05-09 19:05:31,880 - INFO - 📧 生成简单邮箱地址: testuser186@163.com
2026-05-09 19:05:33,901 - INFO - ✅ 步骤5: 输入邮箱 - 完成，邮箱: testuser186@163.com
2026-05-09 19:05:35,909 - INFO - 🔄 步骤6: 点击Done按钮收起键盘
2026-05-09 19:05:37,187 - INFO - ✅ 步骤6: 点击Done按钮收起键盘 - 完成
2026-05-09 19:05:39,190 - INFO - 🔄 步骤7: 验证不勾选隐私政策和用户协议
2026-05-09 19:05:44,539 - INFO - ✅ 隐私政策复选框未勾选（预期状态）
2026-05-09 19:05:44,540 - INFO - ✅ 步骤7: 验证不勾选隐私政策和用户协议 - 完成，隐私政策复选框未勾选
2026-05-09 19:05:46,545 - INFO - 🔄 步骤8: 验证Next按钮置灰不可点击
2026-05-09 19:05:46,834 - INFO - 📝 Next按钮 enabled 属性: false
2026-05-09 19:05:46,834 - INFO - ✅ 步骤8: 验证Next按钮置灰不可点击 - 完成，确认Next按钮置灰不可点击
2026-05-09 19:05:48,842 - INFO - 🔄 步骤9: 验证仍停留在注册页面
2026-05-09 19:05:49,503 - INFO - 📝 当前邮箱输入框内容: testuser186@163.com
2026-05-09 19:05:49,503 - INFO - ✅ 步骤9: 验证仍停留在注册页面 - 完成，点击无效果，仍停留在注册页面
2026-05-09 19:05:51,512 - INFO - 🎉 测试用例102191执行成功！
2026-05-09 19:05:51,513 - INFO - ✅ 验证注册，不选择"用户政策、隐私协议"，点击"下一步"：Next按钮置灰且仍停留在当前页面
2026-05-09 19:05:53,544 - INFO - ✅ 报告已生成: /Users/ambrose.chen/Desktop/iot/project/APP外壳/2测试报告/platform/ios_20260509_190448/ios_20260509_190448_report.xlsx
