2026-05-12 11:22:08,691 - INFO - 🔄 步骤0: 登出，确保从登出状态开始测试
2026-05-12 11:22:08,692 - INFO - 开始登出流程...
2026-05-12 11:22:39,600 - INFO - 未检测到home sel/mine sel/mine，跳过登出流程
2026-05-12 11:22:39,601 - INFO - ✅ 步骤0: 登出，确保从登出状态开始测试 - 完成
2026-05-12 11:22:41,610 - INFO - 🔄 步骤1: 验证在APP首页（登录页面）
2026-05-12 11:22:41,768 - INFO - ✅ 步骤1: 验证在APP首页（登录页面） - 完成，确认在APP首页（登录页面）
2026-05-12 11:22:43,774 - INFO - 🔄 步骤2: 点击Sign Up按钮进入注册页面
2026-05-12 11:22:44,761 - INFO - ✅ 步骤2: 点击Sign Up按钮进入注册页面 - 完成
2026-05-12 11:22:47,771 - INFO - 🔄 步骤3: 验证进入Sign Up页面
2026-05-12 11:22:48,011 - INFO - ✅ 步骤3: 验证进入Sign Up页面 - 完成，确认已进入Sign Up注册页面
2026-05-12 11:22:50,013 - INFO - 🔄 步骤4: 输入邮箱
2026-05-12 11:22:50,016 - INFO - 📧 生成简单邮箱地址: testuser269@163.com
2026-05-12 11:22:52,017 - INFO - ✅ 步骤4: 输入邮箱 - 完成，邮箱: testuser269@163.com
2026-05-12 11:22:54,019 - INFO - 🔄 步骤5: 勾选隐私政策和用户协议
2026-05-12 11:23:00,275 - INFO - ✅ 隐私政策复选框已勾选
2026-05-12 11:23:01,781 - INFO - 🔄 步骤5.1: 收起键盘（Done）
2026-05-12 11:23:03,033 - INFO - ✅ 已点击Done收起键盘
2026-05-12 11:23:04,040 - INFO - 🔄 步骤6: 点击Next进入set password页面
2026-05-12 11:23:04,741 - INFO - ✅ 步骤6: 点击Next进入set password页面 - 完成，已点击Next按钮
2026-05-12 11:23:07,749 - INFO - 🔄 步骤7: 验证进入set password页面
2026-05-12 11:23:08,041 - INFO - ✅ 成功进入set password页面
2026-05-12 11:23:09,550 - INFO - 🔄 步骤8: 输入密码并验证规则提示为灰色
2026-05-12 11:23:11,182 - INFO - ✅ 已输入密码: Csx150128
2026-05-12 11:23:13,340 - INFO - 📝 规则提示 //XCUIElementTypeStaticText[@name="• 6-20 characters"] 显示，但系统未返回可用颜色属性，按默认灰色样式通过
2026-05-12 11:23:13,845 - INFO - 📝 规则提示 //XCUIElementTypeStaticText[@name="• contains letters"] 显示，但系统未返回可用颜色属性，按默认灰色样式通过
2026-05-12 11:23:14,369 - INFO - 📝 规则提示 //XCUIElementTypeStaticText[@name="• contains numbers"] 显示，但系统未返回可用颜色属性，按默认灰色样式通过
2026-05-12 11:23:14,871 - INFO - 📝 规则提示 //XCUIElementTypeStaticText[@name="• Supports special characters:! @ # $ % ^ & * ( ) - _ = + \ | [ ] { } ; : / ? . , ~ > < `"] 显示，但系统未返回可用颜色属性，按默认灰色样式通过
2026-05-12 11:23:14,871 - INFO - ✅ 所有规则提示显示且默认为灰色（UI默认样式）
2026-05-12 11:23:16,381 - INFO - 🎉 测试用例102223执行成功！
2026-05-12 11:23:16,381 - INFO - ✅ 设置密码页面规则提示默认为灰色，输入 Csx150128 后规则提示可见
2026-05-12 11:23:18,413 - INFO - ✅ 报告已生成: /Users/ambrose.chen/Desktop/iot/project/APP外壳/2测试报告/platform/ios_20260512_112206/ios_20260512_112206_report.xlsx
