2026-05-08 20:40:32,943 - INFO - 🔄 步骤0: 登出，确保从登出状态开始测试
2026-05-08 20:40:32,943 - INFO - 开始登出流程...
2026-05-08 20:41:03,834 - INFO - 未检测到home sel/mine sel/mine，跳过登出流程
2026-05-08 20:41:03,836 - INFO - ✅ 步骤0: 登出，确保从登出状态开始测试 - 完成
2026-05-08 20:41:05,843 - INFO - 🔄 步骤1: 验证在APP首页（登录页面）
2026-05-08 20:41:06,001 - INFO - ✅ 步骤1: 验证在APP首页（登录页面） - 完成，确认在APP首页（登录页面）
2026-05-08 20:41:08,012 - INFO - 🔄 步骤2: 点击Sign Up按钮进入注册页面
2026-05-08 20:41:08,954 - INFO - ✅ 步骤2: 点击Sign Up按钮进入注册页面 - 完成
2026-05-08 20:41:11,960 - INFO - 🔄 步骤3: 验证进入Sign Up页面
2026-05-08 20:41:12,191 - INFO - ✅ 步骤3: 验证进入Sign Up页面 - 完成，确认已进入Sign Up注册页面
2026-05-08 20:41:14,196 - INFO - 🔄 步骤4: 输入邮箱（value="Email"）
2026-05-08 20:41:14,201 - INFO - 📧 生成简单邮箱地址: testuser156@163.com
2026-05-08 20:41:16,068 - INFO - ✅ 步骤4: 输入邮箱（value="Email"） - 完成，邮箱: testuser156@163.com
2026-05-08 20:41:19,214 - INFO - 🔄 步骤5: 点击Done按钮收起键盘
2026-05-08 20:41:24,321 - INFO - ℹ️ 步骤5: 点击Done按钮收起键盘 - Done按钮未出现或无法点击，可能键盘未弹出或已收起，跳过: Message: 
Stacktrace:
NoSuchElementError: An element could not be located on the page using the given search parameters.
    at XCUITestDriver.doNativeFind (/Users/ambrose.chen/.appium/node_modules/appium-xcuitest-driver/lib/commands/find.js:116:11)
    at processTicksAndRejections (node:internal/process/task_queues:103:5)
    at XCUITestDriver.findNativeElementOrElements (/Users/ambrose.chen/.appium/node_modules/appium-xcuitest-driver/lib/commands/find.js:69:10)
    at XCUITestDriver.findElOrEls (/Users/ambrose.chen/.appium/node_modules/appium-xcuitest-driver/lib/commands/find.js:13:12)
    at XCUITestDriver.findElOrElsWithProcessing (/Users/ambrose.chen/.appium/node_modules/appium-xcuitest-driver/node_modules/@appium/base-driver/lib/basedriver/commands/find.ts:60:12)
    at XCUITestDriver.findElement (/Users/ambrose.chen/.appium/node_modules/appium-xcuitest-driver/node_modules/@appium/base-driver/lib/basedriver/commands/find.ts:75:12)
2026-05-08 20:41:25,331 - INFO - 🔄 步骤6: 勾选隐私政策和用户协议
2026-05-08 20:41:32,067 - INFO - ℹ️ 未检测到 selected（可忽略），继续下一步用页面跳转验证是否勾选成功
2026-05-08 20:41:32,068 - INFO - ✅ 步骤6: 勾选隐私政策和用户协议 - 完成
2026-05-08 20:41:34,075 - INFO - 🔄 步骤7: 点击Next按钮进入密码设置页面
2026-05-08 20:41:34,774 - INFO - ✅ 步骤7: 点击Next按钮进入密码设置页面 - 完成，已点击Next按钮
2026-05-08 20:41:37,224 - INFO - 🔄 步骤8: 点击左上角返回按钮（name="nav back"）
2026-05-08 20:41:38,357 - INFO - ✅ 步骤8: 点击左上角返回按钮（name="nav back"） - 完成
2026-05-08 20:41:39,366 - INFO - 🔄 步骤9: 返回后点击login check sel，出现提示即成功
2026-05-08 20:41:40,228 - INFO - ✅ 已出现提示文案：Please confirm and tick the Privacy Policy and User Agreement
2026-05-08 20:41:40,229 - INFO - ✅ 步骤9: 返回后点击login check sel，出现提示即成功 - 完成
2026-05-08 20:41:42,233 - INFO - 🎉 测试用例102199执行成功！
2026-05-08 20:41:42,234 - INFO - ✅ 102199：勾选协议进入密码页后返回，协议回到未勾选态并出现提示文案
2026-05-08 20:41:44,264 - INFO - ✅ 报告已生成: /Users/ambrose.chen/Desktop/iot/project/APP外壳/2测试报告/platform/ios_20260508_204031/ios_20260508_204031_report.xlsx
