2026-05-09 20:17:01,605 - INFO - 🔄 步骤0: 登出，确保从登出状态开始测试
2026-05-09 20:17:01,605 - INFO - 开始登出流程...
2026-05-09 20:17:01,895 - INFO - 检测到home sel元素
2026-05-09 20:17:13,292 - INFO - ✅ 点击mine按钮: //XCUIElementTypeButton[@name="mine"]
2026-05-09 20:17:15,505 - INFO - ✅ 点击CommonEdit编辑按钮: //XCUIElementTypeButton[@name="CommonEdit"]
2026-05-09 20:17:17,705 - INFO - ✅ 点击Log Out: //XCUIElementTypeButton[@name="Log Out"]
2026-05-09 20:17:19,893 - INFO - ✅ 点击Confirm: //XCUIElementTypeButton[@name="Confirm"]
2026-05-09 20:17:21,403 - INFO - 登出操作完成
2026-05-09 20:17:21,738 - INFO - ✅ 成功回到登录页面
2026-05-09 20:17:21,738 - INFO - ✅ 步骤0: 登出，确保从登出状态开始测试 - 完成
2026-05-09 20:17:23,748 - INFO - 🔄 步骤1: 验证在APP首页（登录页面）
2026-05-09 20:17:23,923 - INFO - ✅ 步骤1: 验证在APP首页（登录页面） - 完成，确认在APP首页（登录页面）
2026-05-09 20:17:25,932 - INFO - 🔄 步骤2: 点击Sign Up按钮进入注册页面
2026-05-09 20:17:26,908 - INFO - ✅ 步骤2: 点击Sign Up按钮进入注册页面 - 完成
2026-05-09 20:17:29,915 - INFO - 🔄 步骤3: 验证进入Sign Up页面
2026-05-09 20:17:30,160 - INFO - ✅ 步骤3: 验证进入Sign Up页面 - 完成，确认已进入Sign Up注册页面
2026-05-09 20:17:32,166 - INFO - 🔄 步骤4: 输入邮箱
2026-05-09 20:17:32,171 - INFO - 📧 生成简单邮箱地址: testuser220@163.com
2026-05-09 20:17:34,203 - INFO - ✅ 步骤4: 输入邮箱 - 完成，邮箱: testuser220@163.com
2026-05-09 20:17:36,214 - INFO - 🔄 步骤5: 勾选隐私政策和用户协议
2026-05-09 20:17:42,169 - INFO - ✅ 隐私政策复选框已勾选
2026-05-09 20:17:43,676 - INFO - 🔄 步骤5.1: 收起键盘（Done）
2026-05-09 20:17:44,948 - INFO - ✅ 已点击Done收起键盘
2026-05-09 20:17:45,955 - INFO - 🔄 步骤6: 点击Next进入set password页面
2026-05-09 20:17:46,679 - INFO - ✅ 步骤6: 点击Next进入set password页面 - 完成，已点击Next按钮
2026-05-09 20:17:49,686 - INFO - 🔄 步骤7: 验证进入set password页面
2026-05-09 20:17:49,995 - INFO - ✅ 成功进入set password页面
2026-05-09 20:17:51,504 - INFO - 🔄 步骤8: 输入密码并确认
2026-05-09 20:17:53,398 - INFO - ✅ 已输入密码: Csx150128
2026-05-09 20:17:55,387 - INFO - ✅ 已输入确认密码: Csx150128
2026-05-09 20:17:57,617 - INFO - ✅ 密码页已点击Done收起键盘
2026-05-09 20:17:58,627 - INFO - 🔄 步骤9: 点击Next进入Personal Information页面
2026-05-09 20:17:59,608 - INFO - ✅ 已点击密码页Next按钮
2026-05-09 20:18:02,618 - INFO - 🔄 步骤10: 输入用户名，点击Skip，验证跳转主界面
2026-05-09 20:18:02,900 - INFO - ✅ 确认已进入Personal Information页面
2026-05-09 20:18:06,656 - INFO - ✅ 已输入用户名: l0JXtIYjtj19ePDBoZNwdDvFfKiJ2t4cBRXW8eG8gy09rh1Vtp
2026-05-09 20:18:08,904 - INFO - ✅ 已点击Done收起键盘
2026-05-09 20:18:20,668 - INFO - ✅ 找到Skip元素: //XCUIElementTypeButton[@name="Skip"]
2026-05-09 20:18:21,082 - INFO - ✅ 已点击Skip按钮
2026-05-09 20:18:24,303 - INFO - ✅ 主页面标识元素存在: //XCUIElementTypeButton[@name="home sel"]
2026-05-09 20:18:24,491 - INFO - ✅ Username元素仍显示在主界面
2026-05-09 20:18:25,501 - INFO - 🎉 测试用例102246执行成功！
2026-05-09 20:18:25,501 - INFO - ✅ 输入用户名后点击Skip成功跳转至主界面
2026-05-09 20:18:27,542 - INFO - ✅ 报告已生成: /Users/ambrose.chen/Desktop/iot/project/APP外壳/2测试报告/platform/ios_20260509_201659/ios_20260509_201659_report.xlsx
