2026-05-09 20:43:18,304 - INFO - 🔄 步骤1: 重启APP并处理登录状态
2026-05-09 20:43:39,470 - INFO - ✅ 步骤1: 重启APP并处理登录状态 - 完成
2026-05-09 20:43:39,471 - INFO - 🔄 步骤2: 点击Sign In进入登录页
2026-05-09 20:43:42,409 - INFO - ✅ 步骤2: 点击Sign In进入登录页 - 完成
2026-05-09 20:43:42,410 - INFO - 🔄 步骤3: 点击Forgot password进入忘记密码页
2026-05-09 20:43:45,541 - INFO - ✅ 步骤3: 点击Forgot password进入忘记密码页 - 完成
2026-05-09 20:43:45,541 - INFO - 🔄 步骤4: 输入邮箱并点击Next进入验证码页(第一次)
2026-05-09 20:43:53,967 - INFO - ✅ 步骤4: 输入邮箱并点击Next进入验证码页(第一次) - 完成，邮箱: haoc51888@gmail.com
2026-05-09 20:43:53,968 - INFO - 🔄 步骤5: 点击左上返回(nav back)返回忘记密码页
2026-05-09 20:44:01,383 - INFO - ✅ 步骤5: 点击左上返回(nav back)返回忘记密码页 - 完成
2026-05-09 20:44:01,383 - INFO - 🔄 步骤6: 在忘记密码页停留60s
2026-05-09 20:45:01,394 - INFO - ✅ 步骤6: 在忘记密码页停留60s - 完成
2026-05-09 20:45:01,395 - INFO - 🔄 步骤7: 打开Gmail获取第一次验证码code1
2026-05-09 20:46:43,065 - INFO - ✅ 步骤7: 打开Gmail获取第一次验证码code1 - 完成，code1: 221978
2026-05-09 20:46:43,067 - INFO - 🔄 步骤8: 再次点击Next进入验证码页(第二次)
2026-05-09 20:46:46,698 - INFO - ✅ 步骤8: 再次点击Next进入验证码页(第二次) - 完成
2026-05-09 20:46:46,699 - INFO - 🔄 步骤9: 断言Resend倒计时重置(接近60s重新开始)
2026-05-09 20:46:47,462 - INFO - ✅ 步骤9: 断言Resend倒计时重置(接近60s重新开始) - 完成，当前倒计时约: 58s
2026-05-09 20:46:47,462 - INFO - 🔄 步骤10: 再次打开Gmail获取第二次验证码code2并断言与code1不同
2026-05-09 20:48:31,171 - INFO - ✅ 步骤10: 再次打开Gmail获取第二次验证码code2并断言与code1不同 - 完成，code2: 876369（与code1不同）
2026-05-09 20:48:31,171 - INFO - 🎉 测试用例102141执行成功！
2026-05-09 20:48:31,199 - INFO - ✅ 报告已生成: /Users/ambrose.chen/Desktop/iot/project/APP外壳/2测试报告/platform/ios_20260509_204316/ios_20260509_204316_report.xlsx
