2026-05-11 19:22:53,532 - INFO - 🔄 步骤1: 重置APP，检测登录状态并登出
2026-05-11 19:22:59,469 - INFO -     ✅ APP已重置
2026-05-11 19:23:14,675 - INFO -     ℹ️ 未检测到登录状态，已在登录页面
2026-05-11 19:23:14,676 - INFO - ✅ 步骤1: 重置APP，检测登录状态并登出 - 完成
2026-05-11 19:23:14,676 - INFO - 🔄 步骤2: 点击登录按钮进入Sign in页面
2026-05-11 19:23:15,634 - INFO - ✅ 步骤2: 点击登录按钮进入Sign in页面 - 完成
2026-05-11 19:23:17,135 - INFO - 🔄 步骤3: 点击邮箱框，输入邮箱（未注册的邮箱）
2026-05-11 19:23:58,274 - INFO -     ✅ 邮箱输入完成: haoc51888chenhao@gmail.com
2026-05-11 19:23:59,281 - INFO - ✅ 步骤3: 点击邮箱框，输入邮箱（未注册的邮箱） - 完成
2026-05-11 19:23:59,281 - INFO - 🔄 步骤4: 点击密码框，输入密码
2026-05-11 19:24:40,682 - INFO -     ✅ 密码输入完成
2026-05-11 19:24:41,693 - INFO - ✅ 步骤4: 点击密码框，输入密码 - 完成
2026-05-11 19:24:41,693 - INFO - 🔄 步骤5: 点击键盘Done，收起键盘
2026-05-11 19:24:42,925 - INFO - ✅ 步骤5: 点击键盘Done，收起键盘 - 完成
2026-05-11 19:24:43,932 - INFO - 🔄 步骤6: 点击协议勾选框
2026-05-11 19:24:44,688 - INFO - ✅ 步骤6: 点击协议勾选框 - 完成
2026-05-11 19:24:45,696 - INFO - 🔄 步骤7: 点击登录按钮
2026-05-11 19:24:46,511 - INFO - ✅ 步骤7: 点击登录按钮 - 完成
2026-05-11 19:24:48,513 - INFO - 🔄 步骤8: 断言页面显示错误提示信息
2026-05-11 19:24:48,842 - INFO -     ✅ 找到错误提示信息: This email is not registered. Please check and re-enter.
2026-05-11 19:24:48,842 - INFO - ✅ 步骤8: 断言页面显示错误提示信息 - 完成，错误提示信息已显示
2026-05-11 19:24:48,843 - INFO - 🎉 测试用例102652执行成功！
2026-05-11 19:24:48,874 - INFO - ✅ 报告已生成: /Users/ambrose.chen/Desktop/iot/project/APP外壳/2测试报告/platform/ios_20260511_192251/ios_20260511_192251_report.xlsx
