2026-05-12 10:39:00,370 - INFO - 🔄 步骤0: 登出，确保从登出状态开始测试
2026-05-12 10:39:00,371 - INFO - 开始登出流程...
2026-05-12 10:39:31,286 - INFO - 未检测到home sel/mine sel/mine，跳过登出流程
2026-05-12 10:39:31,288 - INFO - ✅ 步骤0: 登出，确保从登出状态开始测试 - 完成
2026-05-12 10:39:33,293 - INFO - 🔄 步骤1: 验证在APP首页（登录页面）
2026-05-12 10:39:33,458 - INFO - ✅ 步骤1: 验证在APP首页（登录页面） - 完成，确认在APP首页（登录页面）
2026-05-12 10:39:35,461 - INFO - 🔄 步骤2: 点击Sign Up按钮进入注册页面
2026-05-12 10:39:36,420 - INFO - ✅ 步骤2: 点击Sign Up按钮进入注册页面 - 完成
2026-05-12 10:39:39,425 - INFO - 🔄 步骤3: 验证进入Sign Up页面
2026-05-12 10:39:39,660 - INFO - ✅ 步骤3: 验证进入Sign Up页面 - 完成，确认已进入Sign Up注册页面
2026-05-12 10:39:41,665 - INFO - 🔄 步骤4: 验证Next按钮存在
2026-05-12 10:39:41,892 - INFO - ✅ 步骤4: 验证Next按钮存在 - 完成，Next按钮存在
2026-05-12 10:39:43,897 - INFO - 🔄 步骤5: 点击Next按钮
2026-05-12 10:39:44,128 - INFO - ✅ 点击前确认隐私协议元素存在
2026-05-12 10:39:44,293 - INFO - 🖱️ 点击Next按钮...
2026-05-12 10:39:46,708 - INFO - ✅ 步骤5: 点击Next按钮 - 完成
2026-05-12 10:39:46,709 - INFO - 🔄 步骤6: 验证点击后仍停留在当前页面，断言隐私协议元素仍存在
2026-05-12 10:39:46,943 - INFO - ✅ 步骤6: 验证点击后仍停留在当前页面，断言隐私协议元素仍存在 - 完成
2026-05-12 10:39:46,944 - INFO - ✅ 验证通过：点击Next按钮后仍停留在当前页面，隐私协议元素仍存在
2026-05-12 10:39:46,944 - INFO - ✅ 说明：如果停留在当前页面，说明Next按钮实际上处于禁用状态（即使is_enabled()可能返回True）
2026-05-12 10:39:48,947 - INFO - 🎉 测试用例102190执行成功！
2026-05-12 10:39:48,947 - INFO - ✅ 验证进入注册页面，直接点击"下一步"：点击Next按钮后仍停留在当前页面
2026-05-12 10:39:50,961 - INFO - ✅ 报告已生成: /Users/ambrose.chen/Desktop/iot/project/APP外壳/2测试报告/platform/ios_20260512_103858/ios_20260512_103858_report.xlsx
