2026-05-09 19:53:38,394 - INFO - 🔄 步骤0: 登出，确保从登出状态开始测试
2026-05-09 19:53:38,394 - INFO - 开始登出流程...
2026-05-09 19:53:38,625 - INFO - 检测到home sel元素
2026-05-09 19:53:49,971 - INFO - ✅ 点击mine按钮: //XCUIElementTypeButton[@name="mine"]
2026-05-09 19:53:52,291 - INFO - ✅ 点击CommonEdit编辑按钮: //XCUIElementTypeButton[@name="CommonEdit"]
2026-05-09 19:53:54,482 - INFO - ✅ 点击Log Out: //XCUIElementTypeButton[@name="Log Out"]
2026-05-09 19:53:56,672 - INFO - ✅ 点击Confirm: //XCUIElementTypeButton[@name="Confirm"]
2026-05-09 19:53:58,182 - INFO - 登出操作完成
2026-05-09 19:53:58,510 - INFO - ✅ 成功回到登录页面
2026-05-09 19:53:58,510 - INFO - ✅ 步骤0: 登出，确保从登出状态开始测试 - 完成
2026-05-09 19:54:00,519 - INFO - 🔄 步骤1: 验证在APP首页（登录页面）
2026-05-09 19:54:00,690 - INFO - ✅ 步骤1: 验证在APP首页（登录页面） - 完成，确认在APP首页（登录页面）
2026-05-09 19:54:02,693 - INFO - 🔄 步骤2: 点击Sign Up按钮进入注册页面
2026-05-09 19:54:03,642 - INFO - ✅ 步骤2: 点击Sign Up按钮进入注册页面 - 完成
2026-05-09 19:54:06,652 - INFO - 🔄 步骤3: 验证进入Sign Up页面
2026-05-09 19:54:06,905 - INFO - ✅ 步骤3: 验证进入Sign Up页面 - 完成，确认已进入Sign Up注册页面
2026-05-09 19:54:08,912 - INFO - 🔄 步骤4: 输入邮箱
2026-05-09 19:54:08,917 - INFO - 📧 生成简单邮箱地址: testuser202@163.com
2026-05-09 19:54:10,924 - INFO - ✅ 步骤4: 输入邮箱 - 完成，邮箱: testuser202@163.com
2026-05-09 19:54:12,934 - INFO - 🔄 步骤5: 勾选隐私政策和用户协议
2026-05-09 19:54:18,932 - INFO - ✅ 隐私政策复选框已勾选
2026-05-09 19:54:20,436 - INFO - 🔄 步骤5.1: 收起键盘（Done）
2026-05-09 19:54:21,706 - INFO - ✅ 已点击Done收起键盘
2026-05-09 19:54:22,707 - INFO - 🔄 步骤6: 点击Next进入set password页面
2026-05-09 19:54:23,429 - INFO - ✅ 步骤6: 点击Next进入set password页面 - 完成，已点击Next按钮
2026-05-09 19:54:26,439 - INFO - 🔄 步骤7: 验证进入set password页面
2026-05-09 19:54:26,741 - INFO - ✅ 成功进入set password页面
2026-05-09 19:54:28,248 - INFO - 🔄 步骤8: 输入纯数字密码并验证规则颜色
2026-05-09 19:54:30,056 - INFO - ✅ 已输入密码: 123456
2026-05-09 19:54:32,092 - INFO - ✅ 已输入确认密码: 123456
2026-05-09 19:54:33,509 - INFO - 📝 规则提示: • 6-20 characters 颜色: None
2026-05-09 19:54:33,924 - INFO - 📝 规则提示: • contains letters 颜色: None
2026-05-09 19:54:34,329 - INFO - 📝 规则提示: • contains numbers 颜色: None
2026-05-09 19:54:34,734 - INFO - 📝 规则提示: • Supports special characters:! @ # $ % ^ & * ( ) - _ = + \ | [ ] { } ; : / ? . , ~ > < ` 颜色: None
2026-05-09 19:54:35,950 - INFO - ✅ 密码页已点击Done收起键盘
2026-05-09 19:54:36,952 - INFO - 🔄 步骤9: 点击Next验证仍停留在set password页面
2026-05-09 19:54:37,550 - INFO - ✅ 已尝试点击密码页Next按钮（应无跳转）
2026-05-09 19:54:39,882 - INFO - ✅ 点击后仍停留在set password页面，Next按钮不可使页面跳转
2026-05-09 19:54:40,891 - INFO - 🎉 测试用例102228执行成功！
2026-05-09 19:54:40,892 - INFO - ✅ 纯数字密码规则提示符合预期，Next不可跳转
2026-05-09 19:54:42,926 - INFO - ✅ 报告已生成: /Users/ambrose.chen/Desktop/iot/project/APP外壳/2测试报告/platform/ios_20260509_195336/ios_20260509_195336_report.xlsx
