2026-05-12 09:48:21,463 - INFO - 🔄 步骤1: 重置APP，检测登录状态并登出
2026-05-12 09:48:27,401 - INFO -     ✅ APP已重置
2026-05-12 09:48:42,607 - INFO -     ℹ️ 未检测到登录状态，已在登录页面
2026-05-12 09:48:42,607 - INFO - ✅ 步骤1: 重置APP，检测登录状态并登出 - 完成
2026-05-12 09:48:42,607 - INFO - 🔄 步骤2: 点击登录按钮进入Sign in页面
2026-05-12 09:48:43,579 - INFO - ✅ 步骤2: 点击登录按钮进入Sign in页面 - 完成
2026-05-12 09:48:45,084 - INFO - 🔄 步骤3: 点击邮箱框，输入邮箱（未注册的邮箱）
2026-05-12 09:49:26,246 - INFO -     ✅ 邮箱输入完成: haoc51888chenhao@gmail.com
2026-05-12 09:49:27,247 - INFO - ✅ 步骤3: 点击邮箱框，输入邮箱（未注册的邮箱） - 完成
2026-05-12 09:49:27,247 - INFO - 🔄 步骤4: 点击密码框，输入密码
2026-05-12 09:50:08,641 - INFO -     ✅ 密码输入完成
2026-05-12 09:50:09,642 - INFO - ✅ 步骤4: 点击密码框，输入密码 - 完成
2026-05-12 09:50:09,642 - INFO - 🔄 步骤5: 点击键盘Done，收起键盘
2026-05-12 09:50:10,869 - INFO - ✅ 步骤5: 点击键盘Done，收起键盘 - 完成
2026-05-12 09:50:11,873 - INFO - 🔄 步骤6: 点击协议勾选框
2026-05-12 09:50:12,623 - INFO - ✅ 步骤6: 点击协议勾选框 - 完成
2026-05-12 09:50:13,626 - INFO - 🔄 步骤7: 点击登录按钮
2026-05-12 09:50:14,455 - INFO - ✅ 步骤7: 点击登录按钮 - 完成
2026-05-12 09:50:16,460 - INFO - 🔄 步骤8: 断言页面显示错误提示信息
2026-05-12 09:50:16,776 - INFO -     ✅ 找到错误提示信息: This email is not registered. Please check and re-enter.
2026-05-12 09:50:16,776 - INFO - ✅ 步骤8: 断言页面显示错误提示信息 - 完成，错误提示信息已显示
2026-05-12 09:50:16,776 - INFO - 🎉 测试用例102652执行成功！
2026-05-12 09:50:16,788 - INFO - ✅ 报告已生成: /Users/ambrose.chen/Desktop/iot/project/APP外壳/2测试报告/platform/ios_20260512_094819/ios_20260512_094819_report.xlsx
