2026-05-09 21:33:26,468 - INFO - 🔄 步骤1: 重启APP并处理登录状态
2026-05-09 21:33:47,740 - INFO - ✅ 步骤1: 重启APP并处理登录状态 - 完成
2026-05-09 21:33:47,740 - INFO - 🔄 步骤2: 点击Sign In进入登录页
2026-05-09 21:33:50,673 - INFO - ✅ 步骤2: 点击Sign In进入登录页 - 完成
2026-05-09 21:33:50,674 - INFO - 🔄 步骤3: 点击Forgot password进入忘记密码页
2026-05-09 21:33:53,707 - INFO - ✅ 步骤3: 点击Forgot password进入忘记密码页 - 完成
2026-05-09 21:33:53,707 - INFO - 🔄 步骤4: 输入邮箱并点击Next进入验证码页
2026-05-09 21:34:02,422 - INFO - ✅ 步骤4: 输入邮箱并点击Next进入验证码页 - 完成，邮箱: haoc51888@gmail.com
2026-05-09 21:34:02,423 - INFO - 🔄 步骤5: Gmail获取最新验证码code
2026-05-09 21:35:45,869 - INFO - ✅ 步骤5: Gmail获取最新验证码code - 完成，code: 943906
2026-05-09 21:35:45,871 - INFO - 🔄 步骤6: 输入验证码进入Set Password页
2026-05-09 21:35:55,162 - INFO - ✅ 步骤6: 输入验证码进入Set Password页 - 完成
2026-05-09 21:35:55,163 - INFO - 🔄 步骤7: 输入小写字母+特殊字符密码(两次)并收起键盘
2026-05-09 21:36:00,535 - INFO - ✅ 步骤7: 输入小写字母+特殊字符密码(两次)并收起键盘 - 完成，password: !@#&xingmai
2026-05-09 21:36:00,536 - INFO - 🔄 步骤8: 校验密码规则文案颜色（若能取到color）
2026-05-09 21:36:00,760 - INFO - 📝 规则提示: • 6-20 characters 颜色: None
2026-05-09 21:36:00,973 - INFO - 📝 规则提示: • contains letters 颜色: None
2026-05-09 21:36:01,183 - INFO - 📝 规则提示: • contains numbers 颜色: None
2026-05-09 21:36:01,398 - INFO - 📝 规则提示: • Supports special characters:! @ # $ % ^ & * ( ) - _ = + \ | [ ] { } ; : / ? . , ~ > < ` 颜色: None
2026-05-09 21:36:01,398 - INFO - ✅ 步骤8: 校验密码规则文案颜色（若能取到color） - 完成
2026-05-09 21:36:01,398 - INFO - 🔄 步骤9: 点击Submit，断言不可完成修改密码（仍停留Set Password页）
2026-05-09 21:36:01,659 - INFO - ✅ 步骤9: 点击Submit，断言不可完成修改密码（仍停留Set Password页） - 完成
2026-05-09 21:36:01,660 - INFO - 🎉 测试用例102159执行成功！
2026-05-09 21:36:01,705 - INFO - ✅ 报告已生成: /Users/ambrose.chen/Desktop/iot/project/APP外壳/2测试报告/platform/ios_20260509_213324/ios_20260509_213324_report.xlsx
