2026-05-12 10:17:05,351 - INFO - 🔄 步骤0: 登出，确保从登出状态开始测试
2026-05-12 10:17:05,351 - INFO - 开始登出流程...
2026-05-12 10:17:05,596 - INFO - 检测到home sel元素
2026-05-12 10:17:16,981 - INFO - ✅ 点击mine按钮: //XCUIElementTypeButton[@name="mine"]
2026-05-12 10:17:19,147 - INFO - ✅ 点击CommonEdit编辑按钮: //XCUIElementTypeButton[@name="CommonEdit"]
2026-05-12 10:17:21,331 - INFO - ✅ 点击Log Out: //XCUIElementTypeButton[@name="Log Out"]
2026-05-12 10:17:23,499 - INFO - ✅ 点击Confirm: //XCUIElementTypeButton[@name="Confirm"]
2026-05-12 10:17:25,001 - INFO - 登出操作完成
2026-05-12 10:17:28,974 - INFO - ✅ 成功回到登录页面
2026-05-12 10:17:28,974 - INFO - ✅ 步骤0: 登出，确保从登出状态开始测试 - 完成
2026-05-12 10:17:30,979 - INFO - 🔄 步骤1: 点击Sign Up按钮进入注册页面
2026-05-12 10:17:31,965 - INFO - ✅ 步骤1: 点击Sign Up按钮进入注册页面 - 完成
2026-05-12 10:17:33,971 - INFO - 🔄 步骤2-5: 输入邮箱并进入设置密码页面
2026-05-12 10:17:33,977 - INFO - 📧 生成未使用过的特殊字符邮箱: 1+2-3.4%5_626093@163.com
2026-05-12 10:17:36,049 - INFO - ✅ 步骤2: 输入邮箱 - 完成（第1次尝试），邮箱: 1+2-3.4%5_626093@163.com
2026-05-12 10:17:43,462 - INFO - ✅ 步骤3: 同意隐私政策 - 完成
2026-05-12 10:17:45,555 - INFO - ✅ 步骤4: Done收起键盘 - 完成
2026-05-12 10:17:47,066 - INFO - ✅ 步骤5: 点击Next - 完成
2026-05-12 10:17:49,067 - INFO - ✅ 已进入set password页面
2026-05-12 10:17:49,067 - INFO - 🔄 步骤6: 设置密码
2026-05-12 10:17:54,265 - INFO - ✅ 步骤6: 设置密码 - 完成
2026-05-12 10:17:56,268 - INFO - 🔄 步骤7: 点击Done按钮（收起键盘）
2026-05-12 10:17:57,492 - INFO - ✅ 步骤7: 点击Done按钮（收起键盘） - 完成
2026-05-12 10:17:59,493 - INFO - 🔄 步骤8: 点击Next按钮进入个人信息页面
2026-05-12 10:18:00,489 - INFO - ✅ 步骤8: 点击Next按钮进入个人信息页面 - 完成
2026-05-12 10:18:02,491 - INFO - 🔄 步骤9: 设置49个字符的用户名
2026-05-12 10:18:02,492 - INFO - 📝 生成的用户名长度: 49 个字符
2026-05-12 10:18:15,907 - INFO - ℹ️ 未命中用户名区域专用定位，直接尝试输入框定位
2026-05-12 10:18:26,097 - INFO - ❌ 步骤9: 设置49个字符的用户名失败: 无法找到或输入用户名框 - 未找到可输入的用户名输入框
2026-05-12 10:18:26,098 - INFO - 
============================================================
2026-05-12 10:18:26,098 - INFO - ❌ 测试失败
2026-05-12 10:18:26,098 - INFO - 📍 失败步骤: 步骤9: 设置49个字符的用户名
2026-05-12 10:18:26,098 - INFO - 📝 失败原因: 步骤9: 设置49个字符的用户名失败: 无法找到或输入用户名框 - 未找到可输入的用户名输入框
2026-05-12 10:18:26,098 - INFO - ============================================================
2026-05-12 10:18:26,104 - INFO - Traceback (most recent call last):

2026-05-12 10:18:26,104 - INFO -   File "/Users/ambrose.chen/Desktop/iot/project/APP外壳/3功能/1平台/IOS/2注册/102180验证输入用户名名字49个字符，点击“Submit”按钮.py", line 318, in test_102180
    raise Exception("未找到可输入的用户名输入框")

2026-05-12 10:18:26,104 - INFO - Exception: 未找到可输入的用户名输入框

2026-05-12 10:18:26,362 - INFO - 已保存test_102180_failed失败截图: screenshots/test_102180_failed_1778552306.png
2026-05-12 10:18:26,398 - INFO - ✅ 报告已生成: /Users/ambrose.chen/Desktop/iot/project/APP外壳/2测试报告/platform/ios_20260512_101703/ios_20260512_101703_report.xlsx
