2026-05-07 22:05:54,696 - INFO - 🔄 步骤0: 登出，确保从登出状态开始测试
2026-05-07 22:05:54,697 - INFO - 开始登出流程...
2026-05-07 22:05:54,964 - INFO - 检测到home sel元素
2026-05-07 22:06:06,326 - INFO - ✅ 点击mine按钮: //XCUIElementTypeButton[@name="mine"]
2026-05-07 22:06:08,497 - INFO - ✅ 点击CommonEdit编辑按钮: //XCUIElementTypeButton[@name="CommonEdit"]
2026-05-07 22:06:10,692 - INFO - ✅ 点击Log Out: //XCUIElementTypeButton[@name="Log Out"]
2026-05-07 22:06:12,891 - INFO - ✅ 点击Confirm: //XCUIElementTypeButton[@name="Confirm"]
2026-05-07 22:06:14,395 - INFO - 登出操作完成
2026-05-07 22:06:14,711 - INFO - ✅ 成功回到登录页面
2026-05-07 22:06:14,711 - INFO - ✅ 步骤0: 登出，确保从登出状态开始测试 - 完成
2026-05-07 22:06:16,720 - INFO - 🔄 步骤1: 验证在APP首页（登录页面）
2026-05-07 22:06:16,890 - INFO - ✅ 步骤1: 验证在APP首页（登录页面） - 完成，确认在APP首页（登录页面）
2026-05-07 22:06:18,897 - INFO - 🔄 步骤2: 点击Sign Up按钮进入注册页面
2026-05-07 22:06:19,844 - INFO - ✅ 步骤2: 点击Sign Up按钮进入注册页面 - 完成
2026-05-07 22:06:22,846 - INFO - 🔄 步骤3: 验证进入Sign Up页面
2026-05-07 22:06:23,065 - INFO - ✅ 步骤3: 验证进入Sign Up页面 - 完成，确认已进入Sign Up注册页面
2026-05-07 22:06:25,068 - INFO - 🔄 步骤4: 输入邮箱
2026-05-07 22:06:25,071 - INFO - 📧 生成简单邮箱地址: testuser116@163.com
2026-05-07 22:06:26,994 - INFO - ✅ 步骤4: 输入邮箱 - 完成，邮箱: testuser116@163.com
2026-05-07 22:06:28,997 - INFO - 🔄 步骤5: 勾选隐私政策和用户协议
2026-05-07 22:06:34,940 - INFO - ✅ 隐私政策复选框已勾选
2026-05-07 22:06:36,443 - INFO - 🔄 步骤5.1: 收起键盘（Done）
2026-05-07 22:06:37,709 - INFO - ✅ 已点击Done收起键盘
2026-05-07 22:06:38,719 - INFO - 🔄 步骤6: 点击Next进入set password页面
2026-05-07 22:06:39,450 - INFO - ✅ 步骤6: 点击Next进入set password页面 - 完成，已点击Next按钮
2026-05-07 22:06:42,460 - INFO - 🔄 步骤7: 验证进入set password页面
2026-05-07 22:06:42,756 - INFO - ✅ 成功进入set password页面
2026-05-07 22:06:44,257 - INFO - 🔄 步骤8: 输入密码并确认
2026-05-07 22:06:46,112 - INFO - ✅ 已输入密码: XINGMAI123456
2026-05-07 22:06:48,165 - INFO - ✅ 已输入确认密码: XINGMAI123456
2026-05-07 22:06:50,327 - INFO - ✅ 密码页已点击Done收起键盘
2026-05-07 22:06:51,335 - INFO - 🔄 步骤9: 点击Next进入用户名页面
2026-05-07 22:06:52,299 - INFO - ✅ 已点击密码页Next按钮
2026-05-07 22:06:55,304 - INFO - 🔄 步骤10: 用户名页面点击Skip并验证主页面
2026-05-07 22:07:08,210 - INFO - ✅ 找到Skip元素: //XCUIElementTypeButton[@name="Skip"]
2026-05-07 22:07:08,624 - INFO - ✅ 已点击Skip跳过用户名
2026-05-07 22:07:11,845 - INFO - ✅ 主页面标识元素存在: //XCUIElementTypeButton[@name="home sel"]
2026-05-07 22:07:12,846 - INFO - 🎉 测试用例102233执行成功！
2026-05-07 22:07:12,847 - INFO - ✅ 数字+大写密码可正常跳转，成功到主页面
2026-05-07 22:07:14,870 - INFO - ✅ 报告已生成: /Users/ambrose.chen/Desktop/iot/project/APP外壳/2测试报告/platform/ios_20260507_220552/ios_20260507_220552_report.xlsx
