2026-05-07 22:04:20,013 - INFO - 🔄 步骤0: 登出，确保从登出状态开始测试
2026-05-07 22:04:20,014 - INFO - 开始登出流程...
2026-05-07 22:04:50,921 - INFO - 未检测到home sel/mine sel/mine，跳过登出流程
2026-05-07 22:04:50,922 - INFO - ✅ 步骤0: 登出，确保从登出状态开始测试 - 完成
2026-05-07 22:04:52,927 - INFO - 🔄 步骤1: 验证在APP首页（登录页面）
2026-05-07 22:04:53,077 - INFO - ✅ 步骤1: 验证在APP首页（登录页面） - 完成，确认在APP首页（登录页面）
2026-05-07 22:04:55,082 - INFO - 🔄 步骤2: 点击Sign Up按钮进入注册页面
2026-05-07 22:04:56,019 - INFO - ✅ 步骤2: 点击Sign Up按钮进入注册页面 - 完成
2026-05-07 22:04:59,026 - INFO - 🔄 步骤3: 验证进入Sign Up页面
2026-05-07 22:04:59,267 - INFO - ✅ 步骤3: 验证进入Sign Up页面 - 完成，确认已进入Sign Up注册页面
2026-05-07 22:05:01,276 - INFO - 🔄 步骤4: 输入邮箱
2026-05-07 22:05:01,280 - INFO - 📧 生成简单邮箱地址: testuser115@163.com
2026-05-07 22:05:03,187 - INFO - ✅ 步骤4: 输入邮箱 - 完成，邮箱: testuser115@163.com
2026-05-07 22:05:05,196 - INFO - 🔄 步骤5: 勾选隐私政策和用户协议
2026-05-07 22:05:11,168 - INFO - ✅ 隐私政策复选框已勾选
2026-05-07 22:05:12,675 - INFO - 🔄 步骤5.1: 收起键盘（Done）
2026-05-07 22:05:13,976 - INFO - ✅ 已点击Done收起键盘
2026-05-07 22:05:14,978 - INFO - 🔄 步骤6: 点击Next进入set password页面
2026-05-07 22:05:15,696 - INFO - ✅ 步骤6: 点击Next进入set password页面 - 完成，已点击Next按钮
2026-05-07 22:05:18,701 - INFO - 🔄 步骤7: 验证进入set password页面
2026-05-07 22:05:18,998 - INFO - ✅ 成功进入set password页面
2026-05-07 22:05:20,504 - INFO - 🔄 步骤8: 输入密码并确认
2026-05-07 22:05:22,494 - INFO - ✅ 已输入密码: xingmai123456
2026-05-07 22:05:24,475 - INFO - ✅ 已输入确认密码: xingmai123456
2026-05-07 22:05:26,725 - INFO - ✅ 密码页已点击Done收起键盘
2026-05-07 22:05:27,733 - INFO - 🔄 步骤9: 点击Next进入用户名页面
2026-05-07 22:05:28,691 - INFO - ✅ 已点击密码页Next按钮
2026-05-07 22:05:31,696 - INFO - 🔄 步骤10: 用户名页面点击Skip并验证主页面
2026-05-07 22:05:44,341 - INFO - ✅ 找到Skip元素: //XCUIElementTypeButton[@name="Skip"]
2026-05-07 22:05:44,753 - INFO - ✅ 已点击Skip跳过用户名
2026-05-07 22:05:47,971 - INFO - ✅ 主页面标识元素存在: //XCUIElementTypeButton[@name="home sel"]
2026-05-07 22:05:48,971 - INFO - 🎉 测试用例102232执行成功！
2026-05-07 22:05:48,972 - INFO - ✅ 数字+小写密码可正常跳转，成功到主页面
2026-05-07 22:05:51,006 - INFO - ✅ 报告已生成: /Users/ambrose.chen/Desktop/iot/project/APP外壳/2测试报告/platform/ios_20260507_220418/ios_20260507_220418_report.xlsx
