2026-05-11 20:01:39,508 - INFO - 🔄 步骤0: 登出，确保从登出状态开始测试
2026-05-11 20:01:39,508 - INFO - 开始登出流程...
2026-05-11 20:02:10,436 - INFO - 未检测到home sel/mine sel/mine，跳过登出流程
2026-05-11 20:02:10,437 - INFO - ✅ 步骤0: 登出，确保从登出状态开始测试 - 完成
2026-05-11 20:02:12,445 - INFO - 🔄 步骤1: 验证在APP首页（登录页面）
2026-05-11 20:02:12,605 - INFO - ✅ 步骤1: 验证在APP首页（登录页面） - 完成，确认在APP首页（登录页面）
2026-05-11 20:02:14,607 - INFO - 🔄 步骤2: 点击Sign Up按钮进入注册页面
2026-05-11 20:02:15,557 - INFO - ✅ 步骤2: 点击Sign Up按钮进入注册页面 - 完成
2026-05-11 20:02:18,562 - INFO - 🔄 步骤3: 验证进入Sign Up页面
2026-05-11 20:02:18,800 - INFO - ✅ 步骤3: 验证进入Sign Up页面 - 完成，确认已进入Sign Up注册页面
2026-05-11 20:02:20,805 - INFO - 🔄 步骤4: 点击国家栏下拉按钮
2026-05-11 20:02:21,918 - INFO - ✅ 步骤4: 点击国家栏下拉按钮 - 完成，已点击国家栏下拉按钮
2026-05-11 20:02:24,925 - INFO - 🔄 步骤5: 验证跳转至国家选择页面
2026-05-11 20:02:58,075 - INFO - ✅ 步骤5: 验证跳转至国家选择页面 - 完成，确认已跳转至国家选择页面
2026-05-11 20:03:00,079 - INFO - 🔄 步骤6: 点击搜索框并输入zhonghuaminguo
2026-05-11 20:03:36,485 - INFO - ✅ 步骤6: 点击搜索框并输入zhonghuaminguo - 完成，已输入zhonghuaminguo
2026-05-11 20:03:39,495 - INFO - 🔄 步骤7: 验证无任何国家选择结果
2026-05-11 20:03:55,797 - INFO - 📝 搜索关键词: zhonghuaminguo
2026-05-11 20:03:55,797 - INFO - 📝 找到的元素数量: 0
2026-05-11 20:04:06,075 - INFO - ✅ 步骤7: 验证无任何国家选择结果 - 完成
2026-05-11 20:04:06,075 - INFO - ✅ 验证通过：搜索不存在的国家'zhonghuaminguo'时，无任何国家选择结果
2026-05-11 20:04:08,082 - INFO - 🎉 测试用例102186执行成功！
2026-05-11 20:04:08,082 - INFO - ✅ 注册页面国家切换-搜索一个不存在的国家：无任何国家选择，用例执行成功
2026-05-11 20:04:10,122 - INFO - ✅ 报告已生成: /Users/ambrose.chen/Desktop/iot/project/APP外壳/2测试报告/platform/ios_20260511_200137/ios_20260511_200137_report.xlsx
