2026-05-08 19:27:09,420 - INFO - 🔄 步骤1: 进入Set Password页
2026-05-08 19:29:40,329 - INFO - ✅ 步骤1: 进入Set Password页 - 完成
2026-05-08 19:29:40,331 - INFO - 🔄 步骤2: 输入密码(两次)并收起键盘
2026-05-08 19:29:45,918 - INFO - ✅ 步骤2: 输入密码(两次)并收起键盘 - 完成，password: xingmai123456
2026-05-08 19:29:45,918 - INFO - 🔄 步骤4: 校验Submit/完成按钮行为
2026-05-08 19:30:10,240 - INFO - 
============================================================
2026-05-08 19:30:10,241 - INFO - ❌ 测试失败
2026-05-08 19:30:10,241 - INFO - 📍 失败步骤: 步骤4: 校验Submit/完成按钮行为
2026-05-08 19:30:10,241 - INFO - 📝 失败原因: 步骤4: 校验Submit/完成按钮行为失败
2026-05-08 19:30:10,241 - INFO - ============================================================
2026-05-08 19:30:10,245 - INFO - Traceback (most recent call last):

2026-05-08 19:30:10,245 - INFO -   File "/Users/ambrose.chen/Desktop/iot/project/APP外壳/3功能/1平台/IOS/3忘记密码/forgot_password_set_password_common.py", line 467, in run_password_rule_case
    _assert_submit_enabled_and_success(

2026-05-08 19:30:10,246 - INFO -   File "/Users/ambrose.chen/Desktop/iot/project/APP外壳/3功能/1平台/IOS/3忘记密码/forgot_password_set_password_common.py", line 337, in _assert_submit_enabled_and_success
    WebDriverWait(driver, timeout_s).until(lambda d: _left_set_password(d))

2026-05-08 19:30:10,246 - INFO -   File "/Library/Frameworks/Python.framework/Versions/3.11/lib/python3.11/site-packages/selenium/webdriver/support/wait.py", line 138, in until
    raise TimeoutException(message, screen, stacktrace)

2026-05-08 19:30:10,246 - INFO - selenium.common.exceptions.TimeoutException: Message: 


2026-05-08 19:30:10,534 - INFO - 已保存test_102154_failed失败截图: screenshots/test_102154_failed_1778239810.png
2026-05-08 19:30:10,550 - INFO - ✅ 报告已生成: /Users/ambrose.chen/Desktop/iot/project/APP外壳/2测试报告/platform/ios_20260508_192707/ios_20260508_192707_report.xlsx
