2026-05-11 20:32:26,759 - INFO - 🔄 步骤0: 登出，确保从登出状态开始测试
2026-05-11 20:32:26,760 - INFO - 开始登出流程...
2026-05-11 20:32:57,670 - INFO - 未检测到home sel/mine sel/mine，跳过登出流程
2026-05-11 20:32:57,670 - INFO - ✅ 步骤0: 登出，确保从登出状态开始测试 - 完成
2026-05-11 20:32:59,681 - INFO - 🔄 步骤1: 验证在APP首页（登录页面）
2026-05-11 20:32:59,838 - INFO - ✅ 步骤1: 验证在APP首页（登录页面） - 完成，确认在APP首页（登录页面）
2026-05-11 20:33:01,846 - INFO - 🔄 步骤2: 点击Sign Up按钮进入注册页面
2026-05-11 20:33:02,810 - INFO - ✅ 步骤2: 点击Sign Up按钮进入注册页面 - 完成
2026-05-11 20:33:05,813 - INFO - 🔄 步骤4: 点击Next（未输入邮箱、未勾选协议）
2026-05-11 20:33:06,728 - INFO - ✅ 已出现提示：Please sign up using your email address
2026-05-11 20:33:06,939 - INFO - ✅ 步骤4: 点击Next（未输入邮箱、未勾选协议） - 完成
2026-05-11 20:33:07,944 - INFO - 🔄 步骤5: 输入邮箱（value="Email"）
2026-05-11 20:33:07,948 - INFO - 📧 生成简单邮箱地址: testuser229@163.com
2026-05-11 20:33:09,838 - INFO - ✅ 步骤5: 输入邮箱（value="Email"） - 完成，邮箱: testuser229@163.com
2026-05-11 20:33:11,961 - INFO - 🔄 步骤6: 再次点击Next（仍应提示）
2026-05-11 20:33:12,995 - INFO - ✅ 步骤6: 再次点击Next（仍应提示） - 完成
2026-05-11 20:33:14,006 - INFO - 🔄 步骤7: 勾选协议（login check normal）
2026-05-11 20:33:14,661 - INFO - ✅ 步骤7: 勾选协议（login check normal） - 完成（后续以进入 Set Password 判定是否勾选成功）
2026-05-11 20:33:15,671 - INFO - 🔄 步骤8: 点击Next进入Set Password页面
2026-05-11 20:33:17,778 - INFO - ✅ 步骤8: 点击Next进入Set Password页面 - 完成
2026-05-11 20:33:18,781 - INFO - 🎉 测试用例102203执行成功！
2026-05-11 20:33:18,781 - INFO - ✅ 102203：只填写正确邮箱时 Next 不可进入 Set Password；勾选协议后可进入 Set Password
2026-05-11 20:33:20,824 - INFO - ✅ 报告已生成: /Users/ambrose.chen/Desktop/iot/project/APP外壳/2测试报告/platform/ios_20260511_203225/ios_20260511_203225_report.xlsx
