2026-05-09 19:46:49,264 - INFO - 🔄 步骤0: 登出，确保从登出状态开始测试
2026-05-09 19:46:49,264 - INFO - 开始登出流程...
2026-05-09 19:47:20,181 - INFO - 未检测到home sel/mine sel/mine，跳过登出流程
2026-05-09 19:47:20,182 - INFO - ✅ 步骤0: 登出，确保从登出状态开始测试 - 完成
2026-05-09 19:47:22,192 - INFO - 🔄 步骤1: 验证在APP首页（登录页面）
2026-05-09 19:47:22,356 - INFO - ✅ 步骤1: 验证在APP首页（登录页面） - 完成，确认在APP首页（登录页面）
2026-05-09 19:47:24,364 - INFO - 🔄 步骤2: 点击Sign Up按钮进入注册页面
2026-05-09 19:47:25,335 - INFO - ✅ 步骤2: 点击Sign Up按钮进入注册页面 - 完成
2026-05-09 19:47:28,340 - INFO - 🔄 步骤3: 验证进入Sign Up页面
2026-05-09 19:47:28,585 - INFO - ✅ 步骤3: 验证进入Sign Up页面 - 完成，确认已进入Sign Up注册页面
2026-05-09 19:47:30,590 - INFO - 🔄 步骤4: 输入邮箱
2026-05-09 19:47:30,595 - INFO - 📧 生成简单邮箱地址: testuser197@163.com
2026-05-09 19:47:32,596 - INFO - ✅ 步骤4: 输入邮箱 - 完成，邮箱: testuser197@163.com
2026-05-09 19:47:34,601 - INFO - 🔄 步骤5: 勾选隐私政策和用户协议
2026-05-09 19:47:40,724 - INFO - ✅ 隐私政策复选框已勾选
2026-05-09 19:47:42,229 - INFO - 🔄 步骤5.1: 收起键盘（Done）
2026-05-09 19:47:43,542 - INFO - ✅ 已点击Done收起键盘
2026-05-09 19:47:44,546 - INFO - 🔄 步骤6: 点击Next进入set password页面
2026-05-09 19:47:45,272 - INFO - ✅ 步骤6: 点击Next进入set password页面 - 完成，已点击Next按钮
2026-05-09 19:47:48,277 - INFO - 🔄 步骤7: 验证进入set password页面
2026-05-09 19:47:48,664 - INFO - ✅ 成功进入set password页面
2026-05-09 19:47:50,174 - INFO - 🔄 步骤8: 输入密码并验证规则提示为灰色
2026-05-09 19:47:51,778 - INFO - ✅ 已输入密码: Csx150128
2026-05-09 19:47:53,832 - INFO - 📝 规则提示 //XCUIElementTypeStaticText[@name="• 6-20 characters"] 显示，但系统未返回可用颜色属性，按默认灰色样式通过
2026-05-09 19:47:54,326 - INFO - 📝 规则提示 //XCUIElementTypeStaticText[@name="• contains letters"] 显示，但系统未返回可用颜色属性，按默认灰色样式通过
2026-05-09 19:47:54,820 - INFO - 📝 规则提示 //XCUIElementTypeStaticText[@name="• contains numbers"] 显示，但系统未返回可用颜色属性，按默认灰色样式通过
2026-05-09 19:47:55,329 - INFO - 📝 规则提示 //XCUIElementTypeStaticText[@name="• Supports special characters:! @ # $ % ^ & * ( ) - _ = + \ | [ ] { } ; : / ? . , ~ > < `"] 显示，但系统未返回可用颜色属性，按默认灰色样式通过
2026-05-09 19:47:55,329 - INFO - ✅ 所有规则提示显示且默认为灰色（UI默认样式）
2026-05-09 19:47:56,839 - INFO - 🎉 测试用例102223执行成功！
2026-05-09 19:47:56,839 - INFO - ✅ 设置密码页面规则提示默认为灰色，输入 Csx150128 后规则提示可见
2026-05-09 19:47:58,878 - INFO - ✅ 报告已生成: /Users/ambrose.chen/Desktop/iot/project/APP外壳/2测试报告/platform/ios_20260509_194647/ios_20260509_194647_report.xlsx
