2026-05-11 21:21:39,434 - INFO - 🔄 步骤0: 登出，确保从登出状态开始测试
2026-05-11 21:21:39,434 - INFO - 开始登出流程...
2026-05-11 21:22:10,340 - INFO - 未检测到home sel/mine sel/mine，跳过登出流程
2026-05-11 21:22:10,341 - INFO - ✅ 步骤0: 登出，确保从登出状态开始测试 - 完成
2026-05-11 21:22:12,348 - INFO - 🔄 步骤1: 验证在APP首页（登录页面）
2026-05-11 21:22:12,513 - INFO - ✅ 步骤1: 验证在APP首页（登录页面） - 完成，确认在APP首页（登录页面）
2026-05-11 21:22:14,516 - INFO - 🔄 步骤2: 点击Sign Up按钮进入注册页面
2026-05-11 21:22:15,471 - INFO - ✅ 步骤2: 点击Sign Up按钮进入注册页面 - 完成
2026-05-11 21:22:18,475 - INFO - 🔄 步骤3: 验证进入Sign Up页面
2026-05-11 21:22:18,704 - INFO - ✅ 步骤3: 验证进入Sign Up页面 - 完成，确认已进入Sign Up注册页面
2026-05-11 21:22:20,706 - INFO - 🔄 步骤4: 输入邮箱
2026-05-11 21:22:20,710 - INFO - 📧 生成简单邮箱地址: testuser252@163.com
2026-05-11 21:22:22,589 - INFO - ✅ 步骤4: 输入邮箱 - 完成，邮箱: testuser252@163.com
2026-05-11 21:22:24,599 - INFO - 🔄 步骤5: 勾选隐私政策和用户协议
2026-05-11 21:22:30,727 - INFO - ✅ 隐私政策复选框已勾选
2026-05-11 21:22:32,237 - INFO - 🔄 步骤5.1: 收起键盘（Done）
2026-05-11 21:22:33,615 - INFO - ✅ 已点击Done收起键盘
2026-05-11 21:22:34,624 - INFO - 🔄 步骤6: 点击Next进入set password页面
2026-05-11 21:22:35,338 - INFO - ✅ 步骤6: 点击Next进入set password页面 - 完成，已点击Next按钮
2026-05-11 21:22:38,342 - INFO - 🔄 步骤7: 验证进入set password页面
2026-05-11 21:22:38,629 - INFO - ✅ 成功进入set password页面
2026-05-11 21:22:40,134 - INFO - 🔄 步骤8: 输入密码并切换明文显示
2026-05-11 21:22:41,886 - INFO - ✅ 已输入密码: Csx150128
2026-05-11 21:22:43,830 - INFO - ✅ 已点击显示密码按钮（login pwd hide）
2026-05-11 21:22:45,164 - INFO - 📝 显示后密码框value: 'Csx150128', type: 'XCUIElementTypeTextField'
2026-05-11 21:22:45,165 - INFO - ✅ 密码已明文显示
2026-05-11 21:22:46,174 - INFO - 🎉 测试用例102241执行成功！
2026-05-11 21:22:46,175 - INFO - ✅ 密码可切换为明文显示校验通过
2026-05-11 21:22:48,203 - INFO - ✅ 报告已生成: /Users/ambrose.chen/Desktop/iot/project/APP外壳/2测试报告/platform/ios_20260511_212137/ios_20260511_212137_report.xlsx
