2026-05-09 20:25:38,723 - INFO - 🔄 步骤1: 重启APP并处理登录状态
2026-05-09 20:25:59,980 - INFO - ✅ 步骤1: 重启APP并处理登录状态 - 完成
2026-05-09 20:25:59,981 - INFO - 🔄 步骤2: 点击Sign In进入登录页
2026-05-09 20:26:02,927 - INFO - ✅ 步骤2: 点击Sign In进入登录页 - 完成
2026-05-09 20:26:02,927 - INFO - 🔄 步骤3: 点击Forgot password进入忘记密码页
2026-05-09 20:26:05,984 - INFO - ✅ 步骤3: 点击Forgot password进入忘记密码页 - 完成
2026-05-09 20:26:05,985 - INFO - 🔄 步骤4: 输入邮箱
2026-05-09 20:26:10,219 - INFO - ✅ 步骤4: 输入邮箱 - 完成，邮箱: haoc51888@gmail.com
2026-05-09 20:26:10,220 - INFO - 🔄 步骤5: 点击Next进入验证码页并触发发码
2026-05-09 20:26:18,461 - INFO - ✅ 步骤5: 点击Next进入验证码页并触发发码 - 完成
2026-05-09 20:26:18,461 - INFO - 🔄 步骤6: Gmail获取最新验证码code1
2026-05-09 20:28:00,558 - INFO - ✅ 步骤6: Gmail获取最新验证码code1 - 完成，code1: 238395
2026-05-09 20:28:00,560 - INFO - 🔄 步骤7: 等待Resend可用并点击
2026-05-09 20:28:22,224 - INFO - ✅ 步骤7: 等待Resend可用并点击 - 完成
2026-05-09 20:28:22,226 - INFO - 🔄 步骤8: 输入旧验证码并触发校验
2026-05-09 20:29:44,738 - INFO -     ✅ 命中错误提示元素: name="Verification code error, please re-enter" label="Verification code error, please re-enter" value="Verification code error, please re-enter"
2026-05-09 20:29:46,249 - INFO - ✅ 步骤8: 输入旧验证码并触发校验 - 完成（已出现错误提示）
2026-05-09 20:29:46,250 - INFO - 🎉 测试用例102135执行成功！
2026-05-09 20:29:46,250 - INFO - ✅ 重新发送验证码后，旧验证码失效并提示重填
2026-05-09 20:29:46,279 - INFO - ✅ 报告已生成: /Users/ambrose.chen/Desktop/iot/project/APP外壳/2测试报告/platform/ios_20260509_202536/ios_20260509_202536_report.xlsx
