2026-05-07 21:35:19,411 - INFO - 🔄 步骤0: 登出，确保从登出状态开始测试
2026-05-07 21:35:19,411 - INFO - 开始登出流程...
2026-05-07 21:35:50,314 - INFO - 未检测到home sel/mine sel/mine，跳过登出流程
2026-05-07 21:35:50,315 - INFO - ✅ 步骤0: 登出，确保从登出状态开始测试 - 完成
2026-05-07 21:35:52,318 - INFO - 🔄 步骤1: 验证在APP首页（登录页面）
2026-05-07 21:35:52,472 - INFO - ✅ 步骤1: 验证在APP首页（登录页面） - 完成，确认在APP首页（登录页面）
2026-05-07 21:35:54,481 - INFO - 🔄 步骤2: 点击Sign Up按钮进入注册页面
2026-05-07 21:35:55,440 - INFO - ✅ 步骤2: 点击Sign Up按钮进入注册页面 - 完成
2026-05-07 21:35:58,449 - INFO - 🔄 步骤3: 验证进入Sign Up页面
2026-05-07 21:35:58,674 - INFO - ✅ 步骤3: 验证进入Sign Up页面 - 完成，确认已进入Sign Up注册页面
2026-05-07 21:36:00,683 - INFO - 🔄 步骤4: 输入错误邮箱
2026-05-07 21:36:02,584 - INFO - ✅ 步骤4: 输入错误邮箱 - 完成，输入错误邮箱: bad_email
2026-05-07 21:36:04,589 - INFO - 🔄 步骤5: 勾选隐私政策和用户协议
2026-05-07 21:36:10,548 - INFO - ✅ 隐私政策复选框已勾选
2026-05-07 21:36:12,053 - INFO - 🔄 步骤5.1: 收起键盘（Done）
2026-05-07 21:36:13,339 - INFO - ✅ 已点击Done收起键盘
2026-05-07 21:36:14,348 - INFO - 🔄 步骤6: 点击Next按钮（错误邮箱）
2026-05-07 21:36:22,463 - INFO - ❌ 步骤6: 点击Next按钮（错误邮箱）失败: 无法找到或点击Next按钮 - Message: 

2026-05-07 21:36:22,463 - INFO - 
============================================================
2026-05-07 21:36:22,463 - INFO - ❌ 测试失败
2026-05-07 21:36:22,463 - INFO - 📍 失败步骤: 步骤6: 点击Next按钮（错误邮箱）
2026-05-07 21:36:22,463 - INFO - 📝 失败原因: 步骤6: 点击Next按钮（错误邮箱）失败: 无法找到或点击Next按钮 - Message: 

2026-05-07 21:36:22,463 - INFO - ============================================================
2026-05-07 21:36:22,466 - INFO - Traceback (most recent call last):

2026-05-07 21:36:22,466 - INFO -   File "/Users/ambrose.chen/Desktop/iot/project/APP外壳/3功能/1平台/IOS/2注册/102209 验证修改错误邮箱，错误提示就会消失.py", line 217, in test_102209
    next_btn = WebDriverWait(driver, 8).until(
               ^^^^^^^^^^^^^^^^^^^^^^^^^^^^^^^

2026-05-07 21:36:22,467 - INFO -   File "/Library/Frameworks/Python.framework/Versions/3.11/lib/python3.11/site-packages/selenium/webdriver/support/wait.py", line 138, in until
    raise TimeoutException(message, screen, stacktrace)

2026-05-07 21:36:22,467 - INFO - selenium.common.exceptions.TimeoutException: Message: 


2026-05-07 21:36:22,764 - INFO - 已保存test_102207_failed失败截图: screenshots/test_102207_failed_1778160982.png
2026-05-07 21:36:22,783 - INFO - ✅ 报告已生成: /Users/ambrose.chen/Desktop/iot/project/APP外壳/2测试报告/platform/ios_20260507_213517/ios_20260507_213517_report.xlsx
