2026-05-12 12:18:35,996 - INFO - 🔄 步骤1: 重启APP并处理登录状态
2026-05-12 12:18:57,287 - INFO - ✅ 步骤1: 重启APP并处理登录状态 - 完成
2026-05-12 12:18:57,289 - INFO - 🔄 步骤2: 点击Sign In进入登录页
2026-05-12 12:19:00,220 - INFO - ✅ 步骤2: 点击Sign In进入登录页 - 完成
2026-05-12 12:19:00,220 - INFO - 🔄 步骤3: 点击Forgot password进入忘记密码页
2026-05-12 12:19:03,259 - INFO - ✅ 步骤3: 点击Forgot password进入忘记密码页 - 完成
2026-05-12 12:19:03,260 - INFO - 🔄 步骤4: 输入邮箱并点击Next进入验证码页(第一次)
2026-05-12 12:19:11,355 - INFO - ✅ 步骤4: 输入邮箱并点击Next进入验证码页(第一次) - 完成，邮箱: haoc51888@gmail.com
2026-05-12 12:19:11,356 - INFO - 🔄 步骤5: 点击左上返回(nav back)返回忘记密码页
2026-05-12 12:19:18,737 - INFO - ✅ 步骤5: 点击左上返回(nav back)返回忘记密码页 - 完成
2026-05-12 12:19:18,738 - INFO - 🔄 步骤6: 在忘记密码页停留60s
2026-05-12 12:20:18,747 - INFO - ✅ 步骤6: 在忘记密码页停留60s - 完成
2026-05-12 12:20:18,748 - INFO - 🔄 步骤7: 打开Gmail获取第一次验证码code1
2026-05-12 12:22:00,594 - INFO - ✅ 步骤7: 打开Gmail获取第一次验证码code1 - 完成，code1: 265031
2026-05-12 12:22:00,595 - INFO - 🔄 步骤8: 再次点击Next进入验证码页(第二次)
2026-05-12 12:22:04,317 - INFO - ✅ 步骤8: 再次点击Next进入验证码页(第二次) - 完成
2026-05-12 12:22:04,318 - INFO - 🔄 步骤9: 断言Resend倒计时重置(接近60s重新开始)
2026-05-12 12:22:05,052 - INFO - ✅ 步骤9: 断言Resend倒计时重置(接近60s重新开始) - 完成，当前倒计时约: 58s
2026-05-12 12:22:05,052 - INFO - 🔄 步骤10: 再次打开Gmail获取第二次验证码code2并断言与code1不同
2026-05-12 12:23:47,964 - INFO - ✅ 步骤10: 再次打开Gmail获取第二次验证码code2并断言与code1不同 - 完成，code2: 270085（与code1不同）
2026-05-12 12:23:47,966 - INFO - 🎉 测试用例102141执行成功！
2026-05-12 12:23:47,998 - INFO - ✅ 报告已生成: /Users/ambrose.chen/Desktop/iot/project/APP外壳/2测试报告/platform/ios_20260512_121834/ios_20260512_121834_report.xlsx
