2026-05-11 20:35:27,948 - INFO - 🔄 步骤0: 登出，确保从登出状态开始测试
2026-05-11 20:35:27,948 - INFO - 开始登出流程...
2026-05-11 20:35:58,860 - INFO - 未检测到home sel/mine sel/mine，跳过登出流程
2026-05-11 20:35:58,862 - INFO - ✅ 步骤0: 登出，确保从登出状态开始测试 - 完成
2026-05-11 20:36:00,870 - INFO - 🔄 步骤1: 验证在APP首页（登录页面）
2026-05-11 20:36:01,054 - INFO - ✅ 步骤1: 验证在APP首页（登录页面） - 完成，确认在APP首页（登录页面）
2026-05-11 20:36:03,056 - INFO - 🔄 步骤2: 点击Sign Up按钮进入注册页面
2026-05-11 20:36:04,014 - INFO - ✅ 步骤2: 点击Sign Up按钮进入注册页面 - 完成
2026-05-11 20:36:07,017 - INFO - 🔄 步骤3: 验证进入Sign Up页面
2026-05-11 20:36:07,253 - INFO - ✅ 步骤3: 验证进入Sign Up页面 - 完成，确认已进入Sign Up注册页面
2026-05-11 20:36:09,261 - INFO - 🔄 步骤4: 邮箱输入纯数字
2026-05-11 20:36:11,063 - INFO - ✅ 步骤4: 邮箱输入纯数字 - 完成，输入纯数字邮箱: 1234567890
2026-05-11 20:36:13,069 - INFO - 🔄 步骤5: 勾选隐私政策和用户协议
2026-05-11 20:36:19,174 - INFO - ✅ 隐私政策复选框已勾选
2026-05-11 20:36:20,681 - INFO - 🔄 步骤5.1: 收起键盘（Done）
2026-05-11 20:36:22,054 - INFO - ✅ 已点击Done收起键盘
2026-05-11 20:36:23,063 - INFO - 🔄 步骤6: 点击Next按钮
2026-05-11 20:36:23,711 - INFO - ✅ 步骤6: 点击Next按钮 - 完成，已尝试点击Next按钮
2026-05-11 20:36:25,720 - INFO - 🔄 步骤7: 验证停留当前页面并出现提示
2026-05-11 20:36:36,654 - INFO - ✅ 找到提示信息元素，选择器: //XCUIElementTypeStaticText[@name="Please sign up using your email address"]
2026-05-11 20:36:36,656 - INFO - ✅ 步骤7: 验证停留当前页面并出现提示 - 完成，提示信息: Please sign up using your email address
2026-05-11 20:36:38,660 - INFO - 🎉 测试用例102206执行成功！
2026-05-11 20:36:38,661 - INFO - ✅ 验证输入纯数字邮箱，勾选隐私政策后点击Next，停留当前页并提示“Please sign up using your email address”
2026-05-11 20:36:40,693 - INFO - ✅ 报告已生成: /Users/ambrose.chen/Desktop/iot/project/APP外壳/2测试报告/platform/ios_20260511_203526/ios_20260511_203526_report.xlsx
