2026-05-09 18:24:58,863 - INFO - 🔄 步骤1: 重置APP，检测登录状态并登出
2026-05-09 18:25:04,742 - INFO -     ✅ APP已重置
2026-05-09 18:25:19,937 - INFO -     ℹ️ 未检测到登录状态，已在登录页面
2026-05-09 18:25:19,937 - INFO - ✅ 步骤1: 重置APP，检测登录状态并登出 - 完成
2026-05-09 18:25:19,937 - INFO - 🔄 步骤3: 点击登录按钮进入Sign in页面
2026-05-09 18:25:20,894 - INFO - ✅ 步骤3: 点击登录按钮进入Sign in页面 - 完成
2026-05-09 18:25:22,395 - INFO - 🔄 步骤4: 点击邮箱框，输入邮箱
2026-05-09 18:26:03,226 - INFO -     ✅ 邮箱输入完成: haoc51888@gmail.com
2026-05-09 18:26:04,232 - INFO - ✅ 步骤4: 点击邮箱框，输入邮箱 - 完成
2026-05-09 18:26:04,232 - INFO - 🔄 步骤5: 点击密码框，输入密码
2026-05-09 18:26:45,621 - INFO -     ✅ 密码输入完成
2026-05-09 18:26:46,629 - INFO - ✅ 步骤5: 点击密码框，输入密码 - 完成
2026-05-09 18:26:46,630 - INFO - 🔄 步骤6: 点击键盘Done，收起键盘
2026-05-09 18:26:47,886 - INFO - ✅ 步骤6: 点击键盘Done，收起键盘 - 完成
2026-05-09 18:26:48,896 - INFO - 🔄 步骤7: 点击协议勾选框
2026-05-09 18:26:49,652 - INFO - ✅ 步骤7: 点击协议勾选框 - 完成
2026-05-09 18:26:50,657 - INFO - 🔄 步骤8: 点击登录按钮
2026-05-09 18:26:51,477 - INFO - ✅ 步骤8: 点击登录按钮 - 完成
2026-05-09 18:26:51,478 - INFO -     ⏳ 等待登录跳转（4.0s）…
2026-05-09 18:26:55,483 - INFO - 🔄 步骤9: 断言登录成功
2026-05-09 18:27:58,720 - INFO - ❌ 步骤9: 断言登录成功失败: 跳转后主界面未出现 Mine Tab（含 mine/mine sel 等） - 45.0s 内未找到底部 Mine（已尝试 mine / mine sel 等）；最后异常: None
2026-05-09 18:27:58,721 - INFO - 
============================================================
2026-05-09 18:27:58,721 - INFO - ❌ 测试失败
2026-05-09 18:27:58,721 - INFO - 📍 失败步骤: 步骤9: 断言登录成功
2026-05-09 18:27:58,721 - INFO - 📝 失败原因: 步骤9: 断言登录成功失败: 跳转后主界面未出现 Mine Tab（含 mine/mine sel 等） - 45.0s 内未找到底部 Mine（已尝试 mine / mine sel 等）；最后异常: None
2026-05-09 18:27:58,721 - INFO - ============================================================
2026-05-09 18:27:58,724 - INFO - Traceback (most recent call last):

2026-05-09 18:27:58,725 - INFO -   File "/Users/ambrose.chen/Desktop/iot/project/APP外壳/3功能/1平台/IOS/1登录/102667验证正确账号+密码.py", line 298, in test_102667
    mine_sel_btn = _wait_for_bottom_mine_after_login(driver, timeout_s=timeout_ok)
                   ^^^^^^^^^^^^^^^^^^^^^^^^^^^^^^^^^^^^^^^^^^^^^^^^^^^^^^^^^^^^^^^

2026-05-09 18:27:58,725 - INFO -   File "/Users/ambrose.chen/Desktop/iot/project/APP外壳/3功能/1平台/IOS/1登录/102667验证正确账号+密码.py", line 86, in _wait_for_bottom_mine_after_login
    raise AssertionError(msg)

2026-05-09 18:27:58,725 - INFO - AssertionError: 45.0s 内未找到底部 Mine（已尝试 mine / mine sel 等）；最后异常: None

2026-05-09 18:27:59,010 - INFO - 已保存test_102667_failed失败截图: screenshots/test_102667_failed_1778322478.png
2026-05-09 18:27:59,042 - INFO - ✅ 报告已生成: /Users/ambrose.chen/Desktop/iot/project/APP外壳/2测试报告/platform/ios_20260509_182457/ios_20260509_182457_report.xlsx
