2026-05-09 20:13:12,205 - INFO - 🔄 步骤0: 登出，确保从登出状态开始测试
2026-05-09 20:13:12,206 - INFO - 开始登出流程...
2026-05-09 20:13:43,133 - INFO - 未检测到home sel/mine sel/mine，跳过登出流程
2026-05-09 20:13:43,134 - INFO - ✅ 步骤0: 登出，确保从登出状态开始测试 - 完成
2026-05-09 20:13:45,138 - INFO - 🔄 步骤1: 验证在APP首页（登录页面）
2026-05-09 20:13:45,295 - INFO - ✅ 步骤1: 验证在APP首页（登录页面） - 完成，确认在APP首页（登录页面）
2026-05-09 20:13:47,301 - INFO - 🔄 步骤2: 点击Sign Up按钮进入注册页面
2026-05-09 20:13:48,261 - INFO - ✅ 步骤2: 点击Sign Up按钮进入注册页面 - 完成
2026-05-09 20:13:51,269 - INFO - 🔄 步骤3: 验证进入Sign Up页面
2026-05-09 20:13:51,500 - INFO - ✅ 步骤3: 验证进入Sign Up页面 - 完成，确认已进入Sign Up注册页面
2026-05-09 20:13:53,508 - INFO - 🔄 步骤4: 输入邮箱
2026-05-09 20:13:53,511 - INFO - 📧 生成简单邮箱地址: testuser217@163.com
2026-05-09 20:13:55,419 - INFO - ✅ 步骤4: 输入邮箱 - 完成，邮箱: testuser217@163.com
2026-05-09 20:13:57,427 - INFO - 🔄 步骤5: 勾选隐私政策和用户协议
2026-05-09 20:14:03,658 - INFO - ✅ 隐私政策复选框已勾选
2026-05-09 20:14:05,161 - INFO - 🔄 步骤5.1: 收起键盘（Done）
2026-05-09 20:14:06,435 - INFO - ✅ 已点击Done收起键盘
2026-05-09 20:14:07,445 - INFO - 🔄 步骤6: 点击Next进入set password页面
2026-05-09 20:14:08,162 - INFO - ✅ 步骤6: 点击Next进入set password页面 - 完成，已点击Next按钮
2026-05-09 20:14:11,165 - INFO - 🔄 步骤7: 验证进入set password页面
2026-05-09 20:14:11,569 - INFO - ✅ 成功进入set password页面
2026-05-09 20:14:13,076 - INFO - 🔄 步骤8: 输入不一致的密码和确认密码
2026-05-09 20:14:14,877 - INFO - ✅ 已输入密码: Csx150128
2026-05-09 20:14:17,006 - INFO - ✅ 已输入确认密码(不一致): Csx1501
2026-05-09 20:14:19,224 - INFO - ✅ 密码页已点击Done收起键盘
2026-05-09 20:14:20,233 - INFO - 🔄 步骤9: 点击Next验证仍停留并提示密码不一致
2026-05-09 20:14:20,817 - INFO - ✅ 已尝试点击密码页Next按钮
2026-05-09 20:14:23,362 - INFO - ✅ 提示已显示: Password mismatch，页面未跳转
2026-05-09 20:14:24,372 - INFO - 🎉 测试用例102243执行成功！
2026-05-09 20:14:24,373 - INFO - ✅ 密码与确认密码不一致时，Next不跳转且提示Password mismatch
2026-05-09 20:14:26,413 - INFO - ✅ 报告已生成: /Users/ambrose.chen/Desktop/iot/project/APP外壳/2测试报告/platform/ios_20260509_201310/ios_20260509_201310_report.xlsx
