2026-05-08 20:03:37,960 - INFO - 🔄 步骤0: 登出，确保从登出状态开始测试
2026-05-08 20:03:37,961 - INFO - 开始登出流程...
2026-05-08 20:03:38,228 - INFO - 检测到home sel元素
2026-05-08 20:03:49,596 - INFO - ✅ 点击mine按钮: //XCUIElementTypeButton[@name="mine"]
2026-05-08 20:03:51,794 - INFO - ✅ 点击CommonEdit编辑按钮: //XCUIElementTypeButton[@name="CommonEdit"]
2026-05-08 20:03:53,991 - INFO - ✅ 点击Log Out: //XCUIElementTypeButton[@name="Log Out"]
2026-05-08 20:03:56,179 - INFO - ✅ 点击Confirm: //XCUIElementTypeButton[@name="Confirm"]
2026-05-08 20:03:57,684 - INFO - 登出操作完成
2026-05-08 20:03:58,016 - INFO - ✅ 成功回到登录页面
2026-05-08 20:03:58,017 - INFO - ✅ 步骤0: 登出，确保从登出状态开始测试 - 完成
2026-05-08 20:04:00,019 - INFO - 🔄 步骤1: 验证在APP首页（登录页面）
2026-05-08 20:04:00,165 - INFO - ✅ 步骤1: 验证在APP首页（登录页面） - 完成，确认在APP首页（登录页面）
2026-05-08 20:04:02,166 - INFO - 🔄 步骤2: 点击Sign Up按钮
2026-05-08 20:04:03,111 - INFO - ✅ 步骤2: 点击Sign Up按钮 - 完成
2026-05-08 20:04:06,112 - INFO - 🔄 步骤3: 验证跳转到Sign Up页面 - 验证'Sign Up'文本元素
2026-05-08 20:04:06,399 - INFO - ✅ 步骤3: 验证跳转到Sign Up页面 - 验证'Sign Up'文本元素 - 完成，找到Sign Up文本元素: Sign Up
2026-05-08 20:04:07,410 - INFO - 🔄 步骤4: 验证隐私政策文本元素
2026-05-08 20:04:07,699 - INFO - ✅ 步骤4: 验证隐私政策文本元素 - 完成，找到隐私政策文本元素
2026-05-08 20:04:07,699 - INFO - 📝 隐私政策文本内容: I have read and understood the Privacy Policy and agree to the User Agreement.
2026-05-08 20:04:08,707 - INFO - 🔄 步骤5: 验证页面跳转成功（综合验证）
2026-05-08 20:04:09,135 - INFO - ✅ 步骤5: 验证页面跳转成功（综合验证） - 完成
2026-05-08 20:04:09,136 - INFO - ✅ 确认已成功跳转到Sign Up注册页面
2026-05-08 20:04:09,136 - INFO - ✅ 页面包含以下关键元素：
2026-05-08 20:04:09,186 - INFO -    - Sign Up文本: Sign Up
2026-05-08 20:04:09,238 - INFO -    - 隐私政策文本: I have read and understood the Privacy Policy and agree to the User Agreement.
2026-05-08 20:04:10,244 - INFO - 🎉 测试用例102181执行成功！
2026-05-08 20:04:10,244 - INFO - ✅ 点击Sign Up按钮后能够正常跳转到注册页面
2026-05-08 20:04:12,277 - INFO - ✅ 报告已生成: /Users/ambrose.chen/Desktop/iot/project/APP外壳/2测试报告/platform/ios_20260508_200336/ios_20260508_200336_report.xlsx
