2026-05-11 20:16:40,481 - INFO - 🔄 步骤0: 登出，确保从登出状态开始测试
2026-05-11 20:16:40,481 - INFO - 开始登出流程...
2026-05-11 20:17:11,393 - INFO - 未检测到home sel/mine sel/mine，跳过登出流程
2026-05-11 20:17:11,394 - INFO - ✅ 步骤0: 登出，确保从登出状态开始测试 - 完成
2026-05-11 20:17:13,402 - INFO - 🔄 步骤1: 验证在APP首页（登录页面）
2026-05-11 20:17:13,568 - INFO - ✅ 步骤1: 验证在APP首页（登录页面） - 完成，确认在APP首页（登录页面）
2026-05-11 20:17:15,570 - INFO - 🔄 步骤2: 点击Sign Up按钮进入注册页面
2026-05-11 20:17:16,522 - INFO - ✅ 步骤2: 点击Sign Up按钮进入注册页面 - 完成
2026-05-11 20:17:19,529 - INFO - 🔄 步骤3: 验证进入Sign Up页面
2026-05-11 20:17:19,764 - INFO - ✅ 步骤3: 验证进入Sign Up页面 - 完成，确认已进入Sign Up注册页面
2026-05-11 20:17:21,771 - INFO - 🔄 步骤5: 勾选隐私政策和用户协议
2026-05-11 20:17:27,590 - INFO - ✅ 已勾选隐私政策复选框
2026-05-11 20:17:28,596 - INFO - ✅ 步骤5: 勾选隐私政策和用户协议 - 完成，隐私政策复选框已勾选
2026-05-11 20:17:30,602 - INFO - 🔄 步骤6: 输入邮箱名称80个字符
2026-05-11 20:17:30,602 - INFO - 📧 生成长邮箱地址（80个字符）: CwfHriF716CbXZR3BMO3FOKPCC1bAl7COKxTdnQ6FFkDHLiatO...
2026-05-11 20:17:30,603 - INFO - 📝 邮箱地址长度: 80 个字符
2026-05-11 20:17:33,535 - INFO - ✅ 步骤6: 输入邮箱名称80个字符 - 完成，已输入80个字符的邮箱
2026-05-11 20:17:35,545 - INFO - 🔄 步骤7: 点击Done按钮收起键盘
2026-05-11 20:17:36,820 - INFO - ✅ 步骤7: 点击Done按钮收起键盘 - 完成
2026-05-11 20:17:38,830 - INFO - 🔄 步骤8: 点击Next按钮
2026-05-11 20:17:49,474 - INFO - ✅ 点击前确认仍在Sign Up注册页面
2026-05-11 20:17:50,182 - INFO - ✅ 步骤8: 点击Next按钮 - 完成，已点击Next按钮
2026-05-11 20:17:52,186 - INFO - 🔄 步骤9: 验证点击后仍停留在当前页面，页面出现提示信息
2026-05-11 20:18:02,842 - INFO - ✅ 验证通过：点击Next按钮后仍停留在当前页面
2026-05-11 20:18:03,126 - INFO - 📝 提示信息内容: Please sign up using your email address
2026-05-11 20:18:03,126 - INFO - ✅ 步骤9: 验证点击后仍停留在当前页面，页面出现提示信息 - 完成
2026-05-11 20:18:03,126 - INFO - ✅ 验证通过：页面显示提示信息: Please sign up using your email address
2026-05-11 20:18:05,134 - INFO - 🎉 测试用例102193执行成功！
2026-05-11 20:18:05,134 - INFO - ✅ 验证注册时，邮箱名称过长：停留在当前页面并显示提示信息
2026-05-11 20:18:07,174 - INFO - ✅ 报告已生成: /Users/ambrose.chen/Desktop/iot/project/APP外壳/2测试报告/platform/ios_20260511_201638/ios_20260511_201638_report.xlsx
