2026-05-19 16:05:15,017 - INFO - 🔄 步骤1: 重启APP
2026-05-19 16:05:19,929 - INFO - ✅ 步骤1: 重启APP - 完成
2026-05-19 16:05:19,929 - INFO - 🔄 步骤2: 检测登录状态并确保在登录/注册入口页
2026-05-19 16:05:20,338 - INFO -     [登出] 开始登出流程...
2026-05-19 16:05:20,338 - INFO -     [登出] 步骤1: 检查页面是否有 More 按钮
2026-05-19 16:05:20,407 - INFO -     [登出] ✅ 检测到 More 按钮: //android.view.View[@content-desc="More"]
2026-05-19 16:05:20,408 - INFO -     [登出] 步骤2: 点击 More 按钮，进入 more 页面
2026-05-19 16:05:20,462 - INFO -     [登出] ✅ 已点击 More 按钮 (使用: //android.view.View[@content-desc="More"])
2026-05-19 16:05:22,466 - INFO -     [登出] 步骤3: 点击 edit 按钮
2026-05-19 16:05:22,612 - INFO -     [登出] ✅ 已点击 edit 按钮
2026-05-19 16:05:24,616 - INFO -     [登出] 步骤4: 点击 Log Out 按钮
2026-05-19 16:05:25,572 - INFO -     [登出] ✅ 已点击 Log Out 按钮
2026-05-19 16:05:27,074 - INFO -     [登出] 步骤5: 点击 Confirm 按钮，确认登出
2026-05-19 16:05:28,757 - INFO -     [登出] ✅ 已点击 Confirm 按钮
2026-05-19 16:05:36,811 - INFO -     [登出] ⚠️ 登出完成，但无法确认是否已返回登录页面
2026-05-19 16:05:36,811 - INFO -     [登出] ✅ 登出流程完成
2026-05-19 16:05:38,870 - INFO - ✅ 步骤2: 检测登录状态并确保在登录/注册入口页 - 完成
2026-05-19 16:05:38,870 - INFO - 🔄 步骤3: 点击 Sign Up 进入注册页
2026-05-19 16:05:41,142 - INFO - ✅ 步骤3: 点击 Sign Up 进入注册页 - 完成
2026-05-19 16:05:41,145 - INFO - 📧 生成简单邮箱地址: testuser312@163.com
2026-05-19 16:05:41,145 - INFO - 🔄 步骤4: 输入不符合规则的密码
2026-05-19 16:06:27,147 - INFO - ✅ 步骤4: 输入不符合规则的密码 - 完成
2026-05-19 16:06:27,148 - INFO - 🎉 测试用例 200069 执行成功！
2026-05-19 16:06:27,180 - INFO - ✅ 报告已生成: /Users/ambrose.chen/Desktop/iot/project/APP外壳/2测试报告/platform/android_20260519_160512/android_20260519_160512_report.xlsx
