2026-05-11 18:50:24,801 - INFO - 🔄 步骤0: 重启APP并确保登出
2026-05-11 18:50:28,180 - INFO -     [登出] 开始登出流程...
2026-05-11 18:50:28,181 - INFO -     [登出] 步骤1: 检查页面是否有 More 按钮
2026-05-11 18:50:48,396 - INFO -     [登出] ℹ️ 未检测到 More 按钮，可能未登录，跳过登出流程
2026-05-11 18:50:50,403 - INFO - ✅ 步骤0: 重启APP并确保登出 - 完成
2026-05-11 18:50:50,404 - INFO - 🔄 步骤1: 点击 Sign Up 进入注册页
2026-05-11 18:50:53,211 - INFO - ✅ 步骤1: 点击 Sign Up 进入注册页 - 完成
2026-05-11 18:50:53,212 - INFO - 🔄 步骤2: 输入邮箱 haoc51888+android@gmail.com
2026-05-11 18:50:54,582 - INFO - ✅ 步骤2: 输入邮箱 haoc51888+android@gmail.com - 完成
2026-05-11 18:50:54,583 - INFO - 🔄 步骤3: 勾选协议
2026-05-11 18:50:55,041 - INFO - ✅ 步骤3: 勾选协议 - 完成
2026-05-11 18:50:55,041 - INFO - 🔄 步骤4: 点击 Next 进入设置密码页
2026-05-11 18:51:05,826 - INFO - Traceback (most recent call last):

2026-05-11 18:51:05,827 - INFO -   File "/Users/ambrose.chen/Desktop/iot/project/APP外壳/3功能/1平台/Android/2注册/200023验证输入用户名名字超过50个字符，点击“Submit”按钮.py", line 292, in test_200023
    _click_next(driver)

2026-05-11 18:51:05,827 - INFO -   File "/Users/ambrose.chen/Desktop/iot/project/APP外壳/3功能/1平台/Android/2注册/200023验证输入用户名名字超过50个字符，点击“Submit”按钮.py", line 146, in _click_next
    WebDriverWait(driver, 10).until(EC.element_to_be_clickable((AppiumBy.XPATH, "//android.widget.Button"))).click()
    ^^^^^^^^^^^^^^^^^^^^^^^^^^^^^^^^^^^^^^^^^^^^^^^^^^^^^^^^^^^^^^^^^^^^^^^^^^^^^^^^^^^^^^^^^^^^^^^^^^^^^^^^

2026-05-11 18:51:05,827 - INFO -   File "/Library/Frameworks/Python.framework/Versions/3.11/lib/python3.11/site-packages/selenium/webdriver/support/wait.py", line 138, in until
    raise TimeoutException(message, screen, stacktrace)

2026-05-11 18:51:05,827 - INFO - selenium.common.exceptions.TimeoutException: Message: 
Stacktrace:
NoSuchElementError: An element could not be located on the page using the given search parameters.
    at AndroidUiautomator2Driver.findElOrEls (/Users/ambrose.chen/.appium/node_modules/appium-uiautomator2-driver/node_modules/appium-android-driver/lib/commands/find.ts:86:11)
    at processTicksAndRejections (node:internal/process/task_queues:103:5)
    at AndroidUiautomator2Driver.findElOrElsWithProcessing (/Users/ambrose.chen/.appium/node_modules/appium-uiautomator2-driver/node_modules/@appium/base-driver/lib/basedriver/commands/find.ts:60:12)
    at AndroidUiautomator2Driver.findElement (/Users/ambrose.chen/.appium/node_modules/appium-uiautomator2-driver/node_modules/@appium/base-driver/lib/basedriver/commands/find.ts:75:12)

2026-05-11 18:51:06,267 - INFO - 已保存test_200023_failed失败截图: screenshots/test_200023_failed_1778496665.png
2026-05-11 18:51:06,290 - INFO - ✅ 报告已生成: /Users/ambrose.chen/Desktop/iot/project/APP外壳/2测试报告/platform/android_20260511_185021/android_20260511_185021_report.xlsx
