2026-05-08 20:18:47,964 - INFO - 🔄 步骤0: 登出，确保从登出状态开始测试
2026-05-08 20:18:47,964 - INFO - 开始登出流程...
2026-05-08 20:19:18,872 - INFO - 未检测到home sel/mine sel/mine，跳过登出流程
2026-05-08 20:19:18,873 - INFO - ✅ 步骤0: 登出，确保从登出状态开始测试 - 完成
2026-05-08 20:19:20,884 - INFO - 🔄 步骤1: 验证在APP首页（登录页面）
2026-05-08 20:19:21,039 - INFO - ✅ 步骤1: 验证在APP首页（登录页面） - 完成，确认在APP首页（登录页面）
2026-05-08 20:19:23,044 - INFO - 🔄 步骤2: 点击Sign Up按钮进入注册页面
2026-05-08 20:19:24,026 - INFO - ✅ 步骤2: 点击Sign Up按钮进入注册页面 - 完成
2026-05-08 20:19:27,109 - INFO - 🔄 步骤3: 验证进入Sign Up页面
2026-05-08 20:19:27,341 - INFO - ✅ 步骤3: 验证进入Sign Up页面 - 完成，确认已进入Sign Up注册页面
2026-05-08 20:19:29,343 - INFO - 🔄 步骤4: 点击国家栏下拉按钮
2026-05-08 20:19:30,466 - INFO - ✅ 步骤4: 点击国家栏下拉按钮 - 完成，已点击国家栏下拉按钮
2026-05-08 20:19:33,468 - INFO - 🔄 步骤5: 验证跳转至国家选择页面
2026-05-08 20:21:07,509 - INFO - 📝 国家页默认可见国家（前10个）: ['Afghanistan', 'Albania', 'Algeria', 'American Samoa', 'Andorra', 'Angola', 'Anguilla', 'Antigua and Barbuda', 'Argentina', 'Armenia']
2026-05-08 20:21:07,510 - INFO - ✅ 步骤5: 验证跳转至国家选择页面 - 完成，确认已跳转至国家选择页面
2026-05-08 20:21:09,515 - INFO - 🔄 步骤6: 点击搜索框并输入Z
2026-05-08 20:21:45,773 - INFO - ✅ 步骤6: 点击搜索框并输入Z - 完成，已输入Z
2026-05-08 20:21:48,783 - INFO - 🔄 步骤7: 验证搜索到Z相关的所有国家（模糊搜索）
2026-05-08 20:22:13,045 - INFO - 📝 搜索关键词: Z
2026-05-08 20:22:13,046 - INFO - 📝 找到的国家数量: 7
2026-05-08 20:22:13,047 - INFO - 📝 找到的国家（前20个）: ['Azerbaijan', 'Belize', 'Bosnia and Herzegovina', 'Brazil', 'Congo - Brazzaville', 'Czech Republic', 'Kazakstan']
2026-05-08 20:22:13,047 - INFO - ✅ 步骤7: 验证搜索到Z相关的所有国家（模糊搜索） - 完成，找到 7 个匹配的国家
2026-05-08 20:22:13,047 - INFO - ✅ 所有找到的国家都包含字母'Z'，模糊搜索验证通过
2026-05-08 20:22:15,049 - INFO - 🎉 测试用例102188执行成功！
2026-05-08 20:22:15,049 - INFO - ✅ 注册页面国家切换-搜索框根据首字母搜索国家
2026-05-08 20:22:17,092 - INFO - ✅ 报告已生成: /Users/ambrose.chen/Desktop/iot/project/APP外壳/2测试报告/platform/ios_20260508_201846/ios_20260508_201846_report.xlsx
