2026-05-08 20:22:20,819 - INFO - 🔄 步骤0: 登出，确保从登出状态开始测试
2026-05-08 20:22:20,819 - INFO - 开始登出流程...
2026-05-08 20:22:51,718 - INFO - 未检测到home sel/mine sel/mine，跳过登出流程
2026-05-08 20:22:51,720 - INFO - ✅ 步骤0: 登出，确保从登出状态开始测试 - 完成
2026-05-08 20:22:53,729 - INFO - 🔄 步骤1: 验证在APP首页（登录页面）
2026-05-08 20:22:53,897 - INFO - ✅ 步骤1: 验证在APP首页（登录页面） - 完成，确认在APP首页（登录页面）
2026-05-08 20:22:55,906 - INFO - 🔄 步骤2: 点击Sign Up按钮进入注册页面
2026-05-08 20:22:56,884 - INFO - ✅ 步骤2: 点击Sign Up按钮进入注册页面 - 完成
2026-05-08 20:22:59,890 - INFO - 🔄 步骤3: 验证进入Sign Up页面
2026-05-08 20:23:00,118 - INFO - ✅ 步骤3: 验证进入Sign Up页面 - 完成，确认已进入Sign Up注册页面
2026-05-08 20:23:02,123 - INFO - 🔄 步骤4: 记录当前显示的国家（China）
2026-05-08 20:23:02,387 - INFO - ✅ 找到国家显示元素，使用选择器: //XCUIElementTypeStaticText[@name="China"]
2026-05-08 20:23:02,387 - INFO - 📝 进入国家选择页面前，注册页面显示的国家: China
2026-05-08 20:23:02,387 - INFO - ✅ 步骤4: 记录当前显示的国家（China） - 完成，记录的国家: China
2026-05-08 20:23:04,396 - INFO - 🔄 步骤5: 点击国家栏下拉按钮
2026-05-08 20:23:05,493 - INFO - ✅ 步骤5: 点击国家栏下拉按钮 - 完成，已点击国家栏下拉按钮
2026-05-08 20:23:08,496 - INFO - 🔄 步骤6: 验证跳转至国家选择页面
2026-05-08 20:23:41,828 - INFO - ✅ 步骤6: 验证跳转至国家选择页面 - 完成，确认已跳转至国家选择页面
2026-05-08 20:23:43,838 - INFO - 🔄 步骤7: 点击左上角返回按钮
2026-05-08 20:23:45,721 - INFO - ✅ 步骤7: 点击左上角返回按钮 - 完成，已点击左上角返回按钮
2026-05-08 20:23:48,727 - INFO - 🔄 步骤8: 验证返回注册主页面
2026-05-08 20:23:48,949 - INFO - ✅ 步骤8: 验证返回注册主页面 - 完成，确认已返回注册主页面
2026-05-08 20:23:50,950 - INFO - 🔄 步骤9: 验证国家没有变化，仍显示之前的国家（China）
2026-05-08 20:23:51,224 - INFO - ✅ 找到国家显示元素，使用选择器: //XCUIElementTypeStaticText[@name="China"]
2026-05-08 20:23:51,224 - INFO - 📝 返回注册主页面后，显示的国家: China
2026-05-08 20:23:51,224 - INFO - 📝 进入国家选择页面前，显示的国家: China
2026-05-08 20:23:51,224 - INFO - ✅ 步骤9: 验证国家没有变化，仍显示之前的国家（China） - 完成
2026-05-08 20:23:51,224 - INFO - ✅ 验证通过：国家没有变化，仍显示之前的国家（China）
2026-05-08 20:23:53,233 - INFO - 🎉 测试用例102189执行成功！
2026-05-08 20:23:53,234 - INFO - ✅ 验证从国家列表"取消"，返回注册主页面：国家没有变化，仍显示之前的国家
2026-05-08 20:23:55,267 - INFO - ✅ 报告已生成: /Users/ambrose.chen/Desktop/iot/project/APP外壳/2测试报告/platform/ios_20260508_202218/ios_20260508_202218_report.xlsx
