2026-05-09 20:15:49,447 - INFO - 🔄 步骤0: 登出，确保从登出状态开始测试
2026-05-09 20:15:49,448 - INFO - 开始登出流程...
2026-05-09 20:15:49,714 - INFO - 检测到home sel元素
2026-05-09 20:16:01,078 - INFO - ✅ 点击mine按钮: //XCUIElementTypeButton[@name="mine"]
2026-05-09 20:16:03,379 - INFO - ✅ 点击CommonEdit编辑按钮: //XCUIElementTypeButton[@name="CommonEdit"]
2026-05-09 20:16:05,559 - INFO - ✅ 点击Log Out: //XCUIElementTypeButton[@name="Log Out"]
2026-05-09 20:16:07,742 - INFO - ✅ 点击Confirm: //XCUIElementTypeButton[@name="Confirm"]
2026-05-09 20:16:09,250 - INFO - 登出操作完成
2026-05-09 20:16:09,585 - INFO - ✅ 成功回到登录页面
2026-05-09 20:16:09,585 - INFO - ✅ 步骤0: 登出，确保从登出状态开始测试 - 完成
2026-05-09 20:16:11,592 - INFO - 🔄 步骤1: 验证在APP首页（登录页面）
2026-05-09 20:16:11,757 - INFO - ✅ 步骤1: 验证在APP首页（登录页面） - 完成，确认在APP首页（登录页面）
2026-05-09 20:16:13,766 - INFO - 🔄 步骤2: 点击Sign Up按钮进入注册页面
2026-05-09 20:16:14,731 - INFO - ✅ 步骤2: 点击Sign Up按钮进入注册页面 - 完成
2026-05-09 20:16:17,738 - INFO - 🔄 步骤3: 验证进入Sign Up页面
2026-05-09 20:16:17,980 - INFO - ✅ 步骤3: 验证进入Sign Up页面 - 完成，确认已进入Sign Up注册页面
2026-05-09 20:16:19,990 - INFO - 🔄 步骤4: 输入邮箱
2026-05-09 20:16:19,995 - INFO - 📧 生成简单邮箱地址: testuser219@163.com
2026-05-09 20:16:22,022 - INFO - ✅ 步骤4: 输入邮箱 - 完成，邮箱: testuser219@163.com
2026-05-09 20:16:24,031 - INFO - 🔄 步骤5: 勾选隐私政策和用户协议
2026-05-09 20:16:29,982 - INFO - ✅ 隐私政策复选框已勾选
2026-05-09 20:16:31,485 - INFO - 🔄 步骤5.1: 收起键盘（Done）
2026-05-09 20:16:32,754 - INFO - ✅ 已点击Done收起键盘
2026-05-09 20:16:33,756 - INFO - 🔄 步骤6: 点击Next进入set password页面
2026-05-09 20:16:34,496 - INFO - ✅ 步骤6: 点击Next进入set password页面 - 完成，已点击Next按钮
2026-05-09 20:16:37,498 - INFO - 🔄 步骤7: 验证进入set password页面
2026-05-09 20:16:37,788 - INFO - ✅ 成功进入set password页面
2026-05-09 20:16:39,298 - INFO - 🔄 步骤8: 输入密码并确认
2026-05-09 20:16:41,157 - INFO - ✅ 已输入密码: Csx150128
2026-05-09 20:16:43,122 - INFO - ✅ 已输入确认密码: Csx150128
2026-05-09 20:16:45,459 - INFO - ✅ 密码页已点击Done收起键盘
2026-05-09 20:16:46,463 - INFO - 🔄 步骤9: 点击Next进入Personal Information页面
2026-05-09 20:16:47,456 - INFO - ✅ 已点击密码页Next按钮
2026-05-09 20:16:50,465 - INFO - 🔄 步骤10: 不输入用户名，点击Submit并验证仍停留在页面
2026-05-09 20:16:51,027 - INFO - ✅ 确认已进入Personal Information页面
2026-05-09 20:16:52,623 - INFO - ✅ 已点击Submit按钮（未输入用户名）
2026-05-09 20:16:54,829 - INFO - ✅ 点击Submit后仍停留在Personal Information页面
2026-05-09 20:16:55,836 - INFO - 🎉 测试用例102245执行成功！
2026-05-09 20:16:55,836 - INFO - ✅ 不输入用户名点击Submit后仍停留在Personal Information页面
2026-05-09 20:16:57,872 - INFO - ✅ 报告已生成: /Users/ambrose.chen/Desktop/iot/project/APP外壳/2测试报告/platform/ios_20260509_201547/ios_20260509_201547_report.xlsx
