2026-05-12 10:53:57,219 - INFO - 🔄 步骤0: 登出，确保从登出状态开始测试
2026-05-12 10:53:57,219 - INFO - 开始登出流程...
2026-05-12 10:53:57,476 - INFO - 检测到home sel元素
2026-05-12 10:54:08,842 - INFO - ✅ 点击mine按钮: //XCUIElementTypeButton[@name="mine"]
2026-05-12 10:54:11,028 - INFO - ✅ 点击CommonEdit编辑按钮: //XCUIElementTypeButton[@name="CommonEdit"]
2026-05-12 10:54:13,214 - INFO - ✅ 点击Log Out: //XCUIElementTypeButton[@name="Log Out"]
2026-05-12 10:54:15,382 - INFO - ✅ 点击Confirm: //XCUIElementTypeButton[@name="Confirm"]
2026-05-12 10:54:16,884 - INFO - 登出操作完成
2026-05-12 10:54:17,222 - INFO - ✅ 成功回到登录页面
2026-05-12 10:54:17,223 - INFO - ✅ 步骤0: 登出，确保从登出状态开始测试 - 完成
2026-05-12 10:54:19,226 - INFO - 🔄 步骤1: 验证在APP首页（登录页面）
2026-05-12 10:54:19,397 - INFO - ✅ 步骤1: 验证在APP首页（登录页面） - 完成，确认在APP首页（登录页面）
2026-05-12 10:54:21,402 - INFO - 🔄 步骤2: 点击Sign Up按钮进入注册页面
2026-05-12 10:54:22,382 - INFO - ✅ 步骤2: 点击Sign Up按钮进入注册页面 - 完成
2026-05-12 10:54:25,386 - INFO - 🔄 步骤4: 输入邮箱（value="Email"）
2026-05-12 10:54:25,390 - INFO - 📧 生成简单邮箱地址: testuser261@163.com
2026-05-12 10:54:27,196 - INFO - ✅ 步骤4: 输入邮箱（value="Email"） - 完成，邮箱: testuser261@163.com
2026-05-12 10:54:29,200 - INFO - 🔄 步骤5: 点击Done按钮收起键盘
2026-05-12 10:54:30,458 - INFO - ✅ 步骤5: 点击Done按钮收起键盘 - 完成
2026-05-12 10:54:32,462 - INFO - 🔄 步骤7: 点击Next按钮（不勾选隐私协议）
2026-05-12 10:54:33,134 - INFO - ✅ 步骤7: 点击Next按钮（不勾选隐私协议） - 已尝试点击Next按钮
2026-05-12 10:54:35,139 - INFO - 🔄 步骤8: 断言提示出现（即判成功）
2026-05-12 10:54:35,437 - INFO - 📝 提示信息内容: Please confirm and tick the Privacy Policy and User Agreement
2026-05-12 10:54:35,437 - INFO - ✅ 步骤8: 断言提示出现（即判成功） - 完成
2026-05-12 10:54:35,437 - INFO - ✅ 验证通过：页面显示提示信息: Please confirm and tick the Privacy Policy and User Agreement
2026-05-12 10:54:37,440 - INFO - 🎉 测试用例102197执行成功！
2026-05-12 10:54:37,440 - INFO - ✅ 102197 "隐私政策、用户协议"默认不勾选
2026-05-12 10:54:39,467 - INFO - ✅ 报告已生成: /Users/ambrose.chen/Desktop/iot/project/APP外壳/2测试报告/platform/ios_20260512_105355/ios_20260512_105355_report.xlsx
