2026-05-09 21:36:05,380 - INFO - 🔄 步骤1: 重启APP并处理登录状态
2026-05-09 21:36:26,565 - INFO - ✅ 步骤1: 重启APP并处理登录状态 - 完成
2026-05-09 21:36:26,565 - INFO - 🔄 步骤2: 点击Sign In进入登录页
2026-05-09 21:36:29,481 - INFO - ✅ 步骤2: 点击Sign In进入登录页 - 完成
2026-05-09 21:36:29,482 - INFO - 🔄 步骤3: 点击Forgot password进入忘记密码页
2026-05-09 21:36:32,525 - INFO - ✅ 步骤3: 点击Forgot password进入忘记密码页 - 完成
2026-05-09 21:36:32,526 - INFO - 🔄 步骤4: 输入邮箱并点击Next进入验证码页
2026-05-09 21:36:40,710 - INFO - ✅ 步骤4: 输入邮箱并点击Next进入验证码页 - 完成，邮箱: haoc51888@gmail.com
2026-05-09 21:36:40,712 - INFO - 🔄 步骤5: Gmail获取最新验证码code
2026-05-09 21:38:25,669 - INFO - ✅ 步骤5: Gmail获取最新验证码code - 完成，code: 012635
2026-05-09 21:38:25,670 - INFO - 🔄 步骤6: 输入验证码进入Set Password页
2026-05-09 21:38:34,968 - INFO - ✅ 步骤6: 输入验证码进入Set Password页 - 完成
2026-05-09 21:38:34,969 - INFO - 🔄 步骤7: 输入大写字母+特殊字符密码(两次)并收起键盘
2026-05-09 21:38:40,650 - INFO - ✅ 步骤7: 输入大写字母+特殊字符密码(两次)并收起键盘 - 完成，password: !@#*XINGMAI
2026-05-09 21:38:40,651 - INFO - 🔄 步骤8: 校验密码规则文案颜色（若能取到color）
2026-05-09 21:38:40,876 - INFO - 📝 规则提示: • 6-20 characters 颜色: None
2026-05-09 21:38:41,102 - INFO - 📝 规则提示: • contains letters 颜色: None
2026-05-09 21:38:41,329 - INFO - 📝 规则提示: • contains numbers 颜色: None
2026-05-09 21:38:41,549 - INFO - 📝 规则提示: • Supports special characters:! @ # $ % ^ & * ( ) - _ = + \ | [ ] { } ; : / ? . , ~ > < ` 颜色: None
2026-05-09 21:38:41,550 - INFO - ✅ 步骤8: 校验密码规则文案颜色（若能取到color） - 完成
2026-05-09 21:38:41,550 - INFO - 🔄 步骤9: 点击Submit，断言不可完成修改密码（仍停留Set Password页）
2026-05-09 21:38:41,808 - INFO - ✅ 步骤9: 点击Submit，断言不可完成修改密码（仍停留Set Password页） - 完成
2026-05-09 21:38:41,809 - INFO - 🎉 测试用例102160执行成功！
2026-05-09 21:38:41,837 - INFO - ✅ 报告已生成: /Users/ambrose.chen/Desktop/iot/project/APP外壳/2测试报告/platform/ios_20260509_213603/ios_20260509_213603_report.xlsx
