2026-05-07 20:27:42,452 - INFO - 🔄 步骤1: 重置APP，检测登录状态并登出
2026-05-07 20:27:48,328 - INFO -     ✅ APP已重置
2026-05-07 20:28:03,530 - INFO -     ℹ️ 未检测到登录状态，已在登录页面
2026-05-07 20:28:03,531 - INFO - ✅ 步骤1: 重置APP，检测登录状态并登出 - 完成
2026-05-07 20:28:03,531 - INFO - 🔄 步骤2: 点击登录按钮进入Sign in页面
2026-05-07 20:28:04,516 - INFO - ✅ 步骤2: 点击登录按钮进入Sign in页面 - 完成
2026-05-07 20:28:06,023 - INFO - 🔄 步骤3: 点击邮箱框，输入邮箱
2026-05-07 20:28:46,955 - INFO -     ✅ 邮箱输入完成: haoc51888@gmail.com
2026-05-07 20:28:47,961 - INFO - ✅ 步骤3: 点击邮箱框，输入邮箱 - 完成
2026-05-07 20:28:47,961 - INFO - 🔄 步骤4: 点击密码框，输入密码
2026-05-07 20:29:29,391 - INFO -     ✅ 密码输入完成
2026-05-07 20:29:30,398 - INFO - ✅ 步骤4: 点击密码框，输入密码 - 完成
2026-05-07 20:29:30,399 - INFO - 🔄 步骤5: 点击键盘Done，收起键盘
2026-05-07 20:29:31,685 - INFO - ✅ 步骤5: 点击键盘Done，收起键盘 - 完成
2026-05-07 20:29:32,692 - INFO - 🔄 步骤6: 点击登录按钮（不勾选用户协议和隐私政策）
2026-05-07 20:29:33,520 - INFO - ✅ 步骤6: 点击登录按钮（不勾选用户协议和隐私政策） - 完成
2026-05-07 20:29:35,530 - INFO - 🔄 步骤7: 断言页面显示错误提示信息
2026-05-07 20:29:35,869 - INFO -     ✅ 找到错误提示信息: Please confirm and tick the Privacy Policy and User Agreement
2026-05-07 20:29:35,870 - INFO - ✅ 步骤7: 断言页面显示错误提示信息 - 完成，错误提示信息已显示
2026-05-07 20:29:35,870 - INFO - 🎉 测试用例102660执行成功！
2026-05-07 20:29:35,898 - INFO - ✅ 报告已生成: /Users/ambrose.chen/Desktop/iot/project/APP外壳/2测试报告/platform/ios_20260507_202740/ios_20260507_202740_report.xlsx
