2026-05-08 20:39:23,961 - INFO - 🔄 步骤0: 登出，确保从登出状态开始测试
2026-05-08 20:39:23,961 - INFO - 开始登出流程...
2026-05-08 20:39:54,857 - INFO - 未检测到home sel/mine sel/mine，跳过登出流程
2026-05-08 20:39:54,857 - INFO - ✅ 步骤0: 登出，确保从登出状态开始测试 - 完成
2026-05-08 20:39:56,862 - INFO - 🔄 步骤1: 验证在APP首页（登录页面）
2026-05-08 20:39:57,028 - INFO - ✅ 步骤1: 验证在APP首页（登录页面） - 完成，确认在APP首页（登录页面）
2026-05-08 20:39:59,034 - INFO - 🔄 步骤2: 点击Sign Up按钮进入注册页面
2026-05-08 20:40:00,094 - INFO - ✅ 步骤2: 点击Sign Up按钮进入注册页面 - 完成
2026-05-08 20:40:03,096 - INFO - 🔄 步骤3: 验证进入Sign Up页面
2026-05-08 20:40:03,324 - INFO - ✅ 步骤3: 验证进入Sign Up页面 - 完成，确认已进入Sign Up注册页面
2026-05-08 20:40:05,329 - INFO - 🔄 步骤4: 输入邮箱
2026-05-08 20:40:05,333 - INFO - 📧 生成简单邮箱地址: testuser155@163.com
2026-05-08 20:40:07,227 - INFO - ✅ 步骤4: 输入邮箱 - 完成，邮箱: testuser155@163.com
2026-05-08 20:40:09,229 - INFO - 🔄 步骤5: 点击Done按钮收起键盘
2026-05-08 20:40:10,485 - INFO - ✅ 步骤5: 点击Done按钮收起键盘 - 完成
2026-05-08 20:40:12,493 - INFO - 🔄 步骤6: 勾选隐私政策和用户协议
2026-05-08 20:40:18,253 - INFO - ✅ 隐私政策复选框已勾选
2026-05-08 20:40:19,257 - INFO - ✅ 步骤6: 勾选隐私政策和用户协议 - 完成
2026-05-08 20:40:21,262 - INFO - 🔄 步骤7: 点击Next按钮
2026-05-08 20:40:21,961 - INFO - ✅ 步骤7: 点击Next按钮 - 完成
2026-05-08 20:40:24,963 - INFO - 🔄 步骤8: 验证跳转至set password页面
2026-05-08 20:40:25,246 - INFO - ✅ 步骤8: 验证跳转至set password页面 - 完成
2026-05-08 20:40:25,247 - INFO - ✅ 验证通过：已成功跳转至set password页面
2026-05-08 20:40:27,250 - INFO - 🎉 测试用例102198执行成功！
2026-05-08 20:40:27,251 - INFO - ✅ 验证"隐私政策、用户协议"勾选功能：勾选后点击Next按钮，成功跳转至set password页面
2026-05-08 20:40:29,275 - INFO - ✅ 报告已生成: /Users/ambrose.chen/Desktop/iot/project/APP外壳/2测试报告/platform/ios_20260508_203922/ios_20260508_203922_report.xlsx
