2026-05-12 10:27:08,961 - INFO - 🔄 步骤0: 登出，确保从登出状态开始测试
2026-05-12 10:27:08,962 - INFO - 开始登出流程...
2026-05-12 10:27:39,865 - INFO - 未检测到home sel/mine sel/mine，跳过登出流程
2026-05-12 10:27:39,867 - INFO - ✅ 步骤0: 登出，确保从登出状态开始测试 - 完成
2026-05-12 10:27:41,871 - INFO - 🔄 步骤1: 验证在APP首页（登录页面）
2026-05-12 10:27:42,048 - INFO - ✅ 步骤1: 验证在APP首页（登录页面） - 完成，确认在APP首页（登录页面）
2026-05-12 10:27:44,052 - INFO - 🔄 步骤2: 点击Sign Up按钮进入注册页面
2026-05-12 10:27:45,000 - INFO - ✅ 步骤2: 点击Sign Up按钮进入注册页面 - 完成
2026-05-12 10:27:48,004 - INFO - 🔄 步骤3: 验证进入Sign Up页面
2026-05-12 10:27:48,238 - INFO - ✅ 步骤3: 验证进入Sign Up页面 - 完成，确认已进入Sign Up注册页面
2026-05-12 10:27:50,241 - INFO - 🔄 步骤4: 点击国家栏下拉按钮
2026-05-12 10:27:51,349 - INFO - ✅ 步骤4: 点击国家栏下拉按钮 - 完成，已点击国家栏下拉按钮
2026-05-12 10:27:54,354 - INFO - 🔄 步骤5: 验证跳转至国家选择页面
2026-05-12 10:28:27,593 - INFO - ✅ 步骤5: 验证跳转至国家选择页面 - 完成，确认已跳转至国家选择页面
2026-05-12 10:28:29,598 - INFO - 🔄 步骤6: 点击搜索框并输入zhonghuaminguo
2026-05-12 10:29:06,039 - INFO - ✅ 步骤6: 点击搜索框并输入zhonghuaminguo - 完成，已输入zhonghuaminguo
2026-05-12 10:29:09,046 - INFO - 🔄 步骤7: 验证无任何国家选择结果
2026-05-12 10:29:25,323 - INFO - 📝 搜索关键词: zhonghuaminguo
2026-05-12 10:29:25,324 - INFO - 📝 找到的元素数量: 0
2026-05-12 10:29:35,596 - INFO - ✅ 步骤7: 验证无任何国家选择结果 - 完成
2026-05-12 10:29:35,598 - INFO - ✅ 验证通过：搜索不存在的国家'zhonghuaminguo'时，无任何国家选择结果
2026-05-12 10:29:37,600 - INFO - 🎉 测试用例102186执行成功！
2026-05-12 10:29:37,601 - INFO - ✅ 注册页面国家切换-搜索一个不存在的国家：无任何国家选择，用例执行成功
2026-05-12 10:29:39,630 - INFO - ✅ 报告已生成: /Users/ambrose.chen/Desktop/iot/project/APP外壳/2测试报告/platform/ios_20260512_102707/ios_20260512_102707_report.xlsx
