2026-05-20 11:18:00,312 - INFO - 🔄 步骤1: 重启APP
2026-05-20 11:18:00,313 - INFO -     🔄 driver.terminate_app / activate_app: com.xingmai.tech
2026-05-20 11:18:05,192 - INFO -     ✅ APP 已重启
2026-05-20 11:18:05,192 - INFO - ✅ 步骤1: 重启APP - 完成
2026-05-20 11:18:05,192 - INFO - 🔄 步骤2: 检测登录状态并确保在登录/注册入口页
2026-05-20 11:18:05,199 - INFO -     🔄 检测已登录元素: //android.view.View[@content-desc="More"]
2026-05-20 11:18:05,707 - INFO -     ✅ 检测到已登录: //android.view.View[@content-desc="More"]
2026-05-20 11:18:05,712 - INFO -     🔄 已登录，执行 check_and_logout（logout_android.py）
2026-05-20 11:18:05,712 - INFO -     [登出] 开始登出流程...
2026-05-20 11:18:05,712 - INFO -     [登出] 步骤1: 检查页面是否有 More 按钮
2026-05-20 11:18:05,759 - INFO -     [登出] ✅ 检测到 More 按钮: //android.view.View[@content-desc="More"]
2026-05-20 11:18:05,759 - INFO -     [登出] 步骤2: 点击 More 按钮，进入 more 页面
2026-05-20 11:18:05,803 - INFO -     [登出] ✅ 已点击 More 按钮 (使用: //android.view.View[@content-desc="More"])
2026-05-20 11:18:07,805 - INFO -     [登出] 步骤3: 点击 edit 按钮
2026-05-20 11:18:07,941 - INFO -     [登出] ✅ 已点击 edit 按钮
2026-05-20 11:18:09,947 - INFO -     [登出] 步骤4: 点击 Log Out 按钮
2026-05-20 11:18:10,063 - INFO -     [登出] ✅ 已点击 Log Out 按钮
2026-05-20 11:18:11,564 - INFO -     [登出] 步骤5: 点击 Confirm 按钮，确认登出
2026-05-20 11:18:13,676 - INFO -     [登出] ✅ 已点击 Confirm 按钮
2026-05-20 11:18:21,720 - INFO -     [登出] ⚠️ 登出完成，但无法确认是否已返回登录页面
2026-05-20 11:18:21,720 - INFO -     [登出] ✅ 登出流程完成
2026-05-20 11:18:21,720 - INFO -     ✅ 登出完成
2026-05-20 11:18:23,725 - INFO -     🔄 等待登录/注册入口页: //*[(@text="Sign In" or @text="Sign Up") or contains(@text,"Sign In") or contains(@text,"Sign Up") or @content-desc="Sign In" or @content-desc="Sign Up"]
2026-05-20 11:18:23,793 - INFO -     ✅ 已处于登录/注册入口页
2026-05-20 11:18:23,793 - INFO - ✅ 步骤2: 检测登录状态并确保在登录/注册入口页 - 完成
2026-05-20 11:18:23,793 - INFO - 🔄 步骤3: 点击 Sign In 进入登录页
2026-05-20 11:18:23,793 - INFO -     🔄 定位 Sign In: //android.widget.TextView[@text="Sign In"]
2026-05-20 11:18:23,856 - INFO -     ✅ 找到 Sign In: //android.widget.TextView[@text="Sign In"]
2026-05-20 11:18:24,497 - INFO - ✅ 步骤3: 点击 Sign In 进入登录页 - 完成
2026-05-20 11:18:26,001 - INFO - 🔄 步骤4: 输入密码
2026-05-20 11:18:26,001 - INFO -     🔄 密码已填入（长度 9）
2026-05-20 11:18:26,083 - INFO -     🔄 定位: //android.widget.ScrollView/android.widget.EditText[2]
2026-05-20 11:18:27,261 - INFO - ✅ 步骤4: 输入密码 - 完成
2026-05-20 11:18:27,261 - INFO - 🔄 步骤5: 点击密码清空按钮
2026-05-20 11:18:27,261 - INFO -     🔄 定位: //android.widget.ImageView[@content-desc="clear"]
2026-05-20 11:18:28,115 - INFO - ✅ 步骤5: 点击密码清空按钮 - 完成
2026-05-20 11:18:28,115 - INFO - 🎉 测试用例 200016 执行成功！
2026-05-20 11:18:28,151 - INFO - ✅ 报告已生成: /Users/ambrose.chen/Desktop/iot/project/APP外壳/2测试报告/platform/android_20260520_111757/android_20260520_111757_report.xlsx
