2026-04-30 11:21:52,318 - INFO - 🔄 步骤1: 重启APP并处理登录状态
2026-04-30 11:22:13,636 - INFO - ✅ 步骤1: 重启APP并处理登录状态 - 完成
2026-04-30 11:22:13,638 - INFO - 🔄 步骤2: 点击Sign In进入登录页
2026-04-30 11:22:16,575 - INFO - ✅ 步骤2: 点击Sign In进入登录页 - 完成
2026-04-30 11:22:16,575 - INFO - 🔄 步骤3: 点击Forgot password进入忘记密码页
2026-04-30 11:22:19,846 - INFO - ✅ 步骤3: 点击Forgot password进入忘记密码页 - 完成
2026-04-30 11:22:19,848 - INFO - 🔄 步骤4: 输入邮箱
2026-04-30 11:22:24,110 - INFO - ✅ 步骤4: 输入邮箱 - 完成，邮箱: haoc51888@gmail.com
2026-04-30 11:22:24,111 - INFO - 🔄 步骤5: 点击Next进入验证码页并触发发码
2026-04-30 11:22:27,720 - INFO - ✅ 步骤5: 点击Next进入验证码页并触发发码 - 完成
2026-04-30 11:22:27,722 - INFO - 🔄 步骤6: Gmail获取最新验证码code1
2026-04-30 11:24:29,396 - INFO - 
============================================================
2026-04-30 11:24:29,399 - INFO - ❌ 测试失败
2026-04-30 11:24:29,399 - INFO - 📍 失败步骤: 步骤6: Gmail获取最新验证码code1
2026-04-30 11:24:29,399 - INFO - 📝 失败原因: 步骤6: Gmail获取最新验证码code1失败
2026-04-30 11:24:29,399 - INFO - ============================================================
2026-04-30 11:24:29,413 - INFO - Traceback (most recent call last):

2026-04-30 11:24:29,417 - INFO -   File "/Users/ambrose.chen/Desktop/iot/project/APP外壳/3功能/1平台/IOS/3忘记密码/102135验证重新发送验证码后，上次的验证码会失效，会提示重填.py", line 320, in test_102135
    code1 = fetch_latest_verification_code(
            ^^^^^^^^^^^^^^^^^^^^^^^^^^^^^^^

2026-04-30 11:24:29,417 - INFO -   File "/Users/ambrose.chen/Desktop/iot/project/APP外壳/1共用脚本/gmail_code_utils.py", line 161, in fetch_latest_verification_code
    raise TimeoutError(f"超时仍未获取到验证码（最后错误: {last_err}）")

2026-04-30 11:24:29,417 - INFO - TimeoutError: 超时仍未获取到验证码（最后错误: b'[AUTHENTICATIONFAILED] Invalid credentials (Failure)'）

2026-04-30 11:24:29,745 - INFO - 已保存test_102135_failed失败截图: screenshots/test_102135_failed_1777519469.png
2026-04-30 11:24:29,774 - INFO - ✅ 报告已生成: /Users/ambrose.chen/Desktop/iot/project/APP外壳/2测试报告/platform/ios_20260430_112150/ios_20260430_112150_report.xlsx
