2026-05-12 11:44:46,486 - INFO - 🔄 步骤0: 登出，确保从登出状态开始测试
2026-05-12 11:44:46,487 - INFO - 开始登出流程...
2026-05-12 11:45:17,402 - INFO - 未检测到home sel/mine sel/mine，跳过登出流程
2026-05-12 11:45:17,403 - INFO - ✅ 步骤0: 登出，确保从登出状态开始测试 - 完成
2026-05-12 11:45:19,412 - INFO - 🔄 步骤1: 验证在APP首页（登录页面）
2026-05-12 11:45:19,579 - INFO - ✅ 步骤1: 验证在APP首页（登录页面） - 完成，确认在APP首页（登录页面）
2026-05-12 11:45:21,586 - INFO - 🔄 步骤2: 点击Sign Up按钮进入注册页面
2026-05-12 11:45:22,555 - INFO - ✅ 步骤2: 点击Sign Up按钮进入注册页面 - 完成
2026-05-12 11:45:25,556 - INFO - 🔄 步骤3: 验证进入Sign Up页面
2026-05-12 11:45:25,811 - INFO - ✅ 步骤3: 验证进入Sign Up页面 - 完成，确认已进入Sign Up注册页面
2026-05-12 11:45:27,820 - INFO - 🔄 步骤4: 输入邮箱
2026-05-12 11:45:27,825 - INFO - 📧 生成简单邮箱地址: testuser286@163.com
2026-05-12 11:45:29,723 - INFO - ✅ 步骤4: 输入邮箱 - 完成，邮箱: testuser286@163.com
2026-05-12 11:45:31,731 - INFO - 🔄 步骤5: 勾选隐私政策和用户协议
2026-05-12 11:45:37,891 - INFO - ✅ 隐私政策复选框已勾选
2026-05-12 11:45:39,402 - INFO - 🔄 步骤5.1: 收起键盘（Done）
2026-05-12 11:45:40,660 - INFO - ✅ 已点击Done收起键盘
2026-05-12 11:45:41,663 - INFO - 🔄 步骤6: 点击Next进入set password页面
2026-05-12 11:45:42,367 - INFO - ✅ 步骤6: 点击Next进入set password页面 - 完成，已点击Next按钮
2026-05-12 11:45:45,374 - INFO - 🔄 步骤7: 验证进入set password页面
2026-05-12 11:45:45,667 - INFO - ✅ 成功进入set password页面
2026-05-12 11:45:47,175 - INFO - 🔄 步骤8: 输入密码并验证默认密文
2026-05-12 11:45:48,822 - INFO - ✅ 已输入密码: Csx150128
2026-05-12 11:45:49,993 - INFO - 📝 默认状态 value: '•••••••••', type: 'XCUIElementTypeSecureTextField'
2026-05-12 11:45:49,993 - INFO - ✅ 默认为密文显示
2026-05-12 11:45:50,998 - INFO - 🔄 步骤9: 点击眼睛切换明文
2026-05-12 11:45:53,269 - INFO - 📝 明文状态 value: 'Csx150128', type: 'XCUIElementTypeTextField'
2026-05-12 11:45:53,269 - INFO - ✅ 点击一次眼睛后显示明文
2026-05-12 11:45:54,270 - INFO - 🔄 步骤10: 再次点击眼睛切回密文
2026-05-12 11:45:56,561 - INFO - 📝 再次密文状态 value: '•••••••••', type: 'XCUIElementTypeSecureTextField'
2026-05-12 11:45:56,561 - INFO - ✅ 再点击一次眼睛后恢复密文显示
2026-05-12 11:45:57,570 - INFO - 🎉 测试用例102240执行成功！
2026-05-12 11:45:57,570 - INFO - ✅ 密码默认密文，点击眼睛切换明文，再点击恢复密文
2026-05-12 11:45:59,605 - INFO - ✅ 报告已生成: /Users/ambrose.chen/Desktop/iot/project/APP外壳/2测试报告/platform/ios_20260512_114444/ios_20260512_114444_report.xlsx
