2026-05-08 19:10:07,082 - INFO - 🔄 步骤1: 重启APP并处理登录状态
2026-05-08 19:10:28,304 - INFO - ✅ 步骤1: 重启APP并处理登录状态 - 完成
2026-05-08 19:10:28,304 - INFO - 🔄 步骤2: 点击Sign In进入登录页
2026-05-08 19:10:31,242 - INFO - ✅ 步骤2: 点击Sign In进入登录页 - 完成
2026-05-08 19:10:31,243 - INFO - 🔄 步骤3: 点击Forgot password进入忘记密码页
2026-05-08 19:10:34,286 - INFO - ✅ 步骤3: 点击Forgot password进入忘记密码页 - 完成
2026-05-08 19:10:34,292 - INFO - 🔄 步骤4: 输入邮箱并点击Next进入验证码页
2026-05-08 19:10:44,688 - INFO - ✅ 步骤4: 输入邮箱并点击Next进入验证码页 - 完成，邮箱: haoc51888@gmail.com
2026-05-08 19:10:44,688 - INFO - 🔄 步骤5: Gmail获取最新验证码code
2026-05-08 19:12:28,130 - INFO - ✅ 步骤5: Gmail获取最新验证码code - 完成，code: 673293
2026-05-08 19:12:28,131 - INFO - 🔄 步骤6: 输入验证码进入Set Password页
2026-05-08 19:12:37,523 - INFO - ✅ 步骤6: 输入验证码进入Set Password页 - 完成
2026-05-08 19:12:37,523 - INFO - 🔄 步骤7: 输入6位密码(两次)并收起键盘
2026-05-08 19:12:42,903 - INFO - ✅ 步骤7: 输入6位密码(两次)并收起键盘 - 完成，密码: Csx150
2026-05-08 19:12:42,904 - INFO - 🔄 步骤8: 点击Submit/完成并断言可提交成功
2026-05-08 19:13:07,203 - INFO - 
============================================================
2026-05-08 19:13:07,204 - INFO - ❌ 测试失败
2026-05-08 19:13:07,204 - INFO - 📍 失败步骤: 步骤8: 点击Submit/完成并断言可提交成功
2026-05-08 19:13:07,204 - INFO - 📝 失败原因: 步骤8: 点击Submit/完成并断言可提交成功失败
2026-05-08 19:13:07,204 - INFO - ============================================================
2026-05-08 19:13:07,209 - INFO - Traceback (most recent call last):

2026-05-08 19:13:07,210 - INFO -   File "/Users/ambrose.chen/Desktop/iot/project/APP外壳/3功能/1平台/IOS/3忘记密码/102148验证密码等于6个字符时，“完成”按钮可点击.py", line 463, in test_102148
    _assert_submit_enabled_and_success(

2026-05-08 19:13:07,210 - INFO -   File "/Users/ambrose.chen/Desktop/iot/project/APP外壳/3功能/1平台/IOS/3忘记密码/102148验证密码等于6个字符时，“完成”按钮可点击.py", line 324, in _assert_submit_enabled_and_success
    WebDriverWait(driver, timeout_s).until(lambda d: _left_set_password(d))

2026-05-08 19:13:07,210 - INFO -   File "/Library/Frameworks/Python.framework/Versions/3.11/lib/python3.11/site-packages/selenium/webdriver/support/wait.py", line 138, in until
    raise TimeoutException(message, screen, stacktrace)

2026-05-08 19:13:07,210 - INFO - selenium.common.exceptions.TimeoutException: Message: 


2026-05-08 19:13:07,502 - INFO - 已保存test_102148_failed失败截图: screenshots/test_102148_failed_1778238787.png
2026-05-08 19:13:07,523 - INFO - ✅ 报告已生成: /Users/ambrose.chen/Desktop/iot/project/APP外壳/2测试报告/platform/ios_20260508_191005/ios_20260508_191005_report.xlsx
