2026-05-11 18:59:40,525 - INFO - 🔄 步骤0: 重启APP并确保登出
2026-05-11 18:59:43,942 - INFO -     [登出] 开始登出流程...
2026-05-11 18:59:43,943 - INFO -     [登出] 步骤1: 检查页面是否有 More 按钮
2026-05-11 19:00:04,114 - INFO -     [登出] ℹ️ 未检测到 More 按钮，可能未登录，跳过登出流程
2026-05-11 19:00:06,120 - INFO - ✅ 步骤0: 重启APP并确保登出 - 完成
2026-05-11 19:00:06,121 - INFO - 🔄 步骤1: 点击 Sign Up 进入注册页
2026-05-11 19:00:08,872 - INFO - ✅ 步骤1: 点击 Sign Up 进入注册页 - 完成
2026-05-11 19:00:08,872 - INFO - 🔄 步骤2: 输入邮箱 haoc51888+android@gmail.com
2026-05-11 19:00:12,030 - INFO - ✅ 步骤2: 输入邮箱 haoc51888+android@gmail.com - 完成
2026-05-11 19:00:12,031 - INFO - 🔄 步骤3: 勾选协议
2026-05-11 19:00:12,783 - INFO - ✅ 步骤3: 勾选协议 - 完成
2026-05-11 19:00:12,784 - INFO - 🔄 步骤4: 点击 Next 进入设置密码页
2026-05-11 19:00:15,739 - INFO - ✅ 步骤4: 点击 Next 进入设置密码页 - 完成
2026-05-11 19:00:15,739 - INFO - 🔄 步骤5: 输入密码与确认密码，并点击 Next 进入用户名页
2026-05-11 19:00:23,506 - INFO - ✅ 步骤5: 输入密码与确认密码，并点击 Next 进入用户名页 - 完成
2026-05-11 19:00:23,507 - INFO - 🔄 步骤6: 输入超过50字符用户名并点击 Submit
2026-05-11 19:00:31,757 - INFO - ✅ 步骤6: 输入超过50字符用户名并点击 Submit - 完成
2026-05-11 19:00:31,759 - INFO - 🔄 步骤7: 断言注册失败（未进入主界面）
2026-05-11 19:00:46,982 - INFO - 🎉 测试用例200023执行成功！
2026-05-11 19:00:47,019 - INFO - ✅ 报告已生成: /Users/ambrose.chen/Desktop/iot/project/APP外壳/2测试报告/platform/android_20260511_185937/android_20260511_185937_report.xlsx
