2026-05-08 21:26:49,220 - INFO - 🔄 步骤0: 登出，确保从登出状态开始测试
2026-05-08 21:26:49,221 - INFO - 开始登出流程...
2026-05-08 21:27:20,124 - INFO - 未检测到home sel/mine sel/mine，跳过登出流程
2026-05-08 21:27:20,126 - INFO - ✅ 步骤0: 登出，确保从登出状态开始测试 - 完成
2026-05-08 21:27:22,134 - INFO - 🔄 步骤1: 验证在APP首页（登录页面）
2026-05-08 21:27:22,293 - INFO - ✅ 步骤1: 验证在APP首页（登录页面） - 完成，确认在APP首页（登录页面）
2026-05-08 21:27:24,299 - INFO - 🔄 步骤2: 点击Sign Up按钮进入注册页面
2026-05-08 21:27:25,264 - INFO - ✅ 步骤2: 点击Sign Up按钮进入注册页面 - 完成
2026-05-08 21:27:28,270 - INFO - 🔄 步骤3: 验证进入Sign Up页面
2026-05-08 21:27:28,500 - INFO - ✅ 步骤3: 验证进入Sign Up页面 - 完成，确认已进入Sign Up注册页面
2026-05-08 21:27:30,507 - INFO - 🔄 步骤4: 输入邮箱
2026-05-08 21:27:30,513 - INFO - 📧 生成简单邮箱地址: testuser177@163.com
2026-05-08 21:27:32,403 - INFO - ✅ 步骤4: 输入邮箱 - 完成，邮箱: testuser177@163.com
2026-05-08 21:27:34,412 - INFO - 🔄 步骤5: 勾选隐私政策和用户协议
2026-05-08 21:27:40,513 - INFO - ✅ 隐私政策复选框已勾选
2026-05-08 21:27:42,022 - INFO - 🔄 步骤5.1: 收起键盘（Done）
2026-05-08 21:27:43,276 - INFO - ✅ 已点击Done收起键盘
2026-05-08 21:27:44,278 - INFO - 🔄 步骤6: 点击Next进入set password页面
2026-05-08 21:27:44,961 - INFO - ✅ 步骤6: 点击Next进入set password页面 - 完成，已点击Next按钮
2026-05-08 21:27:47,969 - INFO - 🔄 步骤7: 验证进入set password页面
2026-05-08 21:27:48,250 - INFO - ✅ 成功进入set password页面
2026-05-08 21:27:49,759 - INFO - 🔄 步骤8: 输入大写+特殊字符密码并验证规则颜色
2026-05-08 21:27:51,566 - INFO - ✅ 已输入密码: !@#*XINGMAI
2026-05-08 21:27:53,549 - INFO - ✅ 已输入确认密码: !@#*XINGMAI
2026-05-08 21:27:54,948 - INFO - 📝 规则提示: • 6-20 characters 颜色: None
2026-05-08 21:27:55,336 - INFO - 📝 规则提示: • contains letters 颜色: None
2026-05-08 21:27:55,719 - INFO - 📝 规则提示: • contains numbers 颜色: None
2026-05-08 21:27:56,110 - INFO - 📝 规则提示: • Supports special characters:! @ # $ % ^ & * ( ) - _ = + \ | [ ] { } ; : / ? . , ~ > < ` 颜色: None
2026-05-08 21:27:57,300 - INFO - ✅ 密码页已点击Done收起键盘
2026-05-08 21:27:58,303 - INFO - 🔄 步骤9: 点击Next验证仍停留在set password页面
2026-05-08 21:27:58,884 - INFO - ✅ 已尝试点击密码页Next按钮（应无跳转）
2026-05-08 21:28:01,197 - INFO - ✅ 点击后仍停留在set password页面，Next按钮不可使页面跳转
2026-05-08 21:28:02,199 - INFO - 🎉 测试用例102238执行成功！
2026-05-08 21:28:02,199 - INFO - ✅ 大写+特殊字符密码规则提示符合预期，Next不可跳转
2026-05-08 21:28:04,225 - INFO - ✅ 报告已生成: /Users/ambrose.chen/Desktop/iot/project/APP外壳/2测试报告/platform/ios_20260508_212647/ios_20260508_212647_report.xlsx
