2026-05-08 20:41:47,907 - INFO - 🔄 步骤0: 登出，确保从登出状态开始测试
2026-05-08 20:41:47,908 - INFO - 开始登出流程...
2026-05-08 20:42:18,813 - INFO - 未检测到home sel/mine sel/mine，跳过登出流程
2026-05-08 20:42:18,814 - INFO - ✅ 步骤0: 登出，确保从登出状态开始测试 - 完成
2026-05-08 20:42:20,817 - INFO - 🔄 步骤1: 验证在APP首页（登录页面）
2026-05-08 20:42:20,975 - INFO - ✅ 步骤1: 验证在APP首页（登录页面） - 完成，确认在APP首页（登录页面）
2026-05-08 20:42:22,986 - INFO - 🔄 步骤2: 点击Sign Up按钮进入注册页面
2026-05-08 20:42:23,925 - INFO - ✅ 步骤2: 点击Sign Up按钮进入注册页面 - 完成
2026-05-08 20:42:26,931 - INFO - 🔄 步骤3: 验证进入Sign Up页面
2026-05-08 20:42:27,167 - INFO - ✅ 步骤3: 验证进入Sign Up页面 - 完成，确认已进入Sign Up注册页面
2026-05-08 20:42:29,174 - INFO - 🔄 步骤4: 验证Next按钮存在并检查初始状态
2026-05-08 20:42:29,427 - INFO - 📝 Next按钮enabled状态: True
2026-05-08 20:42:29,428 - INFO - ✅ 步骤4: 验证Next按钮存在并检查初始状态 - 完成，Next按钮存在
2026-05-08 20:42:29,428 - INFO - 📝 Next按钮初始状态：浅绿色（通过点击后是否停留在页面来验证是否可点击）
2026-05-08 20:42:31,434 - INFO - 🔄 步骤5: 点击Next按钮
2026-05-08 20:42:31,652 - INFO - ✅ 点击前确认仍在Sign Up注册页面
2026-05-08 20:42:32,217 - INFO - ✅ 步骤5: 点击Next按钮 - 完成，已尝试点击Next按钮
2026-05-08 20:42:34,227 - INFO - 🔄 步骤6: 验证点击后仍停留在当前页面
2026-05-08 20:42:34,661 - INFO - ✅ 步骤6: 验证点击后仍停留在当前页面 - 完成
2026-05-08 20:42:34,661 - INFO - ✅ 验证通过：点击Next按钮后仍停留在当前页面
2026-05-08 20:42:34,661 - INFO - ✅ 验证通过：Next按钮初始/输入邮箱后仍为浅绿色不可点击，点击后停留在当前页面说明处于禁用状态
2026-05-08 20:42:36,663 - INFO - 🎉 测试用例102202执行成功！
2026-05-08 20:42:36,663 - INFO - ✅ 验证"Next"按钮，初始状态为浅色，不可点击：点击后仍停留在当前页面
2026-05-08 20:42:38,698 - INFO - ✅ 报告已生成: /Users/ambrose.chen/Desktop/iot/project/APP外壳/2测试报告/platform/ios_20260508_204146/ios_20260508_204146_report.xlsx
