2026-05-18 19:10:13,060 - INFO - 🔄 步骤1: 重启APP
2026-05-18 19:10:13,061 - INFO -     🔄 driver.terminate_app / activate_app: com.xingmai.tech
2026-05-18 19:10:18,015 - INFO -     ✅ APP 已重启
2026-05-18 19:10:18,016 - INFO - ✅ 步骤1: 重启APP - 完成
2026-05-18 19:10:18,017 - INFO - 🔄 步骤2: 检测登录状态并确保在登录/注册入口页
2026-05-18 19:10:18,020 - INFO -     🔄 检测已登录元素: //android.view.View[@content-desc="More"]
2026-05-18 19:10:18,265 - INFO -     🔄 检测已登录元素: //*[@content-desc="More"]
2026-05-18 19:10:18,879 - INFO -     ℹ️ 未检测到 More，判定未登录
2026-05-18 19:10:18,879 - INFO -     🔄 等待登录/注册入口页: //*[(@text="Sign In" or @text="Sign Up") or contains(@text,"Sign In") or contains(@text,"Sign Up") or @content-desc="Sign In" or @content-desc="Sign Up"]
2026-05-18 19:10:18,930 - INFO -     ✅ 已处于登录/注册入口页
2026-05-18 19:10:18,931 - INFO - ✅ 步骤2: 检测登录状态并确保在登录/注册入口页 - 完成
2026-05-18 19:10:18,931 - INFO - 🔄 步骤3: 点击 Sign In 进入登录页
2026-05-18 19:10:18,931 - INFO -     🔄 定位 Sign In: //android.widget.TextView[@text="Sign In"]
2026-05-18 19:10:18,989 - INFO -     ✅ 找到 Sign In: //android.widget.TextView[@text="Sign In"]
2026-05-18 19:10:19,614 - INFO - ✅ 步骤3: 点击 Sign In 进入登录页 - 完成
2026-05-18 19:10:21,123 - INFO - 🔄 步骤4: 点击 User Agreement（免责声明内超链接，非整句 TextView）
2026-05-18 19:10:21,124 - INFO -     🔄 _tap_user_agreement_on_sign_in_disclaimer（换行时优先点第二行左侧 User Agreement）
2026-05-18 19:10:29,773 - INFO - ✅ 步骤4: 点击 User Agreement（免责声明内超链接，非整句 TextView） - 完成
2026-05-18 19:10:29,774 - INFO - 🔄 步骤5: 点击返回
2026-05-18 19:10:31,884 - INFO - ✅ 步骤5: 点击返回 - 完成
2026-05-18 19:10:31,884 - INFO - 🔄 步骤6: 断言免责声明整句
2026-05-18 19:10:31,955 - INFO - ✅ 步骤6: 断言免责声明整句 - 完成
2026-05-18 19:10:31,956 - INFO - 🎉 测试用例 200013 执行成功！
2026-05-18 19:10:31,980 - INFO - ✅ 报告已生成: /Users/ambrose.chen/Desktop/iot/project/APP外壳/2测试报告/platform/android_20260518_191007/android_20260518_191007_report.xlsx
