2026-05-12 10:33:50,462 - INFO - 🔄 步骤0: 登出，确保从登出状态开始测试
2026-05-12 10:33:50,463 - INFO - 开始登出流程...
2026-05-12 10:34:21,348 - INFO - 未检测到home sel/mine sel/mine，跳过登出流程
2026-05-12 10:34:21,349 - INFO - ✅ 步骤0: 登出，确保从登出状态开始测试 - 完成
2026-05-12 10:34:23,354 - INFO - 🔄 步骤1: 验证在APP首页（登录页面）
2026-05-12 10:34:23,508 - INFO - ✅ 步骤1: 验证在APP首页（登录页面） - 完成，确认在APP首页（登录页面）
2026-05-12 10:34:25,513 - INFO - 🔄 步骤2: 点击Sign Up按钮进入注册页面
2026-05-12 10:34:26,472 - INFO - ✅ 步骤2: 点击Sign Up按钮进入注册页面 - 完成
2026-05-12 10:34:29,475 - INFO - 🔄 步骤3: 验证进入Sign Up页面
2026-05-12 10:34:29,712 - INFO - ✅ 步骤3: 验证进入Sign Up页面 - 完成，确认已进入Sign Up注册页面
2026-05-12 10:34:31,716 - INFO - 🔄 步骤4: 点击国家栏下拉按钮
2026-05-12 10:34:32,803 - INFO - ✅ 步骤4: 点击国家栏下拉按钮 - 完成，已点击国家栏下拉按钮
2026-05-12 10:34:35,804 - INFO - 🔄 步骤5: 验证跳转至国家选择页面
2026-05-12 10:36:09,301 - INFO - 📝 国家页默认可见国家（前10个）: ['Afghanistan', 'Albania', 'Algeria', 'American Samoa', 'Andorra', 'Angola', 'Anguilla', 'Antigua and Barbuda', 'Argentina', 'Armenia']
2026-05-12 10:36:09,302 - INFO - ✅ 步骤5: 验证跳转至国家选择页面 - 完成，确认已跳转至国家选择页面
2026-05-12 10:36:11,303 - INFO - 🔄 步骤6: 点击搜索框并输入Z
2026-05-12 10:36:47,475 - INFO - ✅ 步骤6: 点击搜索框并输入Z - 完成，已输入Z
2026-05-12 10:36:50,481 - INFO - 🔄 步骤7: 验证搜索到Z相关的所有国家（模糊搜索）
2026-05-12 10:37:14,708 - INFO - 📝 搜索关键词: Z
2026-05-12 10:37:14,708 - INFO - 📝 找到的国家数量: 7
2026-05-12 10:37:14,708 - INFO - 📝 找到的国家（前20个）: ['Azerbaijan', 'Belize', 'Bosnia and Herzegovina', 'Brazil', 'Congo - Brazzaville', 'Czech Republic', 'Kazakstan']
2026-05-12 10:37:14,708 - INFO - ✅ 步骤7: 验证搜索到Z相关的所有国家（模糊搜索） - 完成，找到 7 个匹配的国家
2026-05-12 10:37:14,708 - INFO - ✅ 所有找到的国家都包含字母'Z'，模糊搜索验证通过
2026-05-12 10:37:16,714 - INFO - 🎉 测试用例102188执行成功！
2026-05-12 10:37:16,714 - INFO - ✅ 注册页面国家切换-搜索框根据首字母搜索国家
2026-05-12 10:37:18,745 - INFO - ✅ 报告已生成: /Users/ambrose.chen/Desktop/iot/project/APP外壳/2测试报告/platform/ios_20260512_103348/ios_20260512_103348_report.xlsx
