2026-05-07 21:43:54,628 - INFO - 🔄 步骤0: 登出，确保从登出状态开始测试
2026-05-07 21:43:54,629 - INFO - 开始登出流程...
2026-05-07 21:44:25,536 - INFO - 未检测到home sel/mine sel/mine，跳过登出流程
2026-05-07 21:44:25,536 - INFO - ✅ 步骤0: 登出，确保从登出状态开始测试 - 完成
2026-05-07 21:44:27,547 - INFO - 🔄 步骤1: 验证在APP首页（登录页面）
2026-05-07 21:44:27,707 - INFO - ✅ 步骤1: 验证在APP首页（登录页面） - 完成，确认在APP首页（登录页面）
2026-05-07 21:44:29,714 - INFO - 🔄 步骤2: 点击Sign Up按钮进入注册页面
2026-05-07 21:44:30,665 - INFO - ✅ 步骤2: 点击Sign Up按钮进入注册页面 - 完成
2026-05-07 21:44:33,676 - INFO - 🔄 步骤3: 验证进入Sign Up页面
2026-05-07 21:44:33,921 - INFO - ✅ 步骤3: 验证进入Sign Up页面 - 完成，确认已进入Sign Up注册页面
2026-05-07 21:44:35,926 - INFO - 🔄 步骤4: 邮箱输入错误格式
2026-05-07 21:44:37,735 - INFO - ✅ 步骤4: 邮箱输入错误格式 - 完成，输入错误邮箱: asd@gmail..
2026-05-07 21:44:39,745 - INFO - 🔄 步骤5: 勾选隐私政策和用户协议
2026-05-07 21:44:45,710 - INFO - ✅ 隐私政策复选框已勾选
2026-05-07 21:44:47,215 - INFO - 🔄 步骤5.1: 收起键盘（Done）
2026-05-07 21:44:48,507 - INFO - ✅ 已点击Done收起键盘
2026-05-07 21:44:49,517 - INFO - 🔄 步骤6: 点击Next按钮
2026-05-07 21:44:50,181 - INFO - ✅ 步骤6: 点击Next按钮 - 完成，已点击Next按钮
2026-05-07 21:44:52,186 - INFO - 🔄 步骤7: 验证停留当前页面并出现提示
2026-05-07 21:45:03,127 - INFO - ✅ 找到提示信息元素，选择器: //XCUIElementTypeStaticText[@name="Please sign up using your email address"]
2026-05-07 21:45:03,128 - INFO - ✅ 步骤7: 验证停留当前页面并出现提示 - 完成，提示信息: Please sign up using your email address
2026-05-07 21:45:05,132 - INFO - 🎉 测试用例102217执行成功！
2026-05-07 21:45:05,133 - INFO - ✅ 验证错误邮箱 asd@gmail.. 勾选隐私后点击Next，停留当前页并提示“Please sign up using your email address”
2026-05-07 21:45:07,170 - INFO - ✅ 报告已生成: /Users/ambrose.chen/Desktop/iot/project/APP外壳/2测试报告/platform/ios_20260507_214352/ios_20260507_214352_report.xlsx
