2026-05-12 10:01:34,602 - INFO - 🔄 步骤1: 重置APP，检测登录状态并登出
2026-05-12 10:01:40,522 - INFO -     ✅ APP已重置
2026-05-12 10:01:55,743 - INFO -     ℹ️ 未检测到登录状态，已在登录页面
2026-05-12 10:01:55,743 - INFO - ✅ 步骤1: 重置APP，检测登录状态并登出 - 完成
2026-05-12 10:01:55,743 - INFO - 🔄 步骤3: 点击登录按钮进入Sign in页面
2026-05-12 10:01:56,721 - INFO - ✅ 步骤3: 点击登录按钮进入Sign in页面 - 完成
2026-05-12 10:01:58,224 - INFO - 🔄 步骤4: 点击邮箱框，输入邮箱
2026-05-12 10:02:38,935 - INFO -     ✅ 邮箱输入完成: haoc51888@gmail.com
2026-05-12 10:02:39,938 - INFO - ✅ 步骤4: 点击邮箱框，输入邮箱 - 完成
2026-05-12 10:02:39,938 - INFO - 🔄 步骤5: 点击密码框，输入密码
2026-05-12 10:03:21,261 - INFO -     ✅ 密码输入完成
2026-05-12 10:03:22,264 - INFO - ✅ 步骤5: 点击密码框，输入密码 - 完成
2026-05-12 10:03:22,264 - INFO - 🔄 步骤6: 点击键盘Done，收起键盘
2026-05-12 10:03:23,477 - INFO - ✅ 步骤6: 点击键盘Done，收起键盘 - 完成
2026-05-12 10:03:24,481 - INFO - 🔄 步骤7: 点击协议勾选框
2026-05-12 10:03:25,240 - INFO - ✅ 步骤7: 点击协议勾选框 - 完成
2026-05-12 10:03:26,245 - INFO - 🔄 步骤8: 点击登录按钮
2026-05-12 10:03:27,068 - INFO - ✅ 步骤8: 点击登录按钮 - 完成
2026-05-12 10:03:27,068 - INFO -     ⏳ 等待登录跳转（4.0s）…
2026-05-12 10:03:31,073 - INFO - 🔄 步骤9: 断言登录成功
2026-05-12 10:03:31,369 - INFO -     ✅ 已检测到底部 Mine Tab，登录成功
2026-05-12 10:03:31,369 - INFO - ✅ 步骤9: 断言登录成功 - 完成，登录成功
2026-05-12 10:03:31,370 - INFO - 🎉 测试用例102667执行成功！
2026-05-12 10:03:31,395 - INFO - ✅ 报告已生成: /Users/ambrose.chen/Desktop/iot/project/APP外壳/2测试报告/platform/ios_20260512_100132/ios_20260512_100132_report.xlsx
