2026-05-07 22:17:31,031 - INFO - 🔄 步骤0: 登出，确保从登出状态开始测试
2026-05-07 22:17:31,031 - INFO - 开始登出流程...
2026-05-07 22:18:01,922 - INFO - 未检测到home sel/mine sel/mine，跳过登出流程
2026-05-07 22:18:01,922 - INFO - ✅ 步骤0: 登出，确保从登出状态开始测试 - 完成
2026-05-07 22:18:03,933 - INFO - 🔄 步骤1: 验证在APP首页（登录页面）
2026-05-07 22:18:04,086 - INFO - ✅ 步骤1: 验证在APP首页（登录页面） - 完成，确认在APP首页（登录页面）
2026-05-07 22:18:06,092 - INFO - 🔄 步骤2: 点击Sign Up按钮进入注册页面
2026-05-07 22:18:07,060 - INFO - ✅ 步骤2: 点击Sign Up按钮进入注册页面 - 完成
2026-05-07 22:18:10,062 - INFO - 🔄 步骤3: 验证进入Sign Up页面
2026-05-07 22:18:10,289 - INFO - ✅ 步骤3: 验证进入Sign Up页面 - 完成，确认已进入Sign Up注册页面
2026-05-07 22:18:12,294 - INFO - 🔄 步骤4: 输入邮箱
2026-05-07 22:18:12,298 - INFO - 📧 生成简单邮箱地址: testuser125@163.com
2026-05-07 22:18:14,347 - INFO - ✅ 步骤4: 输入邮箱 - 完成，邮箱: testuser125@163.com
2026-05-07 22:18:16,357 - INFO - 🔄 步骤5: 勾选隐私政策和用户协议
2026-05-07 22:18:22,326 - INFO - ✅ 隐私政策复选框已勾选
2026-05-07 22:18:23,829 - INFO - 🔄 步骤5.1: 收起键盘（Done）
2026-05-07 22:18:25,108 - INFO - ✅ 已点击Done收起键盘
2026-05-07 22:18:26,114 - INFO - 🔄 步骤6: 点击Next进入set password页面
2026-05-07 22:18:26,832 - INFO - ✅ 步骤6: 点击Next进入set password页面 - 完成，已点击Next按钮
2026-05-07 22:18:29,834 - INFO - 🔄 步骤7: 验证进入set password页面
2026-05-07 22:18:30,131 - INFO - ✅ 成功进入set password页面
2026-05-07 22:18:31,638 - INFO - 🔄 步骤8: 输入密码并明文显示
2026-05-07 22:18:33,286 - INFO - ✅ 已输入密码: Csx150128
2026-05-07 22:18:35,276 - INFO - ✅ 第一次点击显示密码按钮（明文）
2026-05-07 22:18:36,619 - INFO - 📝 明文时value: 'Csx150128', type: 'XCUIElementTypeTextField'
2026-05-07 22:18:37,116 - INFO - ✅ 第二次点击显示密码按钮（隐藏）
2026-05-07 22:18:38,463 - INFO - 📝 隐藏后value: '•••••••••', type: 'XCUIElementTypeSecureTextField'
2026-05-07 22:18:38,464 - INFO - ✅ 明文后再次隐藏成功
2026-05-07 22:18:39,468 - INFO - 🎉 测试用例102242执行成功！
2026-05-07 22:18:39,469 - INFO - ✅ 明文显示后可再次隐藏密文校验通过
2026-05-07 22:18:41,508 - INFO - ✅ 报告已生成: /Users/ambrose.chen/Desktop/iot/project/APP外壳/2测试报告/platform/ios_20260507_221729/ios_20260507_221729_report.xlsx
