2026-05-18 17:33:49,537 - INFO - 🔄 步骤1: 重启APP
2026-05-18 17:33:49,539 - INFO -     🔄 driver.terminate_app / activate_app: com.xingmai.tech
2026-05-18 17:33:54,487 - INFO -     ✅ APP 已重启
2026-05-18 17:33:54,488 - INFO - ✅ 步骤1: 重启APP - 完成
2026-05-18 17:33:54,488 - INFO - 🔄 步骤2: 检测登录状态并确保在登录/注册入口页
2026-05-18 17:33:54,496 - INFO -     🔄 检测已登录元素: //android.view.View[@content-desc="More"]
2026-05-18 17:33:54,621 - INFO -     🔄 检测已登录元素: //*[@content-desc="More"]
2026-05-18 17:33:55,244 - INFO -     ℹ️ 未检测到 More，判定未登录
2026-05-18 17:33:55,244 - INFO -     🔄 等待登录/注册入口页: //*[(@text="Sign In" or @text="Sign Up") or contains(@text,"Sign In") or contains(@text,"Sign Up") or @content-desc="Sign In" or @content-desc="Sign Up"]
2026-05-18 17:33:55,290 - INFO -     ✅ 已处于登录/注册入口页
2026-05-18 17:33:55,290 - INFO - ✅ 步骤2: 检测登录状态并确保在登录/注册入口页 - 完成
2026-05-18 17:33:55,290 - INFO - 🔄 步骤3: 点击 Sign In 进入登录页
2026-05-18 17:33:55,290 - INFO -     🔄 定位 Sign In: //android.widget.TextView[@text="Sign In"]
2026-05-18 17:33:55,372 - INFO -     ✅ 找到 Sign In: //android.widget.TextView[@text="Sign In"]
2026-05-18 17:33:56,007 - INFO - ✅ 步骤3: 点击 Sign In 进入登录页 - 完成
2026-05-18 17:33:57,513 - INFO - 🔄 步骤4: 勾选用户协议与隐私政策
2026-05-18 17:33:57,514 - INFO -     🔄 定位: //android.widget.ImageView[@content-desc="checkbox"]
2026-05-18 17:33:58,044 - INFO - ✅ 步骤4: 勾选用户协议与隐私政策 - 完成
2026-05-18 17:33:58,045 - INFO - 🔄 步骤5: 点击 Next 登录
2026-05-18 17:33:58,045 - INFO -     🔄 定位: //android.widget.ImageView[@content-desc="next"]
2026-05-18 17:33:59,389 - INFO - ✅ 步骤5: 点击 Next 登录 - 完成
2026-05-18 17:33:59,390 - INFO - 🔄 步骤6: 断言提示文案
2026-05-18 17:33:59,390 - INFO -     🔄 期望文案: Please enter a valid email address.
2026-05-18 17:33:59,458 - INFO -     ✅ 已显示提示
2026-05-18 17:33:59,458 - INFO - ✅ 步骤6: 断言提示文案 - 完成
2026-05-18 17:33:59,458 - INFO - 🎉 测试用例 200008 执行成功！
2026-05-18 17:33:59,481 - INFO - ✅ 报告已生成: /Users/ambrose.chen/Desktop/iot/project/APP外壳/2测试报告/platform/android_20260518_173346/android_20260518_173346_report.xlsx
