2026-05-20 11:54:59,701 - INFO - 🔄 步骤1: 重启APP
2026-05-20 11:55:04,593 - INFO - ✅ 步骤1: 重启APP - 完成
2026-05-20 11:55:04,593 - INFO - 🔄 步骤2: 检测登录状态并确保在登录/注册入口页
2026-05-20 11:55:04,883 - INFO -     [登出] 开始登出流程...
2026-05-20 11:55:04,884 - INFO -     [登出] 步骤1: 检查页面是否有 More 按钮
2026-05-20 11:55:04,945 - INFO -     [登出] ✅ 检测到 More 按钮: //android.view.View[@content-desc="More"]
2026-05-20 11:55:04,946 - INFO -     [登出] 步骤2: 点击 More 按钮，进入 more 页面
2026-05-20 11:55:05,005 - INFO -     [登出] ✅ 已点击 More 按钮 (使用: //android.view.View[@content-desc="More"])
2026-05-20 11:55:07,007 - INFO -     [登出] 步骤3: 点击 edit 按钮
2026-05-20 11:55:07,120 - INFO -     [登出] ✅ 已点击 edit 按钮
2026-05-20 11:55:09,122 - INFO -     [登出] 步骤4: 点击 Log Out 按钮
2026-05-20 11:55:09,281 - INFO -     [登出] ✅ 已点击 Log Out 按钮
2026-05-20 11:55:10,782 - INFO -     [登出] 步骤5: 点击 Confirm 按钮，确认登出
2026-05-20 11:55:12,497 - INFO -     [登出] ✅ 已点击 Confirm 按钮
2026-05-20 11:55:20,542 - INFO -     [登出] ⚠️ 登出完成，但无法确认是否已返回登录页面
2026-05-20 11:55:20,542 - INFO -     [登出] ✅ 登出流程完成
2026-05-20 11:55:22,599 - INFO - ✅ 步骤2: 检测登录状态并确保在登录/注册入口页 - 完成
2026-05-20 11:55:22,599 - INFO - 🔄 步骤3: 点击 Sign Up 进入注册页
2026-05-20 11:55:24,883 - INFO - ✅ 步骤3: 点击 Sign Up 进入注册页 - 完成
2026-05-20 11:55:24,887 - INFO - 📧 生成简单邮箱地址: testuser360@163.com
2026-05-20 11:55:24,888 - INFO - 🔄 步骤4: 输入不符合规则的密码
2026-05-20 11:56:10,709 - INFO - ✅ 步骤4: 输入不符合规则的密码 - 完成
2026-05-20 11:56:10,710 - INFO - 🎉 测试用例 200069 执行成功！
2026-05-20 11:56:10,738 - INFO - ✅ 报告已生成: /Users/ambrose.chen/Desktop/iot/project/APP外壳/2测试报告/platform/android_20260520_115457/android_20260520_115457_report.xlsx
