2026-05-12 11:35:36,527 - INFO - 🔄 步骤0: 登出，确保从登出状态开始测试
2026-05-12 11:35:36,527 - INFO - 开始登出流程...
2026-05-12 11:35:36,763 - INFO - 检测到home sel元素
2026-05-12 11:35:48,140 - INFO - ✅ 点击mine按钮: //XCUIElementTypeButton[@name="mine"]
2026-05-12 11:35:50,339 - INFO - ✅ 点击CommonEdit编辑按钮: //XCUIElementTypeButton[@name="CommonEdit"]
2026-05-12 11:35:52,520 - INFO - ✅ 点击Log Out: //XCUIElementTypeButton[@name="Log Out"]
2026-05-12 11:35:54,711 - INFO - ✅ 点击Confirm: //XCUIElementTypeButton[@name="Confirm"]
2026-05-12 11:35:56,213 - INFO - 登出操作完成
2026-05-12 11:35:56,540 - INFO - ✅ 成功回到登录页面
2026-05-12 11:35:56,541 - INFO - ✅ 步骤0: 登出，确保从登出状态开始测试 - 完成
2026-05-12 11:35:58,542 - INFO - 🔄 步骤1: 验证在APP首页（登录页面）
2026-05-12 11:35:58,717 - INFO - ✅ 步骤1: 验证在APP首页（登录页面） - 完成，确认在APP首页（登录页面）
2026-05-12 11:36:00,720 - INFO - 🔄 步骤2: 点击Sign Up按钮进入注册页面
2026-05-12 11:36:01,709 - INFO - ✅ 步骤2: 点击Sign Up按钮进入注册页面 - 完成
2026-05-12 11:36:04,714 - INFO - 🔄 步骤3: 验证进入Sign Up页面
2026-05-12 11:36:04,960 - INFO - ✅ 步骤3: 验证进入Sign Up页面 - 完成，确认已进入Sign Up注册页面
2026-05-12 11:36:06,964 - INFO - 🔄 步骤4: 输入邮箱
2026-05-12 11:36:06,968 - INFO - 📧 生成简单邮箱地址: testuser279@163.com
2026-05-12 11:36:08,917 - INFO - ✅ 步骤4: 输入邮箱 - 完成，邮箱: testuser279@163.com
2026-05-12 11:36:10,922 - INFO - 🔄 步骤5: 勾选隐私政策和用户协议
2026-05-12 11:36:17,041 - INFO - ✅ 隐私政策复选框已勾选
2026-05-12 11:36:18,543 - INFO - 🔄 步骤5.1: 收起键盘（Done）
2026-05-12 11:36:19,839 - INFO - ✅ 已点击Done收起键盘
2026-05-12 11:36:20,846 - INFO - 🔄 步骤6: 点击Next进入set password页面
2026-05-12 11:36:21,579 - INFO - ✅ 步骤6: 点击Next进入set password页面 - 完成，已点击Next按钮
2026-05-12 11:36:24,585 - INFO - 🔄 步骤7: 验证进入set password页面
2026-05-12 11:36:24,894 - INFO - ✅ 成功进入set password页面
2026-05-12 11:36:26,398 - INFO - 🔄 步骤8: 输入密码并确认
2026-05-12 11:36:28,243 - INFO - ✅ 已输入密码: XINGMAI123456
2026-05-12 11:36:30,329 - INFO - ✅ 已输入确认密码: XINGMAI123456
2026-05-12 11:36:32,546 - INFO - ✅ 密码页已点击Done收起键盘
2026-05-12 11:36:33,549 - INFO - 🔄 步骤9: 点击Next进入用户名页面
2026-05-12 11:36:34,538 - INFO - ✅ 已点击密码页Next按钮
2026-05-12 11:36:37,541 - INFO - 🔄 步骤10: 用户名页面点击Skip并验证主页面
2026-05-12 11:36:50,497 - INFO - ✅ 找到Skip元素: //XCUIElementTypeButton[@name="Skip"]
2026-05-12 11:36:50,915 - INFO - ✅ 已点击Skip跳过用户名
2026-05-12 11:36:54,139 - INFO - ✅ 主页面标识元素存在: //XCUIElementTypeButton[@name="home sel"]
2026-05-12 11:36:55,141 - INFO - 🎉 测试用例102233执行成功！
2026-05-12 11:36:55,142 - INFO - ✅ 数字+大写密码可正常跳转，成功到主页面
2026-05-12 11:36:57,172 - INFO - ✅ 报告已生成: /Users/ambrose.chen/Desktop/iot/project/APP外壳/2测试报告/platform/ios_20260512_113534/ios_20260512_113534_report.xlsx
