2026-05-11 19:53:48,431 - INFO - 🔄 步骤0: 登出，确保从登出状态开始测试
2026-05-11 19:53:48,431 - INFO - 开始登出流程...
2026-05-11 19:54:19,350 - INFO - 未检测到home sel/mine sel/mine，跳过登出流程
2026-05-11 19:54:19,352 - INFO - ✅ 步骤0: 登出，确保从登出状态开始测试 - 完成
2026-05-11 19:54:21,361 - INFO - 🔄 步骤1: 验证在APP首页（登录页面）
2026-05-11 19:54:21,528 - INFO - ✅ 步骤1: 验证在APP首页（登录页面） - 完成，确认在APP首页（登录页面）
2026-05-11 19:54:23,538 - INFO - 🔄 步骤2: 点击Sign Up按钮
2026-05-11 19:54:24,498 - INFO - ✅ 步骤2: 点击Sign Up按钮 - 完成
2026-05-11 19:54:27,499 - INFO - 🔄 步骤3: 确认进入了Sign Up页面
2026-05-11 19:54:27,998 - INFO - ✅ 步骤3: 确认进入了Sign Up页面 - 完成
2026-05-11 19:54:27,998 - INFO - ✅ 确认已成功进入Sign Up注册页面
2026-05-11 19:54:27,998 - INFO - 📝 找到Sign Up文本元素: Sign Up
2026-05-11 19:54:30,004 - INFO - 🔄 步骤4: 点击左上角返回按钮
2026-05-11 19:54:31,064 - INFO - ✅ 步骤4: 点击左上角返回按钮 - 完成，已点击返回按钮
2026-05-11 19:54:34,074 - INFO - 🔄 步骤5: 验证回到APP首页面
2026-05-11 19:54:34,418 - INFO - ✅ 步骤5: 验证回到APP首页面 - 完成
2026-05-11 19:54:34,418 - INFO - ✅ 确认已成功返回APP首页（登录页面）
2026-05-11 19:54:34,418 - INFO - 📝 找到Sign Up按钮: Sign Up
2026-05-11 19:54:36,424 - INFO - 🎉 测试用例102182执行成功！
2026-05-11 19:54:36,425 - INFO - ✅ 点击返回按钮后能够正常返回到APP首页
2026-05-11 19:54:38,473 - INFO - ✅ 报告已生成: /Users/ambrose.chen/Desktop/iot/project/APP外壳/2测试报告/platform/ios_20260511_195346/ios_20260511_195346_report.xlsx
