2026-05-11 10:21:44,486 - INFO - 🔄 步骤1: 重启APP并处理登录状态
2026-05-11 10:22:05,728 - INFO - ✅ 步骤1: 重启APP并处理登录状态 - 完成
2026-05-11 10:22:05,729 - INFO - 🔄 步骤2: 点击Sign In进入登录页
2026-05-11 10:22:08,668 - INFO - ✅ 步骤2: 点击Sign In进入登录页 - 完成
2026-05-11 10:22:08,668 - INFO - 🔄 步骤3: 点击Forgot password进入忘记密码页
2026-05-11 10:22:11,713 - INFO - ✅ 步骤3: 点击Forgot password进入忘记密码页 - 完成
2026-05-11 10:22:11,714 - INFO - 🔄 步骤4: 输入邮箱并点击Next进入验证码页
2026-05-11 10:22:19,885 - INFO - ✅ 步骤4: 输入邮箱并点击Next进入验证码页 - 完成，邮箱: haoc51888@gmail.com
2026-05-11 10:22:19,885 - INFO - 🔄 步骤5: Gmail获取最新验证码code
2026-05-11 10:24:03,124 - INFO - ✅ 步骤5: Gmail获取最新验证码code - 完成，code: 771182
2026-05-11 10:24:03,126 - INFO - 🔄 步骤6: 输入验证码进入Set Password页
2026-05-11 10:24:12,520 - INFO - ✅ 步骤6: 输入验证码进入Set Password页 - 完成
2026-05-11 10:24:12,520 - INFO - 🔄 步骤7: 输入<6位密码
2026-05-11 10:24:16,092 - INFO - ✅ 步骤7: 输入<6位密码 - 完成（short_pwd: Csx15）
2026-05-11 10:24:16,092 - INFO - 🔄 步骤8: 断言密码规则提示/颜色（参考102224）
2026-05-11 10:24:16,494 - INFO - 📝 规则提示: • 6-20 characters 颜色: None
2026-05-11 10:24:16,890 - INFO - 📝 规则提示: • contains letters 颜色: None
2026-05-11 10:24:17,286 - INFO - 📝 规则提示: • contains numbers 颜色: None
2026-05-11 10:24:17,679 - INFO - 📝 规则提示: • Supports special characters:! @ # $ % ^ & * ( ) - _ = + \ | [ ] { } ; : / ? . , ~ > < ` 颜色: None
2026-05-11 10:24:17,679 - INFO - ✅ 步骤8: 断言密码规则提示/颜色（参考102224） - 完成
2026-05-11 10:24:17,679 - INFO - 🔄 步骤9: Done收起键盘，点击Submit仍停留Set Password页
2026-05-11 10:24:19,587 - INFO - ✅ 步骤9: Done收起键盘，点击Submit仍停留Set Password页 - 完成
2026-05-11 10:24:19,588 - INFO - 🎉 测试用例102146执行成功！
2026-05-11 10:24:21,617 - INFO - ✅ 报告已生成: /Users/ambrose.chen/Desktop/iot/project/APP外壳/2测试报告/platform/ios_20260511_102142/ios_20260511_102142_report.xlsx
