2026-05-18 17:35:18,014 - INFO - 🔄 步骤1: 重启APP
2026-05-18 17:35:18,014 - INFO -     🔄 driver.terminate_app / activate_app: com.xingmai.tech
2026-05-18 17:35:22,949 - INFO -     ✅ APP 已重启
2026-05-18 17:35:22,951 - INFO - ✅ 步骤1: 重启APP - 完成
2026-05-18 17:35:22,951 - INFO - 🔄 步骤2: 检测登录状态并确保在登录/注册入口页
2026-05-18 17:35:22,974 - INFO -     🔄 检测已登录元素: //android.view.View[@content-desc="More"]
2026-05-18 17:35:23,117 - INFO -     🔄 检测已登录元素: //*[@content-desc="More"]
2026-05-18 17:35:23,735 - INFO -     ℹ️ 未检测到 More，判定未登录
2026-05-18 17:35:23,735 - INFO -     🔄 等待登录/注册入口页: //*[(@text="Sign In" or @text="Sign Up") or contains(@text,"Sign In") or contains(@text,"Sign Up") or @content-desc="Sign In" or @content-desc="Sign Up"]
2026-05-18 17:35:23,791 - INFO -     ✅ 已处于登录/注册入口页
2026-05-18 17:35:23,791 - INFO - ✅ 步骤2: 检测登录状态并确保在登录/注册入口页 - 完成
2026-05-18 17:35:23,791 - INFO - 🔄 步骤3: 点击 Sign In 进入登录页
2026-05-18 17:35:23,791 - INFO -     🔄 定位 Sign In: //android.widget.TextView[@text="Sign In"]
2026-05-18 17:35:23,876 - INFO -     ✅ 找到 Sign In: //android.widget.TextView[@text="Sign In"]
2026-05-18 17:35:24,513 - INFO - ✅ 步骤3: 点击 Sign In 进入登录页 - 完成
2026-05-18 17:35:26,017 - INFO - 🔄 步骤4: 点击 User Agreement
2026-05-18 17:35:27,394 - INFO - ❌ 步骤4: 点击 User Agreement失败: name '_x_ratio_for_phrase_in_line' is not defined
2026-05-18 17:35:27,398 - INFO - Traceback (most recent call last):

2026-05-18 17:35:27,399 - INFO -   File "/Users/ambrose.chen/Desktop/iot/project/APP外壳/3功能/1平台/Android/1登录/200013验证点击用户协议中，点击返回.py", line 792, in test_200013
    _tap_user_agreement_on_sign_in_disclaimer(driver, timeout_s=18)

2026-05-18 17:35:27,399 - INFO -   File "/Users/ambrose.chen/Desktop/iot/project/APP外壳/3功能/1平台/Android/1登录/200013验证点击用户协议中，点击返回.py", line 437, in _tap_user_agreement_on_sign_in_disclaimer
    base_ratio = _x_ratio_for_phrase_in_line(text, USER_AGREEMENT_LINK_PHRASE)
                 ^^^^^^^^^^^^^^^^^^^^^^^^^^^

2026-05-18 17:35:27,399 - INFO - NameError: name '_x_ratio_for_phrase_in_line' is not defined

2026-05-18 17:35:27,951 - INFO - 已保存test_200013_failed失败截图: screenshots/test_200013_failed_1779096927.png
2026-05-18 17:35:27,979 - INFO - ✅ 报告已生成: /Users/ambrose.chen/Desktop/iot/project/APP外壳/2测试报告/platform/android_20260518_173514/android_20260518_173514_report.xlsx
