2026-05-11 21:05:54,903 - INFO - 🔄 步骤0: 登出，确保从登出状态开始测试
2026-05-11 21:05:54,904 - INFO - 开始登出流程...
2026-05-11 21:06:25,797 - INFO - 未检测到home sel/mine sel/mine，跳过登出流程
2026-05-11 21:06:25,798 - INFO - ✅ 步骤0: 登出，确保从登出状态开始测试 - 完成
2026-05-11 21:06:27,806 - INFO - 🔄 步骤1: 验证在APP首页（登录页面）
2026-05-11 21:06:27,967 - INFO - ✅ 步骤1: 验证在APP首页（登录页面） - 完成，确认在APP首页（登录页面）
2026-05-11 21:06:29,971 - INFO - 🔄 步骤2: 点击Sign Up按钮进入注册页面
2026-05-11 21:06:30,939 - INFO - ✅ 步骤2: 点击Sign Up按钮进入注册页面 - 完成
2026-05-11 21:06:33,941 - INFO - 🔄 步骤3: 验证进入Sign Up页面
2026-05-11 21:06:34,175 - INFO - ✅ 步骤3: 验证进入Sign Up页面 - 完成，确认已进入Sign Up注册页面
2026-05-11 21:06:36,184 - INFO - 🔄 步骤4: 输入邮箱
2026-05-11 21:06:36,188 - INFO - 📧 生成简单邮箱地址: testuser241@163.com
2026-05-11 21:06:38,078 - INFO - ✅ 步骤4: 输入邮箱 - 完成，邮箱: testuser241@163.com
2026-05-11 21:06:40,086 - INFO - 🔄 步骤5: 勾选隐私政策和用户协议
2026-05-11 21:06:46,214 - INFO - ✅ 隐私政策复选框已勾选
2026-05-11 21:06:47,722 - INFO - 🔄 步骤5.1: 收起键盘（Done）
2026-05-11 21:06:49,006 - INFO - ✅ 已点击Done收起键盘
2026-05-11 21:06:50,016 - INFO - 🔄 步骤6: 点击Next进入set password页面
2026-05-11 21:06:50,712 - INFO - ✅ 步骤6: 点击Next进入set password页面 - 完成，已点击Next按钮
2026-05-11 21:06:53,719 - INFO - 🔄 步骤7: 验证进入set password页面
2026-05-11 21:06:54,011 - INFO - ✅ 成功进入set password页面
2026-05-11 21:06:55,520 - INFO - 🔄 步骤8: 输入纯大写密码并验证规则颜色
2026-05-11 21:06:57,356 - INFO - ✅ 已输入密码: XINGMAI
2026-05-11 21:06:59,314 - INFO - ✅ 已输入确认密码: XINGMAI
2026-05-11 21:07:00,723 - INFO - 📝 规则提示: • 6-20 characters 颜色: None
2026-05-11 21:07:01,114 - INFO - 📝 规则提示: • contains letters 颜色: None
2026-05-11 21:07:01,507 - INFO - 📝 规则提示: • contains numbers 颜色: None
2026-05-11 21:07:01,898 - INFO - 📝 规则提示: • Supports special characters:! @ # $ % ^ & * ( ) - _ = + \ | [ ] { } ; : / ? . , ~ > < ` 颜色: None
2026-05-11 21:07:03,093 - INFO - ✅ 密码页已点击Done收起键盘
2026-05-11 21:07:04,101 - INFO - 🔄 步骤9: 点击Next验证仍停留在set password页面
2026-05-11 21:07:04,790 - INFO - ✅ 已尝试点击密码页Next按钮（应无跳转）
2026-05-11 21:07:07,106 - INFO - ✅ 点击后仍停留在set password页面，Next按钮不可使页面跳转
2026-05-11 21:07:08,111 - INFO - 🎉 测试用例102230执行成功！
2026-05-11 21:07:08,112 - INFO - ✅ 纯大写密码规则提示符合预期，Next不可跳转
2026-05-11 21:07:10,145 - INFO - ✅ 报告已生成: /Users/ambrose.chen/Desktop/iot/project/APP外壳/2测试报告/platform/ios_20260511_210553/ios_20260511_210553_report.xlsx
