2026-05-20 14:08:26,597 - INFO - 🔄 步骤1: 重置APP，检测登录状态并登出
2026-05-20 14:08:32,483 - INFO -     ✅ APP已重置
2026-05-20 14:08:47,689 - INFO -     ℹ️ 未检测到登录状态，已在登录页面
2026-05-20 14:08:47,690 - INFO - ✅ 步骤1: 重置APP，检测登录状态并登出 - 完成
2026-05-20 14:08:47,690 - INFO - 🔄 步骤2: 点击登录按钮进入Sign in页面
2026-05-20 14:08:48,677 - INFO - ✅ 步骤2: 点击登录按钮进入Sign in页面 - 完成
2026-05-20 14:08:50,180 - INFO - 🔄 步骤3: 点击邮箱框，输入邮箱
2026-05-20 14:09:30,881 - INFO -     ✅ 邮箱输入完成: haoc51888@gmail.com
2026-05-20 14:09:31,885 - INFO - ✅ 步骤3: 点击邮箱框，输入邮箱 - 完成
2026-05-20 14:09:31,885 - INFO - 🔄 步骤4: 点击键盘Done，收起键盘
2026-05-20 14:09:33,128 - INFO - ✅ 步骤4: 点击键盘Done，收起键盘 - 完成
2026-05-20 14:09:34,131 - INFO - 🔄 步骤5: 验证密码输入框为空（不输入密码）
2026-05-20 14:09:34,386 - INFO -     ✅ 密码输入框为空
2026-05-20 14:09:34,387 - INFO - ✅ 步骤5: 验证密码输入框为空（不输入密码） - 完成，密码输入框为空
2026-05-20 14:09:34,387 - INFO - 🔄 步骤6: 点击登录按钮（不勾选用户协议和隐私政策，不输入密码）
2026-05-20 14:09:35,203 - INFO - ✅ 步骤6: 点击登录按钮（不勾选用户协议和隐私政策，不输入密码） - 完成
2026-05-20 14:09:37,207 - INFO - 🔄 步骤7: 断言页面显示错误提示信息
2026-05-20 14:09:37,550 - INFO -     ✅ 找到错误提示信息: Incorrect password. Please confirm and try again.
2026-05-20 14:09:37,550 - INFO - ✅ 步骤7: 断言页面显示错误提示信息 - 完成，错误提示信息已显示
2026-05-20 14:09:37,550 - INFO - 🎉 测试用例102656执行成功！
2026-05-20 14:09:37,580 - INFO - ✅ 报告已生成: /Users/ambrose.chen/Desktop/iot/project/APP外壳/2测试报告/platform/ios_20260520_140824/ios_20260520_140824_report.xlsx
