2026-05-11 20:33:24,441 - INFO - 🔄 步骤0: 登出，确保从登出状态开始测试
2026-05-11 20:33:24,441 - INFO - 开始登出流程...
2026-05-11 20:33:55,363 - INFO - 未检测到home sel/mine sel/mine，跳过登出流程
2026-05-11 20:33:55,364 - INFO - ✅ 步骤0: 登出，确保从登出状态开始测试 - 完成
2026-05-11 20:33:57,366 - INFO - 🔄 步骤1: 验证在APP首页（登录页面）
2026-05-11 20:33:57,534 - INFO - ✅ 步骤1: 验证在APP首页（登录页面） - 完成，确认在APP首页（登录页面）
2026-05-11 20:33:59,537 - INFO - 🔄 步骤2: 点击Sign Up按钮进入注册页面
2026-05-11 20:34:00,488 - INFO - ✅ 步骤2: 点击Sign Up按钮进入注册页面 - 完成
2026-05-11 20:34:03,496 - INFO - 🔄 步骤3: 验证进入Sign Up页面
2026-05-11 20:34:03,723 - INFO - ✅ 步骤3: 验证进入Sign Up页面 - 完成，确认已进入Sign Up注册页面
2026-05-11 20:34:05,730 - INFO - 🔄 步骤4: 输入邮箱
2026-05-11 20:34:05,734 - INFO - 📧 生成简单邮箱地址: testuser230@163.com
2026-05-11 20:34:07,722 - INFO - ✅ 步骤4: 输入邮箱 - 完成，邮箱: testuser230@163.com
2026-05-11 20:34:09,731 - INFO - 🔄 步骤5: 勾选隐私政策和用户协议
2026-05-11 20:34:15,845 - INFO - ✅ 隐私政策复选框已勾选
2026-05-11 20:34:17,349 - INFO - 🔄 步骤5.1: 收起键盘（Done）
2026-05-11 20:34:18,614 - INFO - ✅ 已点击Done收起键盘
2026-05-11 20:34:19,618 - INFO - 🔄 步骤6: 点击Next按钮
2026-05-11 20:34:20,322 - INFO - ✅ 步骤6: 点击Next按钮 - 完成，已点击Next按钮
2026-05-11 20:34:23,330 - INFO - 🔄 步骤7: 验证跳转到set password页面
2026-05-11 20:34:23,614 - INFO - ✅ 步骤7: 验证跳转到set password页面 - 完成
2026-05-11 20:34:23,614 - INFO - ✅ 验证通过：跳转到set password页面，用例执行成功
2026-05-11 20:34:25,622 - INFO - 🎉 测试用例102204执行成功！
2026-05-11 20:34:25,622 - INFO - ✅ 验证勾选隐私政策后再填邮箱，Next变深可点击且跳转到set password页面
2026-05-11 20:34:27,658 - INFO - ✅ 报告已生成: /Users/ambrose.chen/Desktop/iot/project/APP外壳/2测试报告/platform/ios_20260511_203322/ios_20260511_203322_report.xlsx
