2026-05-08 21:20:15,723 - INFO - 🔄 步骤0: 登出，确保从登出状态开始测试
2026-05-08 21:20:15,723 - INFO - 开始登出流程...
2026-05-08 21:20:15,944 - INFO - 检测到home sel元素
2026-05-08 21:20:27,283 - INFO - ✅ 点击mine按钮: //XCUIElementTypeButton[@name="mine"]
2026-05-08 21:20:29,467 - INFO - ✅ 点击CommonEdit编辑按钮: //XCUIElementTypeButton[@name="CommonEdit"]
2026-05-08 21:20:31,632 - INFO - ✅ 点击Log Out: //XCUIElementTypeButton[@name="Log Out"]
2026-05-08 21:20:33,797 - INFO - ✅ 点击Confirm: //XCUIElementTypeButton[@name="Confirm"]
2026-05-08 21:20:35,304 - INFO - 登出操作完成
2026-05-08 21:20:35,638 - INFO - ✅ 成功回到登录页面
2026-05-08 21:20:35,638 - INFO - ✅ 步骤0: 登出，确保从登出状态开始测试 - 完成
2026-05-08 21:20:37,642 - INFO - 🔄 步骤1: 验证在APP首页（登录页面）
2026-05-08 21:20:37,814 - INFO - ✅ 步骤1: 验证在APP首页（登录页面） - 完成，确认在APP首页（登录页面）
2026-05-08 21:20:39,818 - INFO - 🔄 步骤2: 点击Sign Up按钮进入注册页面
2026-05-08 21:20:40,768 - INFO - ✅ 步骤2: 点击Sign Up按钮进入注册页面 - 完成
2026-05-08 21:20:43,778 - INFO - 🔄 步骤3: 验证进入Sign Up页面
2026-05-08 21:20:44,005 - INFO - ✅ 步骤3: 验证进入Sign Up页面 - 完成，确认已进入Sign Up注册页面
2026-05-08 21:20:46,015 - INFO - 🔄 步骤4: 输入邮箱
2026-05-08 21:20:46,019 - INFO - 📧 生成简单邮箱地址: testuser172@163.com
2026-05-08 21:20:48,008 - INFO - ✅ 步骤4: 输入邮箱 - 完成，邮箱: testuser172@163.com
2026-05-08 21:20:50,012 - INFO - 🔄 步骤5: 勾选隐私政策和用户协议
2026-05-08 21:20:56,123 - INFO - ✅ 隐私政策复选框已勾选
2026-05-08 21:20:57,628 - INFO - 🔄 步骤5.1: 收起键盘（Done）
2026-05-08 21:20:58,872 - INFO - ✅ 已点击Done收起键盘
2026-05-08 21:20:59,883 - INFO - 🔄 步骤6: 点击Next进入set password页面
2026-05-08 21:21:00,732 - INFO - ✅ 步骤6: 点击Next进入set password页面 - 完成，已点击Next按钮
2026-05-08 21:21:03,741 - INFO - 🔄 步骤7: 验证进入set password页面
2026-05-08 21:21:04,010 - INFO - ✅ 成功进入set password页面
2026-05-08 21:21:05,521 - INFO - 🔄 步骤8: 输入密码并确认
2026-05-08 21:21:07,546 - INFO - ✅ 已输入密码: XINGMAI123456
2026-05-08 21:21:09,764 - INFO - ✅ 已输入确认密码: XINGMAI123456
2026-05-08 21:21:11,977 - INFO - ✅ 密码页已点击Done收起键盘
2026-05-08 21:21:12,985 - INFO - 🔄 步骤9: 点击Next进入用户名页面
2026-05-08 21:21:13,954 - INFO - ✅ 已点击密码页Next按钮
2026-05-08 21:21:16,960 - INFO - 🔄 步骤10: 用户名页面点击Skip并验证主页面
2026-05-08 21:21:29,397 - INFO - ✅ 找到Skip元素: //XCUIElementTypeButton[@name="Skip"]
2026-05-08 21:21:29,811 - INFO - ✅ 已点击Skip跳过用户名
2026-05-08 21:21:33,022 - INFO - ✅ 主页面标识元素存在: //XCUIElementTypeButton[@name="home sel"]
2026-05-08 21:21:34,028 - INFO - 🎉 测试用例102233执行成功！
2026-05-08 21:21:34,028 - INFO - ✅ 数字+大写密码可正常跳转，成功到主页面
2026-05-08 21:21:36,061 - INFO - ✅ 报告已生成: /Users/ambrose.chen/Desktop/iot/project/APP外壳/2测试报告/platform/ios_20260508_212013/ios_20260508_212013_report.xlsx
