2026-05-11 18:54:22,099 - INFO - 🔄 步骤0: 登出，确保从登出状态开始测试
2026-05-11 18:54:22,100 - INFO - 开始登出流程...
2026-05-11 18:54:22,366 - INFO - 检测到home sel元素
2026-05-11 18:54:33,769 - INFO - ✅ 点击mine按钮: //XCUIElementTypeButton[@name="mine"]
2026-05-11 18:54:35,932 - INFO - ✅ 点击CommonEdit编辑按钮: //XCUIElementTypeButton[@name="CommonEdit"]
2026-05-11 18:54:38,115 - INFO - ✅ 点击Log Out: //XCUIElementTypeButton[@name="Log Out"]
2026-05-11 18:54:40,291 - INFO - ✅ 点击Confirm: //XCUIElementTypeButton[@name="Confirm"]
2026-05-11 18:54:41,796 - INFO - 登出操作完成
2026-05-11 18:54:42,126 - INFO - ✅ 成功回到登录页面
2026-05-11 18:54:42,127 - INFO - ✅ 步骤0: 登出，确保从登出状态开始测试 - 完成
2026-05-11 18:54:44,131 - INFO - 🔄 步骤1: 点击Sign Up按钮进入注册页面
2026-05-11 18:54:45,117 - INFO - ✅ 步骤1: 点击Sign Up按钮进入注册页面 - 完成
2026-05-11 18:54:47,121 - INFO - 🔄 步骤2: 输入包含不支持特殊字符的邮箱地址
2026-05-11 18:54:47,125 - INFO - 📧 生成不支持特殊字符邮箱地址: 1/2-3；4*5_615@163.com
2026-05-11 18:54:51,294 - INFO - ✅ 步骤2: 输入包含不支持特殊字符的邮箱地址 - 完成，邮箱: 1/2-3；4*5_615@163.com
2026-05-11 18:54:53,299 - INFO - 🔄 步骤3: 收起键盘（Done/hide_keyboard）
2026-05-11 18:54:59,265 - INFO - ✅ 步骤3: 收起键盘（Done/hide_keyboard） - 完成
2026-05-11 18:55:00,466 - INFO - 🔄 步骤4: 勾选隐私政策和用户协议
2026-05-11 18:55:01,191 - INFO - ✅ 步骤4: 勾选隐私政策和用户协议 - 完成
2026-05-11 18:55:03,196 - INFO - 🔄 步骤5: 验证Next按钮不可点击，且仍停留在当前页面
2026-05-11 18:55:03,426 - INFO - ✅ 点击前确认在注册页面（邮箱输入框存在）
2026-05-11 18:55:03,700 - INFO - ℹ️ Next按钮 enabled 属性: false
2026-05-11 18:55:04,132 - INFO - 🖱️ 已尝试点击Next按钮
2026-05-11 18:55:06,370 - INFO - ✅ 点击后邮箱输入框仍在，确认停留在注册页面
2026-05-11 18:55:16,585 - INFO - ✅ Next按钮为禁用态（预期行为）
2026-05-11 18:55:16,587 - INFO - ✅ 步骤5: 验证Next按钮不可点击，且仍停留在当前页面 - 完成，仍停留在注册页面
2026-05-11 18:55:16,587 - INFO - 🔄 步骤6: 验证页面显示提示信息
2026-05-11 18:55:16,867 - INFO - 📝 提示信息内容: Please sign up using your email address
2026-05-11 18:55:16,867 - INFO - ✅ 步骤6: 验证页面显示提示信息 - 完成，提示信息显示正确: Please sign up using your email address
2026-05-11 18:55:16,867 - INFO - 🎉 测试用例102025执行成功！
2026-05-11 18:55:18,891 - INFO - ✅ 报告已生成: /Users/ambrose.chen/Desktop/iot/project/APP外壳/2测试报告/platform/ios_20260511_185331/ios_20260511_185331_report.xlsx
