2026-05-20 11:23:52,311 - INFO - 🔄 步骤1: 重启APP
2026-05-20 11:23:57,211 - INFO - ✅ 步骤1: 重启APP - 完成
2026-05-20 11:23:57,211 - INFO - 🔄 步骤2: 检测登录状态并确保在登录/注册入口页
2026-05-20 11:23:57,698 - INFO -     [登出] 开始登出流程...
2026-05-20 11:23:57,699 - INFO -     [登出] 步骤1: 检查页面是否有 More 按钮
2026-05-20 11:23:57,743 - INFO -     [登出] ✅ 检测到 More 按钮: //android.view.View[@content-desc="More"]
2026-05-20 11:23:57,743 - INFO -     [登出] 步骤2: 点击 More 按钮，进入 more 页面
2026-05-20 11:23:57,785 - INFO -     [登出] ✅ 已点击 More 按钮 (使用: //android.view.View[@content-desc="More"])
2026-05-20 11:23:59,790 - INFO -     [登出] 步骤3: 点击 edit 按钮
2026-05-20 11:23:59,907 - INFO -     [登出] ✅ 已点击 edit 按钮
2026-05-20 11:24:01,911 - INFO -     [登出] 步骤4: 点击 Log Out 按钮
2026-05-20 11:24:02,045 - INFO -     [登出] ✅ 已点击 Log Out 按钮
2026-05-20 11:24:03,550 - INFO -     [登出] 步骤5: 点击 Confirm 按钮，确认登出
2026-05-20 11:24:04,252 - INFO -     [登出] ✅ 已点击 Confirm 按钮
2026-05-20 11:24:12,293 - INFO -     [登出] ⚠️ 登出完成，但无法确认是否已返回登录页面
2026-05-20 11:24:12,293 - INFO -     [登出] ✅ 登出流程完成
2026-05-20 11:24:14,349 - INFO - ✅ 步骤2: 检测登录状态并确保在登录/注册入口页 - 完成
2026-05-20 11:24:14,349 - INFO - 🔄 步骤3: 点击 Sign Up 进入注册页
2026-05-20 11:24:16,609 - INFO - ✅ 步骤3: 点击 Sign Up 进入注册页 - 完成
2026-05-20 11:24:16,609 - INFO - 🔄 步骤4: 断言首页 Sign Up 入口可见
2026-05-20 11:24:38,372 - INFO - ✅ 步骤4: 断言首页 Sign Up 入口可见 - 完成
2026-05-20 11:24:38,372 - INFO - 🎉 测试用例 200025 执行成功！
2026-05-20 11:24:38,400 - INFO - ✅ 报告已生成: /Users/ambrose.chen/Desktop/iot/project/APP外壳/2测试报告/platform/android_20260520_112349/android_20260520_112349_report.xlsx
