2026-05-09 19:12:48,801 - INFO - 🔄 步骤0: 登出，确保从登出状态开始测试
2026-05-09 19:12:48,802 - INFO - 开始登出流程...
2026-05-09 19:13:19,710 - INFO - 未检测到home sel/mine sel/mine，跳过登出流程
2026-05-09 19:13:19,712 - INFO - ✅ 步骤0: 登出，确保从登出状态开始测试 - 完成
2026-05-09 19:13:21,720 - INFO - 🔄 步骤1: 验证在APP首页（登录页面）
2026-05-09 19:13:21,888 - INFO - ✅ 步骤1: 验证在APP首页（登录页面） - 完成，确认在APP首页（登录页面）
2026-05-09 19:13:23,897 - INFO - 🔄 步骤2: 点击Sign Up按钮进入注册页面
2026-05-09 19:13:24,857 - INFO - ✅ 步骤2: 点击Sign Up按钮进入注册页面 - 完成
2026-05-09 19:13:27,866 - INFO - 🔄 步骤3: 验证进入Sign Up页面
2026-05-09 19:13:28,119 - INFO - ✅ 步骤3: 验证进入Sign Up页面 - 完成，确认已进入Sign Up注册页面
2026-05-09 19:13:30,121 - INFO - 🔄 步骤4: 国家切为china
2026-05-09 19:13:31,154 - INFO - ✅ 已点击国家栏下拉按钮
2026-05-09 19:14:43,619 - INFO - ✅ 已输入搜索关键词: China
2026-05-09 19:14:47,019 - INFO - ✅ 已选择国家: china，命中的元素: China
2026-05-09 19:14:50,024 - INFO - ✅ 步骤4: 国家切为china - 完成，已切换国家为china
2026-05-09 19:14:52,026 - INFO - 🔄 步骤5: 输入邮箱（value="Email"）
2026-05-09 19:14:52,032 - INFO - 📧 生成简单邮箱地址: testuser187@163.com
2026-05-09 19:14:53,899 - INFO - ✅ 步骤5: 输入邮箱（value="Email"） - 完成，邮箱: testuser187@163.com
2026-05-09 19:14:55,909 - INFO - 🔄 步骤6: 点击Done按钮收起键盘
2026-05-09 19:14:57,170 - INFO - ✅ 步骤6: 点击Done按钮收起键盘 - 完成
2026-05-09 19:14:59,170 - INFO - 🔄 步骤7: 勾选隐私政策和用户协议
2026-05-09 19:15:04,957 - INFO - ✅ 隐私政策复选框已勾选
2026-05-09 19:15:05,962 - INFO - ✅ 步骤7: 勾选隐私政策和用户协议 - 完成
2026-05-09 19:15:07,969 - INFO - 🔄 步骤8: 点击Next按钮进入密码设置
2026-05-09 19:15:08,695 - INFO - ✅ 步骤8: 点击Next按钮进入密码设置 - 完成
2026-05-09 19:15:11,696 - INFO - 🔄 步骤9: 设置密码
2026-05-09 19:15:16,932 - INFO - ✅ 步骤9: 设置密码 - 完成
2026-05-09 19:15:18,938 - INFO - 🔄 步骤10: 点击Done按钮收起键盘
2026-05-09 19:15:20,161 - INFO - ✅ 步骤10: 点击Done按钮收起键盘 - 完成
2026-05-09 19:15:22,168 - INFO - 🔄 步骤11: 点击Next按钮进入用户名设置页面
2026-05-09 19:15:23,142 - INFO - ✅ 步骤11: 点击Next按钮进入用户名设置页面 - 完成
2026-05-09 19:15:26,151 - INFO - 🔄 步骤12: 输入用户名（value="Username"）
2026-05-09 19:15:28,221 - INFO - ✅ 步骤12: 输入用户名（value="Username"） - 完成
2026-05-09 19:15:29,221 - INFO - 🔄 步骤13: 点击Done按钮收起键盘
2026-05-09 19:15:30,463 - INFO - ✅ 步骤13: 点击Done按钮收起键盘 - 完成
2026-05-09 19:15:31,469 - INFO - 🔄 步骤14: 点击Submit按钮完成注册
2026-05-09 19:15:32,118 - INFO - ✅ 步骤14: 点击Submit按钮完成注册 - 完成
2026-05-09 19:15:37,124 - INFO - 🔄 步骤15: 验证注册成功，跳转到APP主页面
2026-05-09 19:15:37,290 - INFO - ✅ 步骤15: 验证注册成功，跳转到APP主页面 - 完成
2026-05-09 19:15:37,291 - INFO - ✅ 验证通过：注册成功，已跳转到APP主页面
2026-05-09 19:15:39,299 - INFO - 🎉 测试用例102195执行成功！
2026-05-09 19:15:39,300 - INFO - ✅ 验证注册地为"中国"，正确邮箱，可以注册：注册成功并跳转到主页面
2026-05-09 19:15:41,328 - INFO - ✅ 报告已生成: /Users/ambrose.chen/Desktop/iot/project/APP外壳/2测试报告/platform/ios_20260509_191247/ios_20260509_191247_report.xlsx
