2026-05-08 13:35:56,505 - INFO - 🔄 步骤0: 登出，确保从登出状态开始测试
2026-05-08 13:35:56,506 - INFO - 开始登出流程...
2026-05-08 13:35:56,750 - INFO - 检测到home sel元素
2026-05-08 13:36:08,143 - INFO - ✅ 点击mine按钮: //XCUIElementTypeButton[@name="mine"]
2026-05-08 13:36:10,332 - INFO - ✅ 点击CommonEdit编辑按钮: //XCUIElementTypeButton[@name="CommonEdit"]
2026-05-08 13:36:12,497 - INFO - ✅ 点击Log Out: //XCUIElementTypeButton[@name="Log Out"]
2026-05-08 13:36:14,682 - INFO - ✅ 点击Confirm: //XCUIElementTypeButton[@name="Confirm"]
2026-05-08 13:36:16,186 - INFO - 登出操作完成
2026-05-08 13:36:16,521 - INFO - ✅ 成功回到登录页面
2026-05-08 13:36:16,521 - INFO - ✅ 步骤0: 登出，确保从登出状态开始测试 - 完成
2026-05-08 13:36:18,526 - INFO - 🔄 步骤1: 验证在APP首页（登录页面）
2026-05-08 13:36:18,700 - INFO - ✅ 步骤1: 验证在APP首页（登录页面） - 完成，确认在APP首页（登录页面）
2026-05-08 13:36:20,705 - INFO - 🔄 步骤2: 点击Sign Up按钮进入注册页面
2026-05-08 13:36:21,691 - INFO - ✅ 步骤2: 点击Sign Up按钮进入注册页面 - 完成
2026-05-08 13:36:24,697 - INFO - 🔄 步骤3: 验证进入Sign Up页面
2026-05-08 13:36:24,939 - INFO - ✅ 步骤3: 验证进入Sign Up页面 - 完成，确认已进入Sign Up注册页面
2026-05-08 13:36:26,943 - INFO - 🔄 步骤4: 国家切为china
2026-05-08 13:36:27,982 - INFO - ✅ 已点击国家栏下拉按钮
2026-05-08 13:37:40,115 - INFO - ✅ 已输入搜索关键词: China
2026-05-08 13:37:43,497 - INFO - ✅ 已选择国家: china，命中的元素: China
2026-05-08 13:37:46,499 - INFO - ✅ 步骤4: 国家切为china - 完成，已切换国家为china
2026-05-08 13:37:48,500 - INFO - 🔄 步骤5: 输入邮箱（value="Email"）
2026-05-08 13:37:48,505 - INFO - 📧 生成简单邮箱地址: testuser136@163.com
2026-05-08 13:37:50,356 - INFO - ✅ 步骤5: 输入邮箱（value="Email"） - 完成，邮箱: testuser136@163.com
2026-05-08 13:37:52,360 - INFO - 🔄 步骤6: 点击Done按钮收起键盘
2026-05-08 13:37:53,595 - INFO - ✅ 步骤6: 点击Done按钮收起键盘 - 完成
2026-05-08 13:37:55,600 - INFO - 🔄 步骤7: 勾选隐私政策和用户协议
2026-05-08 13:38:01,367 - INFO - ✅ 隐私政策复选框已勾选
2026-05-08 13:38:02,370 - INFO - ✅ 步骤7: 勾选隐私政策和用户协议 - 完成
2026-05-08 13:38:04,374 - INFO - 🔄 步骤8: 点击Next按钮进入密码设置
2026-05-08 13:38:05,090 - INFO - ✅ 步骤8: 点击Next按钮进入密码设置 - 完成
2026-05-08 13:38:08,091 - INFO - 🔄 步骤9: 设置密码
2026-05-08 13:38:13,366 - INFO - ✅ 步骤9: 设置密码 - 完成
2026-05-08 13:38:15,372 - INFO - 🔄 步骤10: 点击Done按钮收起键盘
2026-05-08 13:38:16,608 - INFO - ✅ 步骤10: 点击Done按钮收起键盘 - 完成
2026-05-08 13:38:18,612 - INFO - 🔄 步骤11: 点击Next按钮进入用户名设置页面
2026-05-08 13:38:19,590 - INFO - ✅ 步骤11: 点击Next按钮进入用户名设置页面 - 完成
2026-05-08 13:38:22,592 - INFO - 🔄 步骤12: 输入用户名（value="Username"）
2026-05-08 13:38:24,670 - INFO - ✅ 步骤12: 输入用户名（value="Username"） - 完成
2026-05-08 13:38:25,676 - INFO - 🔄 步骤13: 点击Done按钮收起键盘
2026-05-08 13:38:26,900 - INFO - ✅ 步骤13: 点击Done按钮收起键盘 - 完成
2026-05-08 13:38:27,903 - INFO - 🔄 步骤14: 点击Submit按钮完成注册
2026-05-08 13:38:28,557 - INFO - ✅ 步骤14: 点击Submit按钮完成注册 - 完成
2026-05-08 13:38:33,562 - INFO - 🔄 步骤15: 验证注册成功，跳转到APP主页面
2026-05-08 13:38:33,748 - INFO - ✅ 步骤15: 验证注册成功，跳转到APP主页面 - 完成
2026-05-08 13:38:33,748 - INFO - ✅ 验证通过：注册成功，已跳转到APP主页面
2026-05-08 13:38:35,751 - INFO - 🎉 测试用例102195执行成功！
2026-05-08 13:38:35,752 - INFO - ✅ 验证注册地为"中国"，正确邮箱，可以注册：注册成功并跳转到主页面
2026-05-08 13:38:37,781 - INFO - ✅ 报告已生成: /Users/ambrose.chen/Desktop/iot/project/APP外壳/2测试报告/platform/ios_20260508_133553/ios_20260508_133553_report.xlsx
