2026-05-07 21:15:03,415 - INFO - 🔄 步骤0: 登出，确保从登出状态开始测试
2026-05-07 21:15:03,415 - INFO - 开始登出流程...
2026-05-07 21:15:34,335 - INFO - 未检测到home sel/mine sel/mine，跳过登出流程
2026-05-07 21:15:34,336 - INFO - ✅ 步骤0: 登出，确保从登出状态开始测试 - 完成
2026-05-07 21:15:36,345 - INFO - 🔄 步骤1: 验证在APP首页（登录页面）
2026-05-07 21:15:36,514 - INFO - ✅ 步骤1: 验证在APP首页（登录页面） - 完成，确认在APP首页（登录页面）
2026-05-07 21:15:38,520 - INFO - 🔄 步骤2: 点击Sign Up按钮进入注册页面
2026-05-07 21:15:39,491 - INFO - ✅ 步骤2: 点击Sign Up按钮进入注册页面 - 完成
2026-05-07 21:15:42,501 - INFO - 🔄 步骤3: 验证进入Sign Up页面
2026-05-07 21:15:42,740 - INFO - ✅ 步骤3: 验证进入Sign Up页面 - 完成，确认已进入Sign Up注册页面
2026-05-07 21:15:44,750 - INFO - 🔄 步骤4: 国家切为China，查看账号行的显示
2026-05-07 21:15:45,818 - INFO - ✅ 已点击国家栏下拉按钮
2026-05-07 21:16:58,245 - INFO - ✅ 已输入搜索关键词: China
2026-05-07 21:17:01,613 - INFO - ✅ 已选择国家: China，命中的元素: China
2026-05-07 21:17:15,697 - INFO - 📝 China国家下，账号行显示: Email
2026-05-07 21:17:15,698 - INFO - ✅ 步骤4: 国家切为China，查看账号行的显示 - 完成，China国家下账号行显示: Email
2026-05-07 21:17:17,705 - INFO - 🔄 步骤5: 国家切为美国，查看账号行的显示
2026-05-07 21:17:18,869 - INFO - ✅ 已点击国家栏下拉按钮
2026-05-07 21:18:31,881 - INFO - ✅ 已输入搜索关键词: United States of America
2026-05-07 21:18:40,351 - INFO - ✅ 已选择国家: United States of America，命中的元素: United States of America
2026-05-07 21:18:54,424 - INFO - 📝 美国国家下，账号行显示: Email
2026-05-07 21:18:54,424 - INFO - ✅ 步骤5: 国家切为美国，查看账号行的显示 - 完成，美国国家下账号行显示: Email
2026-05-07 21:18:56,433 - INFO - 🔄 步骤6: 验证两个国家下都显示Email
2026-05-07 21:19:07,513 - INFO - ✅ 步骤6: 验证两个国家下都显示Email - 完成
2026-05-07 21:19:07,513 - INFO - ✅ 验证通过：China和美国两个国家下，账号行都显示'Email'
2026-05-07 21:19:09,516 - INFO - 🎉 测试用例102194执行成功！
2026-05-07 21:19:09,516 - INFO - ✅ 验证注册地为任何国家时，提示文案均为"邮箱"：China和美国都显示Email
2026-05-07 21:19:11,559 - INFO - ✅ 报告已生成: /Users/ambrose.chen/Desktop/iot/project/APP外壳/2测试报告/platform/ios_20260507_211501/ios_20260507_211501_report.xlsx
