2026-05-19 15:26:37,575 - INFO - 🔄 步骤1: 重启APP
2026-05-19 15:26:42,479 - INFO - ✅ 步骤1: 重启APP - 完成
2026-05-19 15:26:42,479 - INFO - 🔄 步骤2: 检测登录状态并确保在登录/注册入口页
2026-05-19 15:26:42,981 - INFO -     [登出] 开始登出流程...
2026-05-19 15:26:42,981 - INFO -     [登出] 步骤1: 检查页面是否有 More 按钮
2026-05-19 15:26:43,033 - INFO -     [登出] ✅ 检测到 More 按钮: //android.view.View[@content-desc="More"]
2026-05-19 15:26:43,034 - INFO -     [登出] 步骤2: 点击 More 按钮，进入 more 页面
2026-05-19 15:26:43,089 - INFO -     [登出] ✅ 已点击 More 按钮 (使用: //android.view.View[@content-desc="More"])
2026-05-19 15:26:45,094 - INFO -     [登出] 步骤3: 点击 edit 按钮
2026-05-19 15:26:45,229 - INFO -     [登出] ✅ 已点击 edit 按钮
2026-05-19 15:26:47,231 - INFO -     [登出] 步骤4: 点击 Log Out 按钮
2026-05-19 15:26:47,365 - INFO -     [登出] ✅ 已点击 Log Out 按钮
2026-05-19 15:26:48,870 - INFO -     [登出] 步骤5: 点击 Confirm 按钮，确认登出
2026-05-19 15:26:50,602 - INFO -     [登出] ✅ 已点击 Confirm 按钮
2026-05-19 15:26:58,639 - INFO -     [登出] ⚠️ 登出完成，但无法确认是否已返回登录页面
2026-05-19 15:26:58,640 - INFO -     [登出] ✅ 登出流程完成
2026-05-19 15:27:00,706 - INFO - ✅ 步骤2: 检测登录状态并确保在登录/注册入口页 - 完成
2026-05-19 15:27:00,706 - INFO - 🔄 步骤3: 点击 Sign Up 进入注册页
2026-05-19 15:27:02,952 - INFO - ✅ 步骤3: 点击 Sign Up 进入注册页 - 完成
2026-05-19 15:27:02,952 - INFO - 🔄 步骤4: 断言首页 Sign Up 入口可见
2026-05-19 15:27:24,697 - INFO - ✅ 步骤4: 断言首页 Sign Up 入口可见 - 完成
2026-05-19 15:27:24,697 - INFO - 🎉 测试用例 200025 执行成功！
2026-05-19 15:27:24,734 - INFO - ✅ 报告已生成: /Users/ambrose.chen/Desktop/iot/project/APP外壳/2测试报告/platform/android_20260519_152634/android_20260519_152634_report.xlsx
