2026-05-11 21:17:48,877 - INFO - 🔄 步骤0: 登出，确保从登出状态开始测试
2026-05-11 21:17:48,878 - INFO - 开始登出流程...
2026-05-11 21:18:19,784 - INFO - 未检测到home sel/mine sel/mine，跳过登出流程
2026-05-11 21:18:19,787 - INFO - ✅ 步骤0: 登出，确保从登出状态开始测试 - 完成
2026-05-11 21:18:21,790 - INFO - 🔄 步骤1: 验证在APP首页（登录页面）
2026-05-11 21:18:21,952 - INFO - ✅ 步骤1: 验证在APP首页（登录页面） - 完成，确认在APP首页（登录页面）
2026-05-11 21:18:23,961 - INFO - 🔄 步骤2: 点击Sign Up按钮进入注册页面
2026-05-11 21:18:24,914 - INFO - ✅ 步骤2: 点击Sign Up按钮进入注册页面 - 完成
2026-05-11 21:18:27,917 - INFO - 🔄 步骤3: 验证进入Sign Up页面
2026-05-11 21:18:28,149 - INFO - ✅ 步骤3: 验证进入Sign Up页面 - 完成，确认已进入Sign Up注册页面
2026-05-11 21:18:30,159 - INFO - 🔄 步骤4: 输入邮箱
2026-05-11 21:18:30,164 - INFO - 📧 生成简单邮箱地址: testuser249@163.com
2026-05-11 21:18:32,048 - INFO - ✅ 步骤4: 输入邮箱 - 完成，邮箱: testuser249@163.com
2026-05-11 21:18:34,057 - INFO - 🔄 步骤5: 勾选隐私政策和用户协议
2026-05-11 21:18:40,034 - INFO - ✅ 隐私政策复选框已勾选
2026-05-11 21:18:41,544 - INFO - 🔄 步骤5.1: 收起键盘（Done）
2026-05-11 21:18:42,800 - INFO - ✅ 已点击Done收起键盘
2026-05-11 21:18:43,805 - INFO - 🔄 步骤6: 点击Next进入set password页面
2026-05-11 21:18:44,518 - INFO - ✅ 步骤6: 点击Next进入set password页面 - 完成，已点击Next按钮
2026-05-11 21:18:47,521 - INFO - 🔄 步骤7: 验证进入set password页面
2026-05-11 21:18:47,815 - INFO - ✅ 成功进入set password页面
2026-05-11 21:18:49,319 - INFO - 🔄 步骤8: 输入大写+特殊字符密码并验证规则颜色
2026-05-11 21:18:51,258 - INFO - ✅ 已输入密码: !@#*XINGMAI
2026-05-11 21:18:53,247 - INFO - ✅ 已输入确认密码: !@#*XINGMAI
2026-05-11 21:18:54,648 - INFO - 📝 规则提示: • 6-20 characters 颜色: None
2026-05-11 21:18:55,042 - INFO - 📝 规则提示: • contains letters 颜色: None
2026-05-11 21:18:55,431 - INFO - 📝 规则提示: • contains numbers 颜色: None
2026-05-11 21:18:55,838 - INFO - 📝 规则提示: • Supports special characters:! @ # $ % ^ & * ( ) - _ = + \ | [ ] { } ; : / ? . , ~ > < ` 颜色: None
2026-05-11 21:18:57,018 - INFO - ✅ 密码页已点击Done收起键盘
2026-05-11 21:18:58,022 - INFO - 🔄 步骤9: 点击Next验证仍停留在set password页面
2026-05-11 21:18:58,594 - INFO - ✅ 已尝试点击密码页Next按钮（应无跳转）
2026-05-11 21:19:00,916 - INFO - ✅ 点击后仍停留在set password页面，Next按钮不可使页面跳转
2026-05-11 21:19:01,924 - INFO - 🎉 测试用例102238执行成功！
2026-05-11 21:19:01,924 - INFO - ✅ 大写+特殊字符密码规则提示符合预期，Next不可跳转
2026-05-11 21:19:03,966 - INFO - ✅ 报告已生成: /Users/ambrose.chen/Desktop/iot/project/APP外壳/2测试报告/platform/ios_20260511_211747/ios_20260511_211747_report.xlsx
