2026-05-12 11:16:07,808 - INFO - 🔄 步骤0: 登出，确保从登出状态开始测试
2026-05-12 11:16:07,808 - INFO - 开始登出流程...
2026-05-12 11:16:38,723 - INFO - 未检测到home sel/mine sel/mine，跳过登出流程
2026-05-12 11:16:38,724 - INFO - ✅ 步骤0: 登出，确保从登出状态开始测试 - 完成
2026-05-12 11:16:40,728 - INFO - 🔄 步骤1: 验证在APP首页（登录页面）
2026-05-12 11:16:40,888 - INFO - ✅ 步骤1: 验证在APP首页（登录页面） - 完成，确认在APP首页（登录页面）
2026-05-12 11:16:42,892 - INFO - 🔄 步骤2: 点击Sign Up按钮进入注册页面
2026-05-12 11:16:43,856 - INFO - ✅ 步骤2: 点击Sign Up按钮进入注册页面 - 完成
2026-05-12 11:16:46,860 - INFO - 🔄 步骤3: 验证进入Sign Up页面
2026-05-12 11:16:47,091 - INFO - ✅ 步骤3: 验证进入Sign Up页面 - 完成，确认已进入Sign Up注册页面
2026-05-12 11:16:49,098 - INFO - 🔄 步骤4: 输入已注册邮箱
2026-05-12 11:16:51,094 - INFO - ✅ 步骤4: 输入已注册邮箱 - 完成，输入邮箱: haoc51888@gmail.com
2026-05-12 11:16:53,102 - INFO - 🔄 步骤5: 勾选隐私政策和用户协议
2026-05-12 11:16:59,073 - INFO - ✅ 隐私政策复选框已勾选
2026-05-12 11:17:00,579 - INFO - 🔄 步骤5.1: 收起键盘（Done）
2026-05-12 11:17:01,848 - INFO - ✅ 已点击Done收起键盘
2026-05-12 11:17:02,856 - INFO - 🔄 步骤6: 点击Next按钮
2026-05-12 11:17:03,586 - INFO - ✅ 步骤6: 点击Next按钮 - 完成，已点击Next按钮
2026-05-12 11:17:05,595 - INFO - 🔄 步骤7: 验证弹框提示已注册
2026-05-12 11:17:06,400 - INFO - ✅ 弹框提示已注册: This email is already registered. Ready to sign in now?
2026-05-12 11:17:07,406 - INFO - 🔄 步骤8: 点击Confirm进入登录页
2026-05-12 11:17:08,528 - INFO - ✅ 已点击Confirm
2026-05-12 11:17:11,537 - INFO - 🔄 步骤9: 验证跳转到登录页面
2026-05-12 11:17:11,793 - INFO - ✅ 步骤9: 验证跳转到登录页面 - 完成，已跳转到登录页面
2026-05-12 11:17:13,799 - INFO - 🎉 测试用例102219执行成功！
2026-05-12 11:17:13,800 - INFO - ✅ 已注册邮箱再次注册，弹框提示并点击Confirm跳转登录页成功
2026-05-12 11:17:15,820 - INFO - ✅ 报告已生成: /Users/ambrose.chen/Desktop/iot/project/APP外壳/2测试报告/platform/ios_20260512_111606/ios_20260512_111606_report.xlsx
