2026-05-08 20:46:59,854 - INFO - 🔄 步骤0: 登出，确保从登出状态开始测试
2026-05-08 20:46:59,854 - INFO - 开始登出流程...
2026-05-08 20:47:30,763 - INFO - 未检测到home sel/mine sel/mine，跳过登出流程
2026-05-08 20:47:30,764 - INFO - ✅ 步骤0: 登出，确保从登出状态开始测试 - 完成
2026-05-08 20:47:32,772 - INFO - 🔄 步骤1: 验证在APP首页（登录页面）
2026-05-08 20:47:32,929 - INFO - ✅ 步骤1: 验证在APP首页（登录页面） - 完成，确认在APP首页（登录页面）
2026-05-08 20:47:34,937 - INFO - 🔄 步骤2: 点击Sign Up按钮进入注册页面
2026-05-08 20:47:35,899 - INFO - ✅ 步骤2: 点击Sign Up按钮进入注册页面 - 完成
2026-05-08 20:47:38,909 - INFO - 🔄 步骤3: 验证进入Sign Up页面
2026-05-08 20:47:39,141 - INFO - ✅ 步骤3: 验证进入Sign Up页面 - 完成，确认已进入Sign Up注册页面
2026-05-08 20:47:41,143 - INFO - 🔄 步骤4: 邮箱框输入数字+字母（value="Email"）
2026-05-08 20:47:42,819 - INFO - ✅ 步骤4: 邮箱框输入数字+字母（value="Email"） - 完成，输入邮箱: 123456abcd
2026-05-08 20:47:43,820 - INFO - 🔄 步骤4.1: 点击Done收起键盘
2026-05-08 20:47:44,958 - INFO - ✅ 步骤4.1: 点击Done收起键盘 - 完成
2026-05-08 20:47:45,966 - INFO - 🔄 步骤5: 勾选隐私政策和用户协议
2026-05-08 20:47:51,742 - INFO - ✅ 隐私政策复选框已勾选
2026-05-08 20:47:53,246 - INFO - 🔄 步骤6: 点击Next按钮
2026-05-08 20:47:53,917 - INFO - ✅ 步骤6: 点击Next按钮 - 已尝试点击Next按钮
2026-05-08 20:47:55,922 - INFO - 🔄 步骤7: 验证停留当前页面并出现提示
2026-05-08 20:47:56,415 - INFO - ✅ 步骤7: 验证停留当前页面并出现提示 - 完成，提示信息: Please sign up using your email address
2026-05-08 20:47:58,420 - INFO - 🎉 测试用例102207执行成功！
2026-05-08 20:47:58,421 - INFO - ✅ 验证邮箱数字+字母，勾选隐私政策后点击Next，停留当前页并提示“Please sign up using your email address”
2026-05-08 20:48:00,444 - INFO - ✅ 报告已生成: /Users/ambrose.chen/Desktop/iot/project/APP外壳/2测试报告/platform/ios_20260508_204658/ios_20260508_204658_report.xlsx
