2026-05-08 16:29:35,059 - INFO - 🔄 步骤0: 登出，确保从登出状态开始测试
2026-05-08 16:29:35,059 - INFO - 开始登出流程...
2026-05-08 16:30:05,962 - INFO - 未检测到home sel/mine sel/mine，跳过登出流程
2026-05-08 16:30:05,964 - INFO - ✅ 步骤0: 登出，确保从登出状态开始测试 - 完成
2026-05-08 16:30:07,969 - INFO - 🔄 步骤1: 验证在APP首页（登录页面）
2026-05-08 16:30:08,124 - INFO - ✅ 步骤1: 验证在APP首页（登录页面） - 完成，确认在APP首页（登录页面）
2026-05-08 16:30:10,128 - INFO - 🔄 步骤2: 点击Sign Up按钮进入注册页面
2026-05-08 16:30:11,079 - INFO - ✅ 步骤2: 点击Sign Up按钮进入注册页面 - 完成
2026-05-08 16:30:14,083 - INFO - 🔄 步骤3: 验证进入Sign Up页面
2026-05-08 16:30:14,317 - INFO - ✅ 步骤3: 验证进入Sign Up页面 - 完成，确认已进入Sign Up注册页面
2026-05-08 16:30:16,322 - INFO - 🔄 步骤4: 输入错误邮箱（tank163.@163.com）
2026-05-08 16:30:18,102 - INFO - ✅ 步骤4: 输入错误邮箱（tank163.@163.com） - 完成，输入错误邮箱: tank163.@163.com
2026-05-08 16:30:20,421 - INFO - ✅ 已出现提示：Please sign up using your email address
2026-05-08 16:30:20,421 - INFO - 🔄 步骤5: 勾选隐私政策和用户协议
2026-05-08 16:30:26,173 - INFO - ✅ 隐私政策复选框已勾选
2026-05-08 16:30:27,678 - INFO - 🔄 步骤6: 点击Next按钮（错误邮箱）
2026-05-08 16:30:28,330 - INFO - ✅ 步骤6: 点击Next按钮（错误邮箱） - 已尝试点击Next按钮
2026-05-08 16:30:29,334 - INFO - 🔄 步骤7: 验证停留当前页面并出现提示（错误邮箱）
2026-05-08 16:30:29,860 - INFO - ✅ 步骤7: 验证停留当前页面并出现提示（错误邮箱） - 完成，提示信息: Please sign up using your email address
2026-05-08 16:30:31,865 - INFO - 🔄 步骤8: 修正邮箱为正确邮箱
2026-05-08 16:30:31,868 - INFO - 📧 生成简单邮箱地址: testuser150@163.com
2026-05-08 16:30:44,911 - INFO - ✅ 步骤8: 修正邮箱为正确邮箱 - 完成，输入正确邮箱: testuser150@163.com
2026-05-08 16:30:57,283 - INFO - ✅ 修正邮箱后错误提示已消失
2026-05-08 16:30:57,284 - INFO - 🔄 步骤9: 再次点击Next按钮（正确邮箱）
2026-05-08 16:30:57,920 - INFO - ✅ 步骤9: 再次点击Next按钮（正确邮箱） - 已尝试点击Next按钮（正确邮箱）
2026-05-08 16:31:00,924 - INFO - 🔄 步骤10: 验证跳转到set password页面
2026-05-08 16:31:01,122 - INFO - ✅ 步骤10: 验证跳转到set password页面 - 完成，已进入 Set Password 页面
2026-05-08 16:31:03,127 - INFO - 🎉 测试用例102209执行成功！
2026-05-08 16:31:03,127 - INFO - ✅ 错误邮箱提示后，改正邮箱再次点击Next，成功跳转到set password页面
2026-05-08 16:31:05,155 - INFO - ✅ 报告已生成: /Users/ambrose.chen/Desktop/iot/project/APP外壳/2测试报告/platform/ios_20260508_162932/ios_20260508_162932_report.xlsx
