2026-05-12 10:54:43,068 - INFO - 🔄 步骤0: 登出，确保从登出状态开始测试
2026-05-12 10:54:43,069 - INFO - 开始登出流程...
2026-05-12 10:55:13,961 - INFO - 未检测到home sel/mine sel/mine，跳过登出流程
2026-05-12 10:55:13,962 - INFO - ✅ 步骤0: 登出，确保从登出状态开始测试 - 完成
2026-05-12 10:55:15,967 - INFO - 🔄 步骤1: 验证在APP首页（登录页面）
2026-05-12 10:55:16,127 - INFO - ✅ 步骤1: 验证在APP首页（登录页面） - 完成，确认在APP首页（登录页面）
2026-05-12 10:55:18,132 - INFO - 🔄 步骤2: 点击Sign Up按钮进入注册页面
2026-05-12 10:55:19,094 - INFO - ✅ 步骤2: 点击Sign Up按钮进入注册页面 - 完成
2026-05-12 10:55:22,098 - INFO - 🔄 步骤3: 验证进入Sign Up页面
2026-05-12 10:55:22,341 - INFO - ✅ 步骤3: 验证进入Sign Up页面 - 完成，确认已进入Sign Up注册页面
2026-05-12 10:55:24,344 - INFO - 🔄 步骤4: 输入邮箱
2026-05-12 10:55:24,347 - INFO - 📧 生成简单邮箱地址: testuser262@163.com
2026-05-12 10:55:26,245 - INFO - ✅ 步骤4: 输入邮箱 - 完成，邮箱: testuser262@163.com
2026-05-12 10:55:28,250 - INFO - 🔄 步骤5: 点击Done按钮收起键盘
2026-05-12 10:55:29,514 - INFO - ✅ 步骤5: 点击Done按钮收起键盘 - 完成
2026-05-12 10:55:31,515 - INFO - 🔄 步骤6: 勾选隐私政策和用户协议
2026-05-12 10:55:37,287 - INFO - ✅ 隐私政策复选框已勾选
2026-05-12 10:55:38,292 - INFO - ✅ 步骤6: 勾选隐私政策和用户协议 - 完成
2026-05-12 10:55:40,293 - INFO - 🔄 步骤7: 点击Next按钮
2026-05-12 10:55:41,005 - INFO - ✅ 步骤7: 点击Next按钮 - 完成
2026-05-12 10:55:44,011 - INFO - 🔄 步骤8: 验证跳转至set password页面
2026-05-12 10:55:44,314 - INFO - ✅ 步骤8: 验证跳转至set password页面 - 完成
2026-05-12 10:55:44,315 - INFO - ✅ 验证通过：已成功跳转至set password页面
2026-05-12 10:55:46,319 - INFO - 🎉 测试用例102198执行成功！
2026-05-12 10:55:46,320 - INFO - ✅ 验证"隐私政策、用户协议"勾选功能：勾选后点击Next按钮，成功跳转至set password页面
2026-05-12 10:55:48,342 - INFO - ✅ 报告已生成: /Users/ambrose.chen/Desktop/iot/project/APP外壳/2测试报告/platform/ios_20260512_105441/ios_20260512_105441_report.xlsx
