2026-05-08 21:03:07,547 - INFO - 🔄 步骤0: 登出，确保从登出状态开始测试
2026-05-08 21:03:07,548 - INFO - 开始登出流程...
2026-05-08 21:03:38,447 - INFO - 未检测到home sel/mine sel/mine，跳过登出流程
2026-05-08 21:03:38,447 - INFO - ✅ 步骤0: 登出，确保从登出状态开始测试 - 完成
2026-05-08 21:03:40,453 - INFO - 🔄 步骤1: 验证在APP首页（登录页面）
2026-05-08 21:03:40,618 - INFO - ✅ 步骤1: 验证在APP首页（登录页面） - 完成，确认在APP首页（登录页面）
2026-05-08 21:03:42,629 - INFO - 🔄 步骤2: 点击Sign Up按钮进入注册页面
2026-05-08 21:03:43,575 - INFO - ✅ 步骤2: 点击Sign Up按钮进入注册页面 - 完成
2026-05-08 21:03:46,584 - INFO - 🔄 步骤3: 验证进入Sign Up页面
2026-05-08 21:03:46,811 - INFO - ✅ 步骤3: 验证进入Sign Up页面 - 完成，确认已进入Sign Up注册页面
2026-05-08 21:03:48,816 - INFO - 🔄 步骤4: 国家切换至France
2026-05-08 21:05:12,732 - INFO - ✅ 步骤4: 国家切换至France - 完成，已切换国家为France
2026-05-08 21:05:13,742 - INFO - 🔄 步骤5: 输入已注册邮箱
2026-05-08 21:05:15,684 - INFO - ✅ 步骤5: 输入已注册邮箱 - 完成，输入邮箱: haoc51888@gmail.com
2026-05-08 21:05:17,694 - INFO - 🔄 步骤6: 勾选隐私政策和用户协议
2026-05-08 21:05:23,814 - INFO - ✅ 隐私政策复选框已勾选
2026-05-08 21:05:25,323 - INFO - 🔄 步骤6.1: 收起键盘（Done）
2026-05-08 21:05:26,596 - INFO - ✅ 已点击Done收起键盘
2026-05-08 21:05:27,597 - INFO - 🔄 步骤7: 点击Next按钮
2026-05-08 21:05:28,324 - INFO - ✅ 步骤7: 点击Next按钮 - 完成，已点击Next按钮
2026-05-08 21:05:30,334 - INFO - 🔄 步骤8: 验证已注册提示弹框
2026-05-08 21:05:31,138 - INFO - ✅ 弹框提示已注册: This email is already registered. Ready to sign in now?
2026-05-08 21:05:32,147 - INFO - 🎉 测试用例102221执行成功！
2026-05-08 21:05:32,147 - INFO - ✅ 已注册邮箱在France再次注册，弹出已注册提示（未继续下一步）
2026-05-08 21:05:34,178 - INFO - ✅ 报告已生成: /Users/ambrose.chen/Desktop/iot/project/APP外壳/2测试报告/platform/ios_20260508_210305/ios_20260508_210305_report.xlsx
