2026-05-12 10:58:59,529 - INFO - 🔄 步骤0: 登出，确保从登出状态开始测试
2026-05-12 10:58:59,530 - INFO - 开始登出流程...
2026-05-12 10:59:30,427 - INFO - 未检测到home sel/mine sel/mine，跳过登出流程
2026-05-12 10:59:30,428 - INFO - ✅ 步骤0: 登出，确保从登出状态开始测试 - 完成
2026-05-12 10:59:32,431 - INFO - 🔄 步骤1: 验证在APP首页（登录页面）
2026-05-12 10:59:32,597 - INFO - ✅ 步骤1: 验证在APP首页（登录页面） - 完成，确认在APP首页（登录页面）
2026-05-12 10:59:34,604 - INFO - 🔄 步骤2: 点击Sign Up按钮进入注册页面
2026-05-12 10:59:35,566 - INFO - ✅ 步骤2: 点击Sign Up按钮进入注册页面 - 完成
2026-05-12 10:59:38,574 - INFO - 🔄 步骤3: 验证进入Sign Up页面
2026-05-12 10:59:38,809 - INFO - ✅ 步骤3: 验证进入Sign Up页面 - 完成，确认已进入Sign Up注册页面
2026-05-12 10:59:40,816 - INFO - 🔄 步骤4: 输入邮箱
2026-05-12 10:59:40,820 - INFO - 📧 生成简单邮箱地址: testuser265@163.com
2026-05-12 10:59:42,829 - INFO - ✅ 步骤4: 输入邮箱 - 完成，邮箱: testuser265@163.com
2026-05-12 10:59:44,838 - INFO - 🔄 步骤5: 勾选隐私政策和用户协议
2026-05-12 10:59:50,958 - INFO - ✅ 隐私政策复选框已勾选
2026-05-12 10:59:52,462 - INFO - 🔄 步骤5.1: 收起键盘（Done）
2026-05-12 10:59:53,738 - INFO - ✅ 已点击Done收起键盘
2026-05-12 10:59:54,748 - INFO - 🔄 步骤6: 点击Next按钮
2026-05-12 10:59:55,457 - INFO - ✅ 步骤6: 点击Next按钮 - 完成，已点击Next按钮
2026-05-12 10:59:58,465 - INFO - 🔄 步骤7: 验证跳转到set password页面
2026-05-12 10:59:58,756 - INFO - ✅ 步骤7: 验证跳转到set password页面 - 完成
2026-05-12 10:59:58,756 - INFO - ✅ 验证通过：跳转到set password页面，用例执行成功
2026-05-12 11:00:00,758 - INFO - 🎉 测试用例102204执行成功！
2026-05-12 11:00:00,758 - INFO - ✅ 验证勾选隐私政策后再填邮箱，Next变深可点击且跳转到set password页面
2026-05-12 11:00:02,791 - INFO - ✅ 报告已生成: /Users/ambrose.chen/Desktop/iot/project/APP外壳/2测试报告/platform/ios_20260512_105857/ios_20260512_105857_report.xlsx
