2026-05-12 11:08:37,967 - INFO - 🔄 步骤0: 登出，确保从登出状态开始测试
2026-05-12 11:08:37,967 - INFO - 开始登出流程...
2026-05-12 11:09:08,881 - INFO - 未检测到home sel/mine sel/mine，跳过登出流程
2026-05-12 11:09:08,883 - INFO - ✅ 步骤0: 登出，确保从登出状态开始测试 - 完成
2026-05-12 11:09:10,891 - INFO - 🔄 步骤1: 验证在APP首页（登录页面）
2026-05-12 11:09:11,050 - INFO - ✅ 步骤1: 验证在APP首页（登录页面） - 完成，确认在APP首页（登录页面）
2026-05-12 11:09:13,057 - INFO - 🔄 步骤2: 点击Sign Up按钮进入注册页面
2026-05-12 11:09:14,025 - INFO - ✅ 步骤2: 点击Sign Up按钮进入注册页面 - 完成
2026-05-12 11:09:17,028 - INFO - 🔄 步骤3: 验证进入Sign Up页面
2026-05-12 11:09:17,273 - INFO - ✅ 步骤3: 验证进入Sign Up页面 - 完成，确认已进入Sign Up注册页面
2026-05-12 11:09:19,283 - INFO - 🔄 步骤4: 邮箱输入包含中文的错误邮箱
2026-05-12 11:09:21,175 - INFO - ✅ 步骤4: 邮箱输入包含中文的错误邮箱 - 完成，输入错误邮箱: 102213中国@gmail.com
2026-05-12 11:09:23,185 - INFO - 🔄 步骤5: 勾选隐私政策和用户协议
2026-05-12 11:09:29,286 - INFO - ✅ 隐私政策复选框已勾选
2026-05-12 11:09:30,795 - INFO - 🔄 步骤5.1: 收起键盘（Done）
2026-05-12 11:09:32,065 - INFO - ✅ 已点击Done收起键盘
2026-05-12 11:09:33,074 - INFO - 🔄 步骤6: 点击Next按钮
2026-05-12 11:09:33,723 - INFO - ✅ 步骤6: 点击Next按钮 - 完成，已点击Next按钮
2026-05-12 11:09:35,733 - INFO - 🔄 步骤7: 验证停留当前页面并出现提示
2026-05-12 11:09:36,237 - INFO - ✅ 找到提示信息元素，选择器: //XCUIElementTypeStaticText[@name="Please sign up using your email address"]
2026-05-12 11:09:36,238 - INFO - ✅ 步骤7: 验证停留当前页面并出现提示 - 完成，提示信息: Please sign up using your email address
2026-05-12 11:09:38,246 - INFO - 🎉 测试用例102213执行成功！
2026-05-12 11:09:38,246 - INFO - ✅ 验证错误邮箱（包含中文）勾选隐私后点击Next，停留当前页并提示“Please sign up using your email address”
2026-05-12 11:09:40,275 - INFO - ✅ 报告已生成: /Users/ambrose.chen/Desktop/iot/project/APP外壳/2测试报告/platform/ios_20260512_110836/ios_20260512_110836_report.xlsx
