2026-05-07 20:54:01,236 - INFO - 🔄 步骤0: 登出，确保从登出状态开始测试
2026-05-07 20:54:01,237 - INFO - 开始登出流程...
2026-05-07 20:54:32,147 - INFO - 未检测到home sel/mine sel/mine，跳过登出流程
2026-05-07 20:54:32,148 - INFO - ✅ 步骤0: 登出，确保从登出状态开始测试 - 完成
2026-05-07 20:54:34,156 - INFO - 🔄 步骤1: 验证在APP首页（登录页面）
2026-05-07 20:54:34,317 - INFO - ✅ 步骤1: 验证在APP首页（登录页面） - 完成，确认在APP首页（登录页面）
2026-05-07 20:54:36,327 - INFO - 🔄 步骤2: 点击Sign Up按钮进入注册页面
2026-05-07 20:54:37,310 - INFO - ✅ 步骤2: 点击Sign Up按钮进入注册页面 - 完成
2026-05-07 20:54:40,315 - INFO - 🔄 步骤3: 验证进入Sign Up页面
2026-05-07 20:54:40,548 - INFO - ✅ 步骤3: 验证进入Sign Up页面 - 完成，确认已进入Sign Up注册页面
2026-05-07 20:54:42,558 - INFO - 🔄 步骤4: 点击国家栏下拉按钮
2026-05-07 20:54:43,648 - INFO - ✅ 步骤4: 点击国家栏下拉按钮 - 完成，已点击国家栏下拉按钮
2026-05-07 20:54:46,656 - INFO - 🔄 步骤5: 验证跳转至国家选择页面
2026-05-07 20:55:19,811 - INFO - ✅ 步骤5: 验证跳转至国家选择页面 - 完成，确认已跳转至国家选择页面
2026-05-07 20:55:21,814 - INFO - 🔄 步骤6: 点击搜索框并输入america
2026-05-07 20:55:58,067 - INFO - ✅ 步骤6: 点击搜索框并输入america - 完成，已输入america
2026-05-07 20:56:00,077 - INFO - 🔄 步骤7: 选择United States of America
2026-05-07 20:56:06,533 - INFO - ✅ 步骤7: 选择United States of America - 完成，已选择国家项: United States of America
2026-05-07 20:56:09,540 - INFO - 🔄 步骤8: 验证注册页面显示的国家与选择的一致
2026-05-07 20:56:09,836 - INFO - ✅ 找到国家显示元素，使用选择器: //XCUIElementTypeStaticText[@name="United States of America"]
2026-05-07 20:56:09,836 - INFO - 📝 注册页面显示的国家: United States of America
2026-05-07 20:56:09,836 - INFO - ✅ 步骤8: 验证注册页面显示的国家与选择的一致 - 完成
2026-05-07 20:56:09,836 - INFO - ✅ 注册页面显示的国家与选择的一致: United States of America
2026-05-07 20:56:11,838 - INFO - 🎉 测试用例102184执行成功！
2026-05-07 20:56:11,839 - INFO - ✅ 注册页面国家切换功能正常，选择的国家已正确显示
2026-05-07 20:56:13,867 - INFO - ✅ 报告已生成: /Users/ambrose.chen/Desktop/iot/project/APP外壳/2测试报告/platform/ios_20260507_205359/ios_20260507_205359_report.xlsx
