2026-05-11 10:37:51,662 - INFO - 🔄 步骤1: 重启APP并处理登录状态
2026-05-11 10:38:12,872 - INFO - ✅ 步骤1: 重启APP并处理登录状态 - 完成
2026-05-11 10:38:12,872 - INFO - 🔄 步骤2: 点击Sign In进入登录页
2026-05-11 10:38:15,809 - INFO - ✅ 步骤2: 点击Sign In进入登录页 - 完成
2026-05-11 10:38:15,810 - INFO - 🔄 步骤3: 点击Forgot password进入忘记密码页
2026-05-11 10:38:18,933 - INFO - ✅ 步骤3: 点击Forgot password进入忘记密码页 - 完成
2026-05-11 10:38:18,933 - INFO - 🔄 步骤4: 输入邮箱并点击Next进入验证码页
2026-05-11 10:38:27,356 - INFO - ✅ 步骤4: 输入邮箱并点击Next进入验证码页 - 完成，邮箱: haoc51888@gmail.com
2026-05-11 10:38:27,356 - INFO - 🔄 步骤5: Gmail获取最新验证码code
2026-05-11 10:40:10,712 - INFO - ✅ 步骤5: Gmail获取最新验证码code - 完成，code: 485652
2026-05-11 10:40:10,713 - INFO - 🔄 步骤6: 输入验证码进入Set Password页
2026-05-11 10:40:20,027 - INFO - ✅ 步骤6: 输入验证码进入Set Password页 - 完成
2026-05-11 10:40:20,027 - INFO - 🔄 步骤7: 输入纯大写字母密码(两次)并收起键盘
2026-05-11 10:40:25,584 - INFO - ✅ 步骤7: 输入纯大写字母密码(两次)并收起键盘 - 完成，password: XINGMAI
2026-05-11 10:40:25,585 - INFO - 🔄 步骤8: 校验密码规则文案颜色（若能取到color）
2026-05-11 10:40:25,819 - INFO - 📝 规则提示: • 6-20 characters 颜色: None
2026-05-11 10:40:26,027 - INFO - 📝 规则提示: • contains letters 颜色: None
2026-05-11 10:40:26,241 - INFO - 📝 规则提示: • contains numbers 颜色: None
2026-05-11 10:40:26,488 - INFO - 📝 规则提示: • Supports special characters:! @ # $ % ^ & * ( ) - _ = + \ | [ ] { } ; : / ? . , ~ > < ` 颜色: None
2026-05-11 10:40:26,488 - INFO - ✅ 步骤8: 校验密码规则文案颜色（若能取到color） - 完成
2026-05-11 10:40:26,488 - INFO - 🔄 步骤9: 点击Submit，断言不可完成修改密码（仍停留Set Password页）
2026-05-11 10:40:26,767 - INFO - ✅ 步骤9: 点击Submit，断言不可完成修改密码（仍停留Set Password页） - 完成
2026-05-11 10:40:26,768 - INFO - 🎉 测试用例102152执行成功！
2026-05-11 10:40:26,792 - INFO - ✅ 报告已生成: /Users/ambrose.chen/Desktop/iot/project/APP外壳/2测试报告/platform/ios_20260511_103749/ios_20260511_103749_report.xlsx
