2026-05-08 20:23:58,901 - INFO - 🔄 步骤0: 登出，确保从登出状态开始测试
2026-05-08 20:23:58,901 - INFO - 开始登出流程...
2026-05-08 20:24:29,802 - INFO - 未检测到home sel/mine sel/mine，跳过登出流程
2026-05-08 20:24:29,803 - INFO - ✅ 步骤0: 登出，确保从登出状态开始测试 - 完成
2026-05-08 20:24:31,804 - INFO - 🔄 步骤1: 验证在APP首页（登录页面）
2026-05-08 20:24:31,957 - INFO - ✅ 步骤1: 验证在APP首页（登录页面） - 完成，确认在APP首页（登录页面）
2026-05-08 20:24:33,958 - INFO - 🔄 步骤2: 点击Sign Up按钮进入注册页面
2026-05-08 20:24:34,911 - INFO - ✅ 步骤2: 点击Sign Up按钮进入注册页面 - 完成
2026-05-08 20:24:37,918 - INFO - 🔄 步骤3: 验证进入Sign Up页面
2026-05-08 20:24:38,154 - INFO - ✅ 步骤3: 验证进入Sign Up页面 - 完成，确认已进入Sign Up注册页面
2026-05-08 20:24:40,155 - INFO - 🔄 步骤4: 验证Next按钮存在
2026-05-08 20:24:40,371 - INFO - ✅ 步骤4: 验证Next按钮存在 - 完成，Next按钮存在
2026-05-08 20:24:42,378 - INFO - 🔄 步骤5: 点击Next按钮
2026-05-08 20:24:42,603 - INFO - ✅ 点击前确认隐私协议元素存在
2026-05-08 20:24:42,759 - INFO - 🖱️ 点击Next按钮...
2026-05-08 20:24:45,171 - INFO - ✅ 步骤5: 点击Next按钮 - 完成
2026-05-08 20:24:45,172 - INFO - 🔄 步骤6: 验证点击后仍停留在当前页面，断言隐私协议元素仍存在
2026-05-08 20:24:45,403 - INFO - ✅ 步骤6: 验证点击后仍停留在当前页面，断言隐私协议元素仍存在 - 完成
2026-05-08 20:24:45,404 - INFO - ✅ 验证通过：点击Next按钮后仍停留在当前页面，隐私协议元素仍存在
2026-05-08 20:24:45,405 - INFO - ✅ 说明：如果停留在当前页面，说明Next按钮实际上处于禁用状态（即使is_enabled()可能返回True）
2026-05-08 20:24:47,415 - INFO - 🎉 测试用例102190执行成功！
2026-05-08 20:24:47,415 - INFO - ✅ 验证进入注册页面，直接点击"下一步"：点击Next按钮后仍停留在当前页面
2026-05-08 20:24:49,454 - INFO - ✅ 报告已生成: /Users/ambrose.chen/Desktop/iot/project/APP外壳/2测试报告/platform/ios_20260508_202357/ios_20260508_202357_report.xlsx
