2026-05-12 11:28:57,246 - INFO - 🔄 步骤0: 登出，确保从登出状态开始测试
2026-05-12 11:28:57,246 - INFO - 开始登出流程...
2026-05-12 11:28:57,467 - INFO - 检测到home sel元素
2026-05-12 11:29:08,833 - INFO - ✅ 点击mine按钮: //XCUIElementTypeButton[@name="mine"]
2026-05-12 11:29:11,016 - INFO - ✅ 点击CommonEdit编辑按钮: //XCUIElementTypeButton[@name="CommonEdit"]
2026-05-12 11:29:13,199 - INFO - ✅ 点击Log Out: //XCUIElementTypeButton[@name="Log Out"]
2026-05-12 11:29:15,384 - INFO - ✅ 点击Confirm: //XCUIElementTypeButton[@name="Confirm"]
2026-05-12 11:29:16,888 - INFO - 登出操作完成
2026-05-12 11:29:17,223 - INFO - ✅ 成功回到登录页面
2026-05-12 11:29:17,223 - INFO - ✅ 步骤0: 登出，确保从登出状态开始测试 - 完成
2026-05-12 11:29:19,228 - INFO - 🔄 步骤1: 验证在APP首页（登录页面）
2026-05-12 11:29:19,394 - INFO - ✅ 步骤1: 验证在APP首页（登录页面） - 完成，确认在APP首页（登录页面）
2026-05-12 11:29:21,399 - INFO - 🔄 步骤2: 点击Sign Up按钮进入注册页面
2026-05-12 11:29:22,366 - INFO - ✅ 步骤2: 点击Sign Up按钮进入注册页面 - 完成
2026-05-12 11:29:25,378 - INFO - 🔄 步骤3: 验证进入Sign Up页面
2026-05-12 11:29:25,641 - INFO - ✅ 步骤3: 验证进入Sign Up页面 - 完成，确认已进入Sign Up注册页面
2026-05-12 11:29:27,644 - INFO - 🔄 步骤4: 输入邮箱
2026-05-12 11:29:27,646 - INFO - 📧 生成简单邮箱地址: testuser274@163.com
2026-05-12 11:29:29,559 - INFO - ✅ 步骤4: 输入邮箱 - 完成，邮箱: testuser274@163.com
2026-05-12 11:29:31,561 - INFO - 🔄 步骤5: 勾选隐私政策和用户协议
2026-05-12 11:29:37,659 - INFO - ✅ 隐私政策复选框已勾选
2026-05-12 11:29:39,164 - INFO - 🔄 步骤5.1: 收起键盘（Done）
2026-05-12 11:29:40,475 - INFO - ✅ 已点击Done收起键盘
2026-05-12 11:29:41,478 - INFO - 🔄 步骤6: 点击Next进入set password页面
2026-05-12 11:29:42,217 - INFO - ✅ 步骤6: 点击Next进入set password页面 - 完成，已点击Next按钮
2026-05-12 11:29:45,222 - INFO - 🔄 步骤7: 验证进入set password页面
2026-05-12 11:29:45,550 - INFO - ✅ 成功进入set password页面
2026-05-12 11:29:47,051 - INFO - 🔄 步骤8: 输入纯数字密码并验证规则颜色
2026-05-12 11:29:48,832 - INFO - ✅ 已输入密码: 123456
2026-05-12 11:29:50,726 - INFO - ✅ 已输入确认密码: 123456
2026-05-12 11:29:52,139 - INFO - 📝 规则提示: • 6-20 characters 颜色: None
2026-05-12 11:29:52,547 - INFO - 📝 规则提示: • contains letters 颜色: None
2026-05-12 11:29:52,956 - INFO - 📝 规则提示: • contains numbers 颜色: None
2026-05-12 11:29:53,360 - INFO - 📝 规则提示: • Supports special characters:! @ # $ % ^ & * ( ) - _ = + \ | [ ] { } ; : / ? . , ~ > < ` 颜色: None
2026-05-12 11:29:54,638 - INFO - ✅ 密码页已点击Done收起键盘
2026-05-12 11:29:55,642 - INFO - 🔄 步骤9: 点击Next验证仍停留在set password页面
2026-05-12 11:29:56,226 - INFO - ✅ 已尝试点击密码页Next按钮（应无跳转）
2026-05-12 11:29:58,560 - INFO - ✅ 点击后仍停留在set password页面，Next按钮不可使页面跳转
2026-05-12 11:29:59,563 - INFO - 🎉 测试用例102228执行成功！
2026-05-12 11:29:59,564 - INFO - ✅ 纯数字密码规则提示符合预期，Next不可跳转
2026-05-12 11:30:01,597 - INFO - ✅ 报告已生成: /Users/ambrose.chen/Desktop/iot/project/APP外壳/2测试报告/platform/ios_20260512_112855/ios_20260512_112855_report.xlsx
