2026-05-08 21:17:21,763 - INFO - 🔄 步骤0: 登出，确保从登出状态开始测试
2026-05-08 21:17:21,764 - INFO - 开始登出流程...
2026-05-08 21:17:52,665 - INFO - 未检测到home sel/mine sel/mine，跳过登出流程
2026-05-08 21:17:52,666 - INFO - ✅ 步骤0: 登出，确保从登出状态开始测试 - 完成
2026-05-08 21:17:54,675 - INFO - 🔄 步骤1: 验证在APP首页（登录页面）
2026-05-08 21:17:54,827 - INFO - ✅ 步骤1: 验证在APP首页（登录页面） - 完成，确认在APP首页（登录页面）
2026-05-08 21:17:56,837 - INFO - 🔄 步骤2: 点击Sign Up按钮进入注册页面
2026-05-08 21:17:57,793 - INFO - ✅ 步骤2: 点击Sign Up按钮进入注册页面 - 完成
2026-05-08 21:18:00,797 - INFO - 🔄 步骤3: 验证进入Sign Up页面
2026-05-08 21:18:01,029 - INFO - ✅ 步骤3: 验证进入Sign Up页面 - 完成，确认已进入Sign Up注册页面
2026-05-08 21:18:03,034 - INFO - 🔄 步骤4: 输入邮箱
2026-05-08 21:18:03,038 - INFO - 📧 生成简单邮箱地址: testuser170@163.com
2026-05-08 21:18:04,925 - INFO - ✅ 步骤4: 输入邮箱 - 完成，邮箱: testuser170@163.com
2026-05-08 21:18:06,929 - INFO - 🔄 步骤5: 勾选隐私政策和用户协议
2026-05-08 21:18:13,038 - INFO - ✅ 隐私政策复选框已勾选
2026-05-08 21:18:14,544 - INFO - 🔄 步骤5.1: 收起键盘（Done）
2026-05-08 21:18:15,786 - INFO - ✅ 已点击Done收起键盘
2026-05-08 21:18:16,794 - INFO - 🔄 步骤6: 点击Next进入set password页面
2026-05-08 21:18:17,480 - INFO - ✅ 步骤6: 点击Next进入set password页面 - 完成，已点击Next按钮
2026-05-08 21:18:20,489 - INFO - 🔄 步骤7: 验证进入set password页面
2026-05-08 21:18:20,771 - INFO - ✅ 成功进入set password页面
2026-05-08 21:18:22,279 - INFO - 🔄 步骤8: 输入纯特殊字符密码并验证规则颜色
2026-05-08 21:18:24,378 - INFO - ✅ 已输入密码: !@#$%^&*()-==+\'l[};:/?...~><`
2026-05-08 21:18:26,637 - INFO - ✅ 已输入确认密码: !@#$%^&*()-==+\'l[};:/?...~><`
2026-05-08 21:18:28,043 - INFO - 📝 规则提示: • 6-20 characters 颜色: None
2026-05-08 21:18:28,425 - INFO - 📝 规则提示: • contains letters 颜色: None
2026-05-08 21:18:28,823 - INFO - 📝 规则提示: • contains numbers 颜色: None
2026-05-08 21:18:29,200 - INFO - 📝 规则提示: • Supports special characters:! @ # $ % ^ & * ( ) - _ = + \ | [ ] { } ; : / ? . , ~ > < ` 颜色: None
2026-05-08 21:18:30,391 - INFO - ✅ 密码页已点击Done收起键盘
2026-05-08 21:18:31,396 - INFO - 🔄 步骤9: 点击Next验证仍停留在set password页面
2026-05-08 21:18:31,961 - INFO - ✅ 已尝试点击密码页Next按钮（应无跳转）
2026-05-08 21:18:34,262 - INFO - ✅ 点击后仍停留在set password页面，Next按钮不可使页面跳转
2026-05-08 21:18:35,265 - INFO - 🎉 测试用例102231执行成功！
2026-05-08 21:18:35,265 - INFO - ✅ 纯字符密码规则提示符合预期，Next不可跳转
2026-05-08 21:18:37,304 - INFO - ✅ 报告已生成: /Users/ambrose.chen/Desktop/iot/project/APP外壳/2测试报告/platform/ios_20260508_211720/ios_20260508_211720_report.xlsx
