2026-05-20 10:49:43,376 - INFO - 🔄 步骤1: 重启APP
2026-05-20 10:49:48,256 - INFO - ✅ 步骤1: 重启APP - 完成
2026-05-20 10:49:48,256 - INFO - 🔄 步骤2: 检测登录状态并确保在登录/注册入口页
2026-05-20 10:49:49,051 - INFO - ✅ 步骤2: 检测登录状态并确保在登录/注册入口页 - 完成
2026-05-20 10:49:49,052 - INFO - 🔄 步骤3: 点击 Sign Up 进入注册页
2026-05-20 10:49:51,314 - INFO - ✅ 步骤3: 点击 Sign Up 进入注册页 - 完成
2026-05-20 10:49:51,317 - INFO - 📧 生成简单邮箱地址: testuser340@163.com
2026-05-20 10:49:51,318 - INFO -     📧 邮箱: testuser340@163.com
2026-05-20 10:49:51,318 - INFO - 🔄 步骤4: 输入邮箱
2026-05-20 10:50:26,423 - INFO - ✅ 步骤4: 输入邮箱 - 完成
2026-05-20 10:50:26,424 - INFO - 🔄 步骤5: 勾选隐私政策
2026-05-20 10:50:27,279 - INFO - ✅ 步骤5: 勾选隐私政策 - 完成
2026-05-20 10:50:27,279 - INFO - 🔄 步骤6: 点击 Next 进入设置密码页
2026-05-20 10:50:30,461 - INFO - ✅ 步骤6: 点击 Next 进入设置密码页 - 完成
2026-05-20 10:50:30,461 - INFO - 🔄 步骤7: 验证进入设置密码页
2026-05-20 10:50:30,539 - INFO - ✅ 步骤7: 验证进入设置密码页 - 完成
2026-05-20 10:50:30,540 - INFO - 🔄 步骤8: 输入密码并验证规则提示为灰色
2026-05-20 10:50:30,540 - INFO -     🔑 密码: Csx150128
2026-05-20 10:50:34,135 - INFO -     📝 规则 ['6-20 characters'] 可见（//android.widget.TextView[contains(@text,"6-20 characters")]），系统未返回颜色属性，按默认灰色通过
2026-05-20 10:50:34,306 - INFO -     📝 规则 ['contains letters'] 可见（//android.widget.TextView[contains(@text,"contains letters")]），系统未返回颜色属性，按默认灰色通过
2026-05-20 10:50:34,456 - INFO -     📝 规则 ['contains numbers'] 可见（//android.widget.TextView[contains(@text,"contains numbers")]），系统未返回颜色属性，按默认灰色通过
2026-05-20 10:50:34,627 - INFO -     📝 规则 ['Supports special characters'] 可见（//android.widget.TextView[contains(@text,"Supports special characters")]），系统未返回颜色属性，按默认灰色通过
2026-05-20 10:50:34,627 - INFO -     ✅ 四条密码规则均可见且默认为灰色
2026-05-20 10:50:34,627 - INFO - ✅ 步骤8: 输入密码并验证规则提示为灰色 - 完成
2026-05-20 10:50:34,627 - INFO - 🎉 测试用例 200064 执行成功！
2026-05-20 10:50:34,627 - INFO - ✅ 设置密码页面规则提示默认为灰色，输入 Csx150128 后规则提示可见
2026-05-20 10:50:34,644 - INFO - ✅ 报告已生成: /Users/ambrose.chen/Desktop/iot/project/APP外壳/2测试报告/platform/android_20260520_104939/android_20260520_104939_report.xlsx
