2026-05-07 21:19:15,179 - INFO - 🔄 步骤0: 登出，确保从登出状态开始测试
2026-05-07 21:19:15,179 - INFO - 开始登出流程...
2026-05-07 21:19:46,091 - INFO - 未检测到home sel/mine sel/mine，跳过登出流程
2026-05-07 21:19:46,093 - INFO - ✅ 步骤0: 登出，确保从登出状态开始测试 - 完成
2026-05-07 21:19:48,100 - INFO - 🔄 步骤1: 验证在APP首页（登录页面）
2026-05-07 21:19:48,253 - INFO - ✅ 步骤1: 验证在APP首页（登录页面） - 完成，确认在APP首页（登录页面）
2026-05-07 21:19:50,256 - INFO - 🔄 步骤2: 点击Sign Up按钮进入注册页面
2026-05-07 21:19:51,209 - INFO - ✅ 步骤2: 点击Sign Up按钮进入注册页面 - 完成
2026-05-07 21:19:54,210 - INFO - 🔄 步骤3: 验证进入Sign Up页面
2026-05-07 21:19:54,446 - INFO - ✅ 步骤3: 验证进入Sign Up页面 - 完成，确认已进入Sign Up注册页面
2026-05-07 21:19:56,456 - INFO - 🔄 步骤4: 国家切为china
2026-05-07 21:19:57,511 - INFO - ✅ 已点击国家栏下拉按钮
2026-05-07 21:21:09,821 - INFO - ✅ 已输入搜索关键词: China
2026-05-07 21:21:13,203 - INFO - ✅ 已选择国家: china，命中的元素: China
2026-05-07 21:21:16,213 - INFO - ✅ 步骤4: 国家切为china - 完成，已切换国家为china
2026-05-07 21:21:18,220 - INFO - 🔄 步骤5: 输入邮箱18860877330@163.com
2026-05-07 21:21:20,225 - INFO - ✅ 步骤5: 输入邮箱18860877330@163.com - 完成，邮箱: 18860877330@163.com
2026-05-07 21:21:22,233 - INFO - 🔄 步骤6: 点击Done按钮收起键盘
2026-05-07 21:21:23,547 - INFO - ✅ 步骤6: 点击Done按钮收起键盘 - 完成
2026-05-07 21:21:25,554 - INFO - 🔄 步骤7: 勾选隐私政策和用户协议
2026-05-07 21:21:31,332 - INFO - ✅ 隐私政策复选框已勾选
2026-05-07 21:21:32,334 - INFO - ✅ 步骤7: 勾选隐私政策和用户协议 - 完成
2026-05-07 21:21:34,337 - INFO - 🔄 步骤8: 点击Next按钮进入密码设置
2026-05-07 21:21:35,047 - INFO - ✅ 步骤8: 点击Next按钮进入密码设置 - 完成
2026-05-07 21:21:38,053 - INFO - 🔄 步骤9: 设置密码
2026-05-07 21:21:48,696 - INFO - ❌ 步骤9: 设置密码失败: 无法找到或输入密码框 - Message: 
Stacktrace:
NoSuchElementError: An element could not be located on the page using the given search parameters.
    at XCUITestDriver.doNativeFind (/Users/ambrose.chen/.appium/node_modules/appium-xcuitest-driver/lib/commands/find.js:116:11)
    at processTicksAndRejections (node:internal/process/task_queues:103:5)
    at XCUITestDriver.findNativeElementOrElements (/Users/ambrose.chen/.appium/node_modules/appium-xcuitest-driver/lib/commands/find.js:69:10)
    at XCUITestDriver.findElOrEls (/Users/ambrose.chen/.appium/node_modules/appium-xcuitest-driver/lib/commands/find.js:13:12)
    at XCUITestDriver.findElOrElsWithProcessing (/Users/ambrose.chen/.appium/node_modules/appium-xcuitest-driver/node_modules/@appium/base-driver/lib/basedriver/commands/find.ts:60:12)
    at XCUITestDriver.findElement (/Users/ambrose.chen/.appium/node_modules/appium-xcuitest-driver/node_modules/@appium/base-driver/lib/basedriver/commands/find.ts:75:12)
2026-05-07 21:21:48,696 - INFO - 
============================================================
2026-05-07 21:21:48,696 - INFO - ❌ 测试失败
2026-05-07 21:21:48,696 - INFO - 📍 失败步骤: 步骤9: 设置密码
2026-05-07 21:21:48,696 - INFO - 📝 失败原因: 步骤9: 设置密码失败: 无法找到或输入密码框 - Message: 
Stacktrace:
NoSuchElementError: An element could not be located on the page using the given search parameters.
    at XCUITestDriver.doNativeFind (/Users/ambrose.chen/.appium/node_modules/appium-xcuitest-driver/lib/commands/find.js:116:11)
    at processTicksAndRejections (node:internal/process/task_queues:103:5)
    at XCUITestDriver.findNativeElementOrElements (/Users/ambrose.chen/.appium/node_modules/appium-xcuitest-driver/lib/commands/find.js:69:10)
    at XCUITestDriver.findElOrEls (/Users/ambrose.chen/.appium/node_modules/appium-xcuitest-driver/lib/commands/find.js:13:12)
    at XCUITestDriver.findElOrElsWithProcessing (/Users/ambrose.chen/.appium/node_modules/appium-xcuitest-driver/node_modules/@appium/base-driver/lib/basedriver/commands/find.ts:60:12)
    at XCUITestDriver.findElement (/Users/ambrose.chen/.appium/node_modules/appium-xcuitest-driver/node_modules/@appium/base-driver/lib/basedriver/commands/find.ts:75:12)
2026-05-07 21:21:48,697 - INFO - ============================================================
2026-05-07 21:21:48,701 - INFO - Traceback (most recent call last):

2026-05-07 21:21:48,702 - INFO -   File "/Users/ambrose.chen/Desktop/iot/project/APP外壳/3功能/1平台/IOS/2注册/102195 验证注册地为"中国"，正确邮箱，可以注册.py", line 302, in test_102195
    password_input = WebDriverWait(driver, 8).until(
                     ^^^^^^^^^^^^^^^^^^^^^^^^^^^^^^^

2026-05-07 21:21:48,702 - INFO -   File "/Library/Frameworks/Python.framework/Versions/3.11/lib/python3.11/site-packages/selenium/webdriver/support/wait.py", line 138, in until
    raise TimeoutException(message, screen, stacktrace)

2026-05-07 21:21:48,702 - INFO - selenium.common.exceptions.TimeoutException: Message: 
Stacktrace:
NoSuchElementError: An element could not be located on the page using the given search parameters.
    at XCUITestDriver.doNativeFind (/Users/ambrose.chen/.appium/node_modules/appium-xcuitest-driver/lib/commands/find.js:116:11)
    at processTicksAndRejections (node:internal/process/task_queues:103:5)
    at XCUITestDriver.findNativeElementOrElements (/Users/ambrose.chen/.appium/node_modules/appium-xcuitest-driver/lib/commands/find.js:69:10)
    at XCUITestDriver.findElOrEls (/Users/ambrose.chen/.appium/node_modules/appium-xcuitest-driver/lib/commands/find.js:13:12)
    at XCUITestDriver.findElOrElsWithProcessing (/Users/ambrose.chen/.appium/node_modules/appium-xcuitest-driver/node_modules/@appium/base-driver/lib/basedriver/commands/find.ts:60:12)
    at XCUITestDriver.findElement (/Users/ambrose.chen/.appium/node_modules/appium-xcuitest-driver/node_modules/@appium/base-driver/lib/basedriver/commands/find.ts:75:12)

2026-05-07 21:21:48,950 - INFO - 已保存test_102195_failed失败截图: screenshots/test_102195_failed_1778160108.png
2026-05-07 21:21:48,974 - INFO - ✅ 报告已生成: /Users/ambrose.chen/Desktop/iot/project/APP外壳/2测试报告/platform/ios_20260507_211913/ios_20260507_211913_report.xlsx
