2026-05-12 11:54:14,355 - INFO - 🔄 步骤0: 登出，确保从登出状态开始测试
2026-05-12 11:54:14,356 - INFO - 开始登出流程...
2026-05-12 11:54:14,597 - INFO - 检测到home sel元素
2026-05-12 11:54:25,993 - INFO - ✅ 点击mine按钮: //XCUIElementTypeButton[@name="mine"]
2026-05-12 11:54:28,195 - INFO - ✅ 点击CommonEdit编辑按钮: //XCUIElementTypeButton[@name="CommonEdit"]
2026-05-12 11:54:30,377 - INFO - ✅ 点击Log Out: //XCUIElementTypeButton[@name="Log Out"]
2026-05-12 11:54:32,688 - INFO - ✅ 点击Confirm: //XCUIElementTypeButton[@name="Confirm"]
2026-05-12 11:54:34,197 - INFO - 登出操作完成
2026-05-12 11:54:34,524 - INFO - ✅ 成功回到登录页面
2026-05-12 11:54:34,524 - INFO - ✅ 步骤0: 登出，确保从登出状态开始测试 - 完成
2026-05-12 11:54:36,534 - INFO - 🔄 步骤1: 点击Sign Up按钮进入注册页面
2026-05-12 11:54:37,517 - INFO - ✅ 步骤1: 点击Sign Up按钮进入注册页面 - 完成
2026-05-12 11:54:39,528 - INFO - 🔄 步骤2: 输入邮箱地址
2026-05-12 11:54:39,533 - INFO - 📧 生成邮箱地址: 1+2-3.4%5_638@163.com
2026-05-12 11:54:41,607 - INFO - ✅ 步骤2: 输入邮箱地址 - 完成，邮箱: 1+2-3.4%5_638@163.com
2026-05-12 11:54:43,613 - INFO - 🔄 步骤3: 同意隐私政策
2026-05-12 11:54:44,651 - INFO - ✅ 步骤3: 同意隐私政策 - 完成
2026-05-12 11:54:46,658 - INFO - 🔄 步骤4: 点击Done按钮（收起键盘）
2026-05-12 11:54:47,967 - INFO - ✅ 步骤4: 点击Done按钮（收起键盘） - 完成
2026-05-12 11:54:49,970 - INFO - 🔄 步骤5: 点击Next按钮进入密码设置
2026-05-12 11:54:50,717 - INFO - ✅ 步骤5: 点击Next按钮进入密码设置 - 完成
2026-05-12 11:54:52,726 - INFO - 🔄 步骤6: 设置密码
2026-05-12 11:54:57,856 - INFO - ✅ 步骤6: 设置密码 - 完成
2026-05-12 11:54:59,864 - INFO - 🔄 步骤7: 点击Done按钮（收起键盘）
2026-05-12 11:55:01,119 - INFO - ✅ 步骤7: 点击Done按钮（收起键盘） - 完成
2026-05-12 11:55:03,126 - INFO - 🔄 步骤8: 点击Next按钮进入个人信息页面
2026-05-12 11:55:04,110 - INFO - ✅ 步骤8: 点击Next按钮进入个人信息页面 - 完成
2026-05-12 11:55:06,115 - INFO - 🔄 步骤9: 验证用户名输入框存在但不输入任何信息
2026-05-12 11:55:16,791 - INFO - ❌ 步骤9: 验证用户名输入框存在但不输入任何信息失败: 无法找到用户名输入框或验证失败 - Message: 
Stacktrace:
NoSuchElementError: An element could not be located on the page using the given search parameters.
    at XCUITestDriver.doNativeFind (/Users/ambrose.chen/.appium/node_modules/appium-xcuitest-driver/lib/commands/find.js:116:11)
    at processTicksAndRejections (node:internal/process/task_queues:103:5)
    at XCUITestDriver.findNativeElementOrElements (/Users/ambrose.chen/.appium/node_modules/appium-xcuitest-driver/lib/commands/find.js:69:10)
    at XCUITestDriver.findElOrEls (/Users/ambrose.chen/.appium/node_modules/appium-xcuitest-driver/lib/commands/find.js:13:12)
    at XCUITestDriver.findElOrElsWithProcessing (/Users/ambrose.chen/.appium/node_modules/appium-xcuitest-driver/node_modules/@appium/base-driver/lib/basedriver/commands/find.ts:60:12)
    at XCUITestDriver.findElement (/Users/ambrose.chen/.appium/node_modules/appium-xcuitest-driver/node_modules/@appium/base-driver/lib/basedriver/commands/find.ts:75:12)
2026-05-12 11:55:16,791 - INFO - 
============================================================
2026-05-12 11:55:16,791 - INFO - ❌ 测试失败
2026-05-12 11:55:16,791 - INFO - 📍 失败步骤: 步骤9: 验证用户名输入框存在但不输入任何信息
2026-05-12 11:55:16,791 - INFO - 📝 失败原因: 步骤9: 验证用户名输入框存在但不输入任何信息失败: 无法找到用户名输入框或验证失败 - Message: 
Stacktrace:
NoSuchElementError: An element could not be located on the page using the given search parameters.
    at XCUITestDriver.doNativeFind (/Users/ambrose.chen/.appium/node_modules/appium-xcuitest-driver/lib/commands/find.js:116:11)
    at processTicksAndRejections (node:internal/process/task_queues:103:5)
    at XCUITestDriver.findNativeElementOrElements (/Users/ambrose.chen/.appium/node_modules/appium-xcuitest-driver/lib/commands/find.js:69:10)
    at XCUITestDriver.findElOrEls (/Users/ambrose.chen/.appium/node_modules/appium-xcuitest-driver/lib/commands/find.js:13:12)
    at XCUITestDriver.findElOrElsWithProcessing (/Users/ambrose.chen/.appium/node_modules/appium-xcuitest-driver/node_modules/@appium/base-driver/lib/basedriver/commands/find.ts:60:12)
    at XCUITestDriver.findElement (/Users/ambrose.chen/.appium/node_modules/appium-xcuitest-driver/node_modules/@appium/base-driver/lib/basedriver/commands/find.ts:75:12)
2026-05-12 11:55:16,791 - INFO - ============================================================
2026-05-12 11:55:16,797 - INFO - Traceback (most recent call last):

2026-05-12 11:55:16,798 - INFO -   File "/Users/ambrose.chen/Desktop/iot/project/APP外壳/3功能/1平台/IOS/2注册/102247验证不输入用户名，点击返回按钮.py", line 246, in test_102247
    username_input = WebDriverWait(driver, 10).until(
                     ^^^^^^^^^^^^^^^^^^^^^^^^^^^^^^^^

2026-05-12 11:55:16,798 - INFO -   File "/Library/Frameworks/Python.framework/Versions/3.11/lib/python3.11/site-packages/selenium/webdriver/support/wait.py", line 138, in until
    raise TimeoutException(message, screen, stacktrace)

2026-05-12 11:55:16,798 - INFO - selenium.common.exceptions.TimeoutException: Message: 
Stacktrace:
NoSuchElementError: An element could not be located on the page using the given search parameters.
    at XCUITestDriver.doNativeFind (/Users/ambrose.chen/.appium/node_modules/appium-xcuitest-driver/lib/commands/find.js:116:11)
    at processTicksAndRejections (node:internal/process/task_queues:103:5)
    at XCUITestDriver.findNativeElementOrElements (/Users/ambrose.chen/.appium/node_modules/appium-xcuitest-driver/lib/commands/find.js:69:10)
    at XCUITestDriver.findElOrEls (/Users/ambrose.chen/.appium/node_modules/appium-xcuitest-driver/lib/commands/find.js:13:12)
    at XCUITestDriver.findElOrElsWithProcessing (/Users/ambrose.chen/.appium/node_modules/appium-xcuitest-driver/node_modules/@appium/base-driver/lib/basedriver/commands/find.ts:60:12)
    at XCUITestDriver.findElement (/Users/ambrose.chen/.appium/node_modules/appium-xcuitest-driver/node_modules/@appium/base-driver/lib/basedriver/commands/find.ts:75:12)

2026-05-12 11:55:17,062 - INFO - 已保存test_102247_failed失败截图: screenshots/test_102247_failed_1778558116.png
2026-05-12 11:55:17,086 - INFO - ✅ 报告已生成: /Users/ambrose.chen/Desktop/iot/project/APP外壳/2测试报告/platform/ios_20260512_115412/ios_20260512_115412_report.xlsx
