2026-05-08 09:35:49,523 - INFO - 🔄 步骤1: 重置APP，检测登录状态并登出
2026-05-08 09:35:55,391 - INFO -     ✅ APP已重置
2026-05-08 09:36:10,592 - INFO -     ℹ️ 未检测到登录状态，已在登录页面
2026-05-08 09:36:10,593 - INFO - ✅ 步骤1: 重置APP，检测登录状态并登出 - 完成
2026-05-08 09:36:10,593 - INFO - 🔄 步骤2: 在Sign In页面关闭手机网络
2026-05-08 09:36:10,770 - INFO -     ✅ 确认在Sign In页面
2026-05-08 09:36:10,770 - INFO -     🔄 通过后台切换到WLAN页面关闭网络...
2026-05-08 09:36:34,664 - INFO -     ✅ 已找到WLAN开关: //XCUIElementTypeSwitch[@name="无线局域网"]
2026-05-08 09:36:34,758 - INFO -     ℹ️ 当前WLAN状态值: 1
2026-05-08 09:36:36,186 - INFO -     ✅ WLAN开关已点击，目标状态: 关闭
2026-05-08 09:36:58,774 - INFO -     ℹ️ 点击后状态值: 0（//XCUIElementTypeSwitch[@name="无线局域网"]）
2026-05-08 09:37:00,420 - INFO -     ✅ 已返回应用
2026-05-08 09:37:00,421 - INFO - ✅ 步骤2: 在Sign In页面关闭手机网络 - 完成，网络已关闭
2026-05-08 09:37:00,421 - INFO - 🔄 步骤3: 点击登录按钮进入Sign in页面
2026-05-08 09:37:01,403 - INFO - ✅ 步骤3: 点击登录按钮进入Sign in页面 - 完成
2026-05-08 09:37:02,906 - INFO - 🔄 步骤4: 点击邮箱框，输入邮箱
2026-05-08 09:37:43,820 - INFO -     ✅ 邮箱输入完成: haoc51888@gmail.com
2026-05-08 09:37:44,827 - INFO - 🔄 步骤5: 点击密码框，输入密码
2026-05-08 09:38:26,402 - INFO -     ✅ 密码输入完成
2026-05-08 09:38:27,405 - INFO - 🔄 步骤6: 点击键盘Done，收起键盘
2026-05-08 09:38:28,656 - INFO - ✅ 步骤6: 点击键盘Done，收起键盘 - 完成
2026-05-08 09:38:29,657 - INFO - 🔄 步骤7: 点击协议勾选框
2026-05-08 09:38:30,438 - INFO - ✅ 步骤7: 点击协议勾选框 - 完成
2026-05-08 09:38:31,440 - INFO - 🔄 步骤8: 点击登录按钮，验证网络错误提示
2026-05-08 09:38:32,261 - INFO -     ✅ 已点击登录按钮
2026-05-08 09:38:35,597 - INFO -     📝 错误提示内容: Network connection error, please check
2026-05-08 09:38:35,597 - INFO - ✅ 步骤8: 点击登录按钮，验证网络错误提示 - 完成，网络错误提示显示正确: Network connection error, please check
2026-05-08 09:38:35,597 - INFO - 🎉 测试用例102779执行成功！
2026-05-08 09:38:36,599 - INFO - 🔄 步骤9: 重启网络
2026-05-08 09:38:36,599 - INFO -     🔄 通过后台切换到WLAN页面打开网络...
2026-05-08 09:38:59,737 - INFO -     ✅ 已找到WLAN开关: //XCUIElementTypeSwitch[@name="无线局域网"]
2026-05-08 09:38:59,811 - INFO -     ℹ️ 当前WLAN状态值: 0
2026-05-08 09:39:01,220 - INFO -     ✅ WLAN开关已点击，目标状态: 开启
2026-05-08 09:39:24,000 - INFO -     ℹ️ 点击后状态值: 1（//XCUIElementTypeSwitch[@name="无线局域网"]）
2026-05-08 09:39:25,667 - INFO -     ✅ 已返回应用
2026-05-08 09:39:25,668 - INFO - ✅ 步骤9: 重启网络 - 完成，网络已恢复
2026-05-08 09:39:25,695 - INFO - ✅ 报告已生成: /Users/ambrose.chen/Desktop/iot/project/APP外壳/2测试报告/platform/ios_20260508_093546/ios_20260508_093546_report.xlsx
