2026-05-11 16:35:33,120 - INFO - 🔄 步骤1: 重启APP并处理登录状态
2026-05-11 16:35:39,291 - INFO - 开始登出流程...
2026-05-11 16:35:39,504 - INFO - 检测到home sel元素
2026-05-11 16:35:51,035 - INFO - ✅ 点击mine按钮: //XCUIElementTypeButton[@name="mine"]
2026-05-11 16:35:53,242 - INFO - ✅ 点击CommonEdit编辑按钮: //XCUIElementTypeButton[@name="CommonEdit"]
2026-05-11 16:35:55,432 - INFO - ✅ 点击Log Out: //XCUIElementTypeButton[@name="Log Out"]
2026-05-11 16:35:57,642 - INFO - ✅ 点击Confirm: //XCUIElementTypeButton[@name="Confirm"]
2026-05-11 16:35:59,147 - INFO - 登出操作完成
2026-05-11 16:35:59,487 - INFO - ✅ 成功回到登录页面
2026-05-11 16:36:01,622 - INFO - ✅ 步骤1: 重启APP并处理登录状态 - 完成
2026-05-11 16:36:01,622 - INFO - 🔄 步骤2: 点击Sign In进入登录页
2026-05-11 16:36:04,560 - INFO - ✅ 步骤2: 点击Sign In进入登录页 - 完成
2026-05-11 16:36:04,561 - INFO - 🔄 步骤3: 点击Forgot password进入忘记密码页
2026-05-11 16:36:07,624 - INFO - ✅ 步骤3: 点击Forgot password进入忘记密码页 - 完成
2026-05-11 16:36:07,625 - INFO - 🔄 步骤4: 输入邮箱并点击Next进入验证码页
2026-05-11 16:36:17,429 - INFO - ✅ 步骤4: 输入邮箱并点击Next进入验证码页 - 完成，邮箱: haoc51888@gmail.com
2026-05-11 16:36:17,431 - INFO - 🔄 步骤5: Gmail获取最新验证码code
2026-05-11 16:38:01,489 - INFO - ✅ 步骤5: Gmail获取最新验证码code - 完成，code: 293368
2026-05-11 16:38:01,491 - INFO - 🔄 步骤6: 输入验证码进入Set Password页
2026-05-11 16:38:11,040 - INFO - ✅ 步骤6: 输入验证码进入Set Password页 - 完成
2026-05-11 16:38:11,041 - INFO - 🔄 步骤7: 输入=6位密码
2026-05-11 16:38:14,810 - INFO - ✅ 步骤7: 输入=6位密码 - 完成（pwd_6: Csx150128）
2026-05-11 16:38:14,810 - INFO - 🔄 步骤8: Done收起键盘，点击Submit跳转并断言协议文案
2026-05-11 16:38:17,953 - INFO - ✅ 步骤8: Done收起键盘，点击Submit跳转并断言协议文案 - 完成
2026-05-11 16:38:17,953 - INFO - 🎉 测试用例102148执行成功！
2026-05-11 16:38:19,985 - INFO - ✅ 报告已生成: /Users/ambrose.chen/Desktop/iot/project/APP外壳/2测试报告/platform/ios_20260511_163530/ios_20260511_163530_report.xlsx
