2026-05-07 21:46:26,953 - INFO - 🔄 步骤0: 登出，确保从登出状态开始测试
2026-05-07 21:46:26,954 - INFO - 开始登出流程...
2026-05-07 21:46:57,859 - INFO - 未检测到home sel/mine sel/mine，跳过登出流程
2026-05-07 21:46:57,859 - INFO - ✅ 步骤0: 登出，确保从登出状态开始测试 - 完成
2026-05-07 21:46:59,864 - INFO - 🔄 步骤1: 验证在APP首页（登录页面）
2026-05-07 21:47:00,033 - INFO - ✅ 步骤1: 验证在APP首页（登录页面） - 完成，确认在APP首页（登录页面）
2026-05-07 21:47:02,041 - INFO - 🔄 步骤2: 点击Sign Up按钮进入注册页面
2026-05-07 21:47:03,002 - INFO - ✅ 步骤2: 点击Sign Up按钮进入注册页面 - 完成
2026-05-07 21:47:06,010 - INFO - 🔄 步骤3: 验证进入Sign Up页面
2026-05-07 21:47:06,241 - INFO - ✅ 步骤3: 验证进入Sign Up页面 - 完成，确认已进入Sign Up注册页面
2026-05-07 21:47:08,247 - INFO - 🔄 步骤4: 输入已注册邮箱
2026-05-07 21:47:10,150 - INFO - ✅ 步骤4: 输入已注册邮箱 - 完成，输入邮箱: haoc51888@gmail.com
2026-05-07 21:47:12,152 - INFO - 🔄 步骤5: 勾选隐私政策和用户协议
2026-05-07 21:47:18,102 - INFO - ✅ 隐私政策复选框已勾选
2026-05-07 21:47:19,610 - INFO - 🔄 步骤5.1: 收起键盘（Done）
2026-05-07 21:47:20,891 - INFO - ✅ 已点击Done收起键盘
2026-05-07 21:47:21,901 - INFO - 🔄 步骤6: 点击Next按钮
2026-05-07 21:47:22,612 - INFO - ✅ 步骤6: 点击Next按钮 - 完成，已点击Next按钮
2026-05-07 21:47:24,620 - INFO - 🔄 步骤7: 验证弹框提示已注册
2026-05-07 21:47:25,469 - INFO - ✅ 弹框提示已注册: This email is already registered. Ready to sign in now?
2026-05-07 21:47:26,471 - INFO - 🔄 步骤8: 点击Confirm进入登录页
2026-05-07 21:47:27,611 - INFO - ✅ 已点击Confirm
2026-05-07 21:47:30,619 - INFO - 🔄 步骤9: 验证跳转到登录页面
2026-05-07 21:47:30,876 - INFO - ✅ 步骤9: 验证跳转到登录页面 - 完成，已跳转到登录页面
2026-05-07 21:47:32,881 - INFO - 🎉 测试用例102219执行成功！
2026-05-07 21:47:32,881 - INFO - ✅ 已注册邮箱再次注册，弹框提示并点击Confirm跳转登录页成功
2026-05-07 21:47:34,921 - INFO - ✅ 报告已生成: /Users/ambrose.chen/Desktop/iot/project/APP外壳/2测试报告/platform/ios_20260507_214625/ios_20260507_214625_report.xlsx
