2026-05-11 10:53:50,812 - INFO - 🔄 步骤1: 重启APP并处理登录状态
2026-05-11 10:54:12,045 - INFO - ✅ 步骤1: 重启APP并处理登录状态 - 完成
2026-05-11 10:54:12,046 - INFO - 🔄 步骤2: 点击Sign In进入登录页
2026-05-11 10:54:14,974 - INFO - ✅ 步骤2: 点击Sign In进入登录页 - 完成
2026-05-11 10:54:14,975 - INFO - 🔄 步骤3: 点击Forgot password进入忘记密码页
2026-05-11 10:54:18,015 - INFO - ✅ 步骤3: 点击Forgot password进入忘记密码页 - 完成
2026-05-11 10:54:18,016 - INFO - 🔄 步骤4: 输入邮箱并点击Next进入验证码页
2026-05-11 10:54:28,458 - INFO - ✅ 步骤4: 输入邮箱并点击Next进入验证码页 - 完成，邮箱: haoc51888@gmail.com
2026-05-11 10:54:28,460 - INFO - 🔄 步骤5: Gmail获取最新验证码code
2026-05-11 10:56:10,303 - INFO - ✅ 步骤5: Gmail获取最新验证码code - 完成，code: 484035
2026-05-11 10:56:10,304 - INFO - 🔄 步骤6: 输入验证码进入Set Password页
2026-05-11 10:56:19,751 - INFO - ✅ 步骤6: 输入验证码进入Set Password页 - 完成
2026-05-11 10:56:19,751 - INFO - 🔄 步骤7: 输入大小写字母混合密码(两次)并收起键盘
2026-05-11 10:56:25,128 - INFO - ✅ 步骤7: 输入大小写字母混合密码(两次)并收起键盘 - 完成，password: XINGmai
2026-05-11 10:56:25,129 - INFO - 🔄 步骤8: 校验密码规则文案颜色（若能取到color）
2026-05-11 10:56:25,352 - INFO - 📝 规则提示: • 6-20 characters 颜色: None
2026-05-11 10:56:25,581 - INFO - 📝 规则提示: • contains letters 颜色: None
2026-05-11 10:56:25,805 - INFO - 📝 规则提示: • contains numbers 颜色: None
2026-05-11 10:56:26,024 - INFO - 📝 规则提示: • Supports special characters:! @ # $ % ^ & * ( ) - _ = + \ | [ ] { } ; : / ? . , ~ > < ` 颜色: None
2026-05-11 10:56:26,025 - INFO - ✅ 步骤8: 校验密码规则文案颜色（若能取到color） - 完成
2026-05-11 10:56:26,025 - INFO - 🔄 步骤9: 点击Submit，断言不可完成修改密码（仍停留Set Password页）
2026-05-11 10:56:26,292 - INFO - ✅ 步骤9: 点击Submit，断言不可完成修改密码（仍停留Set Password页） - 完成
2026-05-11 10:56:26,293 - INFO - 🎉 测试用例102158执行成功！
2026-05-11 10:56:26,316 - INFO - ✅ 报告已生成: /Users/ambrose.chen/Desktop/iot/project/APP外壳/2测试报告/platform/ios_20260511_105349/ios_20260511_105349_report.xlsx
