2026-05-12 11:42:12,685 - INFO - 🔄 步骤0: 登出，确保从登出状态开始测试
2026-05-12 11:42:12,686 - INFO - 开始登出流程...
2026-05-12 11:42:43,580 - INFO - 未检测到home sel/mine sel/mine，跳过登出流程
2026-05-12 11:42:43,582 - INFO - ✅ 步骤0: 登出，确保从登出状态开始测试 - 完成
2026-05-12 11:42:45,588 - INFO - 🔄 步骤1: 验证在APP首页（登录页面）
2026-05-12 11:42:45,751 - INFO - ✅ 步骤1: 验证在APP首页（登录页面） - 完成，确认在APP首页（登录页面）
2026-05-12 11:42:47,757 - INFO - 🔄 步骤2: 点击Sign Up按钮进入注册页面
2026-05-12 11:42:48,708 - INFO - ✅ 步骤2: 点击Sign Up按钮进入注册页面 - 完成
2026-05-12 11:42:51,712 - INFO - 🔄 步骤3: 验证进入Sign Up页面
2026-05-12 11:42:51,943 - INFO - ✅ 步骤3: 验证进入Sign Up页面 - 完成，确认已进入Sign Up注册页面
2026-05-12 11:42:53,946 - INFO - 🔄 步骤4: 输入邮箱
2026-05-12 11:42:53,952 - INFO - 📧 生成简单邮箱地址: testuser284@163.com
2026-05-12 11:42:55,942 - INFO - ✅ 步骤4: 输入邮箱 - 完成，邮箱: testuser284@163.com
2026-05-12 11:42:57,946 - INFO - 🔄 步骤5: 勾选隐私政策和用户协议
2026-05-12 11:43:04,060 - INFO - ✅ 隐私政策复选框已勾选
2026-05-12 11:43:05,564 - INFO - 🔄 步骤5.1: 收起键盘（Done）
2026-05-12 11:43:06,945 - INFO - ✅ 已点击Done收起键盘
2026-05-12 11:43:07,950 - INFO - 🔄 步骤6: 点击Next进入set password页面
2026-05-12 11:43:08,671 - INFO - ✅ 步骤6: 点击Next进入set password页面 - 完成，已点击Next按钮
2026-05-12 11:43:11,677 - INFO - 🔄 步骤7: 验证进入set password页面
2026-05-12 11:43:11,961 - INFO - ✅ 成功进入set password页面
2026-05-12 11:43:13,466 - INFO - 🔄 步骤8: 输入大写+特殊字符密码并验证规则颜色
2026-05-12 11:43:15,270 - INFO - ✅ 已输入密码: !@#*XINGMAI
2026-05-12 11:43:17,252 - INFO - ✅ 已输入确认密码: !@#*XINGMAI
2026-05-12 11:43:18,661 - INFO - 📝 规则提示: • 6-20 characters 颜色: None
2026-05-12 11:43:19,047 - INFO - 📝 规则提示: • contains letters 颜色: None
2026-05-12 11:43:19,432 - INFO - 📝 规则提示: • contains numbers 颜色: None
2026-05-12 11:43:19,827 - INFO - 📝 规则提示: • Supports special characters:! @ # $ % ^ & * ( ) - _ = + \ | [ ] { } ; : / ? . , ~ > < ` 颜色: None
2026-05-12 11:43:21,028 - INFO - ✅ 密码页已点击Done收起键盘
2026-05-12 11:43:22,030 - INFO - 🔄 步骤9: 点击Next验证仍停留在set password页面
2026-05-12 11:43:22,610 - INFO - ✅ 已尝试点击密码页Next按钮（应无跳转）
2026-05-12 11:43:25,029 - INFO - ✅ 点击后仍停留在set password页面，Next按钮不可使页面跳转
2026-05-12 11:43:26,034 - INFO - 🎉 测试用例102238执行成功！
2026-05-12 11:43:26,035 - INFO - ✅ 大写+特殊字符密码规则提示符合预期，Next不可跳转
2026-05-12 11:43:28,063 - INFO - ✅ 报告已生成: /Users/ambrose.chen/Desktop/iot/project/APP外壳/2测试报告/platform/ios_20260512_114210/ios_20260512_114210_report.xlsx
