2026-05-12 11:38:25,903 - INFO - 🔄 步骤0: 登出，确保从登出状态开始测试
2026-05-12 11:38:25,903 - INFO - 开始登出流程...
2026-05-12 11:38:26,139 - INFO - 检测到home sel元素
2026-05-12 11:38:37,572 - INFO - ✅ 点击mine按钮: //XCUIElementTypeButton[@name="mine"]
2026-05-12 11:38:39,775 - INFO - ✅ 点击CommonEdit编辑按钮: //XCUIElementTypeButton[@name="CommonEdit"]
2026-05-12 11:38:41,970 - INFO - ✅ 点击Log Out: //XCUIElementTypeButton[@name="Log Out"]
2026-05-12 11:38:44,095 - INFO - ✅ 点击Confirm: //XCUIElementTypeButton[@name="Confirm"]
2026-05-12 11:38:45,601 - INFO - 登出操作完成
2026-05-12 11:38:45,920 - INFO - ✅ 成功回到登录页面
2026-05-12 11:38:45,920 - INFO - ✅ 步骤0: 登出，确保从登出状态开始测试 - 完成
2026-05-12 11:38:47,923 - INFO - 🔄 步骤1: 验证在APP首页（登录页面）
2026-05-12 11:38:48,096 - INFO - ✅ 步骤1: 验证在APP首页（登录页面） - 完成，确认在APP首页（登录页面）
2026-05-12 11:38:50,098 - INFO - 🔄 步骤2: 点击Sign Up按钮进入注册页面
2026-05-12 11:38:51,072 - INFO - ✅ 步骤2: 点击Sign Up按钮进入注册页面 - 完成
2026-05-12 11:38:54,077 - INFO - 🔄 步骤3: 验证进入Sign Up页面
2026-05-12 11:38:54,326 - INFO - ✅ 步骤3: 验证进入Sign Up页面 - 完成，确认已进入Sign Up注册页面
2026-05-12 11:38:56,328 - INFO - 🔄 步骤4: 输入邮箱
2026-05-12 11:38:56,333 - INFO - 📧 生成简单邮箱地址: testuser281@163.com
2026-05-12 11:38:58,415 - INFO - ✅ 步骤4: 输入邮箱 - 完成，邮箱: testuser281@163.com
2026-05-12 11:39:00,416 - INFO - 🔄 步骤5: 勾选隐私政策和用户协议
2026-05-12 11:39:06,384 - INFO - ✅ 隐私政策复选框已勾选
2026-05-12 11:39:07,885 - INFO - 🔄 步骤5.1: 收起键盘（Done）
2026-05-12 11:39:09,180 - INFO - ✅ 已点击Done收起键盘
2026-05-12 11:39:10,183 - INFO - 🔄 步骤6: 点击Next进入set password页面
2026-05-12 11:39:10,899 - INFO - ✅ 步骤6: 点击Next进入set password页面 - 完成，已点击Next按钮
2026-05-12 11:39:13,905 - INFO - 🔄 步骤7: 验证进入set password页面
2026-05-12 11:39:14,336 - INFO - ✅ 成功进入set password页面
2026-05-12 11:39:15,841 - INFO - 🔄 步骤8: 输入数字+字符密码并验证规则颜色
2026-05-12 11:39:18,100 - INFO - ✅ 已输入密码: !@#$%^&*()-==+\'l[};:/?...~><`12
2026-05-12 11:39:20,617 - INFO - ✅ 已输入确认密码: !@#$%^&*()-==+\'l[};:/?...~><`12
2026-05-12 11:39:22,034 - INFO - 📝 规则提示: • 6-20 characters 颜色: None
2026-05-12 11:39:22,444 - INFO - 📝 规则提示: • contains letters 颜色: None
2026-05-12 11:39:22,860 - INFO - 📝 规则提示: • contains numbers 颜色: None
2026-05-12 11:39:23,268 - INFO - 📝 规则提示: • Supports special characters:! @ # $ % ^ & * ( ) - _ = + \ | [ ] { } ; : / ? . , ~ > < ` 颜色: None
2026-05-12 11:39:24,499 - INFO - ✅ 密码页已点击Done收起键盘
2026-05-12 11:39:25,505 - INFO - 🔄 步骤9: 点击Next验证仍停留在set password页面
2026-05-12 11:39:26,095 - INFO - ✅ 已尝试点击密码页Next按钮（应无跳转）
2026-05-12 11:39:28,424 - INFO - ✅ 点击后仍停留在set password页面，Next按钮不可使页面跳转
2026-05-12 11:39:29,424 - INFO - 🎉 测试用例102235执行成功！
2026-05-12 11:39:29,424 - INFO - ✅ 数字+特殊字符密码规则提示符合预期，Next不可跳转
2026-05-12 11:39:31,462 - INFO - ✅ 报告已生成: /Users/ambrose.chen/Desktop/iot/project/APP外壳/2测试报告/platform/ios_20260512_113823/ios_20260512_113823_report.xlsx
