2026-05-09 21:14:42,885 - INFO - 🔄 步骤1: 重启APP并处理登录状态
2026-05-09 21:15:04,169 - INFO - ✅ 步骤1: 重启APP并处理登录状态 - 完成
2026-05-09 21:15:04,171 - INFO - 🔄 步骤2: 点击Sign In进入登录页
2026-05-09 21:15:07,087 - INFO - ✅ 步骤2: 点击Sign In进入登录页 - 完成
2026-05-09 21:15:07,087 - INFO - 🔄 步骤3: 点击Forgot password进入忘记密码页
2026-05-09 21:15:10,125 - INFO - ✅ 步骤3: 点击Forgot password进入忘记密码页 - 完成
2026-05-09 21:15:10,126 - INFO - 🔄 步骤4: 输入邮箱并点击Next进入验证码页
2026-05-09 21:15:18,443 - INFO - ✅ 步骤4: 输入邮箱并点击Next进入验证码页 - 完成，邮箱: haoc51888@gmail.com
2026-05-09 21:15:18,444 - INFO - 🔄 步骤5: Gmail获取最新验证码code
2026-05-09 21:17:02,446 - INFO - ✅ 步骤5: Gmail获取最新验证码code - 完成，code: 601678
2026-05-09 21:17:02,448 - INFO - 🔄 步骤6: 输入验证码进入Set Password页
2026-05-09 21:17:11,749 - INFO - ✅ 步骤6: 输入验证码进入Set Password页 - 完成
2026-05-09 21:17:11,750 - INFO - 🔄 步骤7: 输入纯大写字母密码(两次)并收起键盘
2026-05-09 21:17:17,499 - INFO - ✅ 步骤7: 输入纯大写字母密码(两次)并收起键盘 - 完成，password: XINGMAI
2026-05-09 21:17:17,500 - INFO - 🔄 步骤8: 校验密码规则文案颜色（若能取到color）
2026-05-09 21:17:17,727 - INFO - 📝 规则提示: • 6-20 characters 颜色: None
2026-05-09 21:17:17,947 - INFO - 📝 规则提示: • contains letters 颜色: None
2026-05-09 21:17:18,173 - INFO - 📝 规则提示: • contains numbers 颜色: None
2026-05-09 21:17:18,392 - INFO - 📝 规则提示: • Supports special characters:! @ # $ % ^ & * ( ) - _ = + \ | [ ] { } ; : / ? . , ~ > < ` 颜色: None
2026-05-09 21:17:18,392 - INFO - ✅ 步骤8: 校验密码规则文案颜色（若能取到color） - 完成
2026-05-09 21:17:18,392 - INFO - 🔄 步骤9: 点击Submit，断言不可完成修改密码（仍停留Set Password页）
2026-05-09 21:17:18,664 - INFO - ✅ 步骤9: 点击Submit，断言不可完成修改密码（仍停留Set Password页） - 完成
2026-05-09 21:17:18,665 - INFO - 🎉 测试用例102152执行成功！
2026-05-09 21:17:18,693 - INFO - ✅ 报告已生成: /Users/ambrose.chen/Desktop/iot/project/APP外壳/2测试报告/platform/ios_20260509_211441/ios_20260509_211441_report.xlsx
