2026-05-08 15:39:43,850 - INFO - 🔄 步骤0: 登出，确保从登出状态开始测试
2026-05-08 15:39:43,850 - INFO - 开始登出流程...
2026-05-08 15:40:14,755 - INFO - 未检测到home sel/mine sel/mine，跳过登出流程
2026-05-08 15:40:14,757 - INFO - ✅ 步骤0: 登出，确保从登出状态开始测试 - 完成
2026-05-08 15:40:16,762 - INFO - 🔄 步骤1: 验证在APP首页（登录页面）
2026-05-08 15:40:16,946 - INFO - ✅ 步骤1: 验证在APP首页（登录页面） - 完成，确认在APP首页（登录页面）
2026-05-08 15:40:18,950 - INFO - 🔄 步骤2: 点击Sign Up按钮进入注册页面
2026-05-08 15:40:19,904 - INFO - ✅ 步骤2: 点击Sign Up按钮进入注册页面 - 完成
2026-05-08 15:40:22,906 - INFO - 🔄 步骤4: 点击Next（未输入邮箱、未勾选协议）
2026-05-08 15:40:23,813 - INFO - ✅ 已出现提示：Please sign up using your email address
2026-05-08 15:40:24,033 - INFO - ✅ 步骤4: 点击Next（未输入邮箱、未勾选协议） - 完成
2026-05-08 15:40:25,038 - INFO - 🔄 步骤5: 输入邮箱（value="Email"）
2026-05-08 15:40:25,041 - INFO - 📧 生成简单邮箱地址: testuser147@163.com
2026-05-08 15:40:26,820 - INFO - ✅ 步骤5: 输入邮箱（value="Email"） - 完成，邮箱: testuser147@163.com
2026-05-08 15:40:27,822 - INFO - 🔄 步骤6: 再次点击Next（仍应提示）
2026-05-08 15:40:35,841 - INFO - ❌ 步骤6: 再次点击Next（仍应提示）失败: Message: 

2026-05-08 15:40:35,843 - INFO - 
============================================================
2026-05-08 15:40:35,843 - INFO - ❌ 测试失败
2026-05-08 15:40:35,843 - INFO - 📍 失败步骤: 步骤6: 再次点击Next（仍应提示）
2026-05-08 15:40:35,843 - INFO - 📝 失败原因: 步骤6: 再次点击Next（仍应提示）失败: Message: 

2026-05-08 15:40:35,843 - INFO - ============================================================
2026-05-08 15:40:35,846 - INFO - Traceback (most recent call last):

2026-05-08 15:40:35,847 - INFO -   File "/Users/ambrose.chen/Desktop/iot/project/APP外壳/3功能/1平台/IOS/2注册/102203 验证只填写正确邮箱，“Next”按钮还是浅色，不可点击.py", line 211, in test_102203
    WebDriverWait(driver, 8).until(

2026-05-08 15:40:35,847 - INFO -   File "/Library/Frameworks/Python.framework/Versions/3.11/lib/python3.11/site-packages/selenium/webdriver/support/wait.py", line 138, in until
    raise TimeoutException(message, screen, stacktrace)

2026-05-08 15:40:35,847 - INFO - selenium.common.exceptions.TimeoutException: Message: 


2026-05-08 15:40:36,100 - INFO - 已保存test_102203_failed失败截图: screenshots/test_102203_failed_1778226035.png
2026-05-08 15:40:36,115 - INFO - ✅ 报告已生成: /Users/ambrose.chen/Desktop/iot/project/APP外壳/2测试报告/platform/ios_20260508_153942/ios_20260508_153942_report.xlsx
