2026-05-11 20:31:32,262 - INFO - 🔄 步骤0: 登出，确保从登出状态开始测试
2026-05-11 20:31:32,263 - INFO - 开始登出流程...
2026-05-11 20:32:03,166 - INFO - 未检测到home sel/mine sel/mine，跳过登出流程
2026-05-11 20:32:03,168 - INFO - ✅ 步骤0: 登出，确保从登出状态开始测试 - 完成
2026-05-11 20:32:05,176 - INFO - 🔄 步骤1: 验证在APP首页（登录页面）
2026-05-11 20:32:05,333 - INFO - ✅ 步骤1: 验证在APP首页（登录页面） - 完成，确认在APP首页（登录页面）
2026-05-11 20:32:07,340 - INFO - 🔄 步骤2: 点击Sign Up按钮进入注册页面
2026-05-11 20:32:08,287 - INFO - ✅ 步骤2: 点击Sign Up按钮进入注册页面 - 完成
2026-05-11 20:32:11,292 - INFO - 🔄 步骤3: 验证进入Sign Up页面
2026-05-11 20:32:11,528 - INFO - ✅ 步骤3: 验证进入Sign Up页面 - 完成，确认已进入Sign Up注册页面
2026-05-11 20:32:13,535 - INFO - 🔄 步骤4: 验证Next按钮存在并检查初始状态
2026-05-11 20:32:13,811 - INFO - 📝 Next按钮enabled状态: True
2026-05-11 20:32:13,812 - INFO - ✅ 步骤4: 验证Next按钮存在并检查初始状态 - 完成，Next按钮存在
2026-05-11 20:32:13,812 - INFO - 📝 Next按钮初始状态：浅绿色（通过点击后是否停留在页面来验证是否可点击）
2026-05-11 20:32:15,822 - INFO - 🔄 步骤5: 点击Next按钮
2026-05-11 20:32:16,043 - INFO - ✅ 点击前确认仍在Sign Up注册页面
2026-05-11 20:32:16,603 - INFO - ✅ 步骤5: 点击Next按钮 - 完成，已尝试点击Next按钮
2026-05-11 20:32:18,613 - INFO - 🔄 步骤6: 验证点击后仍停留在当前页面
2026-05-11 20:32:19,068 - INFO - ✅ 步骤6: 验证点击后仍停留在当前页面 - 完成
2026-05-11 20:32:19,068 - INFO - ✅ 验证通过：点击Next按钮后仍停留在当前页面
2026-05-11 20:32:19,068 - INFO - ✅ 验证通过：Next按钮初始/输入邮箱后仍为浅绿色不可点击，点击后停留在当前页面说明处于禁用状态
2026-05-11 20:32:21,075 - INFO - 🎉 测试用例102202执行成功！
2026-05-11 20:32:21,076 - INFO - ✅ 验证"Next"按钮，初始状态为浅色，不可点击：点击后仍停留在当前页面
2026-05-11 20:32:23,108 - INFO - ✅ 报告已生成: /Users/ambrose.chen/Desktop/iot/project/APP外壳/2测试报告/platform/ios_20260511_203130/ios_20260511_203130_report.xlsx
