2026-05-12 11:48:29,737 - INFO - 🔄 步骤0: 登出，确保从登出状态开始测试
2026-05-12 11:48:29,738 - INFO - 开始登出流程...
2026-05-12 11:49:00,654 - INFO - 未检测到home sel/mine sel/mine，跳过登出流程
2026-05-12 11:49:00,655 - INFO - ✅ 步骤0: 登出，确保从登出状态开始测试 - 完成
2026-05-12 11:49:02,657 - INFO - 🔄 步骤1: 验证在APP首页（登录页面）
2026-05-12 11:49:02,821 - INFO - ✅ 步骤1: 验证在APP首页（登录页面） - 完成，确认在APP首页（登录页面）
2026-05-12 11:49:04,823 - INFO - 🔄 步骤2: 点击Sign Up按钮进入注册页面
2026-05-12 11:49:05,760 - INFO - ✅ 步骤2: 点击Sign Up按钮进入注册页面 - 完成
2026-05-12 11:49:08,763 - INFO - 🔄 步骤3: 验证进入Sign Up页面
2026-05-12 11:49:08,993 - INFO - ✅ 步骤3: 验证进入Sign Up页面 - 完成，确认已进入Sign Up注册页面
2026-05-12 11:49:10,998 - INFO - 🔄 步骤4: 输入邮箱
2026-05-12 11:49:11,003 - INFO - 📧 生成简单邮箱地址: testuser289@163.com
2026-05-12 11:49:12,901 - INFO - ✅ 步骤4: 输入邮箱 - 完成，邮箱: testuser289@163.com
2026-05-12 11:49:14,904 - INFO - 🔄 步骤5: 勾选隐私政策和用户协议
2026-05-12 11:49:21,027 - INFO - ✅ 隐私政策复选框已勾选
2026-05-12 11:49:22,532 - INFO - 🔄 步骤5.1: 收起键盘（Done）
2026-05-12 11:49:23,819 - INFO - ✅ 已点击Done收起键盘
2026-05-12 11:49:24,824 - INFO - 🔄 步骤6: 点击Next进入set password页面
2026-05-12 11:49:25,520 - INFO - ✅ 步骤6: 点击Next进入set password页面 - 完成，已点击Next按钮
2026-05-12 11:49:28,521 - INFO - 🔄 步骤7: 验证进入set password页面
2026-05-12 11:49:28,793 - INFO - ✅ 成功进入set password页面
2026-05-12 11:49:30,296 - INFO - 🔄 步骤8: 输入不一致的密码和确认密码
2026-05-12 11:49:32,220 - INFO - ✅ 已输入密码: Csx150128
2026-05-12 11:49:34,124 - INFO - ✅ 已输入确认密码(不一致): Csx1501
2026-05-12 11:49:36,323 - INFO - ✅ 密码页已点击Done收起键盘
2026-05-12 11:49:37,324 - INFO - 🔄 步骤9: 点击Next验证仍停留并提示密码不一致
2026-05-12 11:49:37,922 - INFO - ✅ 已尝试点击密码页Next按钮
2026-05-12 11:49:40,457 - INFO - ✅ 提示已显示: Password mismatch，页面未跳转
2026-05-12 11:49:41,462 - INFO - 🎉 测试用例102243执行成功！
2026-05-12 11:49:41,462 - INFO - ✅ 密码与确认密码不一致时，Next不跳转且提示Password mismatch
2026-05-12 11:49:43,493 - INFO - ✅ 报告已生成: /Users/ambrose.chen/Desktop/iot/project/APP外壳/2测试报告/platform/ios_20260512_114828/ios_20260512_114828_report.xlsx
