2026-05-07 20:17:38,892 - INFO - 🔄 步骤1: 重置APP，检测登录状态并登出
2026-05-07 20:17:44,852 - INFO -     ✅ APP已重置
2026-05-07 20:18:00,084 - INFO -     ℹ️ 未检测到登录状态，已在登录页面
2026-05-07 20:18:00,084 - INFO - ✅ 步骤1: 重置APP，检测登录状态并登出 - 完成
2026-05-07 20:18:00,084 - INFO - 🔄 步骤2: 点击登录按钮进入Sign in页面
2026-05-07 20:18:01,091 - INFO - ✅ 步骤2: 点击登录按钮进入Sign in页面 - 完成
2026-05-07 20:18:02,592 - INFO - 🔄 步骤3: 点击邮箱框，输入邮箱（正确的邮箱）
2026-05-07 20:18:43,531 - INFO -     ✅ 邮箱输入完成: haoc51888@gmail.com
2026-05-07 20:18:44,542 - INFO - ✅ 步骤3: 点击邮箱框，输入邮箱（正确的邮箱） - 完成
2026-05-07 20:18:44,542 - INFO - 🔄 步骤4: 点击密码框，输入密码（错误的密码）
2026-05-07 20:19:26,100 - INFO -     ✅ 密码输入完成（错误密码）
2026-05-07 20:19:27,110 - INFO - ✅ 步骤4: 点击密码框，输入密码（错误的密码） - 完成
2026-05-07 20:19:27,111 - INFO - 🔄 步骤5: 点击键盘Done，收起键盘
2026-05-07 20:19:28,373 - INFO - ✅ 步骤5: 点击键盘Done，收起键盘 - 完成
2026-05-07 20:19:29,375 - INFO - 🔄 步骤6: 点击协议勾选框
2026-05-07 20:19:30,184 - INFO - ✅ 步骤6: 点击协议勾选框 - 完成
2026-05-07 20:19:31,191 - INFO - 🔄 步骤7: 点击登录按钮
2026-05-07 20:19:32,010 - INFO - ✅ 步骤7: 点击登录按钮 - 完成
2026-05-07 20:19:34,012 - INFO - 🔄 步骤8: 断言页面显示错误提示信息
2026-05-07 20:19:34,340 - INFO -     ✅ 找到错误提示信息: Incorrect account or password. Please check and try again.
2026-05-07 20:19:34,340 - INFO - ✅ 步骤8: 断言页面显示错误提示信息 - 完成，错误提示信息已显示
2026-05-07 20:19:34,340 - INFO - 🎉 测试用例102651执行成功！
2026-05-07 20:19:34,369 - INFO - ✅ 报告已生成: /Users/ambrose.chen/Desktop/iot/project/APP外壳/2测试报告/platform/ios_20260507_201737/ios_20260507_201737_report.xlsx
