2026-04-29 17:57:47,222 - INFO - 🔄 步骤0: 登出，确保从登出状态开始测试
2026-04-29 17:57:47,222 - INFO - 开始登出流程...
2026-04-29 17:57:47,468 - INFO - 检测到home sel元素
2026-04-29 17:57:58,864 - INFO - ✅ 点击mine按钮: //XCUIElementTypeButton[@name="mine"]
2026-04-29 17:58:01,239 - INFO - ✅ 点击CommonEdit编辑按钮: //XCUIElementTypeButton[@name="CommonEdit"]
2026-04-29 17:58:03,455 - INFO - ✅ 点击Log Out: //XCUIElementTypeButton[@name="Log Out"]
2026-04-29 17:58:05,677 - INFO - ✅ 点击Confirm: //XCUIElementTypeButton[@name="Confirm"]
2026-04-29 17:58:07,186 - INFO - 登出操作完成
2026-04-29 17:58:07,535 - INFO - ✅ 成功回到登录页面
2026-04-29 17:58:07,536 - INFO - ✅ 步骤0: 登出，确保从登出状态开始测试 - 完成
2026-04-29 17:58:09,541 - INFO - 🔄 步骤1: 验证在APP首页（登录页面）
2026-04-29 17:58:09,717 - INFO - ✅ 步骤1: 验证在APP首页（登录页面） - 完成，确认在APP首页（登录页面）
2026-04-29 17:58:11,721 - INFO - 🔄 步骤2: 点击Sign Up按钮进入注册页面
2026-04-29 17:58:12,689 - INFO - ✅ 步骤2: 点击Sign Up按钮进入注册页面 - 完成
2026-04-29 17:58:15,693 - INFO - 🔄 步骤3: 验证进入Sign Up页面
2026-04-29 17:58:15,955 - INFO - ✅ 步骤3: 验证进入Sign Up页面 - 完成，确认已进入Sign Up注册页面
2026-04-29 17:58:17,958 - INFO - 🔄 步骤4: 输入邮箱
2026-04-29 17:58:17,965 - INFO - 📧 生成简单邮箱地址: testuser97@163.com
2026-04-29 17:58:19,909 - INFO - ✅ 步骤4: 输入邮箱 - 完成，邮箱: testuser97@163.com
2026-04-29 17:58:21,911 - INFO - 🔄 步骤5: 勾选隐私政策和用户协议
2026-04-29 17:58:27,941 - INFO - ✅ 隐私政策复选框已勾选
2026-04-29 17:58:29,447 - INFO - 🔄 步骤5.1: 收起键盘（Done）
2026-04-29 17:58:30,768 - INFO - ✅ 已点击Done收起键盘
2026-04-29 17:58:31,770 - INFO - 🔄 步骤6: 点击Next进入set password页面
2026-04-29 17:58:32,514 - INFO - ✅ 步骤6: 点击Next进入set password页面 - 完成，已点击Next按钮
2026-04-29 17:58:35,516 - INFO - 🔄 步骤7: 验证进入set password页面
2026-04-29 17:58:35,825 - INFO - ✅ 成功进入set password页面
2026-04-29 17:58:37,331 - INFO - 🔄 步骤8: 输入密码并确认
2026-04-29 17:58:39,379 - INFO - ✅ 已输入密码: Csx150128
2026-04-29 17:58:41,395 - INFO - ✅ 已输入确认密码: Csx150128
2026-04-29 17:58:43,678 - INFO - ✅ 密码页已点击Done收起键盘
2026-04-29 17:58:44,680 - INFO - 🔄 步骤9: 点击Next进入Personal Information页面
2026-04-29 17:58:45,693 - INFO - ✅ 已点击密码页Next按钮
2026-04-29 17:58:48,699 - INFO - 🔄 步骤10: 输入用户名，点击Skip，验证跳转主界面
2026-04-29 17:58:49,162 - INFO - ✅ 确认已进入Personal Information页面
2026-04-29 17:58:53,018 - INFO - ✅ 已输入用户名: VVRpcFevQPl5ZsFR59Xb727ASx2bTf62bM5R0kmnzPhbVHIVfP
2026-04-29 17:58:55,307 - INFO - ✅ 已点击Done收起键盘
2026-04-29 17:59:07,161 - INFO - ✅ 找到Skip元素: //XCUIElementTypeButton[@name="Skip"]
2026-04-29 17:59:07,575 - INFO - ✅ 已点击Skip按钮
2026-04-29 17:59:10,806 - INFO - ✅ 主页面标识元素存在: //XCUIElementTypeButton[@name="home sel"]
2026-04-29 17:59:11,000 - INFO - ✅ Username元素仍显示在主界面
2026-04-29 17:59:12,005 - INFO - 🎉 测试用例102246执行成功！
2026-04-29 17:59:12,005 - INFO - ✅ 输入用户名后点击Skip成功跳转至主界面
2026-04-29 17:59:14,042 - INFO - ✅ 报告已生成: /Users/ambrose.chen/Desktop/iot/project/APP外壳/2测试报告/platform/ios_20260429_175744/ios_20260429_175744_report.xlsx
