2026-05-09 19:43:08,164 - INFO - 🔄 步骤0: 登出，确保从登出状态开始测试
2026-05-09 19:43:08,165 - INFO - 开始登出流程...
2026-05-09 19:43:39,073 - INFO - 未检测到home sel/mine sel/mine，跳过登出流程
2026-05-09 19:43:39,074 - INFO - ✅ 步骤0: 登出，确保从登出状态开始测试 - 完成
2026-05-09 19:43:41,078 - INFO - 🔄 步骤1: 验证在APP首页（登录页面）
2026-05-09 19:43:41,238 - INFO - ✅ 步骤1: 验证在APP首页（登录页面） - 完成，确认在APP首页（登录页面）
2026-05-09 19:43:43,247 - INFO - 🔄 步骤2: 点击Sign Up按钮进入注册页面
2026-05-09 19:43:44,181 - INFO - ✅ 步骤2: 点击Sign Up按钮进入注册页面 - 完成
2026-05-09 19:43:47,191 - INFO - 🔄 步骤3: 验证进入Sign Up页面
2026-05-09 19:43:47,427 - INFO - ✅ 步骤3: 验证进入Sign Up页面 - 完成，确认已进入Sign Up注册页面
2026-05-09 19:43:49,435 - INFO - 🔄 步骤4: 国家切换至France
2026-05-09 19:45:13,434 - INFO - ✅ 步骤4: 国家切换至France - 完成，已切换国家为France
2026-05-09 19:45:14,440 - INFO - 🔄 步骤5: 输入已注册邮箱
2026-05-09 19:45:16,431 - INFO - ✅ 步骤5: 输入已注册邮箱 - 完成，输入邮箱: haoc51888@gmail.com
2026-05-09 19:45:18,439 - INFO - 🔄 步骤6: 勾选隐私政策和用户协议
2026-05-09 19:45:24,559 - INFO - ✅ 隐私政策复选框已勾选
2026-05-09 19:45:26,069 - INFO - 🔄 步骤6.1: 收起键盘（Done）
2026-05-09 19:45:27,335 - INFO - ✅ 已点击Done收起键盘
2026-05-09 19:45:28,343 - INFO - 🔄 步骤7: 点击Next按钮
2026-05-09 19:45:29,078 - INFO - ✅ 步骤7: 点击Next按钮 - 完成，已点击Next按钮
2026-05-09 19:45:31,085 - INFO - 🔄 步骤8: 验证已注册提示弹框
2026-05-09 19:45:31,921 - INFO - ✅ 弹框提示已注册: This email is already registered. Ready to sign in now?
2026-05-09 19:45:32,930 - INFO - 🎉 测试用例102221执行成功！
2026-05-09 19:45:32,931 - INFO - ✅ 已注册邮箱在France再次注册，弹出已注册提示（未继续下一步）
2026-05-09 19:45:34,972 - INFO - ✅ 报告已生成: /Users/ambrose.chen/Desktop/iot/project/APP外壳/2测试报告/platform/ios_20260509_194306/ios_20260509_194306_report.xlsx
