2026-05-07 20:56:17,381 - INFO - 🔄 步骤0: 登出，确保从登出状态开始测试
2026-05-07 20:56:17,381 - INFO - 开始登出流程...
2026-05-07 20:56:48,280 - INFO - 未检测到home sel/mine sel/mine，跳过登出流程
2026-05-07 20:56:48,280 - INFO - ✅ 步骤0: 登出，确保从登出状态开始测试 - 完成
2026-05-07 20:56:50,281 - INFO - 🔄 步骤1: 验证在APP首页（登录页面）
2026-05-07 20:56:50,449 - INFO - ✅ 步骤1: 验证在APP首页（登录页面） - 完成，确认在APP首页（登录页面）
2026-05-07 20:56:52,456 - INFO - 🔄 步骤2: 点击Sign Up按钮进入注册页面
2026-05-07 20:56:53,414 - INFO - ✅ 步骤2: 点击Sign Up按钮进入注册页面 - 完成
2026-05-07 20:56:56,416 - INFO - 🔄 步骤3: 验证进入Sign Up页面
2026-05-07 20:56:56,643 - INFO - ✅ 步骤3: 验证进入Sign Up页面 - 完成，确认已进入Sign Up注册页面
2026-05-07 20:56:58,644 - INFO - 🔄 步骤4: 点击国家栏下拉按钮
2026-05-07 20:56:59,735 - INFO - ✅ 步骤4: 点击国家栏下拉按钮 - 完成，已点击国家栏下拉按钮
2026-05-07 20:57:02,743 - INFO - 🔄 步骤5: 验证跳转至国家选择页面
2026-05-07 20:57:35,844 - INFO - ✅ 步骤5: 验证跳转至国家选择页面 - 完成，确认已跳转至国家选择页面
2026-05-07 20:57:37,845 - INFO - 🔄 步骤6: 点击搜索框并输入France
2026-05-07 20:58:13,899 - INFO - ✅ 步骤6: 点击搜索框并输入France - 完成，已输入France
2026-05-07 20:58:15,907 - INFO - 🔄 步骤7: 选择France
2026-05-07 20:58:22,353 - INFO - ✅ 步骤7: 选择France - 完成，已选择France，命中的元素: France
2026-05-07 20:58:25,363 - INFO - 🔄 步骤8: 验证注册页面显示的国家与选择的一致
2026-05-07 20:58:25,640 - INFO - ✅ 找到国家显示元素，使用选择器: //XCUIElementTypeStaticText[@name="France"]
2026-05-07 20:58:25,640 - INFO - 📝 注册页面显示的国家: France
2026-05-07 20:58:25,640 - INFO - ✅ 步骤8: 验证注册页面显示的国家与选择的一致 - 完成
2026-05-07 20:58:25,640 - INFO - ✅ 注册页面显示的国家与选择的一致: France
2026-05-07 20:58:27,649 - INFO - 🎉 测试用例102185执行成功！
2026-05-07 20:58:27,650 - INFO - ✅ 注册页面国家切换-搜索一个存在的国家
2026-05-07 20:58:29,685 - INFO - ✅ 报告已生成: /Users/ambrose.chen/Desktop/iot/project/APP外壳/2测试报告/platform/ios_20260507_205615/ios_20260507_205615_report.xlsx
