2026-05-12 11:39:35,107 - INFO - 🔄 步骤0: 登出，确保从登出状态开始测试
2026-05-12 11:39:35,107 - INFO - 开始登出流程...
2026-05-12 11:40:06,031 - INFO - 未检测到home sel/mine sel/mine，跳过登出流程
2026-05-12 11:40:06,032 - INFO - ✅ 步骤0: 登出，确保从登出状态开始测试 - 完成
2026-05-12 11:40:08,034 - INFO - 🔄 步骤1: 验证在APP首页（登录页面）
2026-05-12 11:40:08,195 - INFO - ✅ 步骤1: 验证在APP首页（登录页面） - 完成，确认在APP首页（登录页面）
2026-05-12 11:40:10,197 - INFO - 🔄 步骤2: 点击Sign Up按钮进入注册页面
2026-05-12 11:40:11,152 - INFO - ✅ 步骤2: 点击Sign Up按钮进入注册页面 - 完成
2026-05-12 11:40:14,158 - INFO - 🔄 步骤3: 验证进入Sign Up页面
2026-05-12 11:40:14,398 - INFO - ✅ 步骤3: 验证进入Sign Up页面 - 完成，确认已进入Sign Up注册页面
2026-05-12 11:40:16,402 - INFO - 🔄 步骤4: 输入邮箱
2026-05-12 11:40:16,408 - INFO - 📧 生成简单邮箱地址: testuser282@163.com
2026-05-12 11:40:18,412 - INFO - ✅ 步骤4: 输入邮箱 - 完成，邮箱: testuser282@163.com
2026-05-12 11:40:20,417 - INFO - 🔄 步骤5: 勾选隐私政策和用户协议
2026-05-12 11:40:26,539 - INFO - ✅ 隐私政策复选框已勾选
2026-05-12 11:40:28,043 - INFO - 🔄 步骤5.1: 收起键盘（Done）
2026-05-12 11:40:29,308 - INFO - ✅ 已点击Done收起键盘
2026-05-12 11:40:30,313 - INFO - 🔄 步骤6: 点击Next进入set password页面
2026-05-12 11:40:31,018 - INFO - ✅ 步骤6: 点击Next进入set password页面 - 完成，已点击Next按钮
2026-05-12 11:40:34,020 - INFO - 🔄 步骤7: 验证进入set password页面
2026-05-12 11:40:34,306 - INFO - ✅ 成功进入set password页面
2026-05-12 11:40:35,809 - INFO - 🔄 步骤8: 输入大小写混合密码并验证规则颜色
2026-05-12 11:40:37,617 - INFO - ✅ 已输入密码: XINGmai
2026-05-12 11:40:39,611 - INFO - ✅ 已输入确认密码: XINGmai
2026-05-12 11:40:41,013 - INFO - 📝 规则提示: • 6-20 characters 颜色: None
2026-05-12 11:40:41,412 - INFO - 📝 规则提示: • contains letters 颜色: None
2026-05-12 11:40:41,806 - INFO - 📝 规则提示: • contains numbers 颜色: None
2026-05-12 11:40:42,198 - INFO - 📝 规则提示: • Supports special characters:! @ # $ % ^ & * ( ) - _ = + \ | [ ] { } ; : / ? . , ~ > < ` 颜色: None
2026-05-12 11:40:43,395 - INFO - ✅ 密码页已点击Done收起键盘
2026-05-12 11:40:44,398 - INFO - 🔄 步骤9: 点击Next验证仍停留在set password页面
2026-05-12 11:40:44,981 - INFO - ✅ 已尝试点击密码页Next按钮（应无跳转）
2026-05-12 11:40:47,296 - INFO - ✅ 点击后仍停留在set password页面，Next按钮不可使页面跳转
2026-05-12 11:40:48,298 - INFO - 🎉 测试用例102236执行成功！
2026-05-12 11:40:48,299 - INFO - ✅ 大小写混合但无数字/特殊字符，Next不可跳转，停留密码页
2026-05-12 11:40:50,329 - INFO - ✅ 报告已生成: /Users/ambrose.chen/Desktop/iot/project/APP外壳/2测试报告/platform/ios_20260512_113933/ios_20260512_113933_report.xlsx
