2026-05-12 11:30:05,380 - INFO - 🔄 步骤0: 登出，确保从登出状态开始测试
2026-05-12 11:30:05,380 - INFO - 开始登出流程...
2026-05-12 11:30:36,296 - INFO - 未检测到home sel/mine sel/mine，跳过登出流程
2026-05-12 11:30:36,298 - INFO - ✅ 步骤0: 登出，确保从登出状态开始测试 - 完成
2026-05-12 11:30:38,304 - INFO - 🔄 步骤1: 验证在APP首页（登录页面）
2026-05-12 11:30:38,466 - INFO - ✅ 步骤1: 验证在APP首页（登录页面） - 完成，确认在APP首页（登录页面）
2026-05-12 11:30:40,470 - INFO - 🔄 步骤2: 点击Sign Up按钮进入注册页面
2026-05-12 11:30:41,548 - INFO - ✅ 步骤2: 点击Sign Up按钮进入注册页面 - 完成
2026-05-12 11:30:44,553 - INFO - 🔄 步骤3: 验证进入Sign Up页面
2026-05-12 11:30:44,788 - INFO - ✅ 步骤3: 验证进入Sign Up页面 - 完成，确认已进入Sign Up注册页面
2026-05-12 11:30:46,789 - INFO - 🔄 步骤4: 输入邮箱
2026-05-12 11:30:46,794 - INFO - 📧 生成简单邮箱地址: testuser275@163.com
2026-05-12 11:30:48,711 - INFO - ✅ 步骤4: 输入邮箱 - 完成，邮箱: testuser275@163.com
2026-05-12 11:30:50,715 - INFO - 🔄 步骤5: 勾选隐私政策和用户协议
2026-05-12 11:30:56,849 - INFO - ✅ 隐私政策复选框已勾选
2026-05-12 11:30:58,349 - INFO - 🔄 步骤5.1: 收起键盘（Done）
2026-05-12 11:30:59,587 - INFO - ✅ 已点击Done收起键盘
2026-05-12 11:31:00,591 - INFO - 🔄 步骤6: 点击Next进入set password页面
2026-05-12 11:31:01,293 - INFO - ✅ 步骤6: 点击Next进入set password页面 - 完成，已点击Next按钮
2026-05-12 11:31:04,299 - INFO - 🔄 步骤7: 验证进入set password页面
2026-05-12 11:31:04,579 - INFO - ✅ 成功进入set password页面
2026-05-12 11:31:06,084 - INFO - 🔄 步骤8: 输入纯小写密码并验证规则颜色
2026-05-12 11:31:07,950 - INFO - ✅ 已输入密码: xingmai
2026-05-12 11:31:09,923 - INFO - ✅ 已输入确认密码: xingmai
2026-05-12 11:31:11,325 - INFO - 📝 规则提示: • 6-20 characters 颜色: None
2026-05-12 11:31:11,713 - INFO - 📝 规则提示: • contains letters 颜色: None
2026-05-12 11:31:12,125 - INFO - 📝 规则提示: • contains numbers 颜色: None
2026-05-12 11:31:12,517 - INFO - 📝 规则提示: • Supports special characters:! @ # $ % ^ & * ( ) - _ = + \ | [ ] { } ; : / ? . , ~ > < ` 颜色: None
2026-05-12 11:31:13,720 - INFO - ✅ 密码页已点击Done收起键盘
2026-05-12 11:31:14,724 - INFO - 🔄 步骤9: 点击Next验证仍停留在set password页面
2026-05-12 11:31:15,300 - INFO - ✅ 已尝试点击密码页Next按钮（应无跳转）
2026-05-12 11:31:17,620 - INFO - ✅ 点击后仍停留在set password页面，Next按钮不可使页面跳转
2026-05-12 11:31:18,625 - INFO - 🎉 测试用例102229执行成功！
2026-05-12 11:31:18,625 - INFO - ✅ 纯小写密码规则提示符合预期，Next不可跳转
2026-05-12 11:31:20,657 - INFO - ✅ 报告已生成: /Users/ambrose.chen/Desktop/iot/project/APP外壳/2测试报告/platform/ios_20260512_113003/ios_20260512_113003_report.xlsx
