2026-05-09 19:05:57,233 - INFO - 🔄 步骤0: 登出，确保从登出状态开始测试
2026-05-09 19:05:57,235 - INFO - 开始登出流程...
2026-05-09 19:06:28,152 - INFO - 未检测到home sel/mine sel/mine，跳过登出流程
2026-05-09 19:06:28,153 - INFO - ✅ 步骤0: 登出，确保从登出状态开始测试 - 完成
2026-05-09 19:06:30,162 - INFO - 🔄 步骤1: 验证在APP首页（登录页面）
2026-05-09 19:06:30,327 - INFO - ✅ 步骤1: 验证在APP首页（登录页面） - 完成，确认在APP首页（登录页面）
2026-05-09 19:06:32,330 - INFO - 🔄 步骤2: 点击Sign Up按钮进入注册页面
2026-05-09 19:06:33,292 - INFO - ✅ 步骤2: 点击Sign Up按钮进入注册页面 - 完成
2026-05-09 19:06:36,294 - INFO - 🔄 步骤3: 验证进入Sign Up页面
2026-05-09 19:06:36,536 - INFO - ✅ 步骤3: 验证进入Sign Up页面 - 完成，确认已进入Sign Up注册页面
2026-05-09 19:06:38,544 - INFO - 🔄 步骤4: 验证不输入邮箱（确保邮箱输入框为空）
2026-05-09 19:06:40,799 - INFO - 📝 邮箱输入框内容: 'Email'
2026-05-09 19:06:40,800 - INFO - ✅ 步骤4: 验证不输入邮箱（确保邮箱输入框为空） - 完成，邮箱输入框为空
2026-05-09 19:06:42,809 - INFO - 🔄 步骤5: 点击Done按钮收起键盘
2026-05-09 19:06:44,064 - INFO - ✅ 步骤5: 点击Done按钮收起键盘 - 完成
2026-05-09 19:06:46,070 - INFO - 🔄 步骤6: 勾选隐私政策和用户协议
2026-05-09 19:06:51,905 - INFO - ✅ 已勾选隐私政策复选框
2026-05-09 19:06:52,913 - INFO - ✅ 步骤6: 勾选隐私政策和用户协议 - 完成，隐私政策复选框已勾选
2026-05-09 19:06:54,919 - INFO - 🔄 步骤7: 点击Next按钮
2026-05-09 19:06:55,173 - INFO - ✅ 点击前确认隐私协议元素存在
2026-05-09 19:06:55,871 - INFO - ✅ 步骤7: 点击Next按钮 - 完成，已点击Next按钮
2026-05-09 19:06:57,872 - INFO - 🔄 步骤8: 验证点击后仍停留在当前页面，页面出现提示信息
2026-05-09 19:06:58,131 - INFO - ✅ 验证通过：点击Next按钮后仍停留在当前页面
2026-05-09 19:06:58,409 - INFO - 📝 提示信息内容: Please sign up using your email address
2026-05-09 19:06:58,409 - INFO - ✅ 步骤8: 验证点击后仍停留在当前页面，页面出现提示信息 - 完成
2026-05-09 19:06:58,409 - INFO - ✅ 验证通过：页面显示提示信息: Please sign up using your email address
2026-05-09 19:07:00,417 - INFO - 🎉 测试用例102192执行成功！
2026-05-09 19:07:00,418 - INFO - ✅ 验证注册时，不输入邮箱，点击"下一步"：停留在当前页面并显示提示信息
2026-05-09 19:07:02,445 - INFO - ✅ 报告已生成: /Users/ambrose.chen/Desktop/iot/project/APP外壳/2测试报告/platform/ios_20260509_190555/ios_20260509_190555_report.xlsx
