2026-05-08 21:35:42,897 - INFO - 🔄 步骤0: 登出，确保从登出状态开始测试
2026-05-08 21:35:42,897 - INFO - 开始登出流程...
2026-05-08 21:35:43,126 - INFO - 检测到home sel元素
2026-05-08 21:35:54,484 - INFO - ✅ 点击mine按钮: //XCUIElementTypeButton[@name="mine"]
2026-05-08 21:35:56,672 - INFO - ✅ 点击CommonEdit编辑按钮: //XCUIElementTypeButton[@name="CommonEdit"]
2026-05-08 21:35:58,850 - INFO - ✅ 点击Log Out: //XCUIElementTypeButton[@name="Log Out"]
2026-05-08 21:36:01,009 - INFO - ✅ 点击Confirm: //XCUIElementTypeButton[@name="Confirm"]
2026-05-08 21:36:02,520 - INFO - 登出操作完成
2026-05-08 21:36:02,838 - INFO - ✅ 成功回到登录页面
2026-05-08 21:36:02,839 - INFO - ✅ 步骤0: 登出，确保从登出状态开始测试 - 完成
2026-05-08 21:36:04,843 - INFO - 🔄 步骤1: 验证在APP首页（登录页面）
2026-05-08 21:36:05,002 - INFO - ✅ 步骤1: 验证在APP首页（登录页面） - 完成，确认在APP首页（登录页面）
2026-05-08 21:36:07,012 - INFO - 🔄 步骤2: 点击Sign Up按钮进入注册页面
2026-05-08 21:36:07,957 - INFO - ✅ 步骤2: 点击Sign Up按钮进入注册页面 - 完成
2026-05-08 21:36:10,965 - INFO - 🔄 步骤3: 验证进入Sign Up页面
2026-05-08 21:36:11,186 - INFO - ✅ 步骤3: 验证进入Sign Up页面 - 完成，确认已进入Sign Up注册页面
2026-05-08 21:36:13,192 - INFO - 🔄 步骤4: 输入邮箱
2026-05-08 21:36:13,196 - INFO - 📧 生成简单邮箱地址: testuser184@163.com
2026-05-08 21:36:15,080 - INFO - ✅ 步骤4: 输入邮箱 - 完成，邮箱: testuser184@163.com
2026-05-08 21:36:17,085 - INFO - 🔄 步骤5: 勾选隐私政策和用户协议
2026-05-08 21:36:23,137 - INFO - ✅ 隐私政策复选框已勾选
2026-05-08 21:36:24,646 - INFO - 🔄 步骤5.1: 收起键盘（Done）
2026-05-08 21:36:25,912 - INFO - ✅ 已点击Done收起键盘
2026-05-08 21:36:26,922 - INFO - 🔄 步骤6: 点击Next进入set password页面
2026-05-08 21:36:27,620 - INFO - ✅ 步骤6: 点击Next进入set password页面 - 完成，已点击Next按钮
2026-05-08 21:36:30,630 - INFO - 🔄 步骤7: 验证进入set password页面
2026-05-08 21:36:31,058 - INFO - ✅ 成功进入set password页面
2026-05-08 21:36:32,568 - INFO - 🔄 步骤8: 输入密码并确认
2026-05-08 21:36:34,380 - INFO - ✅ 已输入密码: Csx150128
2026-05-08 21:36:36,356 - INFO - ✅ 已输入确认密码: Csx150128
2026-05-08 21:36:38,543 - INFO - ✅ 密码页已点击Done收起键盘
2026-05-08 21:36:39,549 - INFO - 🔄 步骤9: 点击Next进入Personal Information页面
2026-05-08 21:36:40,519 - INFO - ✅ 已点击密码页Next按钮
2026-05-08 21:36:43,521 - INFO - 🔄 步骤10: 不输入用户名，点击Submit并验证仍停留在页面
2026-05-08 21:36:44,140 - INFO - ✅ 确认已进入Personal Information页面
2026-05-08 21:36:45,730 - INFO - ✅ 已点击Submit按钮（未输入用户名）
2026-05-08 21:36:47,925 - INFO - ✅ 点击Submit后仍停留在Personal Information页面
2026-05-08 21:36:48,931 - INFO - 🎉 测试用例102245执行成功！
2026-05-08 21:36:48,932 - INFO - ✅ 不输入用户名点击Submit后仍停留在Personal Information页面
2026-05-08 21:36:50,967 - INFO - ✅ 报告已生成: /Users/ambrose.chen/Desktop/iot/project/APP外壳/2测试报告/platform/ios_20260508_213541/ios_20260508_213541_report.xlsx
