2026-05-08 22:04:39,518 - INFO - 🔄 步骤1: 重启APP并处理登录状态
2026-05-08 22:05:00,799 - INFO - ✅ 步骤1: 重启APP并处理登录状态 - 完成
2026-05-08 22:05:00,800 - INFO - 🔄 步骤2: 点击Sign In进入登录页
2026-05-08 22:05:03,761 - INFO - ✅ 步骤2: 点击Sign In进入登录页 - 完成
2026-05-08 22:05:03,762 - INFO - 🔄 步骤3: 点击Forgot password进入忘记密码页
2026-05-08 22:05:06,791 - INFO - ✅ 步骤3: 点击Forgot password进入忘记密码页 - 完成
2026-05-08 22:05:06,792 - INFO - 🔄 步骤4: 输入邮箱并点击Next进入验证码页(第一次)
2026-05-08 22:05:14,867 - INFO - ✅ 步骤4: 输入邮箱并点击Next进入验证码页(第一次) - 完成，邮箱: haoc51888@gmail.com
2026-05-08 22:05:14,868 - INFO - 🔄 步骤5: 点击左上返回(nav back)返回忘记密码页
2026-05-08 22:05:22,290 - INFO - ✅ 步骤5: 点击左上返回(nav back)返回忘记密码页 - 完成
2026-05-08 22:05:22,291 - INFO - 🔄 步骤6: 在忘记密码页停留60s
2026-05-08 22:06:22,294 - INFO - ✅ 步骤6: 在忘记密码页停留60s - 完成
2026-05-08 22:06:22,295 - INFO - 🔄 步骤7: 打开Gmail获取第一次验证码code1
2026-05-08 22:08:03,626 - INFO - ✅ 步骤7: 打开Gmail获取第一次验证码code1 - 完成，code1: 237975
2026-05-08 22:08:03,627 - INFO - 🔄 步骤8: 再次点击Next进入验证码页(第二次)
2026-05-08 22:08:07,367 - INFO - ✅ 步骤8: 再次点击Next进入验证码页(第二次) - 完成
2026-05-08 22:08:07,367 - INFO - 🔄 步骤9: 断言Resend倒计时重置(接近60s重新开始)
2026-05-08 22:08:08,175 - INFO - ✅ 步骤9: 断言Resend倒计时重置(接近60s重新开始) - 完成，当前倒计时约: 58s
2026-05-08 22:08:08,175 - INFO - 🔄 步骤10: 再次打开Gmail获取第二次验证码code2并断言与code1不同
2026-05-08 22:09:52,265 - INFO - ✅ 步骤10: 再次打开Gmail获取第二次验证码code2并断言与code1不同 - 完成，code2: 548334（与code1不同）
2026-05-08 22:09:52,265 - INFO - 🎉 测试用例102141执行成功！
2026-05-08 22:09:52,295 - INFO - ✅ 报告已生成: /Users/ambrose.chen/Desktop/iot/project/APP外壳/2测试报告/platform/ios_20260508_220437/ios_20260508_220437_report.xlsx
