2026-05-12 11:47:15,349 - INFO - 🔄 步骤0: 登出，确保从登出状态开始测试
2026-05-12 11:47:15,350 - INFO - 开始登出流程...
2026-05-12 11:47:46,253 - INFO - 未检测到home sel/mine sel/mine，跳过登出流程
2026-05-12 11:47:46,254 - INFO - ✅ 步骤0: 登出，确保从登出状态开始测试 - 完成
2026-05-12 11:47:48,260 - INFO - 🔄 步骤1: 验证在APP首页（登录页面）
2026-05-12 11:47:48,423 - INFO - ✅ 步骤1: 验证在APP首页（登录页面） - 完成，确认在APP首页（登录页面）
2026-05-12 11:47:50,427 - INFO - 🔄 步骤2: 点击Sign Up按钮进入注册页面
2026-05-12 11:47:51,398 - INFO - ✅ 步骤2: 点击Sign Up按钮进入注册页面 - 完成
2026-05-12 11:47:54,403 - INFO - 🔄 步骤3: 验证进入Sign Up页面
2026-05-12 11:47:54,645 - INFO - ✅ 步骤3: 验证进入Sign Up页面 - 完成，确认已进入Sign Up注册页面
2026-05-12 11:47:56,647 - INFO - 🔄 步骤4: 输入邮箱
2026-05-12 11:47:56,653 - INFO - 📧 生成简单邮箱地址: testuser288@163.com
2026-05-12 11:47:58,688 - INFO - ✅ 步骤4: 输入邮箱 - 完成，邮箱: testuser288@163.com
2026-05-12 11:48:00,693 - INFO - 🔄 步骤5: 勾选隐私政策和用户协议
2026-05-12 11:48:06,827 - INFO - ✅ 隐私政策复选框已勾选
2026-05-12 11:48:08,331 - INFO - 🔄 步骤5.1: 收起键盘（Done）
2026-05-12 11:48:09,714 - INFO - ✅ 已点击Done收起键盘
2026-05-12 11:48:10,718 - INFO - 🔄 步骤6: 点击Next进入set password页面
2026-05-12 11:48:11,415 - INFO - ✅ 步骤6: 点击Next进入set password页面 - 完成，已点击Next按钮
2026-05-12 11:48:14,422 - INFO - 🔄 步骤7: 验证进入set password页面
2026-05-12 11:48:14,823 - INFO - ✅ 成功进入set password页面
2026-05-12 11:48:16,324 - INFO - 🔄 步骤8: 输入密码并明文显示
2026-05-12 11:48:17,958 - INFO - ✅ 已输入密码: Csx150128
2026-05-12 11:48:19,898 - INFO - ✅ 第一次点击显示密码按钮（明文）
2026-05-12 11:48:21,230 - INFO - 📝 明文时value: 'Csx150128', type: 'XCUIElementTypeTextField'
2026-05-12 11:48:21,726 - INFO - ✅ 第二次点击显示密码按钮（隐藏）
2026-05-12 11:48:23,059 - INFO - 📝 隐藏后value: '•••••••••', type: 'XCUIElementTypeSecureTextField'
2026-05-12 11:48:23,059 - INFO - ✅ 明文后再次隐藏成功
2026-05-12 11:48:24,064 - INFO - 🎉 测试用例102242执行成功！
2026-05-12 11:48:24,065 - INFO - ✅ 明文显示后可再次隐藏密文校验通过
2026-05-12 11:48:26,096 - INFO - ✅ 报告已生成: /Users/ambrose.chen/Desktop/iot/project/APP外壳/2测试报告/platform/ios_20260512_114713/ios_20260512_114713_report.xlsx
