2026-05-08 20:04:15,884 - INFO - 🔄 步骤0: 登出，确保从登出状态开始测试
2026-05-08 20:04:15,885 - INFO - 开始登出流程...
2026-05-08 20:04:46,777 - INFO - 未检测到home sel/mine sel/mine，跳过登出流程
2026-05-08 20:04:46,778 - INFO - ✅ 步骤0: 登出，确保从登出状态开始测试 - 完成
2026-05-08 20:04:48,787 - INFO - 🔄 步骤1: 验证在APP首页（登录页面）
2026-05-08 20:04:48,947 - INFO - ✅ 步骤1: 验证在APP首页（登录页面） - 完成，确认在APP首页（登录页面）
2026-05-08 20:04:50,955 - INFO - 🔄 步骤2: 点击Sign Up按钮
2026-05-08 20:04:51,921 - INFO - ✅ 步骤2: 点击Sign Up按钮 - 完成
2026-05-08 20:04:54,932 - INFO - 🔄 步骤3: 确认进入了Sign Up页面
2026-05-08 20:04:55,432 - INFO - ✅ 步骤3: 确认进入了Sign Up页面 - 完成
2026-05-08 20:04:55,432 - INFO - ✅ 确认已成功进入Sign Up注册页面
2026-05-08 20:04:55,432 - INFO - 📝 找到Sign Up文本元素: Sign Up
2026-05-08 20:04:57,434 - INFO - 🔄 步骤4: 点击左上角返回按钮
2026-05-08 20:04:58,508 - INFO - ✅ 步骤4: 点击左上角返回按钮 - 完成，已点击返回按钮
2026-05-08 20:05:01,510 - INFO - 🔄 步骤5: 验证回到APP首页面
2026-05-08 20:05:01,869 - INFO - ✅ 步骤5: 验证回到APP首页面 - 完成
2026-05-08 20:05:01,869 - INFO - ✅ 确认已成功返回APP首页（登录页面）
2026-05-08 20:05:01,869 - INFO - 📝 找到Sign Up按钮: Sign Up
2026-05-08 20:05:03,875 - INFO - 🎉 测试用例102182执行成功！
2026-05-08 20:05:03,876 - INFO - ✅ 点击返回按钮后能够正常返回到APP首页
2026-05-08 20:05:05,909 - INFO - ✅ 报告已生成: /Users/ambrose.chen/Desktop/iot/project/APP外壳/2测试报告/platform/ios_20260508_200414/ios_20260508_200414_report.xlsx
