2026-05-18 17:34:36,627 - INFO - 🔄 步骤1: 重启APP
2026-05-18 17:34:36,628 - INFO -     🔄 driver.terminate_app / activate_app: com.xingmai.tech
2026-05-18 17:34:41,503 - INFO -     ✅ APP 已重启
2026-05-18 17:34:41,504 - INFO - ✅ 步骤1: 重启APP - 完成
2026-05-18 17:34:41,504 - INFO - 🔄 步骤2: 检测登录状态并确保在登录/注册入口页
2026-05-18 17:34:41,511 - INFO -     🔄 检测已登录元素: //android.view.View[@content-desc="More"]
2026-05-18 17:34:41,634 - INFO -     🔄 检测已登录元素: //*[@content-desc="More"]
2026-05-18 17:34:42,249 - INFO -     ℹ️ 未检测到 More，判定未登录
2026-05-18 17:34:42,250 - INFO -     🔄 等待登录/注册入口页: //*[(@text="Sign In" or @text="Sign Up") or contains(@text,"Sign In") or contains(@text,"Sign Up") or @content-desc="Sign In" or @content-desc="Sign Up"]
2026-05-18 17:34:42,294 - INFO -     ✅ 已处于登录/注册入口页
2026-05-18 17:34:42,294 - INFO - ✅ 步骤2: 检测登录状态并确保在登录/注册入口页 - 完成
2026-05-18 17:34:42,294 - INFO - 🔄 步骤3: 点击 Sign In 进入登录页
2026-05-18 17:34:42,294 - INFO -     🔄 定位 Sign In: //android.widget.TextView[@text="Sign In"]
2026-05-18 17:34:42,356 - INFO -     ✅ 找到 Sign In: //android.widget.TextView[@text="Sign In"]
2026-05-18 17:34:42,996 - INFO - ✅ 步骤3: 点击 Sign In 进入登录页 - 完成
2026-05-18 17:34:44,498 - INFO - 🔄 步骤4: 点击 Privacy Policy 链接
2026-05-18 17:34:44,498 - INFO -     🔄 _tap_privacy_policy_on_sign_in_disclaimer
2026-05-18 17:34:51,331 - INFO - ✅ 步骤4: 点击 Privacy Policy 链接 - 完成
2026-05-18 17:34:51,332 - INFO - 🔄 步骤5: 隐私政策页点击返回
2026-05-18 17:34:54,468 - INFO - ✅ 步骤5: 隐私政策页点击返回 - 完成
2026-05-18 17:34:54,469 - INFO - 🔄 步骤6: 断言回到 Sign In 页并显示协议整句
2026-05-18 17:34:54,469 - INFO -     🔄 定位: //android.widget.TextView[@text="I have read and understood the Privacy Policy and agree to the User Agreement."] | //android.widget.TextView[contains(@text,"Privacy Policy") and contains(@text,"User Agreement") and string-length(@text) < 220]
2026-05-18 17:34:54,554 - INFO - ✅ 步骤6: 断言回到 Sign In 页并显示协议整句 - 完成
2026-05-18 17:34:54,555 - INFO - 🎉 测试用例 200011 执行成功！
2026-05-18 17:34:54,594 - INFO - ✅ 报告已生成: /Users/ambrose.chen/Desktop/iot/project/APP外壳/2测试报告/platform/android_20260518_173432/android_20260518_173432_report.xlsx
