2026-05-07 21:37:42,377 - INFO - 🔄 步骤0: 登出，确保从登出状态开始测试
2026-05-07 21:37:42,378 - INFO - 开始登出流程...
2026-05-07 21:38:13,298 - INFO - 未检测到home sel/mine sel/mine，跳过登出流程
2026-05-07 21:38:13,299 - INFO - ✅ 步骤0: 登出，确保从登出状态开始测试 - 完成
2026-05-07 21:38:15,306 - INFO - 🔄 步骤1: 验证在APP首页（登录页面）
2026-05-07 21:38:15,477 - INFO - ✅ 步骤1: 验证在APP首页（登录页面） - 完成，确认在APP首页（登录页面）
2026-05-07 21:38:17,485 - INFO - 🔄 步骤2: 点击Sign Up按钮进入注册页面
2026-05-07 21:38:18,464 - INFO - ✅ 步骤2: 点击Sign Up按钮进入注册页面 - 完成
2026-05-07 21:38:21,470 - INFO - 🔄 步骤3: 验证进入Sign Up页面
2026-05-07 21:38:21,699 - INFO - ✅ 步骤3: 验证进入Sign Up页面 - 完成，确认已进入Sign Up注册页面
2026-05-07 21:38:23,709 - INFO - 🔄 步骤4: 邮箱输入只有特殊字符的错误邮箱
2026-05-07 21:38:25,628 - INFO - ✅ 步骤4: 邮箱输入只有特殊字符的错误邮箱 - 完成，输入错误邮箱: !@#$.(@gmail.com
2026-05-07 21:38:27,632 - INFO - 🔄 步骤5: 勾选隐私政策和用户协议
2026-05-07 21:38:33,597 - INFO - ✅ 隐私政策复选框已勾选
2026-05-07 21:38:35,099 - INFO - 🔄 步骤5.1: 收起键盘（Done）
2026-05-07 21:38:36,389 - INFO - ✅ 已点击Done收起键盘
2026-05-07 21:38:37,398 - INFO - 🔄 步骤6: 点击Next按钮
2026-05-07 21:38:38,059 - INFO - ✅ 步骤6: 点击Next按钮 - 完成，已点击Next按钮
2026-05-07 21:38:40,060 - INFO - 🔄 步骤7: 验证停留当前页面并出现提示
2026-05-07 21:38:50,996 - INFO - ✅ 找到提示信息元素，选择器: //XCUIElementTypeStaticText[@name="Please sign up using your email address"]
2026-05-07 21:38:50,996 - INFO - ✅ 步骤7: 验证停留当前页面并出现提示 - 完成，提示信息: Please sign up using your email address
2026-05-07 21:38:52,998 - INFO - 🎉 测试用例102212执行成功！
2026-05-07 21:38:52,999 - INFO - ✅ 验证错误邮箱（特殊字符）勾选隐私后点击Next，停留当前页并提示“Please sign up using your email address”
2026-05-07 21:38:55,031 - INFO - ✅ 报告已生成: /Users/ambrose.chen/Desktop/iot/project/APP外壳/2测试报告/platform/ios_20260507_213740/ios_20260507_213740_report.xlsx
