2026-05-20 11:46:35,641 - INFO - 🔄 步骤1: 重启APP
2026-05-20 11:46:40,571 - INFO - ✅ 步骤1: 重启APP - 完成
2026-05-20 11:46:40,572 - INFO - 🔄 步骤2: 检测登录状态并确保在登录/注册入口页
2026-05-20 11:46:41,612 - INFO - ✅ 步骤2: 检测登录状态并确保在登录/注册入口页 - 完成
2026-05-20 11:46:41,613 - INFO - 🔄 步骤3: 点击 Sign Up 进入注册页
2026-05-20 11:46:43,879 - INFO - ✅ 步骤3: 点击 Sign Up 进入注册页 - 完成
2026-05-20 11:46:43,880 - INFO -     📧 已注册邮箱: haoc51888@gmail.com
2026-05-20 11:46:43,880 - INFO - 🔄 步骤4: 输入已注册邮箱
2026-05-20 11:47:18,896 - INFO - ✅ 步骤4: 输入已注册邮箱 - 完成
2026-05-20 11:47:18,897 - INFO - 🔄 步骤5: 勾选隐私政策
2026-05-20 11:47:19,736 - INFO - ✅ 步骤5: 勾选隐私政策 - 完成
2026-05-20 11:47:19,736 - INFO - 🔄 步骤6: 点击 Next
2026-05-20 11:47:23,250 - INFO - ✅ 步骤6: 点击 Next - 完成
2026-05-20 11:47:23,250 - INFO - 🔄 步骤7: 断言弹出已注册提示
2026-05-20 11:47:24,015 - INFO -     ✅ 弹框提示: This email is already registered. Ready to sign in now?
2026-05-20 11:47:24,016 - INFO - ✅ 步骤7: 断言弹出已注册提示 - 完成
2026-05-20 11:47:24,016 - INFO - 🔄 步骤8: 点击 Cancel
2026-05-20 11:47:35,789 - INFO - ✅ 步骤8: 点击 Cancel - 完成
2026-05-20 11:47:35,790 - INFO - 🔄 步骤9: 断言仍停留在注册页
2026-05-20 11:47:41,013 - INFO -     📝 注册页邮箱框内容: 'haoc51888@gmail.com'（定位: //android.widget.EditText[@text="haoc51888@gmail.com"]）
2026-05-20 11:47:41,013 - INFO - ✅ 步骤9: 断言仍停留在注册页 - 完成
2026-05-20 11:47:41,014 - INFO - 🎉 测试用例 200061 执行成功！
2026-05-20 11:47:41,039 - INFO - ✅ 报告已生成: /Users/ambrose.chen/Desktop/iot/project/APP外壳/2测试报告/platform/android_20260520_114632/android_20260520_114632_report.xlsx
