2026-05-07 22:03:00,443 - INFO - 🔄 步骤0: 登出，确保从登出状态开始测试
2026-05-07 22:03:00,444 - INFO - 开始登出流程...
2026-05-07 22:03:31,347 - INFO - 未检测到home sel/mine sel/mine，跳过登出流程
2026-05-07 22:03:31,348 - INFO - ✅ 步骤0: 登出，确保从登出状态开始测试 - 完成
2026-05-07 22:03:33,350 - INFO - 🔄 步骤1: 验证在APP首页（登录页面）
2026-05-07 22:03:33,503 - INFO - ✅ 步骤1: 验证在APP首页（登录页面） - 完成，确认在APP首页（登录页面）
2026-05-07 22:03:35,510 - INFO - 🔄 步骤2: 点击Sign Up按钮进入注册页面
2026-05-07 22:03:36,487 - INFO - ✅ 步骤2: 点击Sign Up按钮进入注册页面 - 完成
2026-05-07 22:03:39,490 - INFO - 🔄 步骤3: 验证进入Sign Up页面
2026-05-07 22:03:39,727 - INFO - ✅ 步骤3: 验证进入Sign Up页面 - 完成，确认已进入Sign Up注册页面
2026-05-07 22:03:41,734 - INFO - 🔄 步骤4: 输入邮箱
2026-05-07 22:03:41,737 - INFO - 📧 生成简单邮箱地址: testuser114@163.com
2026-05-07 22:03:43,632 - INFO - ✅ 步骤4: 输入邮箱 - 完成，邮箱: testuser114@163.com
2026-05-07 22:03:45,635 - INFO - 🔄 步骤5: 勾选隐私政策和用户协议
2026-05-07 22:03:51,608 - INFO - ✅ 隐私政策复选框已勾选
2026-05-07 22:03:53,117 - INFO - 🔄 步骤5.1: 收起键盘（Done）
2026-05-07 22:03:54,413 - INFO - ✅ 已点击Done收起键盘
2026-05-07 22:03:55,422 - INFO - 🔄 步骤6: 点击Next进入set password页面
2026-05-07 22:03:56,151 - INFO - ✅ 步骤6: 点击Next进入set password页面 - 完成，已点击Next按钮
2026-05-07 22:03:59,160 - INFO - 🔄 步骤7: 验证进入set password页面
2026-05-07 22:03:59,565 - INFO - ✅ 成功进入set password页面
2026-05-07 22:04:01,065 - INFO - 🔄 步骤8: 输入纯特殊字符密码并验证规则颜色
2026-05-07 22:04:03,206 - INFO - ✅ 已输入密码: !@#$%^&*()-==+\'l[};:/?...~><`
2026-05-07 22:04:05,483 - INFO - ✅ 已输入确认密码: !@#$%^&*()-==+\'l[};:/?...~><`
2026-05-07 22:04:06,901 - INFO - 📝 规则提示: • 6-20 characters 颜色: None
2026-05-07 22:04:07,310 - INFO - 📝 规则提示: • contains letters 颜色: None
2026-05-07 22:04:07,729 - INFO - 📝 规则提示: • contains numbers 颜色: None
2026-05-07 22:04:08,137 - INFO - 📝 规则提示: • Supports special characters:! @ # $ % ^ & * ( ) - _ = + \ | [ ] { } ; : / ? . , ~ > < ` 颜色: None
2026-05-07 22:04:09,542 - INFO - ✅ 密码页已点击Done收起键盘
2026-05-07 22:04:10,553 - INFO - 🔄 步骤9: 点击Next验证仍停留在set password页面
2026-05-07 22:04:11,137 - INFO - ✅ 已尝试点击密码页Next按钮（应无跳转）
2026-05-07 22:04:13,459 - INFO - ✅ 点击后仍停留在set password页面，Next按钮不可使页面跳转
2026-05-07 22:04:14,467 - INFO - 🎉 测试用例102231执行成功！
2026-05-07 22:04:14,468 - INFO - ✅ 纯字符密码规则提示符合预期，Next不可跳转
2026-05-07 22:04:16,505 - INFO - ✅ 报告已生成: /Users/ambrose.chen/Desktop/iot/project/APP外壳/2测试报告/platform/ios_20260507_220258/ios_20260507_220258_report.xlsx
