2026-05-19 10:58:39,376 - INFO - 🔄 步骤1: 重启APP
2026-05-19 10:58:39,376 - INFO -     🔄 driver.terminate_app / activate_app: com.xingmai.tech
2026-05-19 10:58:44,282 - INFO -     ✅ APP 已重启
2026-05-19 10:58:44,283 - INFO - ✅ 步骤1: 重启APP - 完成
2026-05-19 10:58:44,283 - INFO - 🔄 步骤2: 检测登录状态并确保在登录/注册入口页
2026-05-19 10:58:44,290 - INFO -     🔄 检测已登录元素: //android.view.View[@content-desc="More"]
2026-05-19 10:58:44,414 - INFO -     🔄 检测已登录元素: //*[@content-desc="More"]
2026-05-19 10:58:45,025 - INFO -     ℹ️ 未检测到 More，判定未登录
2026-05-19 10:58:45,026 - INFO -     🔄 等待登录/注册入口页: //*[(@text="Sign In" or @text="Sign Up") or contains(@text,"Sign In") or contains(@text,"Sign Up") or @content-desc="Sign In" or @content-desc="Sign Up"]
2026-05-19 10:58:45,076 - INFO -     ✅ 已处于登录/注册入口页
2026-05-19 10:58:45,077 - INFO - ✅ 步骤2: 检测登录状态并确保在登录/注册入口页 - 完成
2026-05-19 10:58:45,077 - INFO - 🔄 步骤3: 点击 Sign In 进入登录页
2026-05-19 10:58:45,077 - INFO -     🔄 定位 Sign In: //android.widget.TextView[@text="Sign In"]
2026-05-19 10:58:45,137 - INFO -     ✅ 找到 Sign In: //android.widget.TextView[@text="Sign In"]
2026-05-19 10:58:45,779 - INFO - ✅ 步骤3: 点击 Sign In 进入登录页 - 完成
2026-05-19 10:58:47,283 - INFO - 🔄 步骤4: 输入密码
2026-05-19 10:58:47,283 - INFO -     🔄 密码已填入（长度 9）
2026-05-19 10:58:48,130 - INFO -     🔄 定位: //android.widget.ScrollView/android.widget.EditText[2]
2026-05-19 10:58:48,525 - INFO - ✅ 步骤4: 输入密码 - 完成
2026-05-19 10:58:48,525 - INFO - 🔄 步骤5: 收起输入键盘
2026-05-19 10:58:49,924 - INFO -     ✅ hide_keyboard 成功
2026-05-19 10:58:50,325 - INFO - ✅ 步骤5: 收起输入键盘 - 完成
2026-05-19 10:58:50,326 - INFO - 🔄 步骤6: 勾选用户协议与隐私政策
2026-05-19 10:58:50,326 - INFO -     🔄 定位: //android.widget.ImageView[@content-desc="checkbox"]
2026-05-19 10:58:51,218 - INFO - ✅ 步骤6: 勾选用户协议与隐私政策 - 完成
2026-05-19 10:58:51,219 - INFO - 🔄 步骤7: 点击 Next 登录
2026-05-19 10:58:51,219 - INFO -     🔄 定位: //android.widget.ImageView[@content-desc="next"]
2026-05-19 10:58:52,559 - INFO - ✅ 步骤7: 点击 Next 登录 - 完成
2026-05-19 10:58:52,560 - INFO - 🔄 步骤8: 断言提示文案
2026-05-19 10:58:52,560 - INFO -     🔄 期望文案: Please enter a valid email address.
2026-05-19 10:58:52,640 - INFO -     ✅ 已显示提示
2026-05-19 10:58:52,640 - INFO - ✅ 步骤8: 断言提示文案 - 完成
2026-05-19 10:58:52,640 - INFO - 🎉 测试用例 200004 执行成功！
2026-05-19 10:58:52,663 - INFO - ✅ 报告已生成: /Users/ambrose.chen/Desktop/iot/project/APP外壳/2测试报告/platform/android_20260519_105836/android_20260519_105836_report.xlsx
