2026-05-12 13:06:05,995 - INFO - 🔄 步骤1: 重启APP并处理登录状态
2026-05-12 13:06:27,268 - INFO - ✅ 步骤1: 重启APP并处理登录状态 - 完成
2026-05-12 13:06:27,269 - INFO - 🔄 步骤2: 点击Sign In进入登录页
2026-05-12 13:06:30,207 - INFO - ✅ 步骤2: 点击Sign In进入登录页 - 完成
2026-05-12 13:06:30,208 - INFO - 🔄 步骤3: 点击Forgot password进入忘记密码页
2026-05-12 13:06:33,239 - INFO - ✅ 步骤3: 点击Forgot password进入忘记密码页 - 完成
2026-05-12 13:06:33,241 - INFO - 🔄 步骤4: 输入邮箱并点击Next进入验证码页
2026-05-12 13:06:44,260 - INFO - ✅ 步骤4: 输入邮箱并点击Next进入验证码页 - 完成，邮箱: haoc51888@gmail.com
2026-05-12 13:06:44,261 - INFO - 🔄 步骤5: Gmail获取最新验证码code
2026-05-12 13:08:26,561 - INFO - ✅ 步骤5: Gmail获取最新验证码code - 完成，code: 607773
2026-05-12 13:08:26,563 - INFO - 🔄 步骤6: 输入验证码进入Set Password页
2026-05-12 13:08:35,926 - INFO - ✅ 步骤6: 输入验证码进入Set Password页 - 完成
2026-05-12 13:08:35,928 - INFO - 🔄 步骤7: 输入大小写字母混合密码(两次)并收起键盘
2026-05-12 13:08:41,356 - INFO - ✅ 步骤7: 输入大小写字母混合密码(两次)并收起键盘 - 完成，password: XINGmai
2026-05-12 13:08:41,357 - INFO - 🔄 步骤8: 校验密码规则文案颜色（若能取到color）
2026-05-12 13:08:41,591 - INFO - 📝 规则提示: • 6-20 characters 颜色: None
2026-05-12 13:08:41,812 - INFO - 📝 规则提示: • contains letters 颜色: None
2026-05-12 13:08:42,023 - INFO - 📝 规则提示: • contains numbers 颜色: None
2026-05-12 13:08:42,223 - INFO - 📝 规则提示: • Supports special characters:! @ # $ % ^ & * ( ) - _ = + \ | [ ] { } ; : / ? . , ~ > < ` 颜色: None
2026-05-12 13:08:42,223 - INFO - ✅ 步骤8: 校验密码规则文案颜色（若能取到color） - 完成
2026-05-12 13:08:42,223 - INFO - 🔄 步骤9: 点击Submit，断言不可完成修改密码（仍停留Set Password页）
2026-05-12 13:08:42,484 - INFO - ✅ 步骤9: 点击Submit，断言不可完成修改密码（仍停留Set Password页） - 完成
2026-05-12 13:08:42,485 - INFO - 🎉 测试用例102158执行成功！
2026-05-12 13:08:42,516 - INFO - ✅ 报告已生成: /Users/ambrose.chen/Desktop/iot/project/APP外壳/2测试报告/platform/ios_20260512_130604/ios_20260512_130604_report.xlsx
