2026-05-11 10:24:25,244 - INFO - 🔄 步骤1: 重启APP并处理登录状态
2026-05-11 10:24:46,524 - INFO - ✅ 步骤1: 重启APP并处理登录状态 - 完成
2026-05-11 10:24:46,526 - INFO - 🔄 步骤2: 点击Sign In进入登录页
2026-05-11 10:24:49,453 - INFO - ✅ 步骤2: 点击Sign In进入登录页 - 完成
2026-05-11 10:24:49,454 - INFO - 🔄 步骤3: 点击Forgot password进入忘记密码页
2026-05-11 10:24:52,487 - INFO - ✅ 步骤3: 点击Forgot password进入忘记密码页 - 完成
2026-05-11 10:24:52,488 - INFO - 🔄 步骤4: 输入邮箱并点击Next进入验证码页
2026-05-11 10:25:02,857 - INFO - ✅ 步骤4: 输入邮箱并点击Next进入验证码页 - 完成，邮箱: haoc51888@gmail.com
2026-05-11 10:25:02,858 - INFO - 🔄 步骤5: Gmail获取最新验证码code
2026-05-11 10:26:46,028 - INFO - ✅ 步骤5: Gmail获取最新验证码code - 完成，code: 526408
2026-05-11 10:26:46,030 - INFO - 🔄 步骤6: 输入验证码进入Set Password页
2026-05-11 10:26:55,318 - INFO - ✅ 步骤6: 输入验证码进入Set Password页 - 完成
2026-05-11 10:26:55,319 - INFO - 🔄 步骤7: 输入大于20位密码(两次)
2026-05-11 10:27:01,333 - INFO - ✅ 步骤7: 输入大于20位密码(两次) - 完成，密码: Csx123456789012345678
2026-05-11 10:27:01,334 - INFO - 🔄 步骤8: 校验密码规则颜色（超长场景）
2026-05-11 10:27:01,567 - INFO - 📝 规则提示: • 6-20 characters 颜色: None
2026-05-11 10:27:01,784 - INFO - 📝 规则提示: • contains letters 颜色: None
2026-05-11 10:27:02,013 - INFO - 📝 规则提示: • contains numbers 颜色: None
2026-05-11 10:27:02,250 - INFO - 📝 规则提示: • Supports special characters:! @ # $ % ^ & * ( ) - _ = + \ | [ ] { } ; : / ? . , ~ > < ` 颜色: None
2026-05-11 10:27:02,251 - INFO - ✅ 步骤8: 校验密码规则颜色（超长场景） - 完成
2026-05-11 10:27:02,251 - INFO - 🔄 步骤9: 点击Submit并断言不可生效
2026-05-11 10:27:02,531 - INFO - ✅ 步骤9: 点击Submit并断言不可生效 - 完成
2026-05-11 10:27:02,532 - INFO - 🎉 测试用例102147执行成功！
2026-05-11 10:27:02,550 - INFO - ✅ 报告已生成: /Users/ambrose.chen/Desktop/iot/project/APP外壳/2测试报告/platform/ios_20260511_102423/ios_20260511_102423_report.xlsx
