2026-05-11 21:26:55,434 - INFO - 🔄 步骤0: 登出，确保从登出状态开始测试
2026-05-11 21:26:55,435 - INFO - 开始登出流程...
2026-05-11 21:26:55,677 - INFO - 检测到home sel元素
2026-05-11 21:27:07,060 - INFO - ✅ 点击mine按钮: //XCUIElementTypeButton[@name="mine"]
2026-05-11 21:27:09,271 - INFO - ✅ 点击CommonEdit编辑按钮: //XCUIElementTypeButton[@name="CommonEdit"]
2026-05-11 21:27:11,454 - INFO - ✅ 点击Log Out: //XCUIElementTypeButton[@name="Log Out"]
2026-05-11 21:27:13,643 - INFO - ✅ 点击Confirm: //XCUIElementTypeButton[@name="Confirm"]
2026-05-11 21:27:15,145 - INFO - 登出操作完成
2026-05-11 21:27:15,498 - INFO - ✅ 成功回到登录页面
2026-05-11 21:27:15,499 - INFO - ✅ 步骤0: 登出，确保从登出状态开始测试 - 完成
2026-05-11 21:27:17,505 - INFO - 🔄 步骤1: 验证在APP首页（登录页面）
2026-05-11 21:27:17,673 - INFO - ✅ 步骤1: 验证在APP首页（登录页面） - 完成，确认在APP首页（登录页面）
2026-05-11 21:27:19,682 - INFO - 🔄 步骤2: 点击Sign Up按钮进入注册页面
2026-05-11 21:27:20,650 - INFO - ✅ 步骤2: 点击Sign Up按钮进入注册页面 - 完成
2026-05-11 21:27:23,660 - INFO - 🔄 步骤3: 验证进入Sign Up页面
2026-05-11 21:27:23,901 - INFO - ✅ 步骤3: 验证进入Sign Up页面 - 完成，确认已进入Sign Up注册页面
2026-05-11 21:27:25,908 - INFO - 🔄 步骤4: 输入邮箱
2026-05-11 21:27:25,914 - INFO - 📧 生成简单邮箱地址: testuser256@163.com
2026-05-11 21:27:27,844 - INFO - ✅ 步骤4: 输入邮箱 - 完成，邮箱: testuser256@163.com
2026-05-11 21:27:29,846 - INFO - 🔄 步骤5: 勾选隐私政策和用户协议
2026-05-11 21:27:35,966 - INFO - ✅ 隐私政策复选框已勾选
2026-05-11 21:27:37,467 - INFO - 🔄 步骤5.1: 收起键盘（Done）
2026-05-11 21:27:38,740 - INFO - ✅ 已点击Done收起键盘
2026-05-11 21:27:39,748 - INFO - 🔄 步骤6: 点击Next进入set password页面
2026-05-11 21:27:40,475 - INFO - ✅ 步骤6: 点击Next进入set password页面 - 完成，已点击Next按钮
2026-05-11 21:27:43,478 - INFO - 🔄 步骤7: 验证进入set password页面
2026-05-11 21:27:43,788 - INFO - ✅ 成功进入set password页面
2026-05-11 21:27:45,295 - INFO - 🔄 步骤8: 输入密码并确认
2026-05-11 21:27:47,157 - INFO - ✅ 已输入密码: Csx150128
2026-05-11 21:27:49,151 - INFO - ✅ 已输入确认密码: Csx150128
2026-05-11 21:27:51,382 - INFO - ✅ 密码页已点击Done收起键盘
2026-05-11 21:27:52,388 - INFO - 🔄 步骤9: 点击Next进入Personal Information页面
2026-05-11 21:27:53,379 - INFO - ✅ 已点击密码页Next按钮
2026-05-11 21:27:56,386 - INFO - 🔄 步骤10: 不输入用户名，点击Submit并验证仍停留在页面
2026-05-11 21:28:00,239 - INFO - ✅ 确认已进入Personal Information页面
2026-05-11 21:28:01,848 - INFO - ✅ 已点击Submit按钮（未输入用户名）
2026-05-11 21:28:04,066 - INFO - ✅ 点击Submit后仍停留在Personal Information页面
2026-05-11 21:28:05,072 - INFO - 🎉 测试用例102245执行成功！
2026-05-11 21:28:05,072 - INFO - ✅ 不输入用户名点击Submit后仍停留在Personal Information页面
2026-05-11 21:28:07,113 - INFO - ✅ 报告已生成: /Users/ambrose.chen/Desktop/iot/project/APP外壳/2测试报告/platform/ios_20260511_212653/ios_20260511_212653_report.xlsx
