2026-05-12 10:39:54,557 - INFO - 🔄 步骤0: 登出，确保从登出状态开始测试
2026-05-12 10:39:54,558 - INFO - 开始登出流程...
2026-05-12 10:40:25,652 - INFO - 未检测到home sel/mine sel/mine，跳过登出流程
2026-05-12 10:40:25,653 - INFO - ✅ 步骤0: 登出，确保从登出状态开始测试 - 完成
2026-05-12 10:40:27,658 - INFO - 🔄 步骤1: 验证在APP首页（登录页面）
2026-05-12 10:40:27,823 - INFO - ✅ 步骤1: 验证在APP首页（登录页面） - 完成，确认在APP首页（登录页面）
2026-05-12 10:40:29,824 - INFO - 🔄 步骤2: 点击Sign Up按钮进入注册页面
2026-05-12 10:40:30,771 - INFO - ✅ 步骤2: 点击Sign Up按钮进入注册页面 - 完成
2026-05-12 10:40:33,775 - INFO - 🔄 步骤3: 验证进入Sign Up页面
2026-05-12 10:40:33,994 - INFO - ✅ 步骤3: 验证进入Sign Up页面 - 完成，确认已进入Sign Up注册页面
2026-05-12 10:40:35,999 - INFO - 🔄 步骤5: 输入邮箱
2026-05-12 10:40:36,004 - INFO - 📧 生成简单邮箱地址: testuser258@163.com
2026-05-12 10:40:37,911 - INFO - ✅ 步骤5: 输入邮箱 - 完成，邮箱: testuser258@163.com
2026-05-12 10:40:39,912 - INFO - 🔄 步骤6: 点击Done按钮收起键盘
2026-05-12 10:40:41,199 - INFO - ✅ 步骤6: 点击Done按钮收起键盘 - 完成
2026-05-12 10:40:43,204 - INFO - 🔄 步骤7: 验证不勾选隐私政策和用户协议
2026-05-12 10:40:48,542 - INFO - ✅ 隐私政策复选框未勾选（预期状态）
2026-05-12 10:40:48,542 - INFO - ✅ 步骤7: 验证不勾选隐私政策和用户协议 - 完成，隐私政策复选框未勾选
2026-05-12 10:40:50,544 - INFO - 🔄 步骤8: 验证Next按钮置灰不可点击
2026-05-12 10:40:50,830 - INFO - 📝 Next按钮 enabled 属性: false
2026-05-12 10:40:50,831 - INFO - ✅ 步骤8: 验证Next按钮置灰不可点击 - 完成，确认Next按钮置灰不可点击
2026-05-12 10:40:52,836 - INFO - 🔄 步骤9: 验证仍停留在注册页面
2026-05-12 10:40:53,488 - INFO - 📝 当前邮箱输入框内容: testuser258@163.com
2026-05-12 10:40:53,488 - INFO - ✅ 步骤9: 验证仍停留在注册页面 - 完成，点击无效果，仍停留在注册页面
2026-05-12 10:40:55,493 - INFO - 🎉 测试用例102191执行成功！
2026-05-12 10:40:55,493 - INFO - ✅ 验证注册，不选择"用户政策、隐私协议"，点击"下一步"：Next按钮置灰且仍停留在当前页面
2026-05-12 10:40:57,525 - INFO - ✅ 报告已生成: /Users/ambrose.chen/Desktop/iot/project/APP外壳/2测试报告/platform/ios_20260512_103952/ios_20260512_103952_report.xlsx
