2026-05-07 21:48:47,334 - INFO - 🔄 步骤0: 登出，确保从登出状态开始测试
2026-05-07 21:48:47,334 - INFO - 开始登出流程...
2026-05-07 21:49:18,243 - INFO - 未检测到home sel/mine sel/mine，跳过登出流程
2026-05-07 21:49:18,244 - INFO - ✅ 步骤0: 登出，确保从登出状态开始测试 - 完成
2026-05-07 21:49:20,254 - INFO - 🔄 步骤1: 验证在APP首页（登录页面）
2026-05-07 21:49:20,414 - INFO - ✅ 步骤1: 验证在APP首页（登录页面） - 完成，确认在APP首页（登录页面）
2026-05-07 21:49:22,428 - INFO - 🔄 步骤2: 点击Sign Up按钮进入注册页面
2026-05-07 21:49:23,413 - INFO - ✅ 步骤2: 点击Sign Up按钮进入注册页面 - 完成
2026-05-07 21:49:26,420 - INFO - 🔄 步骤3: 验证进入Sign Up页面
2026-05-07 21:49:26,660 - INFO - ✅ 步骤3: 验证进入Sign Up页面 - 完成，确认已进入Sign Up注册页面
2026-05-07 21:49:28,670 - INFO - 🔄 步骤4: 国家切换至France
2026-05-07 21:50:52,258 - INFO - ✅ 步骤4: 国家切换至France - 完成，已切换国家为France
2026-05-07 21:50:53,263 - INFO - 🔄 步骤5: 输入已注册邮箱
2026-05-07 21:50:55,296 - INFO - ✅ 步骤5: 输入已注册邮箱 - 完成，输入邮箱: haoc51888@gmail.com
2026-05-07 21:50:57,296 - INFO - 🔄 步骤6: 勾选隐私政策和用户协议
2026-05-07 21:51:03,280 - INFO - ✅ 隐私政策复选框已勾选
2026-05-07 21:51:04,782 - INFO - 🔄 步骤6.1: 收起键盘（Done）
2026-05-07 21:51:06,085 - INFO - ✅ 已点击Done收起键盘
2026-05-07 21:51:07,095 - INFO - 🔄 步骤7: 点击Next按钮
2026-05-07 21:51:07,812 - INFO - ✅ 步骤7: 点击Next按钮 - 完成，已点击Next按钮
2026-05-07 21:51:09,816 - INFO - 🔄 步骤8: 验证已注册提示弹框
2026-05-07 21:51:10,657 - INFO - ✅ 弹框提示已注册: This email is already registered. Ready to sign in now?
2026-05-07 21:51:11,665 - INFO - 🎉 测试用例102221执行成功！
2026-05-07 21:51:11,665 - INFO - ✅ 已注册邮箱在France再次注册，弹出已注册提示（未继续下一步）
2026-05-07 21:51:13,703 - INFO - ✅ 报告已生成: /Users/ambrose.chen/Desktop/iot/project/APP外壳/2测试报告/platform/ios_20260507_214845/ios_20260507_214845_report.xlsx
