2026-05-19 15:25:14,178 - INFO - 🔄 步骤1: 重启APP
2026-05-19 15:25:19,095 - INFO - ✅ 步骤1: 重启APP - 完成
2026-05-19 15:25:19,096 - INFO - 🔄 步骤2: 检测登录状态并确保在登录/注册入口页
2026-05-19 15:25:19,264 - INFO -     [登出] 开始登出流程...
2026-05-19 15:25:19,265 - INFO -     [登出] 步骤1: 检查页面是否有 More 按钮
2026-05-19 15:25:19,320 - INFO -     [登出] ✅ 检测到 More 按钮: //android.view.View[@content-desc="More"]
2026-05-19 15:25:19,320 - INFO -     [登出] 步骤2: 点击 More 按钮，进入 more 页面
2026-05-19 15:25:19,381 - INFO -     [登出] ✅ 已点击 More 按钮 (使用: //android.view.View[@content-desc="More"])
2026-05-19 15:25:21,386 - INFO -     [登出] 步骤3: 点击 edit 按钮
2026-05-19 15:25:21,540 - INFO -     [登出] ✅ 已点击 edit 按钮
2026-05-19 15:25:23,545 - INFO -     [登出] 步骤4: 点击 Log Out 按钮
2026-05-19 15:25:24,475 - INFO -     [登出] ✅ 已点击 Log Out 按钮
2026-05-19 15:25:25,985 - INFO -     [登出] 步骤5: 点击 Confirm 按钮，确认登出
2026-05-19 15:25:26,764 - INFO -     [登出] ✅ 已点击 Confirm 按钮
2026-05-19 15:25:34,810 - INFO -     [登出] ⚠️ 登出完成，但无法确认是否已返回登录页面
2026-05-19 15:25:34,811 - INFO -     [登出] ✅ 登出流程完成
2026-05-19 15:25:36,876 - INFO - ✅ 步骤2: 检测登录状态并确保在登录/注册入口页 - 完成
2026-05-19 15:25:36,876 - INFO - 🔄 步骤3: 点击 Sign Up 进入注册页
2026-05-19 15:25:39,161 - INFO - ✅ 步骤3: 点击 Sign Up 进入注册页 - 完成
2026-05-19 15:25:39,163 - INFO - 📧 生成简单邮箱地址: testuser294@163.com
2026-05-19 15:25:39,163 - INFO - 🔄 步骤4: 输入49字符用户名并 Submit
2026-05-19 15:26:33,595 - INFO - ✅ 步骤4: 输入49字符用户名并 Submit - 完成（已点击 Submit）
2026-05-19 15:26:33,596 - INFO - 🎉 测试用例 200024 执行成功！
2026-05-19 15:26:33,631 - INFO - ✅ 报告已生成: /Users/ambrose.chen/Desktop/iot/project/APP外壳/2测试报告/platform/android_20260519_152511/android_20260519_152511_report.xlsx
