2026-05-20 14:02:40,688 - INFO - 🔄 步骤1: 重置APP，检测登录状态并登出
2026-05-20 14:02:46,542 - INFO -     ✅ APP已重置
2026-05-20 14:03:01,746 - INFO -     ℹ️ 未检测到登录状态，已在登录页面
2026-05-20 14:03:01,747 - INFO - ✅ 步骤1: 重置APP，检测登录状态并登出 - 完成
2026-05-20 14:03:01,748 - INFO - 🔄 步骤2: 点击登录按钮进入Sign in页面
2026-05-20 14:03:02,723 - INFO - ✅ 步骤2: 点击登录按钮进入Sign in页面 - 完成
2026-05-20 14:03:04,229 - INFO - 🔄 步骤3: 点击邮箱框，输入邮箱（未注册的邮箱）
2026-05-20 14:03:45,203 - INFO -     ✅ 邮箱输入完成: haoc51888chenhao@gmail.com
2026-05-20 14:03:46,209 - INFO - ✅ 步骤3: 点击邮箱框，输入邮箱（未注册的邮箱） - 完成
2026-05-20 14:03:46,209 - INFO - 🔄 步骤4: 点击密码框，输入密码
2026-05-20 14:04:27,636 - INFO -     ✅ 密码输入完成
2026-05-20 14:04:28,636 - INFO - ✅ 步骤4: 点击密码框，输入密码 - 完成
2026-05-20 14:04:28,637 - INFO - 🔄 步骤5: 点击键盘Done，收起键盘
2026-05-20 14:04:29,887 - INFO - ✅ 步骤5: 点击键盘Done，收起键盘 - 完成
2026-05-20 14:04:30,892 - INFO - 🔄 步骤6: 点击协议勾选框
2026-05-20 14:04:31,657 - INFO - ✅ 步骤6: 点击协议勾选框 - 完成
2026-05-20 14:04:32,661 - INFO - 🔄 步骤7: 点击登录按钮
2026-05-20 14:04:33,475 - INFO - ✅ 步骤7: 点击登录按钮 - 完成
2026-05-20 14:04:35,479 - INFO - 🔄 步骤8: 断言页面显示错误提示信息
2026-05-20 14:04:35,800 - INFO -     ✅ 找到错误提示信息: This email is not registered. Please check and re-enter.
2026-05-20 14:04:35,801 - INFO - ✅ 步骤8: 断言页面显示错误提示信息 - 完成，错误提示信息已显示
2026-05-20 14:04:35,801 - INFO - 🎉 测试用例102652执行成功！
2026-05-20 14:04:35,827 - INFO - ✅ 报告已生成: /Users/ambrose.chen/Desktop/iot/project/APP外壳/2测试报告/platform/ios_20260520_140238/ios_20260520_140238_report.xlsx
