2026-05-09 19:52:13,968 - INFO - 🔄 步骤0: 登出，确保从登出状态开始测试
2026-05-09 19:52:13,968 - INFO - 开始登出流程...
2026-05-09 19:52:14,193 - INFO - 检测到home sel元素
2026-05-09 19:52:25,864 - INFO - ✅ 点击mine按钮: //XCUIElementTypeButton[@name="mine"]
2026-05-09 19:52:28,065 - INFO - ✅ 点击CommonEdit编辑按钮: //XCUIElementTypeButton[@name="CommonEdit"]
2026-05-09 19:52:30,247 - INFO - ✅ 点击Log Out: //XCUIElementTypeButton[@name="Log Out"]
2026-05-09 19:52:32,462 - INFO - ✅ 点击Confirm: //XCUIElementTypeButton[@name="Confirm"]
2026-05-09 19:52:33,970 - INFO - 登出操作完成
2026-05-09 19:52:34,295 - INFO - ✅ 成功回到登录页面
2026-05-09 19:52:34,295 - INFO - ✅ 步骤0: 登出，确保从登出状态开始测试 - 完成
2026-05-09 19:52:36,305 - INFO - 🔄 步骤1: 验证在APP首页（登录页面）
2026-05-09 19:52:36,483 - INFO - ✅ 步骤1: 验证在APP首页（登录页面） - 完成，确认在APP首页（登录页面）
2026-05-09 19:52:38,490 - INFO - 🔄 步骤2: 点击Sign Up按钮进入注册页面
2026-05-09 19:52:39,465 - INFO - ✅ 步骤2: 点击Sign Up按钮进入注册页面 - 完成
2026-05-09 19:52:42,475 - INFO - 🔄 步骤3: 验证进入Sign Up页面
2026-05-09 19:52:42,723 - INFO - ✅ 步骤3: 验证进入Sign Up页面 - 完成，确认已进入Sign Up注册页面
2026-05-09 19:52:44,726 - INFO - 🔄 步骤4: 输入邮箱
2026-05-09 19:52:44,731 - INFO - 📧 生成简单邮箱地址: testuser201@163.com
2026-05-09 19:52:46,679 - INFO - ✅ 步骤4: 输入邮箱 - 完成，邮箱: testuser201@163.com
2026-05-09 19:52:48,680 - INFO - 🔄 步骤5: 勾选隐私政策和用户协议
2026-05-09 19:52:54,650 - INFO - ✅ 隐私政策复选框已勾选
2026-05-09 19:52:56,157 - INFO - 🔄 步骤5.1: 收起键盘（Done）
2026-05-09 19:52:57,465 - INFO - ✅ 已点击Done收起键盘
2026-05-09 19:52:58,467 - INFO - 🔄 步骤6: 点击Next进入set password页面
2026-05-09 19:52:59,178 - INFO - ✅ 步骤6: 点击Next进入set password页面 - 完成，已点击Next按钮
2026-05-09 19:53:02,188 - INFO - 🔄 步骤7: 验证进入set password页面
2026-05-09 19:53:02,513 - INFO - ✅ 成功进入set password页面
2026-05-09 19:53:04,019 - INFO - 🔄 步骤8: 输入20位密码并确认
2026-05-09 19:53:06,092 - INFO - ✅ 已输入密码: Csx1234567Csx1234567
2026-05-09 19:53:08,249 - INFO - ✅ 已输入确认密码: Csx1234567Csx1234567
2026-05-09 19:53:10,471 - INFO - ✅ 密码页已点击Done收起键盘
2026-05-09 19:53:11,480 - INFO - 🔄 步骤9: 点击Next进入用户名页面
2026-05-09 19:53:12,482 - INFO - ✅ 已点击密码页Next按钮
2026-05-09 19:53:15,490 - INFO - 🔄 步骤10: 用户名页面点击Skip并验证主页面
2026-05-09 19:53:27,938 - INFO - ✅ 找到Skip元素: //XCUIElementTypeButton[@name="Skip"]
2026-05-09 19:53:28,350 - INFO - ✅ 已点击Skip跳过用户名
2026-05-09 19:53:31,567 - INFO - ✅ 主页面标识元素存在: //XCUIElementTypeButton[@name="home sel"]
2026-05-09 19:53:32,576 - INFO - 🎉 测试用例102227执行成功！
2026-05-09 19:53:32,576 - INFO - ✅ 密码等于20位时可继续，提交后成功进入主页面（mine元素）
2026-05-09 19:53:34,615 - INFO - ✅ 报告已生成: /Users/ambrose.chen/Desktop/iot/project/APP外壳/2测试报告/platform/ios_20260509_195212/ios_20260509_195212_report.xlsx
