2026-05-11 22:36:38,616 - INFO - 🔄 步骤1: 重启APP并处理登录状态
2026-05-11 22:36:59,857 - INFO - ✅ 步骤1: 重启APP并处理登录状态 - 完成
2026-05-11 22:36:59,858 - INFO - 🔄 步骤2: 点击Sign In进入登录页
2026-05-11 22:37:03,024 - INFO - ✅ 步骤2: 点击Sign In进入登录页 - 完成
2026-05-11 22:37:03,025 - INFO - 🔄 步骤3: 点击Forgot password进入忘记密码页
2026-05-11 22:37:06,063 - INFO - ✅ 步骤3: 点击Forgot password进入忘记密码页 - 完成
2026-05-11 22:37:06,064 - INFO - 🔄 步骤4: 输入邮箱并点击Next进入验证码页
2026-05-11 22:37:16,438 - INFO - ✅ 步骤4: 输入邮箱并点击Next进入验证码页 - 完成，邮箱: haoc51888@gmail.com
2026-05-11 22:37:16,439 - INFO - 🔄 步骤5: Gmail获取最新验证码code
2026-05-11 22:38:59,927 - INFO - ✅ 步骤5: Gmail获取最新验证码code - 完成，code: 400774
2026-05-11 22:38:59,929 - INFO - 🔄 步骤6: 输入验证码进入Set Password页
2026-05-11 22:39:09,213 - INFO - ✅ 步骤6: 输入验证码进入Set Password页 - 完成
2026-05-11 22:39:09,214 - INFO - 🔄 步骤7: 输入小写字母+特殊字符密码(两次)并收起键盘
2026-05-11 22:39:14,689 - INFO - ✅ 步骤7: 输入小写字母+特殊字符密码(两次)并收起键盘 - 完成，password: !@#&xingmai
2026-05-11 22:39:14,689 - INFO - 🔄 步骤8: 校验密码规则文案颜色（若能取到color）
2026-05-11 22:39:14,905 - INFO - 📝 规则提示: • 6-20 characters 颜色: None
2026-05-11 22:39:15,111 - INFO - 📝 规则提示: • contains letters 颜色: None
2026-05-11 22:39:15,323 - INFO - 📝 规则提示: • contains numbers 颜色: None
2026-05-11 22:39:15,529 - INFO - 📝 规则提示: • Supports special characters:! @ # $ % ^ & * ( ) - _ = + \ | [ ] { } ; : / ? . , ~ > < ` 颜色: None
2026-05-11 22:39:15,529 - INFO - ✅ 步骤8: 校验密码规则文案颜色（若能取到color） - 完成
2026-05-11 22:39:15,529 - INFO - 🔄 步骤9: 点击Submit，断言不可完成修改密码（仍停留Set Password页）
2026-05-11 22:39:15,780 - INFO - ✅ 步骤9: 点击Submit，断言不可完成修改密码（仍停留Set Password页） - 完成
2026-05-11 22:39:15,780 - INFO - 🎉 测试用例102159执行成功！
2026-05-11 22:39:15,811 - INFO - ✅ 报告已生成: /Users/ambrose.chen/Desktop/iot/project/APP外壳/2测试报告/platform/ios_20260511_223636/ios_20260511_223636_report.xlsx
