2026-05-09 19:50:39,198 - INFO - 🔄 步骤0: 登出，确保从登出状态开始测试
2026-05-09 19:50:39,198 - INFO - 开始登出流程...
2026-05-09 19:51:10,122 - INFO - 未检测到home sel/mine sel/mine，跳过登出流程
2026-05-09 19:51:10,124 - INFO - ✅ 步骤0: 登出，确保从登出状态开始测试 - 完成
2026-05-09 19:51:12,132 - INFO - 🔄 步骤1: 验证在APP首页（登录页面）
2026-05-09 19:51:12,300 - INFO - ✅ 步骤1: 验证在APP首页（登录页面） - 完成，确认在APP首页（登录页面）
2026-05-09 19:51:14,310 - INFO - 🔄 步骤2: 点击Sign Up按钮进入注册页面
2026-05-09 19:51:15,288 - INFO - ✅ 步骤2: 点击Sign Up按钮进入注册页面 - 完成
2026-05-09 19:51:18,296 - INFO - 🔄 步骤3: 验证进入Sign Up页面
2026-05-09 19:51:18,547 - INFO - ✅ 步骤3: 验证进入Sign Up页面 - 完成，确认已进入Sign Up注册页面
2026-05-09 19:51:20,557 - INFO - 🔄 步骤4: 输入邮箱
2026-05-09 19:51:20,560 - INFO - 📧 生成简单邮箱地址: testuser200@163.com
2026-05-09 19:51:22,562 - INFO - ✅ 步骤4: 输入邮箱 - 完成，邮箱: testuser200@163.com
2026-05-09 19:51:24,564 - INFO - 🔄 步骤5: 勾选隐私政策和用户协议
2026-05-09 19:51:30,674 - INFO - ✅ 隐私政策复选框已勾选
2026-05-09 19:51:32,179 - INFO - 🔄 步骤5.1: 收起键盘（Done）
2026-05-09 19:51:33,542 - INFO - ✅ 已点击Done收起键盘
2026-05-09 19:51:34,545 - INFO - 🔄 步骤6: 点击Next进入set password页面
2026-05-09 19:51:35,260 - INFO - ✅ 步骤6: 点击Next进入set password页面 - 完成，已点击Next按钮
2026-05-09 19:51:38,266 - INFO - 🔄 步骤7: 验证进入set password页面
2026-05-09 19:51:38,575 - INFO - ✅ 成功进入set password页面
2026-05-09 19:51:40,082 - INFO - 🔄 步骤8: 输入6位密码并确认
2026-05-09 19:51:41,834 - INFO - ✅ 已输入密码: Csx150
2026-05-09 19:51:43,848 - INFO - ✅ 已输入确认密码: Csx150
2026-05-09 19:51:46,051 - INFO - ✅ 密码页已点击Done收起键盘
2026-05-09 19:51:47,059 - INFO - 🔄 步骤9: 点击Next进入用户名页面
2026-05-09 19:51:48,015 - INFO - ✅ 已点击密码页Next按钮
2026-05-09 19:51:51,024 - INFO - 🔄 步骤10: 用户名页面点击Skip并验证跳转主页面
2026-05-09 19:52:03,539 - INFO - ✅ 找到Skip元素: //XCUIElementTypeButton[@name="Skip"]
2026-05-09 19:52:03,948 - INFO - ✅ 已点击Skip跳过用户名
2026-05-09 19:52:07,169 - INFO - ✅ 主页面标识元素存在: //XCUIElementTypeButton[@name="home sel"]
2026-05-09 19:52:08,173 - INFO - 🎉 测试用例102226执行成功！
2026-05-09 19:52:08,174 - INFO - ✅ 密码等于6位时可继续，提交后成功进入主页面
2026-05-09 19:52:10,214 - INFO - ✅ 报告已生成: /Users/ambrose.chen/Desktop/iot/project/APP外壳/2测试报告/platform/ios_20260509_195037/ios_20260509_195037_report.xlsx
