2026-05-18 11:00:43,460 - INFO - 🔄 步骤1: 重启APP
2026-05-18 11:00:48,040 - INFO - ✅ 步骤1: 重启APP - 完成
2026-05-18 11:00:48,043 - INFO - 🔄 步骤2: 检测登录态并回到 Sign In/Sign Up 落地页
2026-05-18 11:00:48,283 - INFO -     ℹ️ 检测到已登录（More），执行登出…
2026-05-18 11:00:48,283 - INFO -     [登出] 开始登出流程...
2026-05-18 11:00:48,283 - INFO -     [登出] 步骤1: 检查页面是否有 More 按钮
2026-05-18 11:00:48,342 - INFO -     [登出] ✅ 检测到 More 按钮: //android.view.View[@content-desc="More"]
2026-05-18 11:00:48,342 - INFO -     [登出] 步骤2: 点击 More 按钮，进入 more 页面
2026-05-18 11:00:48,385 - INFO -     [登出] ✅ 已点击 More 按钮 (使用: //android.view.View[@content-desc="More"])
2026-05-18 11:00:50,390 - INFO -     [登出] 步骤3: 点击 edit 按钮
2026-05-18 11:00:50,543 - INFO -     [登出] ✅ 已点击 edit 按钮
2026-05-18 11:00:52,547 - INFO -     [登出] 步骤4: 点击 Log Out 按钮
2026-05-18 11:00:53,471 - INFO -     [登出] ✅ 已点击 Log Out 按钮
2026-05-18 11:00:54,976 - INFO -     [登出] 步骤5: 点击 Confirm 按钮，确认登出
2026-05-18 11:00:55,689 - INFO -     [登出] ✅ 已点击 Confirm 按钮
2026-05-18 11:00:58,762 - INFO -     [登出] ⚠️ 登出完成，但无法确认是否已返回登录页面
2026-05-18 11:00:58,763 - INFO -     [登出] ✅ 登出流程完成
2026-05-18 11:01:01,479 - INFO - ✅ 步骤2: 检测登录态并回到 Sign In/Sign Up 落地页 - 完成
2026-05-18 11:01:01,479 - INFO - 🔄 步骤3: 点击 Sign In 进入登录页
2026-05-18 11:01:03,719 - INFO - ✅ 步骤3: 点击 Sign In 进入登录页 - 完成
2026-05-18 11:01:03,723 - INFO - 🔄 步骤4: 点击左上角返回键
2026-05-18 11:01:05,059 - INFO - ✅ 步骤4: 点击左上角返回键 - 完成
2026-05-18 11:01:05,059 - INFO - 🔄 步骤5: 断言回到登录/注册首页，出现 Sign Up
2026-05-18 11:01:05,117 - INFO - 🎉 测试用例200001执行成功！
2026-05-18 11:01:05,148 - INFO - ✅ 报告已生成: /Users/ambrose.chen/Desktop/iot/project/APP外壳/2测试报告/platform/android_20260518_110040/android_20260518_110040_report.xlsx
