2026-05-09 20:48:34,909 - INFO - 🔄 步骤1: 重启APP并处理登录状态
2026-05-09 20:48:56,103 - INFO - ✅ 步骤1: 重启APP并处理登录状态 - 完成
2026-05-09 20:48:56,104 - INFO - 🔄 步骤2: 点击Sign In进入登录页
2026-05-09 20:48:59,025 - INFO - ✅ 步骤2: 点击Sign In进入登录页 - 完成
2026-05-09 20:48:59,025 - INFO - 🔄 步骤3: 点击Forgot password进入忘记密码页
2026-05-09 20:49:02,062 - INFO - ✅ 步骤3: 点击Forgot password进入忘记密码页 - 完成
2026-05-09 20:49:02,062 - INFO - 🔄 步骤4: 输入邮箱并点击Next进入验证码页
2026-05-09 20:49:14,471 - INFO - ✅ 步骤4: 输入邮箱并点击Next进入验证码页 - 完成，邮箱: haoc51888@gmail.com
2026-05-09 20:49:14,472 - INFO - 🔄 步骤5: Gmail获取最新验证码code
2026-05-09 20:50:56,460 - INFO - ✅ 步骤5: Gmail获取最新验证码code - 完成，code: 985263
2026-05-09 20:50:56,461 - INFO - 🔄 步骤6: 输入正确验证码并断言跳转Set Password
2026-05-09 20:51:26,080 - INFO - 
============================================================
2026-05-09 20:51:26,081 - INFO - ❌ 测试失败
2026-05-09 20:51:26,081 - INFO - 📍 失败步骤: 步骤6: 输入正确验证码并断言跳转Set Password
2026-05-09 20:51:26,082 - INFO - 📝 失败原因: 步骤6: 输入正确验证码并断言跳转Set Password失败
2026-05-09 20:51:26,082 - INFO - ============================================================
2026-05-09 20:51:26,087 - INFO - Traceback (most recent call last):

2026-05-09 20:51:26,088 - INFO -   File "/Users/ambrose.chen/Desktop/iot/project/APP外壳/3功能/1平台/IOS/3忘记密码/102142验证填完正确验证码，直接跳转到设置密码页面.py", line 370, in test_102142
    _assert_on_set_password_page(

2026-05-09 20:51:26,089 - INFO -   File "/Users/ambrose.chen/Desktop/iot/project/APP外壳/3功能/1平台/IOS/3忘记密码/102142验证填完正确验证码，直接跳转到设置密码页面.py", line 258, in _assert_on_set_password_page
    WebDriverWait(driver, timeout_s).until(

2026-05-09 20:51:26,089 - INFO -   File "/Library/Frameworks/Python.framework/Versions/3.11/lib/python3.11/site-packages/selenium/webdriver/support/wait.py", line 138, in until
    raise TimeoutException(message, screen, stacktrace)

2026-05-09 20:51:26,089 - INFO - selenium.common.exceptions.TimeoutException: Message: 
Stacktrace:
NoSuchElementError: An element could not be located on the page using the given search parameters.
    at XCUITestDriver.doNativeFind (/Users/ambrose.chen/.appium/node_modules/appium-xcuitest-driver/lib/commands/find.js:116:11)
    at processTicksAndRejections (node:internal/process/task_queues:103:5)
    at XCUITestDriver.findNativeElementOrElements (/Users/ambrose.chen/.appium/node_modules/appium-xcuitest-driver/lib/commands/find.js:69:10)
    at XCUITestDriver.findElOrEls (/Users/ambrose.chen/.appium/node_modules/appium-xcuitest-driver/lib/commands/find.js:13:12)
    at XCUITestDriver.findElOrElsWithProcessing (/Users/ambrose.chen/.appium/node_modules/appium-xcuitest-driver/node_modules/@appium/base-driver/lib/basedriver/commands/find.ts:60:12)
    at XCUITestDriver.findElement (/Users/ambrose.chen/.appium/node_modules/appium-xcuitest-driver/node_modules/@appium/base-driver/lib/basedriver/commands/find.ts:75:12)

2026-05-09 20:51:26,397 - INFO - 已保存test_102142_failed失败截图: screenshots/test_102142_failed_1778331086.png
2026-05-09 20:51:26,425 - INFO - ✅ 报告已生成: /Users/ambrose.chen/Desktop/iot/project/APP外壳/2测试报告/platform/ios_20260509_204833/ios_20260509_204833_report.xlsx
