2026-05-09 21:52:16,652 - INFO - 🔄 步骤1: 重启APP并处理登录状态
2026-05-09 21:52:37,876 - INFO - ✅ 步骤1: 重启APP并处理登录状态 - 完成
2026-05-09 21:52:37,876 - INFO - 🔄 步骤2: 点击Sign In进入登录页
2026-05-09 21:52:40,787 - INFO - ✅ 步骤2: 点击Sign In进入登录页 - 完成
2026-05-09 21:52:40,788 - INFO - 🔄 步骤3: 点击Forgot password进入忘记密码页
2026-05-09 21:52:43,823 - INFO - ✅ 步骤3: 点击Forgot password进入忘记密码页 - 完成
2026-05-09 21:52:43,824 - INFO - 🔄 步骤4: 输入邮箱并点击Next进入验证码页
2026-05-09 21:52:51,902 - INFO - ✅ 步骤4: 输入邮箱并点击Next进入验证码页 - 完成，邮箱: haoc51888@gmail.com
2026-05-09 21:52:51,903 - INFO - 🔄 步骤5: Gmail获取最新验证码code
2026-05-09 21:54:35,581 - INFO - ✅ 步骤5: Gmail获取最新验证码code - 完成，code: 985263
2026-05-09 21:54:35,583 - INFO - 🔄 步骤6: 输入验证码进入Set Password页
2026-05-09 21:55:05,237 - INFO - Traceback (most recent call last):

2026-05-09 21:55:05,238 - INFO -   File "/Users/ambrose.chen/Desktop/iot/project/APP外壳/3功能/1平台/IOS/3忘记密码/102165验证密码更换失败后，点击知道了.py", line 503, in test_102165
    _assert_on_set_password_page(

2026-05-09 21:55:05,238 - INFO -   File "/Users/ambrose.chen/Desktop/iot/project/APP外壳/3功能/1平台/IOS/3忘记密码/102165验证密码更换失败后，点击知道了.py", line 233, in _assert_on_set_password_page
    WebDriverWait(driver, timeout_s).until(

2026-05-09 21:55:05,238 - INFO -   File "/Library/Frameworks/Python.framework/Versions/3.11/lib/python3.11/site-packages/selenium/webdriver/support/wait.py", line 138, in until
    raise TimeoutException(message, screen, stacktrace)

2026-05-09 21:55:05,238 - INFO - selenium.common.exceptions.TimeoutException: Message: 
Stacktrace:
NoSuchElementError: An element could not be located on the page using the given search parameters.
    at XCUITestDriver.doNativeFind (/Users/ambrose.chen/.appium/node_modules/appium-xcuitest-driver/lib/commands/find.js:116:11)
    at processTicksAndRejections (node:internal/process/task_queues:103:5)
    at XCUITestDriver.findNativeElementOrElements (/Users/ambrose.chen/.appium/node_modules/appium-xcuitest-driver/lib/commands/find.js:69:10)
    at XCUITestDriver.findElOrEls (/Users/ambrose.chen/.appium/node_modules/appium-xcuitest-driver/lib/commands/find.js:13:12)
    at XCUITestDriver.findElOrElsWithProcessing (/Users/ambrose.chen/.appium/node_modules/appium-xcuitest-driver/node_modules/@appium/base-driver/lib/basedriver/commands/find.ts:60:12)
    at XCUITestDriver.findElement (/Users/ambrose.chen/.appium/node_modules/appium-xcuitest-driver/node_modules/@appium/base-driver/lib/basedriver/commands/find.ts:75:12)

2026-05-09 21:55:05,540 - INFO - 已保存test_102165_failed失败截图: screenshots/test_102165_failed_1778334905.png
2026-05-09 21:55:05,561 - INFO - ✅ 报告已生成: /Users/ambrose.chen/Desktop/iot/project/APP外壳/2测试报告/platform/ios_20260509_215214/ios_20260509_215214_report.xlsx
