2026-05-07 21:57:51,219 - INFO - 🔄 步骤0: 登出，确保从登出状态开始测试
2026-05-07 21:57:51,220 - INFO - 开始登出流程...
2026-05-07 21:57:51,489 - INFO - 检测到home sel元素
2026-05-07 21:58:02,878 - INFO - ✅ 点击mine按钮: //XCUIElementTypeButton[@name="mine"]
2026-05-07 21:58:05,078 - INFO - ✅ 点击CommonEdit编辑按钮: //XCUIElementTypeButton[@name="CommonEdit"]
2026-05-07 21:58:07,260 - INFO - ✅ 点击Log Out: //XCUIElementTypeButton[@name="Log Out"]
2026-05-07 21:58:09,467 - INFO - ✅ 点击Confirm: //XCUIElementTypeButton[@name="Confirm"]
2026-05-07 21:58:10,971 - INFO - 登出操作完成
2026-05-07 21:58:11,317 - INFO - ✅ 成功回到登录页面
2026-05-07 21:58:11,317 - INFO - ✅ 步骤0: 登出，确保从登出状态开始测试 - 完成
2026-05-07 21:58:13,322 - INFO - 🔄 步骤1: 验证在APP首页（登录页面）
2026-05-07 21:58:13,491 - INFO - ✅ 步骤1: 验证在APP首页（登录页面） - 完成，确认在APP首页（登录页面）
2026-05-07 21:58:15,502 - INFO - 🔄 步骤2: 点击Sign Up按钮进入注册页面
2026-05-07 21:58:16,464 - INFO - ✅ 步骤2: 点击Sign Up按钮进入注册页面 - 完成
2026-05-07 21:58:19,466 - INFO - 🔄 步骤3: 验证进入Sign Up页面
2026-05-07 21:58:19,704 - INFO - ✅ 步骤3: 验证进入Sign Up页面 - 完成，确认已进入Sign Up注册页面
2026-05-07 21:58:21,714 - INFO - 🔄 步骤4: 输入邮箱
2026-05-07 21:58:21,717 - INFO - 📧 生成简单邮箱地址: testuser110@163.com
2026-05-07 21:58:23,629 - INFO - ✅ 步骤4: 输入邮箱 - 完成，邮箱: testuser110@163.com
2026-05-07 21:58:25,639 - INFO - 🔄 步骤5: 勾选隐私政策和用户协议
2026-05-07 21:58:31,593 - INFO - ✅ 隐私政策复选框已勾选
2026-05-07 21:58:33,101 - INFO - 🔄 步骤5.1: 收起键盘（Done）
2026-05-07 21:58:34,379 - INFO - ✅ 已点击Done收起键盘
2026-05-07 21:58:35,380 - INFO - 🔄 步骤6: 点击Next进入set password页面
2026-05-07 21:58:36,091 - INFO - ✅ 步骤6: 点击Next进入set password页面 - 完成，已点击Next按钮
2026-05-07 21:58:39,099 - INFO - 🔄 步骤7: 验证进入set password页面
2026-05-07 21:58:39,388 - INFO - ✅ 成功进入set password页面
2026-05-07 21:58:40,897 - INFO - 🔄 步骤8: 输入20位密码并确认
2026-05-07 21:58:42,959 - INFO - ✅ 已输入密码: Csx1234567Csx1234567
2026-05-07 21:58:45,118 - INFO - ✅ 已输入确认密码: Csx1234567Csx1234567
2026-05-07 21:58:47,368 - INFO - ✅ 密码页已点击Done收起键盘
2026-05-07 21:58:48,378 - INFO - 🔄 步骤9: 点击Next进入用户名页面
2026-05-07 21:58:49,347 - INFO - ✅ 已点击密码页Next按钮
2026-05-07 21:58:52,356 - INFO - 🔄 步骤10: 用户名页面点击Skip并验证主页面
2026-05-07 21:59:04,886 - INFO - ✅ 找到Skip元素: //XCUIElementTypeButton[@name="Skip"]
2026-05-07 21:59:05,317 - INFO - ✅ 已点击Skip跳过用户名
2026-05-07 21:59:08,548 - INFO - ✅ 主页面标识元素存在: //XCUIElementTypeButton[@name="home sel"]
2026-05-07 21:59:09,554 - INFO - 🎉 测试用例102227执行成功！
2026-05-07 21:59:09,554 - INFO - ✅ 密码等于20位时可继续，提交后成功进入主页面（mine元素）
2026-05-07 21:59:11,587 - INFO - ✅ 报告已生成: /Users/ambrose.chen/Desktop/iot/project/APP外壳/2测试报告/platform/ios_20260507_215749/ios_20260507_215749_report.xlsx
