2026-05-07 21:52:27,342 - INFO - 🔄 步骤0: 登出，确保从登出状态开始测试
2026-05-07 21:52:27,342 - INFO - 开始登出流程...
2026-05-07 21:52:58,239 - INFO - 未检测到home sel/mine sel/mine，跳过登出流程
2026-05-07 21:52:58,240 - INFO - ✅ 步骤0: 登出，确保从登出状态开始测试 - 完成
2026-05-07 21:53:00,243 - INFO - 🔄 步骤1: 验证在APP首页（登录页面）
2026-05-07 21:53:00,398 - INFO - ✅ 步骤1: 验证在APP首页（登录页面） - 完成，确认在APP首页（登录页面）
2026-05-07 21:53:02,405 - INFO - 🔄 步骤2: 点击Sign Up按钮进入注册页面
2026-05-07 21:53:03,374 - INFO - ✅ 步骤2: 点击Sign Up按钮进入注册页面 - 完成
2026-05-07 21:53:06,376 - INFO - 🔄 步骤3: 验证进入Sign Up页面
2026-05-07 21:53:06,610 - INFO - ✅ 步骤3: 验证进入Sign Up页面 - 完成，确认已进入Sign Up注册页面
2026-05-07 21:53:08,619 - INFO - 🔄 步骤4: 输入邮箱
2026-05-07 21:53:08,621 - INFO - 📧 生成简单邮箱地址: testuser106@163.com
2026-05-07 21:53:10,529 - INFO - ✅ 步骤4: 输入邮箱 - 完成，邮箱: testuser106@163.com
2026-05-07 21:53:12,533 - INFO - 🔄 步骤5: 勾选隐私政策和用户协议
2026-05-07 21:53:18,489 - INFO - ✅ 隐私政策复选框已勾选
2026-05-07 21:53:19,995 - INFO - 🔄 步骤5.1: 收起键盘（Done）
2026-05-07 21:53:21,280 - INFO - ✅ 已点击Done收起键盘
2026-05-07 21:53:22,290 - INFO - 🔄 步骤6: 点击Next进入set password页面
2026-05-07 21:53:22,986 - INFO - ✅ 步骤6: 点击Next进入set password页面 - 完成，已点击Next按钮
2026-05-07 21:53:25,997 - INFO - 🔄 步骤7: 验证进入set password页面
2026-05-07 21:53:26,287 - INFO - ✅ 成功进入set password页面
2026-05-07 21:53:27,789 - INFO - 🔄 步骤8: 输入密码并验证规则提示为灰色
2026-05-07 21:53:29,463 - INFO - ✅ 已输入密码: Csx150128
2026-05-07 21:53:31,547 - INFO - 📝 规则提示 //XCUIElementTypeStaticText[@name="• 6-20 characters"] 显示，但系统未返回可用颜色属性，按默认灰色样式通过
2026-05-07 21:53:32,103 - INFO - 📝 规则提示 //XCUIElementTypeStaticText[@name="• contains letters"] 显示，但系统未返回可用颜色属性，按默认灰色样式通过
2026-05-07 21:53:32,641 - INFO - 📝 规则提示 //XCUIElementTypeStaticText[@name="• contains numbers"] 显示，但系统未返回可用颜色属性，按默认灰色样式通过
2026-05-07 21:53:33,178 - INFO - 📝 规则提示 //XCUIElementTypeStaticText[@name="• Supports special characters:! @ # $ % ^ & * ( ) - _ = + \ | [ ] { } ; : / ? . , ~ > < `"] 显示，但系统未返回可用颜色属性，按默认灰色样式通过
2026-05-07 21:53:33,179 - INFO - ✅ 所有规则提示显示且默认为灰色（UI默认样式）
2026-05-07 21:53:34,686 - INFO - 🎉 测试用例102223执行成功！
2026-05-07 21:53:34,687 - INFO - ✅ 设置密码页面规则提示默认为灰色，输入 Csx150128 后规则提示可见
2026-05-07 21:53:36,724 - INFO - ✅ 报告已生成: /Users/ambrose.chen/Desktop/iot/project/APP外壳/2测试报告/platform/ios_20260507_215225/ios_20260507_215225_report.xlsx
