2026-05-11 18:28:56,000 - INFO - 🔄 步骤1: 重启APP
2026-05-11 18:28:59,376 - INFO - ✅ 步骤1: 重启APP - 完成
2026-05-11 18:28:59,376 - INFO - 🔄 步骤2: 检测是否已登录（如已登录先登出）
2026-05-11 18:29:09,472 - INFO - ✅ 步骤2: 检测是否已登录（如已登录先登出） - 完成
2026-05-11 18:29:09,472 - INFO - 🔄 步骤3: 点击 Sign In 进入登录页
2026-05-11 18:29:11,389 - INFO - ✅ 步骤3: 点击 Sign In 进入登录页 - 完成
2026-05-11 18:29:11,390 - INFO - 🔄 步骤4: 关闭手机网络（wifi+data）
2026-05-11 18:29:11,423 - INFO - Traceback (most recent call last):

2026-05-11 18:29:11,423 - INFO -   File "/Users/ambrose.chen/Desktop/iot/project/APP外壳/3功能/1平台/Android/1登录/200020验证手机网络关闭时，APP用户登录.py", line 256, in test_200020
    _set_network_enabled(driver, False)

2026-05-11 18:29:11,424 - INFO -   File "/Users/ambrose.chen/Desktop/iot/project/APP外壳/3功能/1平台/Android/1登录/200020验证手机网络关闭时，APP用户登录.py", line 209, in _set_network_enabled
    _shell(driver, "svc wifi disable")

2026-05-11 18:29:11,424 - INFO -   File "/Users/ambrose.chen/Desktop/iot/project/APP外壳/3功能/1平台/Android/1登录/200020验证手机网络关闭时，APP用户登录.py", line 200, in _shell
    return driver.execute_script("mobile: shell", {"command": command, "args": args})
           ^^^^^^^^^^^^^^^^^^^^^^^^^^^^^^^^^^^^^^^^^^^^^^^^^^^^^^^^^^^^^^^^^^^^^^^^^^

2026-05-11 18:29:11,424 - INFO -   File "/Library/Frameworks/Python.framework/Versions/3.11/lib/python3.11/site-packages/selenium/webdriver/remote/webdriver.py", line 555, in execute_script
    return self.execute(command, {"script": script, "args": converted_args})["value"]
           ^^^^^^^^^^^^^^^^^^^^^^^^^^^^^^^^^^^^^^^^^^^^^^^^^^^^^^^^^^^^^^^^^

2026-05-11 18:29:11,424 - INFO -   File "/Library/Frameworks/Python.framework/Versions/3.11/lib/python3.11/site-packages/selenium/webdriver/remote/webdriver.py", line 458, in execute
    self.error_handler.check_response(response)

2026-05-11 18:29:11,424 - INFO -   File "/Library/Frameworks/Python.framework/Versions/3.11/lib/python3.11/site-packages/appium/webdriver/errorhandler.py", line 125, in check_response
    raise exception_class(msg=message, stacktrace=format_stacktrace(stacktrace))

2026-05-11 18:29:11,424 - INFO - selenium.common.exceptions.WebDriverException: Message: Potentially insecure feature 'adb_shell' has not been enabled. If you want to enable this feature and accept the security ramifications, please do so by following the documented instructions at http://appium.io/docs/en/latest/guides/security/
Stacktrace:
UnknownError: Potentially insecure feature 'adb_shell' has not been enabled. If you want to enable this feature and accept the security ramifications, please do so by following the documented instructions at http://appium.io/docs/en/latest/guides/security/
    at getResponseForW3CError (/Users/ambrose.chen/.nvm/versions/node/v24.11.1/lib/node_modules/appium/node_modules/@appium/base-driver/lib/protocol/errors.ts:1103:34)
    at asyncHandler (/Users/ambrose.chen/.nvm/versions/node/v24.11.1/lib/node_modules/appium/node_modules/@appium/base-driver/lib/protocol/protocol.ts:507:57)
The above error is caused by
Error: Potentially insecure feature 'adb_shell' has not been enabled. If you want to enable this feature and accept the security ramifications, please do so by following the documented instructions at http://appium.io/docs/en/latest/guides/security/
    at AndroidUiautomator2Driver.assertFeatureEnabled (/Users/ambrose.chen/.appium/node_modules/appium-uiautomator2-driver/node_modules/@appium/base-driver/lib/basedriver/core.ts:306:13)
    at AndroidUiautomator2Driver.mobileShell (/Users/ambrose.chen/.appium/node_modules/appium-uiautomator2-driver/node_modules/appium-android-driver/lib/commands/shell.ts:13:8)
    at AndroidUiautomator2Driver.executeMethod (/Users/ambrose.chen/.appium/node_modules/appium-uiautomator2-driver/node_modules/@appium/base-driver/lib/basedriver/commands/execute.ts:61:26)
    at AndroidUiautomator2Driver.execute (/Users/ambrose.chen/.appium/node_modules/appium-uiautomator2-driver/node_modules/appium-android-driver/lib/commands/execute.js:17:23)
    at runCommandPromise (/Users/ambrose.chen/.appium/node_modules/appium-uiautomator2-driver/node_modules/@appium/base-driver/lib/basedriver/driver.ts:116:20)
    at /Users/ambrose.chen/.appium/node_modules/appium-uiautomator2-driver/node_modules/async-lock/lib/index.js:171:12
    at AsyncLock._promiseTry (/Users/ambrose.chen/.appium/node_modules/appium-uiautomator2-driver/node_modules/async-lock/lib/index.js:306:31)
    at exec (/Users/ambrose.chen/.appium/node_modules/appium-uiautomator2-driver/node_modules/async-lock/lib/index.js:170:9)
    at AsyncLock.acquire (/Users/ambrose.chen/.appium/node_modules/appium-uiautomator2-driver/node_modules/async-lock/lib/index.js:189:3)
    at AndroidUiautomator2Driver.executeCommand (/Users/ambrose.chen/.appium/node_modules/appium-uiautomator2-driver/node_modules/@appium/base-driver/lib/basedriver/driver.ts:160:39)
    at processTicksAndRejections (node:internal/process/task_queues:103:5)
    at defaultBehavior (/Users/ambrose.chen/.nvm/versions/node/v24.11.1/lib/node_modules/appium/lib/appium.js:730:14)
    at AppiumDriver.executeWrappedCommand (/Users/ambrose.chen/.nvm/versions/node/v24.11.1/lib/node_modules/appium/lib/appium.js:843:16)
    at AppiumDriver.executeCommand (/Users/ambrose.chen/.nvm/versions/node/v24.11.1/lib/node_modules/appium/lib/appium.js:742:17)
    at asyncHandler (/Users/ambrose.chen/.nvm/versions/node/v24.11.1/lib/node_modules/appium/node_modules/@appium/base-driver/lib/protocol/protocol.ts:409:19)

2026-05-11 18:29:11,975 - INFO - 已保存test_200020_failed失败截图: screenshots/test_200020_failed_1778495351.png
2026-05-11 18:29:11,998 - INFO - ✅ 报告已生成: /Users/ambrose.chen/Desktop/iot/project/APP外壳/2测试报告/platform/android_20260511_182852/android_20260511_182852_report.xlsx
