2026-05-11 10:08:42,509 - INFO - 🔄 步骤1: 重启APP并处理登录状态
2026-05-11 10:09:03,787 - INFO - ✅ 步骤1: 重启APP并处理登录状态 - 完成
2026-05-11 10:09:03,788 - INFO - 🔄 步骤2: 点击Sign In进入登录页
2026-05-11 10:09:06,735 - INFO - ✅ 步骤2: 点击Sign In进入登录页 - 完成
2026-05-11 10:09:06,736 - INFO - 🔄 步骤3: 点击Forgot password进入忘记密码页
2026-05-11 10:09:09,780 - INFO - ✅ 步骤3: 点击Forgot password进入忘记密码页 - 完成
2026-05-11 10:09:09,781 - INFO - 🔄 步骤4: 输入邮箱并点击Next进入验证码页(第一次)
2026-05-11 10:09:17,829 - INFO - ✅ 步骤4: 输入邮箱并点击Next进入验证码页(第一次) - 完成，邮箱: haoc51888@gmail.com
2026-05-11 10:09:17,830 - INFO - 🔄 步骤5: 点击左上返回(nav back)返回忘记密码页
2026-05-11 10:09:25,181 - INFO - ✅ 步骤5: 点击左上返回(nav back)返回忘记密码页 - 完成
2026-05-11 10:09:25,182 - INFO - 🔄 步骤6: 在忘记密码页停留60s
2026-05-11 10:10:25,192 - INFO - ✅ 步骤6: 在忘记密码页停留60s - 完成
2026-05-11 10:10:25,195 - INFO - 🔄 步骤7: 打开Gmail获取第一次验证码code1
2026-05-11 10:12:07,082 - INFO - ✅ 步骤7: 打开Gmail获取第一次验证码code1 - 完成，code1: 985843
2026-05-11 10:12:07,083 - INFO - 🔄 步骤8: 再次点击Next进入验证码页(第二次)
2026-05-11 10:12:10,718 - INFO - ✅ 步骤8: 再次点击Next进入验证码页(第二次) - 完成
2026-05-11 10:12:10,719 - INFO - 🔄 步骤9: 断言Resend倒计时重置(接近60s重新开始)
2026-05-11 10:12:11,480 - INFO - ✅ 步骤9: 断言Resend倒计时重置(接近60s重新开始) - 完成，当前倒计时约: 58s
2026-05-11 10:12:11,480 - INFO - 🔄 步骤10: 再次打开Gmail获取第二次验证码code2并断言与code1不同
2026-05-11 10:13:55,442 - INFO - ✅ 步骤10: 再次打开Gmail获取第二次验证码code2并断言与code1不同 - 完成，code2: 645060（与code1不同）
2026-05-11 10:13:55,444 - INFO - 🎉 测试用例102141执行成功！
2026-05-11 10:13:55,469 - INFO - ✅ 报告已生成: /Users/ambrose.chen/Desktop/iot/project/APP外壳/2测试报告/platform/ios_20260511_100840/ios_20260511_100840_report.xlsx
