2026-05-07 22:00:23,210 - INFO - 🔄 步骤0: 登出，确保从登出状态开始测试
2026-05-07 22:00:23,211 - INFO - 开始登出流程...
2026-05-07 22:00:54,119 - INFO - 未检测到home sel/mine sel/mine，跳过登出流程
2026-05-07 22:00:54,119 - INFO - ✅ 步骤0: 登出，确保从登出状态开始测试 - 完成
2026-05-07 22:00:56,128 - INFO - 🔄 步骤1: 验证在APP首页（登录页面）
2026-05-07 22:00:56,283 - INFO - ✅ 步骤1: 验证在APP首页（登录页面） - 完成，确认在APP首页（登录页面）
2026-05-07 22:00:58,292 - INFO - 🔄 步骤2: 点击Sign Up按钮进入注册页面
2026-05-07 22:00:59,255 - INFO - ✅ 步骤2: 点击Sign Up按钮进入注册页面 - 完成
2026-05-07 22:01:02,264 - INFO - 🔄 步骤3: 验证进入Sign Up页面
2026-05-07 22:01:02,497 - INFO - ✅ 步骤3: 验证进入Sign Up页面 - 完成，确认已进入Sign Up注册页面
2026-05-07 22:01:04,498 - INFO - 🔄 步骤4: 输入邮箱
2026-05-07 22:01:04,502 - INFO - 📧 生成简单邮箱地址: testuser112@163.com
2026-05-07 22:01:06,400 - INFO - ✅ 步骤4: 输入邮箱 - 完成，邮箱: testuser112@163.com
2026-05-07 22:01:08,406 - INFO - 🔄 步骤5: 勾选隐私政策和用户协议
2026-05-07 22:01:14,398 - INFO - ✅ 隐私政策复选框已勾选
2026-05-07 22:01:15,903 - INFO - 🔄 步骤5.1: 收起键盘（Done）
2026-05-07 22:01:17,193 - INFO - ✅ 已点击Done收起键盘
2026-05-07 22:01:18,198 - INFO - 🔄 步骤6: 点击Next进入set password页面
2026-05-07 22:01:18,925 - INFO - ✅ 步骤6: 点击Next进入set password页面 - 完成，已点击Next按钮
2026-05-07 22:01:21,935 - INFO - 🔄 步骤7: 验证进入set password页面
2026-05-07 22:01:22,236 - INFO - ✅ 成功进入set password页面
2026-05-07 22:01:23,746 - INFO - 🔄 步骤8: 输入纯小写密码并验证规则颜色
2026-05-07 22:01:25,497 - INFO - ✅ 已输入密码: xingmai
2026-05-07 22:01:27,347 - INFO - ✅ 已输入确认密码: xingmai
2026-05-07 22:01:28,763 - INFO - 📝 规则提示: • 6-20 characters 颜色: None
2026-05-07 22:01:29,167 - INFO - 📝 规则提示: • contains letters 颜色: None
2026-05-07 22:01:29,569 - INFO - 📝 规则提示: • contains numbers 颜色: None
2026-05-07 22:01:29,985 - INFO - 📝 规则提示: • Supports special characters:! @ # $ % ^ & * ( ) - _ = + \ | [ ] { } ; : / ? . , ~ > < ` 颜色: None
2026-05-07 22:01:31,209 - INFO - ✅ 密码页已点击Done收起键盘
2026-05-07 22:01:32,212 - INFO - 🔄 步骤9: 点击Next验证仍停留在set password页面
2026-05-07 22:01:32,798 - INFO - ✅ 已尝试点击密码页Next按钮（应无跳转）
2026-05-07 22:01:35,115 - INFO - ✅ 点击后仍停留在set password页面，Next按钮不可使页面跳转
2026-05-07 22:01:36,121 - INFO - 🎉 测试用例102229执行成功！
2026-05-07 22:01:36,121 - INFO - ✅ 纯小写密码规则提示符合预期，Next不可跳转
2026-05-07 22:01:38,159 - INFO - ✅ 报告已生成: /Users/ambrose.chen/Desktop/iot/project/APP外壳/2测试报告/platform/ios_20260507_220021/ios_20260507_220021_report.xlsx
