2026-05-07 22:11:09,924 - INFO - 🔄 步骤0: 登出，确保从登出状态开始测试
2026-05-07 22:11:09,924 - INFO - 开始登出流程...
2026-05-07 22:11:40,834 - INFO - 未检测到home sel/mine sel/mine，跳过登出流程
2026-05-07 22:11:40,835 - INFO - ✅ 步骤0: 登出，确保从登出状态开始测试 - 完成
2026-05-07 22:11:42,843 - INFO - 🔄 步骤1: 验证在APP首页（登录页面）
2026-05-07 22:11:43,006 - INFO - ✅ 步骤1: 验证在APP首页（登录页面） - 完成，确认在APP首页（登录页面）
2026-05-07 22:11:45,009 - INFO - 🔄 步骤2: 点击Sign Up按钮进入注册页面
2026-05-07 22:11:45,964 - INFO - ✅ 步骤2: 点击Sign Up按钮进入注册页面 - 完成
2026-05-07 22:11:48,968 - INFO - 🔄 步骤3: 验证进入Sign Up页面
2026-05-07 22:11:49,196 - INFO - ✅ 步骤3: 验证进入Sign Up页面 - 完成，确认已进入Sign Up注册页面
2026-05-07 22:11:51,202 - INFO - 🔄 步骤4: 输入邮箱
2026-05-07 22:11:51,206 - INFO - 📧 生成简单邮箱地址: testuser120@163.com
2026-05-07 22:11:53,129 - INFO - ✅ 步骤4: 输入邮箱 - 完成，邮箱: testuser120@163.com
2026-05-07 22:11:55,136 - INFO - 🔄 步骤5: 勾选隐私政策和用户协议
2026-05-07 22:12:01,123 - INFO - ✅ 隐私政策复选框已勾选
2026-05-07 22:12:02,633 - INFO - 🔄 步骤5.1: 收起键盘（Done）
2026-05-07 22:12:03,897 - INFO - ✅ 已点击Done收起键盘
2026-05-07 22:12:04,903 - INFO - 🔄 步骤6: 点击Next进入set password页面
2026-05-07 22:12:05,610 - INFO - ✅ 步骤6: 点击Next进入set password页面 - 完成，已点击Next按钮
2026-05-07 22:12:08,620 - INFO - 🔄 步骤7: 验证进入set password页面
2026-05-07 22:12:08,926 - INFO - ✅ 成功进入set password页面
2026-05-07 22:12:10,434 - INFO - 🔄 步骤8: 输入小写+特殊字符密码并验证规则颜色
2026-05-07 22:12:12,315 - INFO - ✅ 已输入密码: !@#&xingmai
2026-05-07 22:12:14,306 - INFO - ✅ 已输入确认密码: !@#&xingmai
2026-05-07 22:12:15,731 - INFO - 📝 规则提示: • 6-20 characters 颜色: None
2026-05-07 22:12:16,132 - INFO - 📝 规则提示: • contains letters 颜色: None
2026-05-07 22:12:16,550 - INFO - 📝 规则提示: • contains numbers 颜色: None
2026-05-07 22:12:16,961 - INFO - 📝 规则提示: • Supports special characters:! @ # $ % ^ & * ( ) - _ = + \ | [ ] { } ; : / ? . , ~ > < ` 颜色: None
2026-05-07 22:12:18,181 - INFO - ✅ 密码页已点击Done收起键盘
2026-05-07 22:12:19,187 - INFO - 🔄 步骤9: 点击Next验证仍停留在set password页面
2026-05-07 22:12:19,765 - INFO - ✅ 已尝试点击密码页Next按钮（应无跳转）
2026-05-07 22:12:22,065 - INFO - ✅ 点击后仍停留在set password页面，Next按钮不可使页面跳转
2026-05-07 22:12:23,075 - INFO - 🎉 测试用例102237执行成功！
2026-05-07 22:12:23,075 - INFO - ✅ 小写+特殊字符密码规则提示符合预期，Next不可跳转
2026-05-07 22:12:25,110 - INFO - ✅ 报告已生成: /Users/ambrose.chen/Desktop/iot/project/APP外壳/2测试报告/platform/ios_20260507_221108/ios_20260507_221108_report.xlsx
