2026-05-08 15:16:45,008 - INFO - 🔄 步骤0: 登出，确保从登出状态开始测试
2026-05-08 15:16:45,009 - INFO - 开始登出流程...
2026-05-08 15:17:15,893 - INFO - 未检测到home sel/mine sel/mine，跳过登出流程
2026-05-08 15:17:15,895 - INFO - ✅ 步骤0: 登出，确保从登出状态开始测试 - 完成
2026-05-08 15:17:17,898 - INFO - 🔄 步骤1: 验证在APP首页（登录页面）
2026-05-08 15:17:18,057 - INFO - ✅ 步骤1: 验证在APP首页（登录页面） - 完成，确认在APP首页（登录页面）
2026-05-08 15:17:20,060 - INFO - 🔄 步骤2: 点击Sign Up按钮进入注册页面
2026-05-08 15:17:21,031 - INFO - ✅ 步骤2: 点击Sign Up按钮进入注册页面 - 完成
2026-05-08 15:17:24,035 - INFO - 🔄 步骤3: 验证进入Sign Up页面
2026-05-08 15:17:24,264 - INFO - ✅ 步骤3: 验证进入Sign Up页面 - 完成，确认已进入Sign Up注册页面
2026-05-08 15:17:26,266 - INFO - 🔄 步骤4: 输入邮箱（value="Email"）
2026-05-08 15:17:26,270 - INFO - 📧 生成简单邮箱地址: testuser143@163.com
2026-05-08 15:17:28,147 - INFO - ✅ 步骤4: 输入邮箱（value="Email"） - 完成，邮箱: testuser143@163.com
2026-05-08 15:17:30,149 - INFO - 🔄 步骤5: 点击Done按钮收起键盘
2026-05-08 15:17:31,420 - INFO - ✅ 步骤5: 点击Done按钮收起键盘 - 完成
2026-05-08 15:17:33,424 - INFO - 🔄 步骤6: 勾选隐私政策和用户协议
2026-05-08 15:17:44,778 - INFO - ❌ 步骤6: 勾选隐私政策和用户协议失败: Message: 
Stacktrace:
NoSuchElementError: An element could not be located on the page using the given search parameters.
    at XCUITestDriver.doNativeFind (/Users/ambrose.chen/.appium/node_modules/appium-xcuitest-driver/lib/commands/find.js:116:11)
    at processTicksAndRejections (node:internal/process/task_queues:103:5)
    at XCUITestDriver.findNativeElementOrElements (/Users/ambrose.chen/.appium/node_modules/appium-xcuitest-driver/lib/commands/find.js:69:10)
    at XCUITestDriver.findElOrEls (/Users/ambrose.chen/.appium/node_modules/appium-xcuitest-driver/lib/commands/find.js:13:12)
    at XCUITestDriver.findElOrElsWithProcessing (/Users/ambrose.chen/.appium/node_modules/appium-xcuitest-driver/node_modules/@appium/base-driver/lib/basedriver/commands/find.ts:60:12)
    at XCUITestDriver.findElement (/Users/ambrose.chen/.appium/node_modules/appium-xcuitest-driver/node_modules/@appium/base-driver/lib/basedriver/commands/find.ts:75:12)
2026-05-08 15:17:44,780 - INFO - 
============================================================
2026-05-08 15:17:44,780 - INFO - ❌ 测试失败
2026-05-08 15:17:44,780 - INFO - 📍 失败步骤: 步骤6: 勾选隐私政策和用户协议
2026-05-08 15:17:44,780 - INFO - 📝 失败原因: 步骤6: 勾选隐私政策和用户协议失败: Message: 
Stacktrace:
NoSuchElementError: An element could not be located on the page using the given search parameters.
    at XCUITestDriver.doNativeFind (/Users/ambrose.chen/.appium/node_modules/appium-xcuitest-driver/lib/commands/find.js:116:11)
    at processTicksAndRejections (node:internal/process/task_queues:103:5)
    at XCUITestDriver.findNativeElementOrElements (/Users/ambrose.chen/.appium/node_modules/appium-xcuitest-driver/lib/commands/find.js:69:10)
    at XCUITestDriver.findElOrEls (/Users/ambrose.chen/.appium/node_modules/appium-xcuitest-driver/lib/commands/find.js:13:12)
    at XCUITestDriver.findElOrElsWithProcessing (/Users/ambrose.chen/.appium/node_modules/appium-xcuitest-driver/node_modules/@appium/base-driver/lib/basedriver/commands/find.ts:60:12)
    at XCUITestDriver.findElement (/Users/ambrose.chen/.appium/node_modules/appium-xcuitest-driver/node_modules/@appium/base-driver/lib/basedriver/commands/find.ts:75:12)
2026-05-08 15:17:44,780 - INFO - ============================================================
2026-05-08 15:17:44,783 - INFO - Traceback (most recent call last):

2026-05-08 15:17:44,784 - INFO -   File "/Users/ambrose.chen/Desktop/iot/project/APP外壳/3功能/1平台/IOS/2注册/102199 验证"隐私政策、用户协议"取消勾选.py", line 216, in test_102199
    WebDriverWait(driver, 8).until(

2026-05-08 15:17:44,784 - INFO -   File "/Library/Frameworks/Python.framework/Versions/3.11/lib/python3.11/site-packages/selenium/webdriver/support/wait.py", line 138, in until
    raise TimeoutException(message, screen, stacktrace)

2026-05-08 15:17:44,784 - INFO - selenium.common.exceptions.TimeoutException: Message: 
Stacktrace:
NoSuchElementError: An element could not be located on the page using the given search parameters.
    at XCUITestDriver.doNativeFind (/Users/ambrose.chen/.appium/node_modules/appium-xcuitest-driver/lib/commands/find.js:116:11)
    at processTicksAndRejections (node:internal/process/task_queues:103:5)
    at XCUITestDriver.findNativeElementOrElements (/Users/ambrose.chen/.appium/node_modules/appium-xcuitest-driver/lib/commands/find.js:69:10)
    at XCUITestDriver.findElOrEls (/Users/ambrose.chen/.appium/node_modules/appium-xcuitest-driver/lib/commands/find.js:13:12)
    at XCUITestDriver.findElOrElsWithProcessing (/Users/ambrose.chen/.appium/node_modules/appium-xcuitest-driver/node_modules/@appium/base-driver/lib/basedriver/commands/find.ts:60:12)
    at XCUITestDriver.findElement (/Users/ambrose.chen/.appium/node_modules/appium-xcuitest-driver/node_modules/@appium/base-driver/lib/basedriver/commands/find.ts:75:12)

2026-05-08 15:17:45,075 - INFO - 已保存test_102199_failed失败截图: screenshots/test_102199_failed_1778224664.png
2026-05-08 15:17:45,095 - INFO - ✅ 报告已生成: /Users/ambrose.chen/Desktop/iot/project/APP外壳/2测试报告/platform/ios_20260508_151643/ios_20260508_151643_report.xlsx
