2026-05-08 21:10:37,445 - INFO - 🔄 步骤0: 登出，确保从登出状态开始测试
2026-05-08 21:10:37,446 - INFO - 开始登出流程...
2026-05-08 21:11:08,343 - INFO - 未检测到home sel/mine sel/mine，跳过登出流程
2026-05-08 21:11:08,344 - INFO - ✅ 步骤0: 登出，确保从登出状态开始测试 - 完成
2026-05-08 21:11:10,345 - INFO - 🔄 步骤1: 验证在APP首页（登录页面）
2026-05-08 21:11:10,497 - INFO - ✅ 步骤1: 验证在APP首页（登录页面） - 完成，确认在APP首页（登录页面）
2026-05-08 21:11:12,506 - INFO - 🔄 步骤2: 点击Sign Up按钮进入注册页面
2026-05-08 21:11:13,465 - INFO - ✅ 步骤2: 点击Sign Up按钮进入注册页面 - 完成
2026-05-08 21:11:16,475 - INFO - 🔄 步骤3: 验证进入Sign Up页面
2026-05-08 21:11:16,705 - INFO - ✅ 步骤3: 验证进入Sign Up页面 - 完成，确认已进入Sign Up注册页面
2026-05-08 21:11:18,714 - INFO - 🔄 步骤4: 输入邮箱
2026-05-08 21:11:18,718 - INFO - 📧 生成简单邮箱地址: testuser165@163.com
2026-05-08 21:11:20,712 - INFO - ✅ 步骤4: 输入邮箱 - 完成，邮箱: testuser165@163.com
2026-05-08 21:11:22,719 - INFO - 🔄 步骤5: 勾选隐私政策和用户协议
2026-05-08 21:11:28,835 - INFO - ✅ 隐私政策复选框已勾选
2026-05-08 21:11:30,347 - INFO - 🔄 步骤5.1: 收起键盘（Done）
2026-05-08 21:11:31,606 - INFO - ✅ 已点击Done收起键盘
2026-05-08 21:11:32,613 - INFO - 🔄 步骤6: 点击Next进入set password页面
2026-05-08 21:11:33,428 - INFO - ✅ 步骤6: 点击Next进入set password页面 - 完成，已点击Next按钮
2026-05-08 21:11:36,439 - INFO - 🔄 步骤7: 验证进入set password页面
2026-05-08 21:11:36,728 - INFO - ✅ 成功进入set password页面
2026-05-08 21:11:38,230 - INFO - 🔄 步骤8: 输入6位密码并确认
2026-05-08 21:11:40,059 - INFO - ✅ 已输入密码: Csx150
2026-05-08 21:11:41,926 - INFO - ✅ 已输入确认密码: Csx150
2026-05-08 21:11:44,270 - INFO - ✅ 密码页已点击Done收起键盘
2026-05-08 21:11:45,275 - INFO - 🔄 步骤9: 点击Next进入用户名页面
2026-05-08 21:11:46,233 - INFO - ✅ 已点击密码页Next按钮
2026-05-08 21:11:49,239 - INFO - 🔄 步骤10: 用户名页面点击Skip并验证跳转主页面
2026-05-08 21:12:01,903 - INFO - ✅ 找到Skip元素: //XCUIElementTypeButton[@name="Skip"]
2026-05-08 21:12:02,316 - INFO - ✅ 已点击Skip跳过用户名
2026-05-08 21:12:05,550 - INFO - ✅ 主页面标识元素存在: //XCUIElementTypeButton[@name="home sel"]
2026-05-08 21:12:06,551 - INFO - 🎉 测试用例102226执行成功！
2026-05-08 21:12:06,551 - INFO - ✅ 密码等于6位时可继续，提交后成功进入主页面
2026-05-08 21:12:08,580 - INFO - ✅ 报告已生成: /Users/ambrose.chen/Desktop/iot/project/APP外壳/2测试报告/platform/ios_20260508_211035/ios_20260508_211035_report.xlsx
