2026-05-20 11:53:41,627 - INFO - 🔄 步骤1: 重启APP
2026-05-20 11:53:46,530 - INFO - ✅ 步骤1: 重启APP - 完成
2026-05-20 11:53:46,531 - INFO - 🔄 步骤2: 检测登录状态并确保在登录/注册入口页
2026-05-20 11:53:46,847 - INFO -     [登出] 开始登出流程...
2026-05-20 11:53:46,848 - INFO -     [登出] 步骤1: 检查页面是否有 More 按钮
2026-05-20 11:53:46,909 - INFO -     [登出] ✅ 检测到 More 按钮: //android.view.View[@content-desc="More"]
2026-05-20 11:53:46,909 - INFO -     [登出] 步骤2: 点击 More 按钮，进入 more 页面
2026-05-20 11:53:46,956 - INFO -     [登出] ✅ 已点击 More 按钮 (使用: //android.view.View[@content-desc="More"])
2026-05-20 11:53:48,960 - INFO -     [登出] 步骤3: 点击 edit 按钮
2026-05-20 11:53:49,106 - INFO -     [登出] ✅ 已点击 edit 按钮
2026-05-20 11:53:51,110 - INFO -     [登出] 步骤4: 点击 Log Out 按钮
2026-05-20 11:53:51,253 - INFO -     [登出] ✅ 已点击 Log Out 按钮
2026-05-20 11:53:52,753 - INFO -     [登出] 步骤5: 点击 Confirm 按钮，确认登出
2026-05-20 11:53:53,438 - INFO -     [登出] ✅ 已点击 Confirm 按钮
2026-05-20 11:54:01,487 - INFO -     [登出] ⚠️ 登出完成，但无法确认是否已返回登录页面
2026-05-20 11:54:01,487 - INFO -     [登出] ✅ 登出流程完成
2026-05-20 11:54:03,547 - INFO - ✅ 步骤2: 检测登录状态并确保在登录/注册入口页 - 完成
2026-05-20 11:54:03,548 - INFO - 🔄 步骤3: 点击 Sign Up 进入注册页
2026-05-20 11:54:05,823 - INFO - ✅ 步骤3: 点击 Sign Up 进入注册页 - 完成
2026-05-20 11:54:05,827 - INFO - 📧 生成简单邮箱地址: testuser359@163.com
2026-05-20 11:54:05,827 - INFO - 🔄 步骤4: 输入符合规则的密码并 Next
2026-05-20 11:54:55,914 - INFO - ✅ 步骤4: 输入符合规则的密码并 Next - 完成
2026-05-20 11:54:55,915 - INFO - 🎉 测试用例 200068 执行成功！
2026-05-20 11:54:55,943 - INFO - ✅ 报告已生成: /Users/ambrose.chen/Desktop/iot/project/APP外壳/2测试报告/platform/android_20260520_115339/android_20260520_115339_report.xlsx
