2026-05-11 20:36:44,373 - INFO - 🔄 步骤0: 登出，确保从登出状态开始测试
2026-05-11 20:36:44,373 - INFO - 开始登出流程...
2026-05-11 20:37:15,279 - INFO - 未检测到home sel/mine sel/mine，跳过登出流程
2026-05-11 20:37:15,280 - INFO - ✅ 步骤0: 登出，确保从登出状态开始测试 - 完成
2026-05-11 20:37:17,281 - INFO - 🔄 步骤1: 验证在APP首页（登录页面）
2026-05-11 20:37:17,450 - INFO - ✅ 步骤1: 验证在APP首页（登录页面） - 完成，确认在APP首页（登录页面）
2026-05-11 20:37:19,453 - INFO - 🔄 步骤2: 点击Sign Up按钮进入注册页面
2026-05-11 20:37:20,399 - INFO - ✅ 步骤2: 点击Sign Up按钮进入注册页面 - 完成
2026-05-11 20:37:23,409 - INFO - 🔄 步骤3: 验证进入Sign Up页面
2026-05-11 20:37:23,649 - INFO - ✅ 步骤3: 验证进入Sign Up页面 - 完成，确认已进入Sign Up注册页面
2026-05-11 20:37:25,659 - INFO - 🔄 步骤4: 邮箱框输入数字+字母（value="Email"）
2026-05-11 20:37:27,316 - INFO - ✅ 步骤4: 邮箱框输入数字+字母（value="Email"） - 完成，输入邮箱: 123456abcd
2026-05-11 20:37:28,326 - INFO - 🔄 步骤4.1: 点击Done收起键盘
2026-05-11 20:37:29,469 - INFO - ✅ 步骤4.1: 点击Done收起键盘 - 完成
2026-05-11 20:37:30,477 - INFO - 🔄 步骤5: 勾选隐私政策和用户协议
2026-05-11 20:37:36,246 - INFO - ✅ 隐私政策复选框已勾选
2026-05-11 20:37:37,751 - INFO - 🔄 步骤6: 点击Next按钮
2026-05-11 20:37:38,401 - INFO - ✅ 步骤6: 点击Next按钮 - 已尝试点击Next按钮
2026-05-11 20:37:40,411 - INFO - 🔄 步骤7: 验证停留当前页面并出现提示
2026-05-11 20:37:40,926 - INFO - ✅ 步骤7: 验证停留当前页面并出现提示 - 完成，提示信息: Please sign up using your email address
2026-05-11 20:37:42,928 - INFO - 🎉 测试用例102207执行成功！
2026-05-11 20:37:42,928 - INFO - ✅ 验证邮箱数字+字母，勾选隐私政策后点击Next，停留当前页并提示“Please sign up using your email address”
2026-05-11 20:37:44,963 - INFO - ✅ 报告已生成: /Users/ambrose.chen/Desktop/iot/project/APP外壳/2测试报告/platform/ios_20260511_203642/ios_20260511_203642_report.xlsx
