2026-05-09 19:36:58,168 - INFO - 🔄 步骤0: 登出，确保从登出状态开始测试
2026-05-09 19:36:58,169 - INFO - 开始登出流程...
2026-05-09 19:37:29,089 - INFO - 未检测到home sel/mine sel/mine，跳过登出流程
2026-05-09 19:37:29,090 - INFO - ✅ 步骤0: 登出，确保从登出状态开始测试 - 完成
2026-05-09 19:37:31,100 - INFO - 🔄 步骤1: 验证在APP首页（登录页面）
2026-05-09 19:37:31,273 - INFO - ✅ 步骤1: 验证在APP首页（登录页面） - 完成，确认在APP首页（登录页面）
2026-05-09 19:37:33,274 - INFO - 🔄 步骤2: 点击Sign Up按钮进入注册页面
2026-05-09 19:37:34,217 - INFO - ✅ 步骤2: 点击Sign Up按钮进入注册页面 - 完成
2026-05-09 19:37:37,220 - INFO - 🔄 步骤3: 验证进入Sign Up页面
2026-05-09 19:37:37,435 - INFO - ✅ 步骤3: 验证进入Sign Up页面 - 完成，确认已进入Sign Up注册页面
2026-05-09 19:37:39,443 - INFO - 🔄 步骤4: 邮箱输入错误格式
2026-05-09 19:37:41,341 - INFO - ✅ 步骤4: 邮箱输入错误格式 - 完成，输入错误邮箱: asd.gmail.com
2026-05-09 19:37:43,347 - INFO - 🔄 步骤5: 勾选隐私政策和用户协议
2026-05-09 19:37:49,468 - INFO - ✅ 隐私政策复选框已勾选
2026-05-09 19:37:50,979 - INFO - 🔄 步骤5.1: 收起键盘（Done）
2026-05-09 19:37:52,226 - INFO - ✅ 已点击Done收起键盘
2026-05-09 19:37:53,227 - INFO - 🔄 步骤6: 点击Next按钮
2026-05-09 19:37:53,881 - INFO - ✅ 步骤6: 点击Next按钮 - 完成，已点击Next按钮
2026-05-09 19:37:55,887 - INFO - 🔄 步骤7: 验证停留当前页面并出现提示
2026-05-09 19:38:06,824 - INFO - ✅ 找到提示信息元素，选择器: //XCUIElementTypeStaticText[@name="Please sign up using your email address"]
2026-05-09 19:38:06,825 - INFO - ✅ 步骤7: 验证停留当前页面并出现提示 - 完成，提示信息: Please sign up using your email address
2026-05-09 19:38:08,826 - INFO - 🎉 测试用例102216执行成功！
2026-05-09 19:38:08,826 - INFO - ✅ 验证错误邮箱（只有点）勾选隐私后点击Next，停留当前页并提示“Please sign up using your email address”
2026-05-09 19:38:10,866 - INFO - ✅ 报告已生成: /Users/ambrose.chen/Desktop/iot/project/APP外壳/2测试报告/platform/ios_20260509_193656/ios_20260509_193656_report.xlsx
