2026-05-08 20:09:50,132 - INFO - 🔄 步骤0: 登出，确保从登出状态开始测试
2026-05-08 20:09:50,133 - INFO - 开始登出流程...
2026-05-08 20:10:21,013 - INFO - 未检测到home sel/mine sel/mine，跳过登出流程
2026-05-08 20:10:21,013 - INFO - ✅ 步骤0: 登出，确保从登出状态开始测试 - 完成
2026-05-08 20:10:23,017 - INFO - 🔄 步骤1: 验证在APP首页（登录页面）
2026-05-08 20:10:23,171 - INFO - ✅ 步骤1: 验证在APP首页（登录页面） - 完成，确认在APP首页（登录页面）
2026-05-08 20:10:25,173 - INFO - 🔄 步骤2: 点击Sign Up按钮进入注册页面
2026-05-08 20:10:26,133 - INFO - ✅ 步骤2: 点击Sign Up按钮进入注册页面 - 完成
2026-05-08 20:10:29,141 - INFO - 🔄 步骤3: 验证进入Sign Up页面
2026-05-08 20:10:29,372 - INFO - ✅ 步骤3: 验证进入Sign Up页面 - 完成，确认已进入Sign Up注册页面
2026-05-08 20:10:31,378 - INFO - 🔄 步骤4: 点击国家栏下拉按钮
2026-05-08 20:10:32,491 - INFO - ✅ 步骤4: 点击国家栏下拉按钮 - 完成，已点击国家栏下拉按钮
2026-05-08 20:10:35,499 - INFO - 🔄 步骤5: 验证跳转至国家选择页面
2026-05-08 20:11:08,674 - INFO - ✅ 步骤5: 验证跳转至国家选择页面 - 完成，确认已跳转至国家选择页面
2026-05-08 20:11:10,682 - INFO - 🔄 步骤6: 点击搜索框并输入France
2026-05-08 20:11:46,865 - INFO - ✅ 步骤6: 点击搜索框并输入France - 完成，已输入France
2026-05-08 20:11:48,873 - INFO - 🔄 步骤7: 选择France
2026-05-08 20:11:55,326 - INFO - ✅ 步骤7: 选择France - 完成，已选择France，命中的元素: France
2026-05-08 20:11:58,337 - INFO - 🔄 步骤8: 验证注册页面显示的国家与选择的一致
2026-05-08 20:11:58,623 - INFO - ✅ 找到国家显示元素，使用选择器: //XCUIElementTypeStaticText[@name="France"]
2026-05-08 20:11:58,623 - INFO - 📝 注册页面显示的国家: France
2026-05-08 20:11:58,623 - INFO - ✅ 步骤8: 验证注册页面显示的国家与选择的一致 - 完成
2026-05-08 20:11:58,623 - INFO - ✅ 注册页面显示的国家与选择的一致: France
2026-05-08 20:12:00,629 - INFO - 🎉 测试用例102185执行成功！
2026-05-08 20:12:00,629 - INFO - ✅ 注册页面国家切换-搜索一个存在的国家
2026-05-08 20:12:02,655 - INFO - ✅ 报告已生成: /Users/ambrose.chen/Desktop/iot/project/APP外壳/2测试报告/platform/ios_20260508_200948/ios_20260508_200948_report.xlsx
