2026-05-11 20:22:22,454 - INFO - 🔄 步骤0: 登出，确保从登出状态开始测试
2026-05-11 20:22:22,454 - INFO - 开始登出流程...
2026-05-11 20:22:53,365 - INFO - 未检测到home sel/mine sel/mine，跳过登出流程
2026-05-11 20:22:53,366 - INFO - ✅ 步骤0: 登出，确保从登出状态开始测试 - 完成
2026-05-11 20:22:55,374 - INFO - 🔄 步骤1: 验证在APP首页（登录页面）
2026-05-11 20:22:55,542 - INFO - ✅ 步骤1: 验证在APP首页（登录页面） - 完成，确认在APP首页（登录页面）
2026-05-11 20:22:57,550 - INFO - 🔄 步骤2: 点击Sign Up按钮进入注册页面
2026-05-11 20:22:58,523 - INFO - ✅ 步骤2: 点击Sign Up按钮进入注册页面 - 完成
2026-05-11 20:23:01,530 - INFO - 🔄 步骤3: 验证进入Sign Up页面
2026-05-11 20:23:01,769 - INFO - ✅ 步骤3: 验证进入Sign Up页面 - 完成，确认已进入Sign Up注册页面
2026-05-11 20:23:03,777 - INFO - 🔄 步骤4: 国家切为china
2026-05-11 20:23:04,818 - INFO - ✅ 已点击国家栏下拉按钮
2026-05-11 20:24:17,249 - INFO - ✅ 已输入搜索关键词: China
2026-05-11 20:24:20,646 - INFO - ✅ 已选择国家: china，命中的元素: China
2026-05-11 20:24:23,657 - INFO - ✅ 步骤4: 国家切为china - 完成，已切换国家为china
2026-05-11 20:24:25,664 - INFO - 🔄 步骤5: 输入邮箱（value="Email"）
2026-05-11 20:24:25,670 - INFO - 📧 生成简单邮箱地址: testuser224@163.com
2026-05-11 20:24:27,464 - INFO - ✅ 步骤5: 输入邮箱（value="Email"） - 完成，邮箱: testuser224@163.com
2026-05-11 20:24:29,475 - INFO - 🔄 步骤6: 点击Done按钮收起键盘
2026-05-11 20:24:30,745 - INFO - ✅ 步骤6: 点击Done按钮收起键盘 - 完成
2026-05-11 20:24:32,748 - INFO - 🔄 步骤7: 勾选隐私政策和用户协议
2026-05-11 20:24:38,521 - INFO - ✅ 隐私政策复选框已勾选
2026-05-11 20:24:39,527 - INFO - ✅ 步骤7: 勾选隐私政策和用户协议 - 完成
2026-05-11 20:24:41,529 - INFO - 🔄 步骤8: 点击Next按钮进入密码设置
2026-05-11 20:24:42,250 - INFO - ✅ 步骤8: 点击Next按钮进入密码设置 - 完成
2026-05-11 20:24:45,259 - INFO - 🔄 步骤9: 设置密码
2026-05-11 20:24:50,488 - INFO - ✅ 步骤9: 设置密码 - 完成
2026-05-11 20:24:52,489 - INFO - 🔄 步骤10: 点击Done按钮收起键盘
2026-05-11 20:24:53,727 - INFO - ✅ 步骤10: 点击Done按钮收起键盘 - 完成
2026-05-11 20:24:55,737 - INFO - 🔄 步骤11: 点击Next按钮进入用户名设置页面
2026-05-11 20:24:56,726 - INFO - ✅ 步骤11: 点击Next按钮进入用户名设置页面 - 完成
2026-05-11 20:24:59,735 - INFO - 🔄 步骤12: 输入用户名（value="Username"）
2026-05-11 20:25:11,852 - INFO - ✅ 步骤12: 输入用户名（value="Username"） - 完成
2026-05-11 20:25:12,861 - INFO - 🔄 步骤13: 点击Done按钮收起键盘
2026-05-11 20:25:14,118 - INFO - ✅ 步骤13: 点击Done按钮收起键盘 - 完成
2026-05-11 20:25:15,127 - INFO - 🔄 步骤14: 点击Submit按钮完成注册
2026-05-11 20:25:15,797 - INFO - ✅ 步骤14: 点击Submit按钮完成注册 - 完成
2026-05-11 20:25:20,798 - INFO - 🔄 步骤15: 验证注册成功，跳转到APP主页面
2026-05-11 20:25:20,966 - INFO - ✅ 步骤15: 验证注册成功，跳转到APP主页面 - 完成
2026-05-11 20:25:20,966 - INFO - ✅ 验证通过：注册成功，已跳转到APP主页面
2026-05-11 20:25:22,976 - INFO - 🎉 测试用例102195执行成功！
2026-05-11 20:25:22,977 - INFO - ✅ 验证注册地为"中国"，正确邮箱，可以注册：注册成功并跳转到主页面
2026-05-11 20:25:25,031 - INFO - ✅ 报告已生成: /Users/ambrose.chen/Desktop/iot/project/APP外壳/2测试报告/platform/ios_20260511_202220/ios_20260511_202220_report.xlsx
