2026-05-18 17:37:02,101 - INFO - 🔄 步骤1: 重启APP
2026-05-18 17:37:02,102 - INFO -     🔄 driver.terminate_app / activate_app: com.xingmai.tech
2026-05-18 17:37:07,034 - INFO -     ✅ APP 已重启
2026-05-18 17:37:07,035 - INFO - ✅ 步骤1: 重启APP - 完成
2026-05-18 17:37:07,036 - INFO - 🔄 步骤2: 检测登录状态并确保在登录/注册入口页
2026-05-18 17:37:07,059 - INFO -     🔄 检测已登录元素: //android.view.View[@content-desc="More"]
2026-05-18 17:37:07,199 - INFO -     🔄 检测已登录元素: //*[@content-desc="More"]
2026-05-18 17:37:07,813 - INFO -     ℹ️ 未检测到 More，判定未登录
2026-05-18 17:37:07,814 - INFO -     🔄 等待登录/注册入口页: //*[(@text="Sign In" or @text="Sign Up") or contains(@text,"Sign In") or contains(@text,"Sign Up") or @content-desc="Sign In" or @content-desc="Sign Up"]
2026-05-18 17:37:07,862 - INFO -     ✅ 已处于登录/注册入口页
2026-05-18 17:37:07,863 - INFO - ✅ 步骤2: 检测登录状态并确保在登录/注册入口页 - 完成
2026-05-18 17:37:07,863 - INFO - 🔄 步骤3: 点击 Sign In 进入登录页
2026-05-18 17:37:07,863 - INFO -     🔄 定位 Sign In: //android.widget.TextView[@text="Sign In"]
2026-05-18 17:37:07,951 - INFO -     ✅ 找到 Sign In: //android.widget.TextView[@text="Sign In"]
2026-05-18 17:37:08,587 - INFO - ✅ 步骤3: 点击 Sign In 进入登录页 - 完成
2026-05-18 17:37:10,092 - INFO - 🔄 步骤4: 输入邮箱
2026-05-18 17:37:10,092 - INFO -     🔄 邮箱: haoc51888@gmail.com
2026-05-18 17:37:10,171 - INFO -     ✅ 聚焦: //android.widget.ScrollView/android.widget.EditText[1]/android.view.View[2]
2026-05-18 17:37:10,171 - INFO -     🔄 定位: //android.widget.ScrollView/android.widget.EditText[1]
2026-05-18 17:37:11,364 - INFO - ✅ 步骤4: 输入邮箱 - 完成
2026-05-18 17:37:11,364 - INFO - 🔄 步骤5: 点击邮箱清空按钮
2026-05-18 17:37:11,365 - INFO -     🔄 定位: (//android.widget.ImageView[@content-desc="clear"])[1]
2026-05-18 17:37:12,186 - INFO - ✅ 步骤5: 点击邮箱清空按钮 - 完成
2026-05-18 17:37:12,187 - INFO - 🎉 测试用例 200017 执行成功！
2026-05-18 17:37:12,211 - INFO - ✅ 报告已生成: /Users/ambrose.chen/Desktop/iot/project/APP外壳/2测试报告/platform/android_20260518_173658/android_20260518_173658_report.xlsx
