2026-05-09 13:37:16,021 - INFO - 🔄 步骤1: 重启APP并处理登录状态
2026-05-09 13:37:37,246 - INFO - ✅ 步骤1: 重启APP并处理登录状态 - 完成
2026-05-09 13:37:37,247 - INFO - 🔄 步骤2: 点击Sign In进入登录页
2026-05-09 13:37:40,176 - INFO - ✅ 步骤2: 点击Sign In进入登录页 - 完成
2026-05-09 13:37:40,177 - INFO - 🔄 步骤3: 点击Forgot password进入忘记密码页
2026-05-09 13:37:43,225 - INFO - ✅ 步骤3: 点击Forgot password进入忘记密码页 - 完成
2026-05-09 13:37:43,225 - INFO - 🔄 步骤4: 输入邮箱并点击Next进入验证码页
2026-05-09 13:37:53,661 - INFO - ✅ 步骤4: 输入邮箱并点击Next进入验证码页 - 完成，邮箱: haoc51888@gmail.com
2026-05-09 13:37:53,663 - INFO - 🔄 步骤5: Gmail获取最新验证码code
2026-05-09 13:44:17,083 - INFO - ✅ 步骤5: Gmail获取最新验证码code - 完成，code: 341275
2026-05-09 13:44:17,085 - INFO - 🔄 步骤6: 输入验证码进入Set Password页
2026-05-09 13:46:02,392 - INFO - 
============================================================
2026-05-09 13:46:02,394 - INFO - ❌ 测试失败
2026-05-09 13:46:02,394 - INFO - 📍 失败步骤: 步骤6: 输入验证码进入Set Password页
2026-05-09 13:46:02,394 - INFO - 📝 失败原因: 步骤6: 输入验证码进入Set Password页失败
2026-05-09 13:46:02,394 - INFO - ============================================================
2026-05-09 13:46:02,401 - INFO - Traceback (most recent call last):

2026-05-09 13:46:02,402 - INFO -   File "/Users/ambrose.chen/Desktop/iot/project/APP外壳/3功能/1平台/IOS/3忘记密码/102148验证密码等于6个字符时，“完成”按钮可点击.py", line 510, in test_102148
    _assert_on_set_password_page(

2026-05-09 13:46:02,402 - INFO -   File "/Users/ambrose.chen/Desktop/iot/project/APP外壳/3功能/1平台/IOS/3忘记密码/102148验证密码等于6个字符时，“完成”按钮可点击.py", line 291, in _assert_on_set_password_page
    WebDriverWait(driver, timeout_s).until(lambda d: _ok(d))

2026-05-09 13:46:02,402 - INFO -   File "/Library/Frameworks/Python.framework/Versions/3.11/lib/python3.11/site-packages/selenium/webdriver/support/wait.py", line 138, in until
    raise TimeoutException(message, screen, stacktrace)

2026-05-09 13:46:02,402 - INFO - selenium.common.exceptions.TimeoutException: Message: 


2026-05-09 13:46:02,712 - INFO - 已保存test_102148_failed失败截图: screenshots/test_102148_failed_1778305562.png
2026-05-09 13:46:02,735 - INFO - ✅ 报告已生成: /Users/ambrose.chen/Desktop/iot/project/APP外壳/2测试报告/platform/ios_20260509_133713/ios_20260509_133713_report.xlsx
