2026-05-19 15:54:53,806 - INFO - 🔄 步骤1: 重启APP
2026-05-19 15:54:58,694 - INFO - ✅ 步骤1: 重启APP - 完成
2026-05-19 15:54:58,694 - INFO - 🔄 步骤2: 检测登录状态并确保在登录/注册入口页
2026-05-19 15:54:59,506 - INFO - ✅ 步骤2: 检测登录状态并确保在登录/注册入口页 - 完成
2026-05-19 15:54:59,506 - INFO - 🔄 步骤3: 点击 Sign Up 进入注册页
2026-05-19 15:55:02,114 - INFO - ✅ 步骤3: 点击 Sign Up 进入注册页 - 完成
2026-05-19 15:55:02,116 - INFO - 📧 生成简单邮箱地址: testuser304@163.com
2026-05-19 15:55:02,117 - INFO - 🔄 步骤4: 使用已注册邮箱尝试注册
2026-05-19 15:56:41,591 - INFO - 
============================================================
2026-05-19 15:56:41,592 - INFO - ❌ 测试失败
2026-05-19 15:56:41,592 - INFO - 📍 失败步骤: 步骤4: 使用已注册邮箱尝试注册
2026-05-19 15:56:41,592 - INFO - 📝 失败原因: 步骤4: 使用已注册邮箱尝试注册失败: Message: 未找到文案: ['registered', 'already', '已注册', 'Account', '登录', 'Log in']

2026-05-19 15:56:41,592 - INFO - ============================================================
2026-05-19 15:56:41,596 - INFO - Traceback (most recent call last):

2026-05-19 15:56:41,596 - INFO -   File "/Users/ambrose.chen/Desktop/iot/project/APP外壳/3功能/1平台/Android/2注册/200061 验证注册过的邮箱再次注册，提示当前账号已注册，取消立刻登录.py", line 241, in test_200061
    step_assert_text_visible(

2026-05-19 15:56:41,596 - INFO -   File "/Users/ambrose.chen/Desktop/iot/project/APP外壳/3功能/1平台/Android/2注册/register_case_base.py", line 379, in step_assert_text_visible
    raise TimeoutException(f"未找到文案: {list(texts)}")

2026-05-19 15:56:41,596 - INFO - selenium.common.exceptions.TimeoutException: Message: 未找到文案: ['registered', 'already', '已注册', 'Account', '登录', 'Log in']


2026-05-19 15:56:42,158 - INFO - 已保存test_200061_failed失败截图: screenshots/test_200061_failed_1779177401.png
2026-05-19 15:56:42,180 - INFO - ✅ 报告已生成: /Users/ambrose.chen/Desktop/iot/project/APP外壳/2测试报告/platform/android_20260519_155450/android_20260519_155450_report.xlsx
