2026-05-08 21:14:44,132 - INFO - 🔄 步骤0: 登出，确保从登出状态开始测试
2026-05-08 21:14:44,132 - INFO - 开始登出流程...
2026-05-08 21:15:15,030 - INFO - 未检测到home sel/mine sel/mine，跳过登出流程
2026-05-08 21:15:15,030 - INFO - ✅ 步骤0: 登出，确保从登出状态开始测试 - 完成
2026-05-08 21:15:17,031 - INFO - 🔄 步骤1: 验证在APP首页（登录页面）
2026-05-08 21:15:17,187 - INFO - ✅ 步骤1: 验证在APP首页（登录页面） - 完成，确认在APP首页（登录页面）
2026-05-08 21:15:19,195 - INFO - 🔄 步骤2: 点击Sign Up按钮进入注册页面
2026-05-08 21:15:20,134 - INFO - ✅ 步骤2: 点击Sign Up按钮进入注册页面 - 完成
2026-05-08 21:15:23,135 - INFO - 🔄 步骤3: 验证进入Sign Up页面
2026-05-08 21:15:23,365 - INFO - ✅ 步骤3: 验证进入Sign Up页面 - 完成，确认已进入Sign Up注册页面
2026-05-08 21:15:25,372 - INFO - 🔄 步骤4: 输入邮箱
2026-05-08 21:15:25,376 - INFO - 📧 生成简单邮箱地址: testuser168@163.com
2026-05-08 21:15:27,263 - INFO - ✅ 步骤4: 输入邮箱 - 完成，邮箱: testuser168@163.com
2026-05-08 21:15:29,264 - INFO - 🔄 步骤5: 勾选隐私政策和用户协议
2026-05-08 21:15:35,389 - INFO - ✅ 隐私政策复选框已勾选
2026-05-08 21:15:36,899 - INFO - 🔄 步骤5.1: 收起键盘（Done）
2026-05-08 21:15:38,154 - INFO - ✅ 已点击Done收起键盘
2026-05-08 21:15:39,158 - INFO - 🔄 步骤6: 点击Next进入set password页面
2026-05-08 21:15:39,861 - INFO - ✅ 步骤6: 点击Next进入set password页面 - 完成，已点击Next按钮
2026-05-08 21:15:42,863 - INFO - 🔄 步骤7: 验证进入set password页面
2026-05-08 21:15:43,149 - INFO - ✅ 成功进入set password页面
2026-05-08 21:15:44,656 - INFO - 🔄 步骤8: 输入纯小写密码并验证规则颜色
2026-05-08 21:15:46,584 - INFO - ✅ 已输入密码: xingmai
2026-05-08 21:15:48,697 - INFO - ✅ 已输入确认密码: xingmai
2026-05-08 21:15:50,103 - INFO - 📝 规则提示: • 6-20 characters 颜色: None
2026-05-08 21:15:50,479 - INFO - 📝 规则提示: • contains letters 颜色: None
2026-05-08 21:15:50,877 - INFO - 📝 规则提示: • contains numbers 颜色: None
2026-05-08 21:15:51,267 - INFO - 📝 规则提示: • Supports special characters:! @ # $ % ^ & * ( ) - _ = + \ | [ ] { } ; : / ? . , ~ > < ` 颜色: None
2026-05-08 21:15:52,444 - INFO - ✅ 密码页已点击Done收起键盘
2026-05-08 21:15:53,454 - INFO - 🔄 步骤9: 点击Next验证仍停留在set password页面
2026-05-08 21:15:54,013 - INFO - ✅ 已尝试点击密码页Next按钮（应无跳转）
2026-05-08 21:15:56,426 - INFO - ✅ 点击后仍停留在set password页面，Next按钮不可使页面跳转
2026-05-08 21:15:57,435 - INFO - 🎉 测试用例102229执行成功！
2026-05-08 21:15:57,435 - INFO - ✅ 纯小写密码规则提示符合预期，Next不可跳转
2026-05-08 21:15:59,470 - INFO - ✅ 报告已生成: /Users/ambrose.chen/Desktop/iot/project/APP外壳/2测试报告/platform/ios_20260508_211442/ios_20260508_211442_report.xlsx
