2026-05-08 20:00:58,060 - INFO - 🔄 步骤0: 登出，确保从登出状态开始测试
2026-05-08 20:00:58,061 - INFO - 开始登出流程...
2026-05-08 20:01:28,953 - INFO - 未检测到home sel/mine sel/mine，跳过登出流程
2026-05-08 20:01:28,953 - INFO - ✅ 步骤0: 登出，确保从登出状态开始测试 - 完成
2026-05-08 20:01:30,963 - INFO - 🔄 步骤1: 点击Sign Up按钮进入注册页面
2026-05-08 20:01:31,924 - INFO - ✅ 步骤1: 点击Sign Up按钮进入注册页面 - 完成
2026-05-08 20:01:33,928 - INFO - 🔄 步骤2-5: 输入邮箱并进入设置密码页面
2026-05-08 20:01:33,931 - INFO - 📧 生成未使用过的特殊字符邮箱: 1+2-3.4%5_638635@163.com
2026-05-08 20:01:35,981 - INFO - ✅ 步骤2: 输入邮箱 - 完成（第1次尝试），邮箱: 1+2-3.4%5_638635@163.com
2026-05-08 20:01:43,399 - INFO - ✅ 步骤3: 同意隐私政策 - 完成
2026-05-08 20:01:45,470 - INFO - ✅ 步骤4: Done收起键盘 - 完成
2026-05-08 20:01:46,997 - INFO - ✅ 步骤5: 点击Next - 完成
2026-05-08 20:01:48,993 - INFO - ✅ 已进入set password页面
2026-05-08 20:01:48,993 - INFO - 🔄 步骤6: 设置密码
2026-05-08 20:01:54,033 - INFO - ✅ 步骤6: 设置密码 - 完成
2026-05-08 20:01:56,036 - INFO - 🔄 步骤7: 点击Done按钮（收起键盘）
2026-05-08 20:01:57,252 - INFO - ✅ 步骤7: 点击Done按钮（收起键盘） - 完成
2026-05-08 20:01:59,259 - INFO - 🔄 步骤8: 点击Next按钮进入个人信息页面
2026-05-08 20:02:00,243 - INFO - ✅ 步骤8: 点击Next按钮进入个人信息页面 - 完成
2026-05-08 20:02:02,254 - INFO - 🔄 步骤9: 设置超过50个字符的用户名
2026-05-08 20:02:02,254 - INFO - 📝 生成的用户名长度: 60 个字符
2026-05-08 20:02:04,759 - INFO - ✅ 已点击用户名区域: //XCUIElementTypeTextField[@value="Username"]
2026-05-08 20:02:05,762 - INFO - ✅ 命中用户名输入框定位: //XCUIElementTypeTextField[@value="Username"]
2026-05-08 20:02:07,332 - INFO - ✅ 步骤9: 设置超过50个字符的用户名 - 完成，输入的用户名长度: 60 个字符
2026-05-08 20:02:07,333 - INFO - 📝 输入的用户名前50个字符: jPadVMFMcwaowmHARYaKzUUyhJObJAyBRMlDfWMbLJVxeIHexy
2026-05-08 20:02:10,334 - INFO - 🔄 步骤10: 点击Done按钮收起键盘
2026-05-08 20:02:11,566 - INFO - ✅ 步骤10: 点击Done按钮收起键盘 - 完成
2026-05-08 20:02:13,568 - INFO - 🔄 步骤11: 点击submit
2026-05-08 20:02:14,215 - INFO - ✅ 步骤11: 点击submit - 完成
2026-05-08 20:02:17,225 - INFO - 🔄 步骤12: 验证跳转到APP主页面
2026-05-08 20:02:17,635 - INFO - ✅ 步骤12: 验证跳转到APP主页面 - 完成
2026-05-08 20:02:17,635 - INFO - 🔄 步骤13: 验证用户名只保留50个字符
2026-05-08 20:02:17,782 - INFO - ✅ 找到用户名元素，使用选择器: //XCUIElementTypeStaticText[contains(@name, "Hi")]
2026-05-08 20:02:17,839 - INFO - 📝 用户名显示内容: Hi, jPadVMFMcwaowmHARYaKzUUyhJObJAyBRMlDfWMbLJVxeIHexy
2026-05-08 20:02:17,839 - INFO - ✅ 步骤13: 验证用户名只保留50个字符 - 完成
2026-05-08 20:02:17,839 - INFO - 📝 输入的用户名长度: 60 个字符
2026-05-08 20:02:17,839 - INFO - 📝 显示的用户名长度: 50 个字符（已截断为50个字符）
2026-05-08 20:02:17,839 - INFO - 📝 显示的用户名: jPadVMFMcwaowmHARYaKzUUyhJObJAyBRMlDfWMbLJVxeIHexy
2026-05-08 20:02:17,839 - INFO - 🎉 测试用例102179执行成功！
2026-05-08 20:02:19,876 - INFO - ✅ 报告已生成: /Users/ambrose.chen/Desktop/iot/project/APP外壳/2测试报告/platform/ios_20260508_200056/ios_20260508_200056_report.xlsx
