2026-05-08 15:47:14,930 - INFO - 🔄 步骤0: 登出，确保从登出状态开始测试
2026-05-08 15:47:14,931 - INFO - 开始登出流程...
2026-05-08 15:47:45,832 - INFO - 未检测到home sel/mine sel/mine，跳过登出流程
2026-05-08 15:47:45,835 - INFO - ✅ 步骤0: 登出，确保从登出状态开始测试 - 完成
2026-05-08 15:47:47,840 - INFO - 🔄 步骤1: 验证在APP首页（登录页面）
2026-05-08 15:47:48,005 - INFO - ✅ 步骤1: 验证在APP首页（登录页面） - 完成，确认在APP首页（登录页面）
2026-05-08 15:47:50,009 - INFO - 🔄 步骤2: 点击Sign Up按钮进入注册页面
2026-05-08 15:47:50,966 - INFO - ✅ 步骤2: 点击Sign Up按钮进入注册页面 - 完成
2026-05-08 15:47:53,969 - INFO - 🔄 步骤4: 点击Next（未输入邮箱、未勾选协议）
2026-05-08 15:47:54,902 - INFO - ✅ 已出现提示：Please sign up using your email address
2026-05-08 15:47:55,120 - INFO - ✅ 步骤4: 点击Next（未输入邮箱、未勾选协议） - 完成
2026-05-08 15:47:56,122 - INFO - 🔄 步骤5: 输入邮箱（value="Email"）
2026-05-08 15:47:56,125 - INFO - 📧 生成简单邮箱地址: testuser149@163.com
2026-05-08 15:47:57,893 - INFO - ✅ 步骤5: 输入邮箱（value="Email"） - 完成，邮箱: testuser149@163.com
2026-05-08 15:48:00,021 - INFO - 🔄 步骤6: 再次点击Next（仍应提示）
2026-05-08 15:48:01,096 - INFO - ✅ 步骤6: 再次点击Next（仍应提示） - 完成
2026-05-08 15:48:02,101 - INFO - 🔄 步骤7: 勾选协议（login check normal）
2026-05-08 15:48:02,745 - INFO - ✅ 步骤7: 勾选协议（login check normal） - 完成（后续以进入 Set Password 判定是否勾选成功）
2026-05-08 15:48:03,746 - INFO - 🔄 步骤8: 点击Next进入Set Password页面
2026-05-08 15:48:05,765 - INFO - ✅ 步骤8: 点击Next进入Set Password页面 - 完成
2026-05-08 15:48:06,770 - INFO - 🎉 测试用例102203执行成功！
2026-05-08 15:48:06,771 - INFO - ✅ 102203：只填写正确邮箱时 Next 不可进入 Set Password；勾选协议后可进入 Set Password
2026-05-08 15:48:08,792 - INFO - ✅ 报告已生成: /Users/ambrose.chen/Desktop/iot/project/APP外壳/2测试报告/platform/ios_20260508_154713/ios_20260508_154713_report.xlsx
