2026-05-20 12:01:31,716 - INFO - 🔄 步骤1: 重启APP
2026-05-20 12:01:36,643 - INFO - ✅ 步骤1: 重启APP - 完成
2026-05-20 12:01:36,644 - INFO - 🔄 步骤2: 检测登录状态并确保在登录/注册入口页
2026-05-20 12:01:37,180 - INFO -     [登出] 开始登出流程...
2026-05-20 12:01:37,180 - INFO -     [登出] 步骤1: 检查页面是否有 More 按钮
2026-05-20 12:01:37,230 - INFO -     [登出] ✅ 检测到 More 按钮: //android.view.View[@content-desc="More"]
2026-05-20 12:01:37,230 - INFO -     [登出] 步骤2: 点击 More 按钮，进入 more 页面
2026-05-20 12:01:37,283 - INFO -     [登出] ✅ 已点击 More 按钮 (使用: //android.view.View[@content-desc="More"])
2026-05-20 12:01:39,288 - INFO -     [登出] 步骤3: 点击 edit 按钮
2026-05-20 12:01:39,440 - INFO -     [登出] ✅ 已点击 edit 按钮
2026-05-20 12:01:41,443 - INFO -     [登出] 步骤4: 点击 Log Out 按钮
2026-05-20 12:01:41,586 - INFO -     [登出] ✅ 已点击 Log Out 按钮
2026-05-20 12:01:43,092 - INFO -     [登出] 步骤5: 点击 Confirm 按钮，确认登出
2026-05-20 12:01:44,801 - INFO -     [登出] ✅ 已点击 Confirm 按钮
2026-05-20 12:01:52,840 - INFO -     [登出] ⚠️ 登出完成，但无法确认是否已返回登录页面
2026-05-20 12:01:52,841 - INFO -     [登出] ✅ 登出流程完成
2026-05-20 12:01:54,893 - INFO - ✅ 步骤2: 检测登录状态并确保在登录/注册入口页 - 完成
2026-05-20 12:01:54,894 - INFO - 🔄 步骤3: 点击 Sign Up 进入注册页
2026-05-20 12:01:57,134 - INFO - ✅ 步骤3: 点击 Sign Up 进入注册页 - 完成
2026-05-20 12:01:57,137 - INFO - 📧 生成简单邮箱地址: testuser366@163.com
2026-05-20 12:01:57,137 - INFO - 🔄 步骤4: 输入符合规则的密码并 Next
2026-05-20 12:02:46,862 - INFO - ✅ 步骤4: 输入符合规则的密码并 Next - 完成
2026-05-20 12:02:46,863 - INFO - 🎉 测试用例 200075 执行成功！
2026-05-20 12:02:46,889 - INFO - ✅ 报告已生成: /Users/ambrose.chen/Desktop/iot/project/APP外壳/2测试报告/platform/android_20260520_120128/android_20260520_120128_report.xlsx
