2026-05-07 21:36:26,373 - INFO - 🔄 步骤0: 登出，确保从登出状态开始测试
2026-05-07 21:36:26,374 - INFO - 开始登出流程...
2026-05-07 21:36:57,280 - INFO - 未检测到home sel/mine sel/mine，跳过登出流程
2026-05-07 21:36:57,282 - INFO - ✅ 步骤0: 登出，确保从登出状态开始测试 - 完成
2026-05-07 21:36:59,287 - INFO - 🔄 步骤1: 验证在APP首页（登录页面）
2026-05-07 21:36:59,453 - INFO - ✅ 步骤1: 验证在APP首页（登录页面） - 完成，确认在APP首页（登录页面）
2026-05-07 21:37:01,458 - INFO - 🔄 步骤2: 点击Sign Up按钮进入注册页面
2026-05-07 21:37:02,412 - INFO - ✅ 步骤2: 点击Sign Up按钮进入注册页面 - 完成
2026-05-07 21:37:05,418 - INFO - 🔄 步骤3: 验证进入Sign Up页面
2026-05-07 21:37:05,655 - INFO - ✅ 步骤3: 验证进入Sign Up页面 - 完成，确认已进入Sign Up注册页面
2026-05-07 21:37:07,657 - INFO - 🔄 步骤4: 邮箱输入只有字母的错误邮箱
2026-05-07 21:37:09,372 - INFO - ✅ 步骤4: 邮箱输入只有字母的错误邮箱 - 完成，输入错误邮箱: abcdefg
2026-05-07 21:37:11,379 - INFO - 🔄 步骤5: 勾选隐私政策和用户协议
2026-05-07 21:37:17,361 - INFO - ✅ 隐私政策复选框已勾选
2026-05-07 21:37:18,872 - INFO - 🔄 步骤5.1: 收起键盘（Done）
2026-05-07 21:37:20,157 - INFO - ✅ 已点击Done收起键盘
2026-05-07 21:37:21,166 - INFO - 🔄 步骤6: 点击Next按钮
2026-05-07 21:37:21,828 - INFO - ✅ 步骤6: 点击Next按钮 - 完成，已点击Next按钮
2026-05-07 21:37:23,835 - INFO - 🔄 步骤7: 验证停留当前页面并出现提示
2026-05-07 21:37:34,750 - INFO - ✅ 找到提示信息元素，选择器: //XCUIElementTypeStaticText[@name="Please sign up using your email address"]
2026-05-07 21:37:34,751 - INFO - ✅ 步骤7: 验证停留当前页面并出现提示 - 完成，提示信息: Please sign up using your email address
2026-05-07 21:37:36,759 - INFO - 🎉 测试用例102210执行成功！
2026-05-07 21:37:36,759 - INFO - ✅ 验证错误邮箱（仅字母）勾选隐私后点击Next，停留当前页并提示“Please sign up using your email address”
2026-05-07 21:37:38,787 - INFO - ✅ 报告已生成: /Users/ambrose.chen/Desktop/iot/project/APP外壳/2测试报告/platform/ios_20260507_213624/ios_20260507_213624_report.xlsx
