2026-05-09 18:32:39,853 - INFO - 🔄 步骤1: 重置APP，检测登录状态并登出
2026-05-09 18:32:45,803 - INFO -     ✅ APP已重置
2026-05-09 18:33:01,005 - INFO -     ℹ️ 未检测到登录状态，已在登录页面
2026-05-09 18:33:01,006 - INFO - ✅ 步骤1: 重置APP，检测登录状态并登出 - 完成
2026-05-09 18:33:01,006 - INFO - 🔄 步骤2: 点击登录按钮进入Sign in页面
2026-05-09 18:33:01,981 - INFO - ✅ 步骤2: 点击登录按钮进入Sign in页面 - 完成
2026-05-09 18:33:03,490 - INFO - 🔄 步骤3: 点击密码框，输入密码，验证密码被隐藏
2026-05-09 18:33:44,193 - INFO -     ✅ 密码输入完成
2026-05-09 18:33:45,450 - INFO -     ✅ 验证密码被隐藏成功（类型: XCUIElementTypeSecureTextField）
2026-05-09 18:33:45,450 - INFO - ✅ 步骤3: 点击密码框，输入密码，验证密码被隐藏 - 完成
2026-05-09 18:33:45,450 - INFO - 🔄 步骤4: 点击眼睛按钮，验证密码显示明文
2026-05-09 18:33:46,448 - INFO -     ✅ 已点击眼睛按钮
2026-05-09 18:33:53,955 - INFO -     ✅ 密码已显示明文（状态: type=XCUIElementTypeTextField, value='Csx150128'）
2026-05-09 18:33:53,956 - INFO - ✅ 步骤4: 点击眼睛按钮，验证密码显示明文 - 完成，密码已显示明文
2026-05-09 18:33:53,956 - INFO - 🔄 步骤5: 再次点击眼睛按钮，验证密码被隐藏
2026-05-09 18:33:54,930 - INFO -     ✅ 已再次点击眼睛按钮
2026-05-09 18:34:01,885 - INFO -     ✅ 验证密码被隐藏成功（状态: type=XCUIElementTypeSecureTextField, value='•••••••••'）
2026-05-09 18:34:01,886 - INFO - ✅ 步骤5: 再次点击眼睛按钮，验证密码被隐藏 - 完成，密码已隐藏
2026-05-09 18:34:01,886 - INFO - 🎉 测试用例102671执行成功！
2026-05-09 18:34:01,911 - INFO - ✅ 报告已生成: /Users/ambrose.chen/Desktop/iot/project/APP外壳/2测试报告/platform/ios_20260509_183238/ios_20260509_183238_report.xlsx
