2026-05-11 21:24:06,132 - INFO - 🔄 步骤0: 登出，确保从登出状态开始测试
2026-05-11 21:24:06,133 - INFO - 开始登出流程...
2026-05-11 21:24:37,024 - INFO - 未检测到home sel/mine sel/mine，跳过登出流程
2026-05-11 21:24:37,025 - INFO - ✅ 步骤0: 登出，确保从登出状态开始测试 - 完成
2026-05-11 21:24:39,031 - INFO - 🔄 步骤1: 验证在APP首页（登录页面）
2026-05-11 21:24:39,197 - INFO - ✅ 步骤1: 验证在APP首页（登录页面） - 完成，确认在APP首页（登录页面）
2026-05-11 21:24:41,203 - INFO - 🔄 步骤2: 点击Sign Up按钮进入注册页面
2026-05-11 21:24:42,162 - INFO - ✅ 步骤2: 点击Sign Up按钮进入注册页面 - 完成
2026-05-11 21:24:45,164 - INFO - 🔄 步骤3: 验证进入Sign Up页面
2026-05-11 21:24:45,384 - INFO - ✅ 步骤3: 验证进入Sign Up页面 - 完成，确认已进入Sign Up注册页面
2026-05-11 21:24:47,390 - INFO - 🔄 步骤4: 输入邮箱
2026-05-11 21:24:47,395 - INFO - 📧 生成简单邮箱地址: testuser254@163.com
2026-05-11 21:24:49,302 - INFO - ✅ 步骤4: 输入邮箱 - 完成，邮箱: testuser254@163.com
2026-05-11 21:24:51,308 - INFO - 🔄 步骤5: 勾选隐私政策和用户协议
2026-05-11 21:24:57,440 - INFO - ✅ 隐私政策复选框已勾选
2026-05-11 21:24:58,950 - INFO - 🔄 步骤5.1: 收起键盘（Done）
2026-05-11 21:25:00,204 - INFO - ✅ 已点击Done收起键盘
2026-05-11 21:25:01,206 - INFO - 🔄 步骤6: 点击Next进入set password页面
2026-05-11 21:25:02,037 - INFO - ✅ 步骤6: 点击Next进入set password页面 - 完成，已点击Next按钮
2026-05-11 21:25:05,046 - INFO - 🔄 步骤7: 验证进入set password页面
2026-05-11 21:25:05,458 - INFO - ✅ 成功进入set password页面
2026-05-11 21:25:06,968 - INFO - 🔄 步骤8: 输入不一致的密码和确认密码
2026-05-11 21:25:08,788 - INFO - ✅ 已输入密码: Csx150128
2026-05-11 21:25:10,779 - INFO - ✅ 已输入确认密码(不一致): Csx1501
2026-05-11 21:25:12,982 - INFO - ✅ 密码页已点击Done收起键盘
2026-05-11 21:25:13,983 - INFO - 🔄 步骤9: 点击Next验证仍停留并提示密码不一致
2026-05-11 21:25:14,551 - INFO - ✅ 已尝试点击密码页Next按钮
2026-05-11 21:25:17,073 - INFO - ✅ 提示已显示: Password mismatch，页面未跳转
2026-05-11 21:25:18,073 - INFO - 🎉 测试用例102243执行成功！
2026-05-11 21:25:18,074 - INFO - ✅ 密码与确认密码不一致时，Next不跳转且提示Password mismatch
2026-05-11 21:25:20,108 - INFO - ✅ 报告已生成: /Users/ambrose.chen/Desktop/iot/project/APP外壳/2测试报告/platform/ios_20260511_212404/ios_20260511_212404_report.xlsx
