2026-05-11 20:56:33,581 - INFO - 🔄 步骤0: 登出，确保从登出状态开始测试
2026-05-11 20:56:33,582 - INFO - 开始登出流程...
2026-05-11 20:57:04,493 - INFO - 未检测到home sel/mine sel/mine，跳过登出流程
2026-05-11 20:57:04,495 - INFO - ✅ 步骤0: 登出，确保从登出状态开始测试 - 完成
2026-05-11 20:57:06,499 - INFO - 🔄 步骤1: 验证在APP首页（登录页面）
2026-05-11 20:57:06,658 - INFO - ✅ 步骤1: 验证在APP首页（登录页面） - 完成，确认在APP首页（登录页面）
2026-05-11 20:57:08,667 - INFO - 🔄 步骤2: 点击Sign Up按钮进入注册页面
2026-05-11 20:57:09,621 - INFO - ✅ 步骤2: 点击Sign Up按钮进入注册页面 - 完成
2026-05-11 20:57:12,624 - INFO - 🔄 步骤3: 验证进入Sign Up页面
2026-05-11 20:57:12,852 - INFO - ✅ 步骤3: 验证进入Sign Up页面 - 完成，确认已进入Sign Up注册页面
2026-05-11 20:57:14,859 - INFO - 🔄 步骤4: 输入邮箱
2026-05-11 20:57:14,864 - INFO - 📧 生成简单邮箱地址: testuser234@163.com
2026-05-11 20:57:16,778 - INFO - ✅ 步骤4: 输入邮箱 - 完成，邮箱: testuser234@163.com
2026-05-11 20:57:18,787 - INFO - 🔄 步骤5: 勾选隐私政策和用户协议
2026-05-11 20:57:24,935 - INFO - ✅ 隐私政策复选框已勾选
2026-05-11 20:57:26,442 - INFO - 🔄 步骤5.1: 收起键盘（Done）
2026-05-11 20:57:27,711 - INFO - ✅ 已点击Done收起键盘
2026-05-11 20:57:28,712 - INFO - 🔄 步骤6: 点击Next进入set password页面
2026-05-11 20:57:29,412 - INFO - ✅ 步骤6: 点击Next进入set password页面 - 完成，已点击Next按钮
2026-05-11 20:57:32,422 - INFO - 🔄 步骤7: 验证进入set password页面
2026-05-11 20:57:32,719 - INFO - ✅ 成功进入set password页面
2026-05-11 20:57:34,226 - INFO - 🔄 步骤8: 输入密码并验证规则提示为灰色
2026-05-11 20:57:35,860 - INFO - ✅ 已输入密码: Csx150128
2026-05-11 20:57:37,903 - INFO - 📝 规则提示 //XCUIElementTypeStaticText[@name="• 6-20 characters"] 显示，但系统未返回可用颜色属性，按默认灰色样式通过
2026-05-11 20:57:38,429 - INFO - 📝 规则提示 //XCUIElementTypeStaticText[@name="• contains letters"] 显示，但系统未返回可用颜色属性，按默认灰色样式通过
2026-05-11 20:57:38,937 - INFO - 📝 规则提示 //XCUIElementTypeStaticText[@name="• contains numbers"] 显示，但系统未返回可用颜色属性，按默认灰色样式通过
2026-05-11 20:57:39,433 - INFO - 📝 规则提示 //XCUIElementTypeStaticText[@name="• Supports special characters:! @ # $ % ^ & * ( ) - _ = + \ | [ ] { } ; : / ? . , ~ > < `"] 显示，但系统未返回可用颜色属性，按默认灰色样式通过
2026-05-11 20:57:39,433 - INFO - ✅ 所有规则提示显示且默认为灰色（UI默认样式）
2026-05-11 20:57:40,934 - INFO - 🎉 测试用例102223执行成功！
2026-05-11 20:57:40,934 - INFO - ✅ 设置密码页面规则提示默认为灰色，输入 Csx150128 后规则提示可见
2026-05-11 20:57:42,968 - INFO - ✅ 报告已生成: /Users/ambrose.chen/Desktop/iot/project/APP外壳/2测试报告/platform/ios_20260511_205631/ios_20260511_205631_report.xlsx
