2026-05-07 20:24:08,233 - INFO - 🔄 步骤1: 重置APP，检测登录状态并登出
2026-05-07 20:24:14,174 - INFO -     ✅ APP已重置
2026-05-07 20:24:29,380 - INFO -     ℹ️ 未检测到登录状态，已在登录页面
2026-05-07 20:24:29,381 - INFO - ✅ 步骤1: 重置APP，检测登录状态并登出 - 完成
2026-05-07 20:24:29,381 - INFO - 🔄 步骤2: 点击登录按钮进入Sign in页面
2026-05-07 20:24:30,380 - INFO - ✅ 步骤2: 点击登录按钮进入Sign in页面 - 完成
2026-05-07 20:24:31,885 - INFO - 🔄 步骤3: 点击邮箱框，输入邮箱
2026-05-07 20:25:12,829 - INFO -     ✅ 邮箱输入完成: haoc51888@gmail.com
2026-05-07 20:25:13,839 - INFO - ✅ 步骤3: 点击邮箱框，输入邮箱 - 完成
2026-05-07 20:25:13,839 - INFO - 🔄 步骤4: 点击键盘Done，收起键盘
2026-05-07 20:25:15,121 - INFO - ✅ 步骤4: 点击键盘Done，收起键盘 - 完成
2026-05-07 20:25:16,127 - INFO - 🔄 步骤5: 点击协议勾选框（勾选用户协议和隐私政策）
2026-05-07 20:25:16,895 - INFO - ✅ 步骤5: 点击协议勾选框（勾选用户协议和隐私政策） - 完成
2026-05-07 20:25:17,905 - INFO - 🔄 步骤6: 验证密码输入框为空（不输入密码）
2026-05-07 20:25:18,160 - INFO -     ✅ 密码输入框为空
2026-05-07 20:25:18,160 - INFO - ✅ 步骤6: 验证密码输入框为空（不输入密码） - 完成，密码输入框为空
2026-05-07 20:25:18,160 - INFO - 🔄 步骤7: 点击登录按钮（已勾选用户协议和隐私政策，但不输入密码）
2026-05-07 20:25:18,958 - INFO - ✅ 步骤7: 点击登录按钮（已勾选用户协议和隐私政策，但不输入密码） - 完成
2026-05-07 20:25:20,961 - INFO - 🔄 步骤8: 断言页面显示错误提示信息
2026-05-07 20:25:21,283 - INFO -     ✅ 找到错误提示信息: Incorrect password. Please confirm and try again.
2026-05-07 20:25:21,283 - INFO - ✅ 步骤8: 断言页面显示错误提示信息 - 完成，错误提示信息已显示
2026-05-07 20:25:21,283 - INFO - 🎉 测试用例102655执行成功！
2026-05-07 20:25:21,307 - INFO - ✅ 报告已生成: /Users/ambrose.chen/Desktop/iot/project/APP外壳/2测试报告/platform/ios_20260507_202406/ios_20260507_202406_report.xlsx
