2026-05-08 20:25:59,813 - INFO - 🔄 步骤0: 登出，确保从登出状态开始测试
2026-05-08 20:25:59,814 - INFO - 开始登出流程...
2026-05-08 20:26:30,717 - INFO - 未检测到home sel/mine sel/mine，跳过登出流程
2026-05-08 20:26:30,717 - INFO - ✅ 步骤0: 登出，确保从登出状态开始测试 - 完成
2026-05-08 20:26:32,724 - INFO - 🔄 步骤1: 验证在APP首页（登录页面）
2026-05-08 20:26:32,880 - INFO - ✅ 步骤1: 验证在APP首页（登录页面） - 完成，确认在APP首页（登录页面）
2026-05-08 20:26:34,882 - INFO - 🔄 步骤2: 点击Sign Up按钮进入注册页面
2026-05-08 20:26:35,842 - INFO - ✅ 步骤2: 点击Sign Up按钮进入注册页面 - 完成
2026-05-08 20:26:38,851 - INFO - 🔄 步骤3: 验证进入Sign Up页面
2026-05-08 20:26:39,085 - INFO - ✅ 步骤3: 验证进入Sign Up页面 - 完成，确认已进入Sign Up注册页面
2026-05-08 20:26:41,094 - INFO - 🔄 步骤4: 验证不输入邮箱（确保邮箱输入框为空）
2026-05-08 20:26:43,336 - INFO - 📝 邮箱输入框内容: 'Email'
2026-05-08 20:26:43,336 - INFO - ✅ 步骤4: 验证不输入邮箱（确保邮箱输入框为空） - 完成，邮箱输入框为空
2026-05-08 20:26:45,346 - INFO - 🔄 步骤5: 点击Done按钮收起键盘
2026-05-08 20:26:46,717 - INFO - ✅ 步骤5: 点击Done按钮收起键盘 - 完成
2026-05-08 20:26:48,726 - INFO - 🔄 步骤6: 勾选隐私政策和用户协议
2026-05-08 20:26:54,573 - INFO - ✅ 已勾选隐私政策复选框
2026-05-08 20:26:55,583 - INFO - ✅ 步骤6: 勾选隐私政策和用户协议 - 完成，隐私政策复选框已勾选
2026-05-08 20:26:57,590 - INFO - 🔄 步骤7: 点击Next按钮
2026-05-08 20:26:57,828 - INFO - ✅ 点击前确认隐私协议元素存在
2026-05-08 20:26:58,522 - INFO - ✅ 步骤7: 点击Next按钮 - 完成，已点击Next按钮
2026-05-08 20:27:00,524 - INFO - 🔄 步骤8: 验证点击后仍停留在当前页面，页面出现提示信息
2026-05-08 20:27:00,766 - INFO - ✅ 验证通过：点击Next按钮后仍停留在当前页面
2026-05-08 20:27:01,043 - INFO - 📝 提示信息内容: Please sign up using your email address
2026-05-08 20:27:01,043 - INFO - ✅ 步骤8: 验证点击后仍停留在当前页面，页面出现提示信息 - 完成
2026-05-08 20:27:01,043 - INFO - ✅ 验证通过：页面显示提示信息: Please sign up using your email address
2026-05-08 20:27:03,043 - INFO - 🎉 测试用例102192执行成功！
2026-05-08 20:27:03,044 - INFO - ✅ 验证注册时，不输入邮箱，点击"下一步"：停留在当前页面并显示提示信息
2026-05-08 20:27:05,076 - INFO - ✅ 报告已生成: /Users/ambrose.chen/Desktop/iot/project/APP外壳/2测试报告/platform/ios_20260508_202558/ios_20260508_202558_report.xlsx
