2026-05-20 11:19:01,294 - INFO - 🔄 步骤1: 重启APP
2026-05-20 11:19:01,295 - INFO -     🔄 driver.terminate_app / activate_app: com.xingmai.tech
2026-05-20 11:19:06,208 - INFO -     ✅ APP 已重启
2026-05-20 11:19:06,208 - INFO - ✅ 步骤1: 重启APP - 完成
2026-05-20 11:19:06,208 - INFO - 🔄 步骤2: 检测登录状态并确保在登录/注册入口页
2026-05-20 11:19:06,212 - INFO -     🔄 检测已登录元素: //android.view.View[@content-desc="More"]
2026-05-20 11:19:06,341 - INFO -     🔄 检测已登录元素: //*[@content-desc="More"]
2026-05-20 11:19:06,959 - INFO -     ℹ️ 未检测到 More，判定未登录
2026-05-20 11:19:06,959 - INFO -     🔄 等待登录/注册入口页: //*[(@text="Sign In" or @text="Sign Up") or contains(@text,"Sign In") or contains(@text,"Sign Up") or @content-desc="Sign In" or @content-desc="Sign Up"]
2026-05-20 11:19:07,006 - INFO -     ✅ 已处于登录/注册入口页
2026-05-20 11:19:07,007 - INFO - ✅ 步骤2: 检测登录状态并确保在登录/注册入口页 - 完成
2026-05-20 11:19:07,007 - INFO - 🔄 步骤3: 点击 Sign In 进入登录页
2026-05-20 11:19:07,007 - INFO -     🔄 定位 Sign In: //android.widget.TextView[@text="Sign In"]
2026-05-20 11:19:07,065 - INFO -     ✅ 找到 Sign In: //android.widget.TextView[@text="Sign In"]
2026-05-20 11:19:07,711 - INFO - ✅ 步骤3: 点击 Sign In 进入登录页 - 完成
2026-05-20 11:19:09,216 - INFO - 🔄 步骤4: 输入密码
2026-05-20 11:19:09,216 - INFO -     🔄 密码已填入（长度 9）
2026-05-20 11:19:10,081 - INFO -     🔄 定位: //android.widget.ScrollView/android.widget.EditText[2]
2026-05-20 11:19:10,470 - INFO - ✅ 步骤4: 输入密码 - 完成
2026-05-20 11:19:10,470 - INFO - 🔄 步骤5: 点击 lock 显示明文
2026-05-20 11:19:11,364 - INFO - ✅ 步骤5: 点击 lock 显示明文 - 完成
2026-05-20 11:19:11,364 - INFO - 🔄 步骤6: 再次点击 lock 隐藏密码
2026-05-20 11:19:12,465 - INFO - ✅ 步骤6: 再次点击 lock 隐藏密码 - 完成
2026-05-20 11:19:12,466 - INFO - 🎉 测试用例 200019 执行成功！
2026-05-20 11:19:12,495 - INFO - ✅ 报告已生成: /Users/ambrose.chen/Desktop/iot/project/APP外壳/2测试报告/platform/android_20260520_111858/android_20260520_111858_report.xlsx
