2026-05-08 10:24:13,540 - INFO - 🔄 步骤0: 登出，确保从登出状态开始测试
2026-05-08 10:24:13,540 - INFO - 开始登出流程...
2026-05-08 10:24:44,489 - INFO - 未检测到home sel/mine sel/mine，跳过登出流程
2026-05-08 10:24:44,490 - INFO - ✅ 步骤0: 登出，确保从登出状态开始测试 - 完成
2026-05-08 10:24:46,495 - INFO - 🔄 步骤1: 验证在APP首页（登录页面）
2026-05-08 10:24:46,667 - INFO - ✅ 步骤1: 验证在APP首页（登录页面） - 完成，确认在APP首页（登录页面）
2026-05-08 10:24:48,671 - INFO - 🔄 步骤2: 点击Sign Up按钮进入注册页面
2026-05-08 10:24:49,635 - INFO - ✅ 步骤2: 点击Sign Up按钮进入注册页面 - 完成
2026-05-08 10:24:52,637 - INFO - 🔄 步骤3: 验证进入Sign Up页面
2026-05-08 10:24:52,879 - INFO - ✅ 步骤3: 验证进入Sign Up页面 - 完成，确认已进入Sign Up注册页面
2026-05-08 10:24:54,884 - INFO - 🔄 步骤4: 国家切为china
2026-05-08 10:24:55,929 - INFO - ✅ 已点击国家栏下拉按钮
2026-05-08 10:26:08,368 - INFO - ✅ 已输入搜索关键词: China
2026-05-08 10:26:11,864 - INFO - ✅ 已选择国家: china，命中的元素: China
2026-05-08 10:26:14,867 - INFO - ✅ 步骤4: 国家切为china - 完成，已切换国家为china
2026-05-08 10:26:16,871 - INFO - 🔄 步骤5: 输入正确邮箱（调用共用脚本生成）
2026-05-08 10:26:16,875 - INFO - 📧 生成简单邮箱地址: testuser130@163.com
2026-05-08 10:26:18,871 - INFO - ✅ 步骤5: 输入正确邮箱（调用共用脚本生成） - 完成，邮箱: testuser130@163.com
2026-05-08 10:26:20,876 - INFO - 🔄 步骤6: 点击Done按钮收起键盘
2026-05-08 10:26:22,126 - INFO - ✅ 步骤6: 点击Done按钮收起键盘 - 完成
2026-05-08 10:26:24,132 - INFO - 🔄 步骤7: 勾选隐私政策和用户协议
2026-05-08 10:26:29,907 - INFO - ✅ 隐私政策复选框已勾选
2026-05-08 10:26:30,909 - INFO - ✅ 步骤7: 勾选隐私政策和用户协议 - 完成
2026-05-08 10:26:32,913 - INFO - 🔄 步骤8: 点击Next按钮进入密码设置
2026-05-08 10:26:33,631 - INFO - ✅ 步骤8: 点击Next按钮进入密码设置 - 完成
2026-05-08 10:26:36,636 - INFO - 🔄 步骤9: 设置密码
2026-05-08 10:26:41,785 - INFO - ✅ 步骤9: 设置密码 - 完成
2026-05-08 10:26:43,787 - INFO - 🔄 步骤10: 点击Done按钮收起键盘
2026-05-08 10:26:45,009 - INFO - ✅ 步骤10: 点击Done按钮收起键盘 - 完成
2026-05-08 10:26:47,009 - INFO - 🔄 步骤11: 点击Next按钮进入个人信息页面
2026-05-08 10:26:48,002 - INFO - ✅ 步骤11: 点击Next按钮进入个人信息页面 - 完成
2026-05-08 10:26:51,007 - INFO - 🔄 步骤12: 点击Submit按钮完成注册
2026-05-08 10:27:01,259 - INFO - ❌ 步骤12: 点击Submit按钮完成注册失败: 无法找到或点击Submit按钮 - Message: 

2026-05-08 10:27:01,260 - INFO - 
============================================================
2026-05-08 10:27:01,260 - INFO - ❌ 测试失败
2026-05-08 10:27:01,260 - INFO - 📍 失败步骤: 步骤12: 点击Submit按钮完成注册
2026-05-08 10:27:01,260 - INFO - 📝 失败原因: 步骤12: 点击Submit按钮完成注册失败: 无法找到或点击Submit按钮 - Message: 

2026-05-08 10:27:01,260 - INFO - ============================================================
2026-05-08 10:27:01,264 - INFO - Traceback (most recent call last):

2026-05-08 10:27:01,264 - INFO -   File "/Users/ambrose.chen/Desktop/iot/project/APP外壳/3功能/1平台/IOS/2注册/102195 验证注册地为"中国"，正确邮箱，可以注册.py", line 355, in test_102195
    submit_btn = WebDriverWait(driver, 10).until(
                 ^^^^^^^^^^^^^^^^^^^^^^^^^^^^^^^^

2026-05-08 10:27:01,264 - INFO -   File "/Library/Frameworks/Python.framework/Versions/3.11/lib/python3.11/site-packages/selenium/webdriver/support/wait.py", line 138, in until
    raise TimeoutException(message, screen, stacktrace)

2026-05-08 10:27:01,264 - INFO - selenium.common.exceptions.TimeoutException: Message: 


2026-05-08 10:27:01,557 - INFO - 已保存test_102195_failed失败截图: screenshots/test_102195_failed_1778207221.png
2026-05-08 10:27:01,571 - INFO - ✅ 报告已生成: /Users/ambrose.chen/Desktop/iot/project/APP外壳/2测试报告/platform/ios_20260508_102410/ios_20260508_102410_report.xlsx
