2026-05-11 19:24:52,576 - INFO - 🔄 步骤1: 重置APP，检测登录状态并登出
2026-05-11 19:24:58,526 - INFO -     ✅ APP已重置
2026-05-11 19:25:13,745 - INFO -     ℹ️ 未检测到登录状态，已在登录页面
2026-05-11 19:25:13,747 - INFO - ✅ 步骤1: 重置APP，检测登录状态并登出 - 完成
2026-05-11 19:25:13,747 - INFO - 🔄 步骤2: 点击登录按钮进入Sign in页面
2026-05-11 19:25:14,751 - INFO - ✅ 步骤2: 点击登录按钮进入Sign in页面 - 完成
2026-05-11 19:25:16,257 - INFO - 🔄 步骤3: 验证邮箱输入框为空（不输入邮箱）
2026-05-11 19:25:16,503 - INFO -     ✅ 邮箱输入框为空
2026-05-11 19:25:16,503 - INFO - ✅ 步骤3: 验证邮箱输入框为空（不输入邮箱） - 完成，邮箱输入框为空
2026-05-11 19:25:16,503 - INFO - 🔄 步骤4: 点击密码框，输入密码
2026-05-11 19:25:57,192 - INFO -     ✅ 密码输入完成
2026-05-11 19:25:58,199 - INFO - ✅ 步骤4: 点击密码框，输入密码 - 完成
2026-05-11 19:25:58,200 - INFO - 🔄 步骤5: 点击键盘Done，收起键盘
2026-05-11 19:25:59,434 - INFO - ✅ 步骤5: 点击键盘Done，收起键盘 - 完成
2026-05-11 19:26:00,442 - INFO - 🔄 步骤6: 点击协议勾选框（勾选用户协议和隐私政策）
2026-05-11 19:26:01,206 - INFO - ✅ 步骤6: 点击协议勾选框（勾选用户协议和隐私政策） - 完成
2026-05-11 19:26:02,214 - INFO - 🔄 步骤7: 点击登录按钮（已勾选用户协议和隐私政策，但不输入邮箱但输入了密码）
2026-05-11 19:26:03,038 - INFO - ✅ 步骤7: 点击登录按钮（已勾选用户协议和隐私政策，但不输入邮箱但输入了密码） - 完成
2026-05-11 19:26:05,042 - INFO - 🔄 步骤8: 断言页面显示错误提示信息
2026-05-11 19:26:05,365 - INFO -     ✅ 找到错误提示信息: Please enter a valid email address.
2026-05-11 19:26:05,365 - INFO - ✅ 步骤8: 断言页面显示错误提示信息 - 完成，错误提示信息已显示
2026-05-11 19:26:05,365 - INFO - 🎉 测试用例102653执行成功！
2026-05-11 19:26:05,395 - INFO - ✅ 报告已生成: /Users/ambrose.chen/Desktop/iot/project/APP外壳/2测试报告/platform/ios_20260511_192450/ios_20260511_192450_report.xlsx
