2026-05-08 20:43:40,111 - INFO - 🔄 步骤0: 登出，确保从登出状态开始测试
2026-05-08 20:43:40,111 - INFO - 开始登出流程...
2026-05-08 20:44:11,017 - INFO - 未检测到home sel/mine sel/mine，跳过登出流程
2026-05-08 20:44:11,017 - INFO - ✅ 步骤0: 登出，确保从登出状态开始测试 - 完成
2026-05-08 20:44:13,019 - INFO - 🔄 步骤1: 验证在APP首页（登录页面）
2026-05-08 20:44:13,179 - INFO - ✅ 步骤1: 验证在APP首页（登录页面） - 完成，确认在APP首页（登录页面）
2026-05-08 20:44:15,184 - INFO - 🔄 步骤2: 点击Sign Up按钮进入注册页面
2026-05-08 20:44:16,141 - INFO - ✅ 步骤2: 点击Sign Up按钮进入注册页面 - 完成
2026-05-08 20:44:19,149 - INFO - 🔄 步骤3: 验证进入Sign Up页面
2026-05-08 20:44:19,384 - INFO - ✅ 步骤3: 验证进入Sign Up页面 - 完成，确认已进入Sign Up注册页面
2026-05-08 20:44:21,387 - INFO - 🔄 步骤4: 输入邮箱
2026-05-08 20:44:21,390 - INFO - 📧 生成简单邮箱地址: testuser158@163.com
2026-05-08 20:44:23,366 - INFO - ✅ 步骤4: 输入邮箱 - 完成，邮箱: testuser158@163.com
2026-05-08 20:44:25,372 - INFO - 🔄 步骤5: 勾选隐私政策和用户协议
2026-05-08 20:44:31,494 - INFO - ✅ 隐私政策复选框已勾选
2026-05-08 20:44:33,003 - INFO - 🔄 步骤5.1: 收起键盘（Done）
2026-05-08 20:44:34,279 - INFO - ✅ 已点击Done收起键盘
2026-05-08 20:44:35,286 - INFO - 🔄 步骤6: 点击Next按钮
2026-05-08 20:44:35,985 - INFO - ✅ 步骤6: 点击Next按钮 - 完成，已点击Next按钮
2026-05-08 20:44:38,994 - INFO - 🔄 步骤7: 验证跳转到set password页面
2026-05-08 20:44:39,271 - INFO - ✅ 步骤7: 验证跳转到set password页面 - 完成
2026-05-08 20:44:39,271 - INFO - ✅ 验证通过：跳转到set password页面，用例执行成功
2026-05-08 20:44:41,280 - INFO - 🎉 测试用例102204执行成功！
2026-05-08 20:44:41,281 - INFO - ✅ 验证勾选隐私政策后再填邮箱，Next变深可点击且跳转到set password页面
2026-05-08 20:44:43,316 - INFO - ✅ 报告已生成: /Users/ambrose.chen/Desktop/iot/project/APP外壳/2测试报告/platform/ios_20260508_204338/ios_20260508_204338_report.xlsx
