2026-05-07 22:15:02,023 - INFO - 🔄 步骤0: 登出，确保从登出状态开始测试
2026-05-07 22:15:02,024 - INFO - 开始登出流程...
2026-05-07 22:15:32,941 - INFO - 未检测到home sel/mine sel/mine，跳过登出流程
2026-05-07 22:15:32,941 - INFO - ✅ 步骤0: 登出，确保从登出状态开始测试 - 完成
2026-05-07 22:15:34,947 - INFO - 🔄 步骤1: 验证在APP首页（登录页面）
2026-05-07 22:15:35,111 - INFO - ✅ 步骤1: 验证在APP首页（登录页面） - 完成，确认在APP首页（登录页面）
2026-05-07 22:15:37,121 - INFO - 🔄 步骤2: 点击Sign Up按钮进入注册页面
2026-05-07 22:15:38,072 - INFO - ✅ 步骤2: 点击Sign Up按钮进入注册页面 - 完成
2026-05-07 22:15:41,075 - INFO - 🔄 步骤3: 验证进入Sign Up页面
2026-05-07 22:15:41,309 - INFO - ✅ 步骤3: 验证进入Sign Up页面 - 完成，确认已进入Sign Up注册页面
2026-05-07 22:15:43,319 - INFO - 🔄 步骤4: 输入邮箱
2026-05-07 22:15:43,322 - INFO - 📧 生成简单邮箱地址: testuser123@163.com
2026-05-07 22:15:45,236 - INFO - ✅ 步骤4: 输入邮箱 - 完成，邮箱: testuser123@163.com
2026-05-07 22:15:47,243 - INFO - 🔄 步骤5: 勾选隐私政策和用户协议
2026-05-07 22:15:53,218 - INFO - ✅ 隐私政策复选框已勾选
2026-05-07 22:15:54,725 - INFO - 🔄 步骤5.1: 收起键盘（Done）
2026-05-07 22:15:56,026 - INFO - ✅ 已点击Done收起键盘
2026-05-07 22:15:57,034 - INFO - 🔄 步骤6: 点击Next进入set password页面
2026-05-07 22:15:57,740 - INFO - ✅ 步骤6: 点击Next进入set password页面 - 完成，已点击Next按钮
2026-05-07 22:16:00,749 - INFO - 🔄 步骤7: 验证进入set password页面
2026-05-07 22:16:01,052 - INFO - ✅ 成功进入set password页面
2026-05-07 22:16:02,559 - INFO - 🔄 步骤8: 输入密码并验证默认密文
2026-05-07 22:16:04,205 - INFO - ✅ 已输入密码: Csx150128
2026-05-07 22:16:05,387 - INFO - 📝 默认状态 value: '•••••••••', type: 'XCUIElementTypeSecureTextField'
2026-05-07 22:16:05,387 - INFO - ✅ 默认为密文显示
2026-05-07 22:16:06,390 - INFO - 🔄 步骤9: 点击眼睛切换明文
2026-05-07 22:16:08,736 - INFO - 📝 明文状态 value: 'Csx150128', type: 'XCUIElementTypeTextField'
2026-05-07 22:16:08,737 - INFO - ✅ 点击一次眼睛后显示明文
2026-05-07 22:16:09,745 - INFO - 🔄 步骤10: 再次点击眼睛切回密文
2026-05-07 22:16:12,197 - INFO - 📝 再次密文状态 value: '•••••••••', type: 'XCUIElementTypeSecureTextField'
2026-05-07 22:16:12,198 - INFO - ✅ 再点击一次眼睛后恢复密文显示
2026-05-07 22:16:13,201 - INFO - 🎉 测试用例102240执行成功！
2026-05-07 22:16:13,202 - INFO - ✅ 密码默认密文，点击眼睛切换明文，再点击恢复密文
2026-05-07 22:16:15,238 - INFO - ✅ 报告已生成: /Users/ambrose.chen/Desktop/iot/project/APP外壳/2测试报告/platform/ios_20260507_221500/ios_20260507_221500_report.xlsx
