2026-05-07 21:31:49,091 - INFO - 🔄 步骤0: 登出，确保从登出状态开始测试
2026-05-07 21:31:49,092 - INFO - 开始登出流程...
2026-05-07 21:32:20,003 - INFO - 未检测到home sel/mine sel/mine，跳过登出流程
2026-05-07 21:32:20,003 - INFO - ✅ 步骤0: 登出，确保从登出状态开始测试 - 完成
2026-05-07 21:32:22,007 - INFO - 🔄 步骤1: 验证在APP首页（登录页面）
2026-05-07 21:32:22,166 - INFO - ✅ 步骤1: 验证在APP首页（登录页面） - 完成，确认在APP首页（登录页面）
2026-05-07 21:32:24,170 - INFO - 🔄 步骤2: 点击Sign Up按钮进入注册页面
2026-05-07 21:32:25,130 - INFO - ✅ 步骤2: 点击Sign Up按钮进入注册页面 - 完成
2026-05-07 21:32:28,137 - INFO - 🔄 步骤3: 验证进入Sign Up页面
2026-05-07 21:32:28,371 - INFO - ✅ 步骤3: 验证进入Sign Up页面 - 完成，确认已进入Sign Up注册页面
2026-05-07 21:32:30,376 - INFO - 🔄 步骤4: 邮箱输入纯数字
2026-05-07 21:32:32,298 - INFO - ✅ 步骤4: 邮箱输入纯数字 - 完成，输入纯数字邮箱: 1234567890
2026-05-07 21:32:34,305 - INFO - 🔄 步骤5: 勾选隐私政策和用户协议
2026-05-07 21:32:40,259 - INFO - ✅ 隐私政策复选框已勾选
2026-05-07 21:32:41,761 - INFO - 🔄 步骤5.1: 收起键盘（Done）
2026-05-07 21:32:43,061 - INFO - ✅ 已点击Done收起键盘
2026-05-07 21:32:44,068 - INFO - 🔄 步骤6: 点击Next按钮
2026-05-07 21:32:44,727 - INFO - ✅ 步骤6: 点击Next按钮 - 完成，已尝试点击Next按钮
2026-05-07 21:32:46,736 - INFO - 🔄 步骤7: 验证停留当前页面并出现提示
2026-05-07 21:32:57,675 - INFO - ✅ 找到提示信息元素，选择器: //XCUIElementTypeStaticText[@name="Please sign up using your email address"]
2026-05-07 21:32:57,675 - INFO - ✅ 步骤7: 验证停留当前页面并出现提示 - 完成，提示信息: Please sign up using your email address
2026-05-07 21:32:59,684 - INFO - 🎉 测试用例102206执行成功！
2026-05-07 21:32:59,685 - INFO - ✅ 验证输入纯数字邮箱，勾选隐私政策后点击Next，停留当前页并提示“Please sign up using your email address”
2026-05-07 21:33:01,715 - INFO - ✅ 报告已生成: /Users/ambrose.chen/Desktop/iot/project/APP外壳/2测试报告/platform/ios_20260507_213147/ios_20260507_213147_report.xlsx
