2026-05-07 21:56:16,555 - INFO - 🔄 步骤0: 登出，确保从登出状态开始测试
2026-05-07 21:56:16,556 - INFO - 开始登出流程...
2026-05-07 21:56:47,453 - INFO - 未检测到home sel/mine sel/mine，跳过登出流程
2026-05-07 21:56:47,454 - INFO - ✅ 步骤0: 登出，确保从登出状态开始测试 - 完成
2026-05-07 21:56:49,460 - INFO - 🔄 步骤1: 验证在APP首页（登录页面）
2026-05-07 21:56:49,622 - INFO - ✅ 步骤1: 验证在APP首页（登录页面） - 完成，确认在APP首页（登录页面）
2026-05-07 21:56:51,630 - INFO - 🔄 步骤2: 点击Sign Up按钮进入注册页面
2026-05-07 21:56:52,605 - INFO - ✅ 步骤2: 点击Sign Up按钮进入注册页面 - 完成
2026-05-07 21:56:55,611 - INFO - 🔄 步骤3: 验证进入Sign Up页面
2026-05-07 21:56:55,852 - INFO - ✅ 步骤3: 验证进入Sign Up页面 - 完成，确认已进入Sign Up注册页面
2026-05-07 21:56:57,859 - INFO - 🔄 步骤4: 输入邮箱
2026-05-07 21:56:57,862 - INFO - 📧 生成简单邮箱地址: testuser109@163.com
2026-05-07 21:56:59,758 - INFO - ✅ 步骤4: 输入邮箱 - 完成，邮箱: testuser109@163.com
2026-05-07 21:57:01,765 - INFO - 🔄 步骤5: 勾选隐私政策和用户协议
2026-05-07 21:57:07,831 - INFO - ✅ 隐私政策复选框已勾选
2026-05-07 21:57:09,342 - INFO - 🔄 步骤5.1: 收起键盘（Done）
2026-05-07 21:57:10,759 - INFO - ✅ 已点击Done收起键盘
2026-05-07 21:57:11,767 - INFO - 🔄 步骤6: 点击Next进入set password页面
2026-05-07 21:57:12,468 - INFO - ✅ 步骤6: 点击Next进入set password页面 - 完成，已点击Next按钮
2026-05-07 21:57:15,476 - INFO - 🔄 步骤7: 验证进入set password页面
2026-05-07 21:57:15,768 - INFO - ✅ 成功进入set password页面
2026-05-07 21:57:17,278 - INFO - 🔄 步骤8: 输入6位密码并确认
2026-05-07 21:57:19,000 - INFO - ✅ 已输入密码: Csx150
2026-05-07 21:57:20,851 - INFO - ✅ 已输入确认密码: Csx150
2026-05-07 21:57:23,092 - INFO - ✅ 密码页已点击Done收起键盘
2026-05-07 21:57:24,097 - INFO - 🔄 步骤9: 点击Next进入用户名页面
2026-05-07 21:57:25,056 - INFO - ✅ 已点击密码页Next按钮
2026-05-07 21:57:28,063 - INFO - 🔄 步骤10: 用户名页面点击Skip并验证跳转主页面
2026-05-07 21:57:40,932 - INFO - ✅ 找到Skip元素: //XCUIElementTypeButton[@name="Skip"]
2026-05-07 21:57:41,348 - INFO - ✅ 已点击Skip跳过用户名
2026-05-07 21:57:44,587 - INFO - ✅ 主页面标识元素存在: //XCUIElementTypeButton[@name="home sel"]
2026-05-07 21:57:45,595 - INFO - 🎉 测试用例102226执行成功！
2026-05-07 21:57:45,596 - INFO - ✅ 密码等于6位时可继续，提交后成功进入主页面
2026-05-07 21:57:47,626 - INFO - ✅ 报告已生成: /Users/ambrose.chen/Desktop/iot/project/APP外壳/2测试报告/platform/ios_20260507_215614/ios_20260507_215614_report.xlsx
