2026-05-12 10:47:52,162 - INFO - 🔄 步骤0: 登出，确保从登出状态开始测试
2026-05-12 10:47:52,162 - INFO - 开始登出流程...
2026-05-12 10:48:23,104 - INFO - 未检测到home sel/mine sel/mine，跳过登出流程
2026-05-12 10:48:23,108 - INFO - ✅ 步骤0: 登出，确保从登出状态开始测试 - 完成
2026-05-12 10:48:25,113 - INFO - 🔄 步骤1: 验证在APP首页（登录页面）
2026-05-12 10:48:25,284 - INFO - ✅ 步骤1: 验证在APP首页（登录页面） - 完成，确认在APP首页（登录页面）
2026-05-12 10:48:27,288 - INFO - 🔄 步骤2: 点击Sign Up按钮进入注册页面
2026-05-12 10:48:28,232 - INFO - ✅ 步骤2: 点击Sign Up按钮进入注册页面 - 完成
2026-05-12 10:48:31,237 - INFO - 🔄 步骤3: 验证进入Sign Up页面
2026-05-12 10:48:31,475 - INFO - ✅ 步骤3: 验证进入Sign Up页面 - 完成，确认已进入Sign Up注册页面
2026-05-12 10:48:33,481 - INFO - 🔄 步骤4: 国家切为china
2026-05-12 10:48:34,516 - INFO - ✅ 已点击国家栏下拉按钮
2026-05-12 10:49:47,103 - INFO - ✅ 已输入搜索关键词: China
2026-05-12 10:49:50,507 - INFO - ✅ 已选择国家: china，命中的元素: China
2026-05-12 10:49:53,512 - INFO - ✅ 步骤4: 国家切为china - 完成，已切换国家为china
2026-05-12 10:49:55,517 - INFO - 🔄 步骤5: 输入邮箱（value="Email"）
2026-05-12 10:49:55,522 - INFO - 📧 生成简单邮箱地址: testuser259@163.com
2026-05-12 10:49:57,266 - INFO - ✅ 步骤5: 输入邮箱（value="Email"） - 完成，邮箱: testuser259@163.com
2026-05-12 10:49:59,267 - INFO - 🔄 步骤6: 点击Done按钮收起键盘
2026-05-12 10:50:00,480 - INFO - ✅ 步骤6: 点击Done按钮收起键盘 - 完成
2026-05-12 10:50:02,485 - INFO - 🔄 步骤7: 勾选隐私政策和用户协议
2026-05-12 10:50:08,245 - INFO - ✅ 隐私政策复选框已勾选
2026-05-12 10:50:09,250 - INFO - ✅ 步骤7: 勾选隐私政策和用户协议 - 完成
2026-05-12 10:50:11,254 - INFO - 🔄 步骤8: 点击Next按钮进入密码设置
2026-05-12 10:50:12,122 - INFO - ✅ 步骤8: 点击Next按钮进入密码设置 - 完成
2026-05-12 10:50:15,127 - INFO - 🔄 步骤9: 设置密码
2026-05-12 10:50:20,370 - INFO - ✅ 步骤9: 设置密码 - 完成
2026-05-12 10:50:22,374 - INFO - 🔄 步骤10: 点击Done按钮收起键盘
2026-05-12 10:50:23,566 - INFO - ✅ 步骤10: 点击Done按钮收起键盘 - 完成
2026-05-12 10:50:25,613 - INFO - 🔄 步骤11: 点击Next按钮进入用户名设置页面
2026-05-12 10:50:26,650 - INFO - ✅ 步骤11: 点击Next按钮进入用户名设置页面 - 完成
2026-05-12 10:50:29,654 - INFO - 🔄 步骤12: 输入用户名（value="Username"）
2026-05-12 10:50:51,034 - INFO - ❌ 步骤12: 输入用户名（value="Username"）失败: 无法找到或输入用户名 - 未找到用户名输入框: Message: 
Stacktrace:
NoSuchElementError: An element could not be located on the page using the given search parameters.
    at XCUITestDriver.doNativeFind (/Users/ambrose.chen/.appium/node_modules/appium-xcuitest-driver/lib/commands/find.js:116:11)
    at processTicksAndRejections (node:internal/process/task_queues:103:5)
    at XCUITestDriver.findNativeElementOrElements (/Users/ambrose.chen/.appium/node_modules/appium-xcuitest-driver/lib/commands/find.js:69:10)
    at XCUITestDriver.findElOrEls (/Users/ambrose.chen/.appium/node_modules/appium-xcuitest-driver/lib/commands/find.js:13:12)
    at XCUITestDriver.findElOrElsWithProcessing (/Users/ambrose.chen/.appium/node_modules/appium-xcuitest-driver/node_modules/@appium/base-driver/lib/basedriver/commands/find.ts:60:12)
    at XCUITestDriver.findElement (/Users/ambrose.chen/.appium/node_modules/appium-xcuitest-driver/node_modules/@appium/base-driver/lib/basedriver/commands/find.ts:75:12)
2026-05-12 10:50:51,034 - INFO - 
============================================================
2026-05-12 10:50:51,034 - INFO - ❌ 测试失败
2026-05-12 10:50:51,034 - INFO - 📍 失败步骤: 步骤12: 输入用户名（value="Username"）
2026-05-12 10:50:51,034 - INFO - 📝 失败原因: 步骤12: 输入用户名（value="Username"）失败: 无法找到或输入用户名 - 未找到用户名输入框: Message: 
Stacktrace:
NoSuchElementError: An element could not be located on the page using the given search parameters.
    at XCUITestDriver.doNativeFind (/Users/ambrose.chen/.appium/node_modules/appium-xcuitest-driver/lib/commands/find.js:116:11)
    at processTicksAndRejections (node:internal/process/task_queues:103:5)
    at XCUITestDriver.findNativeElementOrElements (/Users/ambrose.chen/.appium/node_modules/appium-xcuitest-driver/lib/commands/find.js:69:10)
    at XCUITestDriver.findElOrEls (/Users/ambrose.chen/.appium/node_modules/appium-xcuitest-driver/lib/commands/find.js:13:12)
    at XCUITestDriver.findElOrElsWithProcessing (/Users/ambrose.chen/.appium/node_modules/appium-xcuitest-driver/node_modules/@appium/base-driver/lib/basedriver/commands/find.ts:60:12)
    at XCUITestDriver.findElement (/Users/ambrose.chen/.appium/node_modules/appium-xcuitest-driver/node_modules/@appium/base-driver/lib/basedriver/commands/find.ts:75:12)
2026-05-12 10:50:51,034 - INFO - ============================================================
2026-05-12 10:50:51,038 - INFO - Traceback (most recent call last):

2026-05-12 10:50:51,038 - INFO -   File "/Users/ambrose.chen/Desktop/iot/project/APP外壳/3功能/1平台/IOS/2注册/102195 验证注册地为"中国"，正确邮箱，可以注册.py", line 409, in test_102195
    raise Exception(f"未找到用户名输入框: {last_err}")

2026-05-12 10:50:51,038 - INFO - Exception: 未找到用户名输入框: Message: 
Stacktrace:
NoSuchElementError: An element could not be located on the page using the given search parameters.
    at XCUITestDriver.doNativeFind (/Users/ambrose.chen/.appium/node_modules/appium-xcuitest-driver/lib/commands/find.js:116:11)
    at processTicksAndRejections (node:internal/process/task_queues:103:5)
    at XCUITestDriver.findNativeElementOrElements (/Users/ambrose.chen/.appium/node_modules/appium-xcuitest-driver/lib/commands/find.js:69:10)
    at XCUITestDriver.findElOrEls (/Users/ambrose.chen/.appium/node_modules/appium-xcuitest-driver/lib/commands/find.js:13:12)
    at XCUITestDriver.findElOrElsWithProcessing (/Users/ambrose.chen/.appium/node_modules/appium-xcuitest-driver/node_modules/@appium/base-driver/lib/basedriver/commands/find.ts:60:12)
    at XCUITestDriver.findElement (/Users/ambrose.chen/.appium/node_modules/appium-xcuitest-driver/node_modules/@appium/base-driver/lib/basedriver/commands/find.ts:75:12)

2026-05-12 10:50:51,300 - INFO - 已保存test_102195_failed失败截图: screenshots/test_102195_failed_1778554251.png
2026-05-12 10:50:51,329 - INFO - ✅ 报告已生成: /Users/ambrose.chen/Desktop/iot/project/APP外壳/2测试报告/platform/ios_20260512_104750/ios_20260512_104750_report.xlsx
