2026-05-11 20:45:27,014 - INFO - 🔄 步骤0: 登出，确保从登出状态开始测试
2026-05-11 20:45:27,014 - INFO - 开始登出流程...
2026-05-11 20:45:57,927 - INFO - 未检测到home sel/mine sel/mine，跳过登出流程
2026-05-11 20:45:57,928 - INFO - ✅ 步骤0: 登出，确保从登出状态开始测试 - 完成
2026-05-11 20:45:59,937 - INFO - 🔄 步骤1: 验证在APP首页（登录页面）
2026-05-11 20:46:00,103 - INFO - ✅ 步骤1: 验证在APP首页（登录页面） - 完成，确认在APP首页（登录页面）
2026-05-11 20:46:02,108 - INFO - 🔄 步骤2: 点击Sign Up按钮进入注册页面
2026-05-11 20:46:03,062 - INFO - ✅ 步骤2: 点击Sign Up按钮进入注册页面 - 完成
2026-05-11 20:46:06,072 - INFO - 🔄 步骤3: 验证进入Sign Up页面
2026-05-11 20:46:06,306 - INFO - ✅ 步骤3: 验证进入Sign Up页面 - 完成，确认已进入Sign Up注册页面
2026-05-11 20:46:08,310 - INFO - 🔄 步骤4: 邮箱输入错误格式
2026-05-11 20:46:10,132 - INFO - ✅ 步骤4: 邮箱输入错误格式 - 完成，输入错误邮箱: asd@gmial
2026-05-11 20:46:12,142 - INFO - 🔄 步骤5: 勾选隐私政策和用户协议
2026-05-11 20:46:18,267 - INFO - ✅ 隐私政策复选框已勾选
2026-05-11 20:46:19,776 - INFO - 🔄 步骤5.1: 收起键盘（Done）
2026-05-11 20:46:21,053 - INFO - ✅ 已点击Done收起键盘
2026-05-11 20:46:22,063 - INFO - 🔄 步骤6: 点击Next按钮
2026-05-11 20:46:22,718 - INFO - ✅ 步骤6: 点击Next按钮 - 完成，已点击Next按钮
2026-05-11 20:46:24,725 - INFO - 🔄 步骤7: 验证停留当前页面并出现提示
2026-05-11 20:46:35,654 - INFO - ✅ 找到提示信息元素，选择器: //XCUIElementTypeStaticText[@name="Please sign up using your email address"]
2026-05-11 20:46:35,654 - INFO - ✅ 步骤7: 验证停留当前页面并出现提示 - 完成，提示信息: Please sign up using your email address
2026-05-11 20:46:37,664 - INFO - 🎉 测试用例102215执行成功！
2026-05-11 20:46:37,664 - INFO - ✅ 验证错误邮箱（缺少合法域）勾选隐私后点击Next，停留当前页并提示“Please sign up using your email address”
2026-05-11 20:46:39,707 - INFO - ✅ 报告已生成: /Users/ambrose.chen/Desktop/iot/project/APP外壳/2测试报告/platform/ios_20260511_204525/ios_20260511_204525_report.xlsx
