2026-05-11 20:43:02,688 - INFO - 🔄 步骤0: 登出，确保从登出状态开始测试
2026-05-11 20:43:02,688 - INFO - 开始登出流程...
2026-05-11 20:43:33,609 - INFO - 未检测到home sel/mine sel/mine，跳过登出流程
2026-05-11 20:43:33,610 - INFO - ✅ 步骤0: 登出，确保从登出状态开始测试 - 完成
2026-05-11 20:43:35,619 - INFO - 🔄 步骤1: 验证在APP首页（登录页面）
2026-05-11 20:43:35,776 - INFO - ✅ 步骤1: 验证在APP首页（登录页面） - 完成，确认在APP首页（登录页面）
2026-05-11 20:43:37,785 - INFO - 🔄 步骤2: 点击Sign Up按钮进入注册页面
2026-05-11 20:43:38,773 - INFO - ✅ 步骤2: 点击Sign Up按钮进入注册页面 - 完成
2026-05-11 20:43:41,780 - INFO - 🔄 步骤3: 验证进入Sign Up页面
2026-05-11 20:43:42,012 - INFO - ✅ 步骤3: 验证进入Sign Up页面 - 完成，确认已进入Sign Up注册页面
2026-05-11 20:43:44,019 - INFO - 🔄 步骤4: 邮箱输入包含中文的错误邮箱
2026-05-11 20:43:45,930 - INFO - ✅ 步骤4: 邮箱输入包含中文的错误邮箱 - 完成，输入错误邮箱: 102213中国@gmail.com
2026-05-11 20:43:47,933 - INFO - 🔄 步骤5: 勾选隐私政策和用户协议
2026-05-11 20:43:54,061 - INFO - ✅ 隐私政策复选框已勾选
2026-05-11 20:43:55,568 - INFO - 🔄 步骤5.1: 收起键盘（Done）
2026-05-11 20:43:56,826 - INFO - ✅ 已点击Done收起键盘
2026-05-11 20:43:57,833 - INFO - 🔄 步骤6: 点击Next按钮
2026-05-11 20:43:58,492 - INFO - ✅ 步骤6: 点击Next按钮 - 完成，已点击Next按钮
2026-05-11 20:44:00,499 - INFO - 🔄 步骤7: 验证停留当前页面并出现提示
2026-05-11 20:44:01,046 - INFO - ✅ 找到提示信息元素，选择器: //XCUIElementTypeStaticText[@name="Please sign up using your email address"]
2026-05-11 20:44:01,046 - INFO - ✅ 步骤7: 验证停留当前页面并出现提示 - 完成，提示信息: Please sign up using your email address
2026-05-11 20:44:03,054 - INFO - 🎉 测试用例102213执行成功！
2026-05-11 20:44:03,055 - INFO - ✅ 验证错误邮箱（包含中文）勾选隐私后点击Next，停留当前页并提示“Please sign up using your email address”
2026-05-11 20:44:05,079 - INFO - ✅ 报告已生成: /Users/ambrose.chen/Desktop/iot/project/APP外壳/2测试报告/platform/ios_20260511_204300/ios_20260511_204300_report.xlsx
