2026-04-30 11:39:47,759 - INFO - 🔄 步骤1: 重启APP并处理登录状态
2026-04-30 11:40:09,109 - INFO - ✅ 步骤1: 重启APP并处理登录状态 - 完成
2026-04-30 11:40:09,111 - INFO - 🔄 步骤2: 点击Sign In进入登录页
2026-04-30 11:40:12,088 - INFO - ✅ 步骤2: 点击Sign In进入登录页 - 完成
2026-04-30 11:40:12,090 - INFO - 🔄 步骤3: 点击Forgot password进入忘记密码页
2026-04-30 11:40:15,163 - INFO - ✅ 步骤3: 点击Forgot password进入忘记密码页 - 完成
2026-04-30 11:40:15,165 - INFO - 🔄 步骤4: 输入邮箱
2026-04-30 11:40:19,540 - INFO - ✅ 步骤4: 输入邮箱 - 完成，邮箱: haoc51888@gmail.com
2026-04-30 11:40:19,540 - INFO - 🔄 步骤5: 点击Next进入验证码页并触发发码
2026-04-30 11:40:27,835 - INFO - ✅ 步骤5: 点击Next进入验证码页并触发发码 - 完成
2026-04-30 11:40:27,835 - INFO - 🔄 步骤6: Gmail获取最新验证码code1
2026-04-30 11:41:12,738 - INFO - ✅ 步骤6: Gmail获取最新验证码code1 - 完成，code1: 190138
2026-04-30 11:41:12,739 - INFO - 🔄 步骤7: 等待Resend可用并点击
2026-04-30 11:41:34,540 - INFO - ✅ 步骤7: 等待Resend可用并点击 - 完成
2026-04-30 11:41:34,542 - INFO - 🔄 步骤8: 输入旧验证码并提交
2026-04-30 11:42:03,760 - INFO - 
============================================================
2026-04-30 11:42:03,764 - INFO - ❌ 测试失败
2026-04-30 11:42:03,764 - INFO - 📍 失败步骤: 步骤8: 输入旧验证码并提交
2026-04-30 11:42:03,764 - INFO - 📝 失败原因: 步骤8: 输入旧验证码并提交失败
2026-04-30 11:42:03,764 - INFO - ============================================================
2026-04-30 11:42:03,771 - INFO - Traceback (most recent call last):

2026-04-30 11:42:03,777 - INFO -   File "/Users/ambrose.chen/Desktop/iot/project/APP外壳/3功能/1平台/IOS/3忘记密码/102135验证重新发送验证码后，上次的验证码会失效，会提示重填.py", line 389, in test_102135
    _click_with_tap_fallback(

2026-04-30 11:42:03,778 - INFO -   File "/Users/ambrose.chen/Desktop/iot/project/APP外壳/3功能/1平台/IOS/3忘记密码/102135验证重新发送验证码后，上次的验证码会失效，会提示重填.py", line 95, in _click_with_tap_fallback
    raise TimeoutException("未找到可点击元素")

2026-04-30 11:42:03,778 - INFO - selenium.common.exceptions.TimeoutException: Message: 未找到可点击元素


2026-04-30 11:42:04,075 - INFO - 已保存test_102135_failed失败截图: screenshots/test_102135_failed_1777520523.png
2026-04-30 11:42:04,093 - INFO - ✅ 报告已生成: /Users/ambrose.chen/Desktop/iot/project/APP外壳/2测试报告/platform/ios_20260430_113945/ios_20260430_113945_report.xlsx
