2026-05-19 10:58:56,592 - INFO - 🔄 步骤1: 重启APP
2026-05-19 10:58:56,593 - INFO -     🔄 driver.terminate_app / activate_app: com.xingmai.tech
2026-05-19 10:59:01,479 - INFO -     ✅ APP 已重启
2026-05-19 10:59:01,480 - INFO - ✅ 步骤1: 重启APP - 完成
2026-05-19 10:59:01,480 - INFO - 🔄 步骤2: 检测登录状态并确保在登录/注册入口页
2026-05-19 10:59:01,487 - INFO -     🔄 检测已登录元素: //android.view.View[@content-desc="More"]
2026-05-19 10:59:01,608 - INFO -     🔄 检测已登录元素: //*[@content-desc="More"]
2026-05-19 10:59:02,220 - INFO -     ℹ️ 未检测到 More，判定未登录
2026-05-19 10:59:02,220 - INFO -     🔄 等待登录/注册入口页: //*[(@text="Sign In" or @text="Sign Up") or contains(@text,"Sign In") or contains(@text,"Sign Up") or @content-desc="Sign In" or @content-desc="Sign Up"]
2026-05-19 10:59:02,261 - INFO -     ✅ 已处于登录/注册入口页
2026-05-19 10:59:02,261 - INFO - ✅ 步骤2: 检测登录状态并确保在登录/注册入口页 - 完成
2026-05-19 10:59:02,261 - INFO - 🔄 步骤3: 点击 Sign In 进入登录页
2026-05-19 10:59:02,261 - INFO -     🔄 定位 Sign In: //android.widget.TextView[@text="Sign In"]
2026-05-19 10:59:02,314 - INFO -     ✅ 找到 Sign In: //android.widget.TextView[@text="Sign In"]
2026-05-19 10:59:02,950 - INFO - ✅ 步骤3: 点击 Sign In 进入登录页 - 完成
2026-05-19 10:59:04,456 - INFO - 🔄 步骤4: 输入密码
2026-05-19 10:59:04,456 - INFO -     🔄 密码已填入（长度 9）
2026-05-19 10:59:05,325 - INFO -     🔄 定位: //android.widget.ScrollView/android.widget.EditText[2]
2026-05-19 10:59:05,718 - INFO - ✅ 步骤4: 输入密码 - 完成
2026-05-19 10:59:05,718 - INFO - 🔄 步骤5: 收起输入键盘
2026-05-19 10:59:07,116 - INFO -     ✅ hide_keyboard 成功
2026-05-19 10:59:07,519 - INFO - ✅ 步骤5: 收起输入键盘 - 完成
2026-05-19 10:59:07,520 - INFO - 🔄 步骤6: 点击 Next 登录
2026-05-19 10:59:07,520 - INFO -     🔄 定位: //android.widget.ImageView[@content-desc="next"]
2026-05-19 10:59:09,233 - INFO - ✅ 步骤6: 点击 Next 登录 - 完成
2026-05-19 10:59:09,234 - INFO - 🔄 步骤7: 断言提示文案
2026-05-19 10:59:09,234 - INFO -     🔄 期望文案: Please enter a valid email address.
2026-05-19 10:59:09,308 - INFO -     ✅ 已显示提示
2026-05-19 10:59:09,308 - INFO - ✅ 步骤7: 断言提示文案 - 完成
2026-05-19 10:59:09,308 - INFO - 🎉 测试用例 200005 执行成功！
2026-05-19 10:59:09,328 - INFO - ✅ 报告已生成: /Users/ambrose.chen/Desktop/iot/project/APP外壳/2测试报告/platform/android_20260519_105853/android_20260519_105853_report.xlsx
