2026-05-09 19:48:02,445 - INFO - 🔄 步骤0: 登出，确保从登出状态开始测试
2026-05-09 19:48:02,445 - INFO - 开始登出流程...
2026-05-09 19:48:33,377 - INFO - 未检测到home sel/mine sel/mine，跳过登出流程
2026-05-09 19:48:33,379 - INFO - ✅ 步骤0: 登出，确保从登出状态开始测试 - 完成
2026-05-09 19:48:35,388 - INFO - 🔄 步骤1: 验证在APP首页（登录页面）
2026-05-09 19:48:35,556 - INFO - ✅ 步骤1: 验证在APP首页（登录页面） - 完成，确认在APP首页（登录页面）
2026-05-09 19:48:37,563 - INFO - 🔄 步骤2: 点击Sign Up按钮进入注册页面
2026-05-09 19:48:38,510 - INFO - ✅ 步骤2: 点击Sign Up按钮进入注册页面 - 完成
2026-05-09 19:48:41,517 - INFO - 🔄 步骤3: 验证进入Sign Up页面
2026-05-09 19:48:41,759 - INFO - ✅ 步骤3: 验证进入Sign Up页面 - 完成，确认已进入Sign Up注册页面
2026-05-09 19:48:43,768 - INFO - 🔄 步骤4: 输入邮箱
2026-05-09 19:48:43,770 - INFO - 📧 生成简单邮箱地址: testuser198@163.com
2026-05-09 19:48:45,664 - INFO - ✅ 步骤4: 输入邮箱 - 完成，邮箱: testuser198@163.com
2026-05-09 19:48:47,675 - INFO - 🔄 步骤5: 勾选隐私政策和用户协议
2026-05-09 19:48:53,781 - INFO - ✅ 隐私政策复选框已勾选
2026-05-09 19:48:55,291 - INFO - 🔄 步骤5.1: 收起键盘（Done）
2026-05-09 19:48:56,572 - INFO - ✅ 已点击Done收起键盘
2026-05-09 19:48:57,573 - INFO - 🔄 步骤6: 点击Next进入set password页面
2026-05-09 19:48:58,420 - INFO - ✅ 步骤6: 点击Next进入set password页面 - 完成，已点击Next按钮
2026-05-09 19:49:01,431 - INFO - 🔄 步骤7: 验证进入set password页面
2026-05-09 19:49:01,723 - INFO - ✅ 成功进入set password页面
2026-05-09 19:49:03,224 - INFO - 🔄 步骤8: 输入小于6位密码并验证规则颜色
2026-05-09 19:49:04,744 - INFO - ✅ 已输入密码: Csx15
2026-05-09 19:49:06,648 - INFO - 📝 规则提示: • 6-20 characters 颜色: None
2026-05-09 19:49:07,039 - INFO - 📝 规则提示: • contains letters 颜色: None
2026-05-09 19:49:07,423 - INFO - 📝 规则提示: • contains numbers 颜色: None
2026-05-09 19:49:07,796 - INFO - 📝 规则提示: • Supports special characters:! @ # $ % ^ & * ( ) - _ = + \ | [ ] { } ; : / ? . , ~ > < ` 颜色: None
2026-05-09 19:49:07,796 - INFO - ✅ 规则颜色检查完成（无法获取颜色时已记录）
2026-05-09 19:49:08,799 - INFO - 🔄 步骤9: 收起键盘并点击Next，验证停留当前页面
2026-05-09 19:49:10,005 - INFO - ✅ 已点击Done收起键盘
2026-05-09 19:49:11,695 - INFO - ✅ 已尝试点击密码页Next按钮
2026-05-09 19:49:14,114 - INFO - ✅ 点击后仍停留在set password页面，Next按钮不可使页面跳转
2026-05-09 19:49:15,118 - INFO - 🎉 测试用例102224执行成功！
2026-05-09 19:49:15,119 - INFO - ✅ 密码小于6位时规则颜色符合预期，Next按钮不可跳转
2026-05-09 19:49:17,156 - INFO - ✅ 报告已生成: /Users/ambrose.chen/Desktop/iot/project/APP外壳/2测试报告/platform/ios_20260509_194800/ios_20260509_194800_report.xlsx
