2026-05-11 20:40:29,803 - INFO - 🔄 步骤0: 登出，确保从登出状态开始测试
2026-05-11 20:40:29,804 - INFO - 开始登出流程...
2026-05-11 20:41:00,705 - INFO - 未检测到home sel/mine sel/mine，跳过登出流程
2026-05-11 20:41:00,706 - INFO - ✅ 步骤0: 登出，确保从登出状态开始测试 - 完成
2026-05-11 20:41:02,712 - INFO - 🔄 步骤1: 验证在APP首页（登录页面）
2026-05-11 20:41:02,875 - INFO - ✅ 步骤1: 验证在APP首页（登录页面） - 完成，确认在APP首页（登录页面）
2026-05-11 20:41:04,877 - INFO - 🔄 步骤2: 点击Sign Up按钮进入注册页面
2026-05-11 20:41:05,823 - INFO - ✅ 步骤2: 点击Sign Up按钮进入注册页面 - 完成
2026-05-11 20:41:08,829 - INFO - 🔄 步骤3: 验证进入Sign Up页面
2026-05-11 20:41:09,064 - INFO - ✅ 步骤3: 验证进入Sign Up页面 - 完成，确认已进入Sign Up注册页面
2026-05-11 20:41:11,071 - INFO - 🔄 步骤4: 邮箱输入只有字母的错误邮箱
2026-05-11 20:41:12,781 - INFO - ✅ 步骤4: 邮箱输入只有字母的错误邮箱 - 完成，输入错误邮箱: abcdefg
2026-05-11 20:41:14,786 - INFO - 🔄 步骤5: 勾选隐私政策和用户协议
2026-05-11 20:41:20,905 - INFO - ✅ 隐私政策复选框已勾选
2026-05-11 20:41:22,409 - INFO - 🔄 步骤5.1: 收起键盘（Done）
2026-05-11 20:41:23,676 - INFO - ✅ 已点击Done收起键盘
2026-05-11 20:41:24,686 - INFO - 🔄 步骤6: 点击Next按钮
2026-05-11 20:41:25,350 - INFO - ✅ 步骤6: 点击Next按钮 - 完成，已点击Next按钮
2026-05-11 20:41:27,356 - INFO - 🔄 步骤7: 验证停留当前页面并出现提示
2026-05-11 20:41:38,293 - INFO - ✅ 找到提示信息元素，选择器: //XCUIElementTypeStaticText[@name="Please sign up using your email address"]
2026-05-11 20:41:38,293 - INFO - ✅ 步骤7: 验证停留当前页面并出现提示 - 完成，提示信息: Please sign up using your email address
2026-05-11 20:41:40,295 - INFO - 🎉 测试用例102210执行成功！
2026-05-11 20:41:40,295 - INFO - ✅ 验证错误邮箱（仅字母）勾选隐私后点击Next，停留当前页并提示“Please sign up using your email address”
2026-05-11 20:41:42,336 - INFO - ✅ 报告已生成: /Users/ambrose.chen/Desktop/iot/project/APP外壳/2测试报告/platform/ios_20260511_204028/ios_20260511_204028_report.xlsx
