2026-05-08 20:35:46,777 - INFO - 🔄 步骤0: 登出，确保从登出状态开始测试
2026-05-08 20:35:46,778 - INFO - 开始登出流程...
2026-05-08 20:35:47,021 - INFO - 检测到home sel元素
2026-05-08 20:35:58,405 - INFO - ✅ 点击mine按钮: //XCUIElementTypeButton[@name="mine"]
2026-05-08 20:36:00,607 - INFO - ✅ 点击CommonEdit编辑按钮: //XCUIElementTypeButton[@name="CommonEdit"]
2026-05-08 20:36:02,788 - INFO - ✅ 点击Log Out: //XCUIElementTypeButton[@name="Log Out"]
2026-05-08 20:36:04,973 - INFO - ✅ 点击Confirm: //XCUIElementTypeButton[@name="Confirm"]
2026-05-08 20:36:06,481 - INFO - 登出操作完成
2026-05-08 20:36:06,809 - INFO - ✅ 成功回到登录页面
2026-05-08 20:36:06,810 - INFO - ✅ 步骤0: 登出，确保从登出状态开始测试 - 完成
2026-05-08 20:36:08,815 - INFO - 🔄 步骤1: 验证在APP首页（登录页面）
2026-05-08 20:36:08,959 - INFO - ✅ 步骤1: 验证在APP首页（登录页面） - 完成，确认在APP首页（登录页面）
2026-05-08 20:36:10,969 - INFO - 🔄 步骤2: 点击Sign Up按钮进入注册页面
2026-05-08 20:36:11,927 - INFO - ✅ 步骤2: 点击Sign Up按钮进入注册页面 - 完成
2026-05-08 20:36:14,934 - INFO - 🔄 步骤3: 验证进入Sign Up页面
2026-05-08 20:36:15,165 - INFO - ✅ 步骤3: 验证进入Sign Up页面 - 完成，确认已进入Sign Up注册页面
2026-05-08 20:36:17,172 - INFO - 🔄 步骤4: 国家切为France（中国以外地区）
2026-05-08 20:36:18,235 - INFO - ✅ 已点击国家栏下拉按钮
2026-05-08 20:37:30,722 - INFO - ✅ 已输入搜索关键词: France
2026-05-08 20:37:39,183 - INFO - ✅ 已选择国家: France，命中的元素: France
2026-05-08 20:37:42,186 - INFO - ✅ 步骤4: 国家切为France（中国以外地区） - 完成，已切换国家为France
2026-05-08 20:37:44,190 - INFO - 🔄 步骤5: 输入邮箱（value="Email"）
2026-05-08 20:37:44,193 - INFO - 📧 生成简单邮箱地址: testuser153@163.com
2026-05-08 20:37:46,023 - INFO - ✅ 步骤5: 输入邮箱（value="Email"） - 完成，邮箱: testuser153@163.com
2026-05-08 20:37:48,033 - INFO - 🔄 步骤6: 点击Done按钮收起键盘
2026-05-08 20:37:49,277 - INFO - ✅ 步骤6: 点击Done按钮收起键盘 - 完成
2026-05-08 20:37:51,282 - INFO - 🔄 步骤7: 勾选隐私政策和用户协议
2026-05-08 20:37:57,024 - INFO - ✅ 隐私政策复选框已勾选
2026-05-08 20:37:58,030 - INFO - ✅ 步骤7: 勾选隐私政策和用户协议 - 完成
2026-05-08 20:38:00,041 - INFO - 🔄 步骤8: 点击Next按钮进入密码设置
2026-05-08 20:38:00,742 - INFO - ✅ 步骤8: 点击Next按钮进入密码设置 - 完成
2026-05-08 20:38:03,752 - INFO - 🔄 步骤9: 设置密码
2026-05-08 20:38:08,944 - INFO - ✅ 步骤9: 设置密码 - 完成
2026-05-08 20:38:10,952 - INFO - 🔄 步骤10: 点击Done按钮收起键盘
2026-05-08 20:38:12,176 - INFO - ✅ 步骤10: 点击Done按钮收起键盘 - 完成
2026-05-08 20:38:14,178 - INFO - 🔄 步骤11: 点击Next按钮进入用户名设置页面
2026-05-08 20:38:15,136 - INFO - ✅ 步骤11: 点击Next按钮进入用户名设置页面 - 完成
2026-05-08 20:38:18,139 - INFO - 🔄 步骤12: 输入用户名（value="Username"）
2026-05-08 20:38:21,121 - INFO - ✅ 步骤12: 输入用户名（value="Username"） - 完成
2026-05-08 20:38:22,129 - INFO - 🔄 步骤13: 点击Done按钮收起键盘
2026-05-08 20:38:23,355 - INFO - ✅ 步骤13: 点击Done按钮收起键盘 - 完成
2026-05-08 20:38:24,365 - INFO - 🔄 步骤14: 点击Submit按钮完成注册
2026-05-08 20:38:25,015 - INFO - ✅ 步骤14: 点击Submit按钮完成注册 - 完成
2026-05-08 20:38:30,023 - INFO - 🔄 步骤15: 验证注册成功，跳转到APP主页面
2026-05-08 20:38:30,183 - INFO - ✅ 步骤15: 验证注册成功，跳转到APP主页面 - 完成
2026-05-08 20:38:30,183 - INFO - ✅ 验证通过：注册成功，已跳转到APP主页面
2026-05-08 20:38:32,185 - INFO - 🎉 测试用例102196执行成功！
2026-05-08 20:38:32,185 - INFO - ✅ 验证注册地为"中国"以外地区，正确邮箱，可以注册：注册成功并跳转到主页面
2026-05-08 20:38:34,219 - INFO - ✅ 报告已生成: /Users/ambrose.chen/Desktop/iot/project/APP外壳/2测试报告/platform/ios_20260508_203544/ios_20260508_203544_report.xlsx
