2026-05-11 16:41:20,205 - INFO - 🔄 步骤1: 重置APP，检测登录状态并登出
2026-05-11 16:41:26,082 - INFO -     ✅ APP已重置
2026-05-11 16:41:41,296 - INFO -     ℹ️ 未检测到登录状态，已在登录页面
2026-05-11 16:41:41,299 - INFO - ✅ 步骤1: 重置APP，检测登录状态并登出 - 完成
2026-05-11 16:41:41,299 - INFO - 🔄 步骤3: 点击登录按钮进入Sign in页面
2026-05-11 16:41:42,314 - INFO - ✅ 步骤3: 点击登录按钮进入Sign in页面 - 完成
2026-05-11 16:41:43,819 - INFO - 🔄 步骤4: 点击邮箱框，输入邮箱
2026-05-11 16:42:24,625 - INFO -     ✅ 邮箱输入完成: haoc51888@gmail.com
2026-05-11 16:42:25,631 - INFO - ✅ 步骤4: 点击邮箱框，输入邮箱 - 完成
2026-05-11 16:42:25,632 - INFO - 🔄 步骤5: 点击密码框，输入密码
2026-05-11 16:43:07,063 - INFO -     ✅ 密码输入完成
2026-05-11 16:43:08,068 - INFO - ✅ 步骤5: 点击密码框，输入密码 - 完成
2026-05-11 16:43:08,069 - INFO - 🔄 步骤6: 点击键盘Done，收起键盘
2026-05-11 16:43:09,320 - INFO - ✅ 步骤6: 点击键盘Done，收起键盘 - 完成
2026-05-11 16:43:10,324 - INFO - 🔄 步骤7: 点击协议勾选框
2026-05-11 16:43:11,105 - INFO - ✅ 步骤7: 点击协议勾选框 - 完成
2026-05-11 16:43:12,111 - INFO - 🔄 步骤8: 点击登录按钮
2026-05-11 16:43:12,942 - INFO - ✅ 步骤8: 点击登录按钮 - 完成
2026-05-11 16:43:12,943 - INFO -     ⏳ 等待登录跳转（4.0s）…
2026-05-11 16:43:16,944 - INFO - 🔄 步骤9: 断言登录成功
2026-05-11 16:43:17,266 - INFO -     ✅ 已检测到底部 Mine Tab，登录成功
2026-05-11 16:43:17,266 - INFO - ✅ 步骤9: 断言登录成功 - 完成，登录成功
2026-05-11 16:43:17,266 - INFO - 🎉 测试用例102667执行成功！
2026-05-11 16:43:17,301 - INFO - ✅ 报告已生成: /Users/ambrose.chen/Desktop/iot/project/APP外壳/2测试报告/platform/ios_20260511_164117/ios_20260511_164117_report.xlsx
