2026-05-19 11:00:00,397 - INFO - 🔄 步骤1: 重启APP
2026-05-19 11:00:00,397 - INFO -     🔄 driver.terminate_app / activate_app: com.xingmai.tech
2026-05-19 11:00:05,331 - INFO -     ✅ APP 已重启
2026-05-19 11:00:05,331 - INFO - ✅ 步骤1: 重启APP - 完成
2026-05-19 11:00:05,331 - INFO - 🔄 步骤2: 检测登录状态并确保在登录/注册入口页
2026-05-19 11:00:05,336 - INFO -     🔄 检测已登录元素: //android.view.View[@content-desc="More"]
2026-05-19 11:00:05,654 - INFO -     🔄 检测已登录元素: //*[@content-desc="More"]
2026-05-19 11:00:06,277 - INFO -     ℹ️ 未检测到 More，判定未登录
2026-05-19 11:00:06,277 - INFO -     🔄 等待登录/注册入口页: //*[(@text="Sign In" or @text="Sign Up") or contains(@text,"Sign In") or contains(@text,"Sign Up") or @content-desc="Sign In" or @content-desc="Sign Up"]
2026-05-19 11:00:06,326 - INFO -     ✅ 已处于登录/注册入口页
2026-05-19 11:00:06,326 - INFO - ✅ 步骤2: 检测登录状态并确保在登录/注册入口页 - 完成
2026-05-19 11:00:06,326 - INFO - 🔄 步骤3: 点击 Sign In 进入登录页
2026-05-19 11:00:06,326 - INFO -     🔄 定位 Sign In: //android.widget.TextView[@text="Sign In"]
2026-05-19 11:00:06,392 - INFO -     ✅ 找到 Sign In: //android.widget.TextView[@text="Sign In"]
2026-05-19 11:00:07,022 - INFO - ✅ 步骤3: 点击 Sign In 进入登录页 - 完成
2026-05-19 11:00:08,527 - INFO - 🔄 步骤4: 点击 Next 登录
2026-05-19 11:00:08,528 - INFO -     🔄 定位: //android.widget.ImageView[@content-desc="next"]
2026-05-19 11:00:09,888 - INFO - ✅ 步骤4: 点击 Next 登录 - 完成
2026-05-19 11:00:09,889 - INFO - 🔄 步骤5: 断言提示文案
2026-05-19 11:00:09,889 - INFO -     🔄 期望文案: Please enter a valid email address.
2026-05-19 11:00:09,955 - INFO -     ✅ 已显示提示
2026-05-19 11:00:09,955 - INFO - ✅ 步骤5: 断言提示文案 - 完成
2026-05-19 11:00:09,955 - INFO - 🎉 测试用例 200009 执行成功！
2026-05-19 11:00:09,975 - INFO - ✅ 报告已生成: /Users/ambrose.chen/Desktop/iot/project/APP外壳/2测试报告/platform/android_20260519_105957/android_20260519_105957_report.xlsx
