2026-05-07 21:08:45,499 - INFO - 🔄 步骤0: 登出，确保从登出状态开始测试
2026-05-07 21:08:45,499 - INFO - 开始登出流程...
2026-05-07 21:09:16,422 - INFO - 未检测到home sel/mine sel/mine，跳过登出流程
2026-05-07 21:09:16,423 - INFO - ✅ 步骤0: 登出，确保从登出状态开始测试 - 完成
2026-05-07 21:09:18,429 - INFO - 🔄 步骤1: 验证在APP首页（登录页面）
2026-05-07 21:09:18,599 - INFO - ✅ 步骤1: 验证在APP首页（登录页面） - 完成，确认在APP首页（登录页面）
2026-05-07 21:09:20,609 - INFO - 🔄 步骤2: 点击Sign Up按钮进入注册页面
2026-05-07 21:09:21,574 - INFO - ✅ 步骤2: 点击Sign Up按钮进入注册页面 - 完成
2026-05-07 21:09:24,580 - INFO - 🔄 步骤3: 验证进入Sign Up页面
2026-05-07 21:09:24,822 - INFO - ✅ 步骤3: 验证进入Sign Up页面 - 完成，确认已进入Sign Up注册页面
2026-05-07 21:09:26,829 - INFO - 🔄 步骤4: 记录当前显示的国家（China）
2026-05-07 21:09:27,097 - INFO - ✅ 找到国家显示元素，使用选择器: //XCUIElementTypeStaticText[@name="China"]
2026-05-07 21:09:27,097 - INFO - 📝 进入国家选择页面前，注册页面显示的国家: China
2026-05-07 21:09:27,097 - INFO - ✅ 步骤4: 记录当前显示的国家（China） - 完成，记录的国家: China
2026-05-07 21:09:29,099 - INFO - 🔄 步骤5: 点击国家栏下拉按钮
2026-05-07 21:09:30,200 - INFO - ✅ 步骤5: 点击国家栏下拉按钮 - 完成，已点击国家栏下拉按钮
2026-05-07 21:09:33,206 - INFO - 🔄 步骤6: 验证跳转至国家选择页面
2026-05-07 21:10:06,510 - INFO - ✅ 步骤6: 验证跳转至国家选择页面 - 完成，确认已跳转至国家选择页面
2026-05-07 21:10:08,516 - INFO - 🔄 步骤7: 点击左上角返回按钮
2026-05-07 21:10:10,388 - INFO - ✅ 步骤7: 点击左上角返回按钮 - 完成，已点击左上角返回按钮
2026-05-07 21:10:13,398 - INFO - 🔄 步骤8: 验证返回注册主页面
2026-05-07 21:10:13,622 - INFO - ✅ 步骤8: 验证返回注册主页面 - 完成，确认已返回注册主页面
2026-05-07 21:10:15,628 - INFO - 🔄 步骤9: 验证国家没有变化，仍显示之前的国家（China）
2026-05-07 21:10:15,896 - INFO - ✅ 找到国家显示元素，使用选择器: //XCUIElementTypeStaticText[@name="China"]
2026-05-07 21:10:15,897 - INFO - 📝 返回注册主页面后，显示的国家: China
2026-05-07 21:10:15,897 - INFO - 📝 进入国家选择页面前，显示的国家: China
2026-05-07 21:10:15,897 - INFO - ✅ 步骤9: 验证国家没有变化，仍显示之前的国家（China） - 完成
2026-05-07 21:10:15,897 - INFO - ✅ 验证通过：国家没有变化，仍显示之前的国家（China）
2026-05-07 21:10:17,901 - INFO - 🎉 测试用例102189执行成功！
2026-05-07 21:10:17,902 - INFO - ✅ 验证从国家列表"取消"，返回注册主页面：国家没有变化，仍显示之前的国家
2026-05-07 21:10:19,936 - INFO - ✅ 报告已生成: /Users/ambrose.chen/Desktop/iot/project/APP外壳/2测试报告/platform/ios_20260507_210843/ios_20260507_210843_report.xlsx
