2026-05-19 16:29:12,923 - INFO - 🔄 步骤1: 重启APP
2026-05-19 16:29:17,815 - INFO - ✅ 步骤1: 重启APP - 完成
2026-05-19 16:29:17,816 - INFO - 🔄 步骤2: 检测登录状态并确保在登录/注册入口页
2026-05-19 16:29:18,138 - INFO -     [登出] 开始登出流程...
2026-05-19 16:29:18,138 - INFO -     [登出] 步骤1: 检查页面是否有 More 按钮
2026-05-19 16:29:18,211 - INFO -     [登出] ✅ 检测到 More 按钮: //android.view.View[@content-desc="More"]
2026-05-19 16:29:18,211 - INFO -     [登出] 步骤2: 点击 More 按钮，进入 more 页面
2026-05-19 16:29:18,256 - INFO -     [登出] ✅ 已点击 More 按钮 (使用: //android.view.View[@content-desc="More"])
2026-05-19 16:29:20,261 - INFO -     [登出] 步骤3: 点击 edit 按钮
2026-05-19 16:29:20,394 - INFO -     [登出] ✅ 已点击 edit 按钮
2026-05-19 16:29:22,398 - INFO -     [登出] 步骤4: 点击 Log Out 按钮
2026-05-19 16:29:22,555 - INFO -     [登出] ✅ 已点击 Log Out 按钮
2026-05-19 16:29:24,060 - INFO -     [登出] 步骤5: 点击 Confirm 按钮，确认登出
2026-05-19 16:29:26,381 - INFO -     [登出] ✅ 已点击 Confirm 按钮
2026-05-19 16:29:34,414 - INFO -     [登出] ⚠️ 登出完成，但无法确认是否已返回登录页面
2026-05-19 16:29:34,414 - INFO -     [登出] ✅ 登出流程完成
2026-05-19 16:29:36,475 - INFO - ✅ 步骤2: 检测登录状态并确保在登录/注册入口页 - 完成
2026-05-19 16:29:36,476 - INFO - 🔄 步骤3: 点击 Sign Up 进入注册页
2026-05-19 16:29:38,726 - INFO - ✅ 步骤3: 点击 Sign Up 进入注册页 - 完成
2026-05-19 16:29:38,726 - INFO - 🔄 步骤4: 输入格式不正确邮箱
2026-05-19 16:30:17,180 - INFO - ✅ 步骤4: 输入格式不正确邮箱 - 完成
2026-05-19 16:30:17,182 - INFO - 🎉 测试用例 200090 执行成功！
2026-05-19 16:30:17,206 - INFO - ✅ 报告已生成: /Users/ambrose.chen/Desktop/iot/project/APP外壳/2测试报告/platform/android_20260519_162909/android_20260519_162909_report.xlsx
