2026-05-19 11:00:14,755 - INFO - 🔄 步骤1: 重启APP
2026-05-19 11:00:14,756 - INFO -     🔄 driver.terminate_app / activate_app: com.xingmai.tech
2026-05-19 11:00:19,606 - INFO -     ✅ APP 已重启
2026-05-19 11:00:19,607 - INFO - ✅ 步骤1: 重启APP - 完成
2026-05-19 11:00:19,607 - INFO - 🔄 步骤2: 检测登录状态并确保在登录/注册入口页
2026-05-19 11:00:19,612 - INFO -     🔄 检测已登录元素: //android.view.View[@content-desc="More"]
2026-05-19 11:00:20,091 - INFO -     🔄 检测已登录元素: //*[@content-desc="More"]
2026-05-19 11:00:20,710 - INFO -     ℹ️ 未检测到 More，判定未登录
2026-05-19 11:00:20,710 - INFO -     🔄 等待登录/注册入口页: //*[(@text="Sign In" or @text="Sign Up") or contains(@text,"Sign In") or contains(@text,"Sign Up") or @content-desc="Sign In" or @content-desc="Sign Up"]
2026-05-19 11:00:20,771 - INFO -     ✅ 已处于登录/注册入口页
2026-05-19 11:00:20,772 - INFO - ✅ 步骤2: 检测登录状态并确保在登录/注册入口页 - 完成
2026-05-19 11:00:20,772 - INFO - 🔄 步骤3: 点击 Sign In 进入登录页
2026-05-19 11:00:20,772 - INFO -     🔄 定位 Sign In: //android.widget.TextView[@text="Sign In"]
2026-05-19 11:00:20,846 - INFO -     ✅ 找到 Sign In: //android.widget.TextView[@text="Sign In"]
2026-05-19 11:00:21,488 - INFO - ✅ 步骤3: 点击 Sign In 进入登录页 - 完成
2026-05-19 11:00:22,993 - INFO - 🔄 步骤4: 输入邮箱
2026-05-19 11:00:22,994 - INFO -     🔄 邮箱: haoc51888@gmail.com
2026-05-19 11:00:23,867 - INFO -     ✅ 聚焦: //android.widget.ScrollView/android.widget.EditText[1]/android.view.View[2]
2026-05-19 11:00:23,868 - INFO -     🔄 定位: //android.widget.ScrollView/android.widget.EditText[1]
2026-05-19 11:00:24,260 - INFO - ✅ 步骤4: 输入邮箱 - 完成
2026-05-19 11:00:24,261 - INFO - 🔄 步骤5: 输入密码
2026-05-19 11:00:24,261 - INFO -     🔄 密码已填入（长度 9）
2026-05-19 11:00:24,383 - INFO -     🔄 定位: //android.widget.ScrollView/android.widget.EditText[2]
2026-05-19 11:00:25,385 - INFO - ✅ 步骤5: 输入密码 - 完成
2026-05-19 11:00:25,385 - INFO - 🔄 步骤6: 收起输入键盘
2026-05-19 11:00:26,781 - INFO -     ✅ hide_keyboard 成功
2026-05-19 11:00:27,183 - INFO - ✅ 步骤6: 收起输入键盘 - 完成
2026-05-19 11:00:27,184 - INFO - 🔄 步骤7: 点击 Next 登录
2026-05-19 11:00:27,184 - INFO -     🔄 定位: //android.widget.ImageView[@content-desc="next"]
2026-05-19 11:00:28,926 - INFO - ✅ 步骤7: 点击 Next 登录 - 完成
2026-05-19 11:00:28,926 - INFO - 🔄 步骤8: 断言提示文案
2026-05-19 11:00:28,927 - INFO -     🔄 期望文案: Please confirm and tick the Privacy Policy and User Agreement
2026-05-19 11:00:29,014 - INFO -     ✅ 已显示提示
2026-05-19 11:00:29,014 - INFO - ✅ 步骤8: 断言提示文案 - 完成
2026-05-19 11:00:29,014 - INFO - 🎉 测试用例 200010 执行成功！
2026-05-19 11:00:29,040 - INFO - ✅ 报告已生成: /Users/ambrose.chen/Desktop/iot/project/APP外壳/2测试报告/platform/android_20260519_110011/android_20260519_110011_report.xlsx
