2026-05-11 21:22:51,881 - INFO - 🔄 步骤0: 登出，确保从登出状态开始测试
2026-05-11 21:22:51,881 - INFO - 开始登出流程...
2026-05-11 21:23:22,776 - INFO - 未检测到home sel/mine sel/mine，跳过登出流程
2026-05-11 21:23:22,777 - INFO - ✅ 步骤0: 登出，确保从登出状态开始测试 - 完成
2026-05-11 21:23:24,788 - INFO - 🔄 步骤1: 验证在APP首页（登录页面）
2026-05-11 21:23:24,955 - INFO - ✅ 步骤1: 验证在APP首页（登录页面） - 完成，确认在APP首页（登录页面）
2026-05-11 21:23:26,965 - INFO - 🔄 步骤2: 点击Sign Up按钮进入注册页面
2026-05-11 21:23:27,910 - INFO - ✅ 步骤2: 点击Sign Up按钮进入注册页面 - 完成
2026-05-11 21:23:30,919 - INFO - 🔄 步骤3: 验证进入Sign Up页面
2026-05-11 21:23:31,146 - INFO - ✅ 步骤3: 验证进入Sign Up页面 - 完成，确认已进入Sign Up注册页面
2026-05-11 21:23:33,152 - INFO - 🔄 步骤4: 输入邮箱
2026-05-11 21:23:33,157 - INFO - 📧 生成简单邮箱地址: testuser253@163.com
2026-05-11 21:23:35,070 - INFO - ✅ 步骤4: 输入邮箱 - 完成，邮箱: testuser253@163.com
2026-05-11 21:23:37,080 - INFO - 🔄 步骤5: 勾选隐私政策和用户协议
2026-05-11 21:23:43,303 - INFO - ✅ 隐私政策复选框已勾选
2026-05-11 21:23:44,813 - INFO - 🔄 步骤5.1: 收起键盘（Done）
2026-05-11 21:23:46,076 - INFO - ✅ 已点击Done收起键盘
2026-05-11 21:23:47,086 - INFO - 🔄 步骤6: 点击Next进入set password页面
2026-05-11 21:23:47,790 - INFO - ✅ 步骤6: 点击Next进入set password页面 - 完成，已点击Next按钮
2026-05-11 21:23:50,800 - INFO - 🔄 步骤7: 验证进入set password页面
2026-05-11 21:23:51,081 - INFO - ✅ 成功进入set password页面
2026-05-11 21:23:52,590 - INFO - 🔄 步骤8: 输入密码并明文显示
2026-05-11 21:23:54,238 - INFO - ✅ 已输入密码: Csx150128
2026-05-11 21:23:56,168 - INFO - ✅ 第一次点击显示密码按钮（明文）
2026-05-11 21:23:57,508 - INFO - 📝 明文时value: 'Csx150128', type: 'XCUIElementTypeTextField'
2026-05-11 21:23:58,100 - INFO - ✅ 第二次点击显示密码按钮（隐藏）
2026-05-11 21:23:59,427 - INFO - 📝 隐藏后value: '•••••••••', type: 'XCUIElementTypeSecureTextField'
2026-05-11 21:23:59,427 - INFO - ✅ 明文后再次隐藏成功
2026-05-11 21:24:00,437 - INFO - 🎉 测试用例102242执行成功！
2026-05-11 21:24:00,438 - INFO - ✅ 明文显示后可再次隐藏密文校验通过
2026-05-11 21:24:02,482 - INFO - ✅ 报告已生成: /Users/ambrose.chen/Desktop/iot/project/APP外壳/2测试报告/platform/ios_20260511_212250/ios_20260511_212250_report.xlsx
