2026-05-09 19:26:59,145 - INFO - 🔄 步骤0: 登出，确保从登出状态开始测试
2026-05-09 19:26:59,145 - INFO - 开始登出流程...
2026-05-09 19:27:30,061 - INFO - 未检测到home sel/mine sel/mine，跳过登出流程
2026-05-09 19:27:30,063 - INFO - ✅ 步骤0: 登出，确保从登出状态开始测试 - 完成
2026-05-09 19:27:32,073 - INFO - 🔄 步骤1: 验证在APP首页（登录页面）
2026-05-09 19:27:32,239 - INFO - ✅ 步骤1: 验证在APP首页（登录页面） - 完成，确认在APP首页（登录页面）
2026-05-09 19:27:34,248 - INFO - 🔄 步骤2: 点击Sign Up按钮进入注册页面
2026-05-09 19:27:35,202 - INFO - ✅ 步骤2: 点击Sign Up按钮进入注册页面 - 完成
2026-05-09 19:27:38,207 - INFO - 🔄 步骤3: 验证进入Sign Up页面
2026-05-09 19:27:38,451 - INFO - ✅ 步骤3: 验证进入Sign Up页面 - 完成，确认已进入Sign Up注册页面
2026-05-09 19:27:40,460 - INFO - 🔄 步骤4: 邮箱框输入数字+字母（value="Email"）
2026-05-09 19:27:42,242 - INFO - ✅ 步骤4: 邮箱框输入数字+字母（value="Email"） - 完成，输入邮箱: 123456abcd
2026-05-09 19:27:43,248 - INFO - 🔄 步骤4.1: 点击Done收起键盘
2026-05-09 19:27:44,406 - INFO - ✅ 步骤4.1: 点击Done收起键盘 - 完成
2026-05-09 19:27:45,409 - INFO - 🔄 步骤5: 勾选隐私政策和用户协议
2026-05-09 19:27:51,179 - INFO - ✅ 隐私政策复选框已勾选
2026-05-09 19:27:52,685 - INFO - 🔄 步骤6: 点击Next按钮
2026-05-09 19:27:53,341 - INFO - ✅ 步骤6: 点击Next按钮 - 已尝试点击Next按钮
2026-05-09 19:27:55,348 - INFO - 🔄 步骤7: 验证停留当前页面并出现提示
2026-05-09 19:27:55,859 - INFO - ✅ 步骤7: 验证停留当前页面并出现提示 - 完成，提示信息: Please sign up using your email address
2026-05-09 19:27:57,868 - INFO - 🎉 测试用例102207执行成功！
2026-05-09 19:27:57,868 - INFO - ✅ 验证邮箱数字+字母，勾选隐私政策后点击Next，停留当前页并提示“Please sign up using your email address”
2026-05-09 19:27:59,902 - INFO - ✅ 报告已生成: /Users/ambrose.chen/Desktop/iot/project/APP外壳/2测试报告/platform/ios_20260509_192657/ios_20260509_192657_report.xlsx
