2026-05-08 21:01:58,803 - INFO - 🔄 步骤0: 登出，确保从登出状态开始测试
2026-05-08 21:01:58,803 - INFO - 开始登出流程...
2026-05-08 21:02:29,716 - INFO - 未检测到home sel/mine sel/mine，跳过登出流程
2026-05-08 21:02:29,717 - INFO - ✅ 步骤0: 登出，确保从登出状态开始测试 - 完成
2026-05-08 21:02:31,726 - INFO - 🔄 步骤1: 验证在APP首页（登录页面）
2026-05-08 21:02:31,885 - INFO - ✅ 步骤1: 验证在APP首页（登录页面） - 完成，确认在APP首页（登录页面）
2026-05-08 21:02:33,887 - INFO - 🔄 步骤2: 点击Sign Up按钮进入注册页面
2026-05-08 21:02:34,858 - INFO - ✅ 步骤2: 点击Sign Up按钮进入注册页面 - 完成
2026-05-08 21:02:37,865 - INFO - 🔄 步骤3: 验证进入Sign Up页面
2026-05-08 21:02:38,094 - INFO - ✅ 步骤3: 验证进入Sign Up页面 - 完成，确认已进入Sign Up注册页面
2026-05-08 21:02:40,101 - INFO - 🔄 步骤4: 输入已注册邮箱
2026-05-08 21:02:42,063 - INFO - ✅ 步骤4: 输入已注册邮箱 - 完成，输入邮箱: haoc51888@gmail.com
2026-05-08 21:02:44,071 - INFO - 🔄 步骤5: 勾选隐私政策和用户协议
2026-05-08 21:02:50,191 - INFO - ✅ 隐私政策复选框已勾选
2026-05-08 21:02:51,702 - INFO - 🔄 步骤5.1: 收起键盘（Done）
2026-05-08 21:02:52,960 - INFO - ✅ 已点击Done收起键盘
2026-05-08 21:02:53,970 - INFO - 🔄 步骤6: 点击Next按钮
2026-05-08 21:02:54,681 - INFO - ✅ 步骤6: 点击Next按钮 - 完成，已点击Next按钮
2026-05-08 21:02:56,681 - INFO - 🔄 步骤7: 验证弹框提示已注册
2026-05-08 21:02:56,951 - INFO - ✅ 弹框提示已注册: This email is already registered. Ready to sign in now?
2026-05-08 21:02:57,961 - INFO - 🔄 步骤8: 点击Cancel
2026-05-08 21:02:58,705 - INFO - ✅ 已点击Cancel
2026-05-08 21:03:00,709 - INFO - 🔄 步骤9: 断言仍停留在注册页面
2026-05-08 21:03:00,947 - INFO - ✅ 步骤9: 断言仍停留在注册页面 - 完成，仍停留在注册页面
2026-05-08 21:03:01,957 - INFO - 🎉 测试用例102220执行成功！
2026-05-08 21:03:01,957 - INFO - ✅ 已注册邮箱再次注册，弹框后点击Cancel，仍停留在注册页
2026-05-08 21:03:03,992 - INFO - ✅ 报告已生成: /Users/ambrose.chen/Desktop/iot/project/APP外壳/2测试报告/platform/ios_20260508_210157/ios_20260508_210157_report.xlsx
