2026-05-12 09:51:37,079 - INFO - 🔄 步骤1: 重置APP，检测登录状态并登出
2026-05-12 09:51:42,968 - INFO -     ✅ APP已重置
2026-05-12 09:51:58,163 - INFO -     ℹ️ 未检测到登录状态，已在登录页面
2026-05-12 09:51:58,164 - INFO - ✅ 步骤1: 重置APP，检测登录状态并登出 - 完成
2026-05-12 09:51:58,164 - INFO - 🔄 步骤2: 点击登录按钮进入Sign in页面
2026-05-12 09:51:59,125 - INFO - ✅ 步骤2: 点击登录按钮进入Sign in页面 - 完成
2026-05-12 09:52:00,631 - INFO - 🔄 步骤3: 验证邮箱输入框为空（不输入邮箱）
2026-05-12 09:52:00,876 - INFO -     ✅ 邮箱输入框为空
2026-05-12 09:52:00,876 - INFO - ✅ 步骤3: 验证邮箱输入框为空（不输入邮箱） - 完成，邮箱输入框为空
2026-05-12 09:52:00,877 - INFO - 🔄 步骤4: 点击密码框，输入密码
2026-05-12 09:52:41,579 - INFO -     ✅ 密码输入完成
2026-05-12 09:52:42,583 - INFO - ✅ 步骤4: 点击密码框，输入密码 - 完成
2026-05-12 09:52:42,600 - INFO - 🔄 步骤5: 点击键盘Done，收起键盘
2026-05-12 09:52:43,879 - INFO - ✅ 步骤5: 点击键盘Done，收起键盘 - 完成
2026-05-12 09:52:44,881 - INFO - 🔄 步骤6: 点击登录按钮（不勾选用户协议和隐私政策，不输入邮箱但输入了密码）
2026-05-12 09:52:45,722 - INFO - ✅ 步骤6: 点击登录按钮（不勾选用户协议和隐私政策，不输入邮箱但输入了密码） - 完成
2026-05-12 09:52:47,723 - INFO - 🔄 步骤7: 断言页面显示错误提示信息
2026-05-12 09:52:48,041 - INFO -     ✅ 找到错误提示信息: Please enter a valid email address.
2026-05-12 09:52:48,041 - INFO - ✅ 步骤7: 断言页面显示错误提示信息 - 完成，错误提示信息已显示
2026-05-12 09:52:48,042 - INFO - 🎉 测试用例102654执行成功！
2026-05-12 09:52:48,060 - INFO - ✅ 报告已生成: /Users/ambrose.chen/Desktop/iot/project/APP外壳/2测试报告/platform/ios_20260512_095135/ios_20260512_095135_report.xlsx
