2026-05-09 17:52:36,394 - INFO - 🔄 步骤1: 重启APP并处理登录状态
2026-05-09 17:52:57,580 - INFO - ✅ 步骤1: 重启APP并处理登录状态 - 完成
2026-05-09 17:52:57,582 - INFO - 🔄 步骤2: 点击Sign In进入登录页
2026-05-09 17:53:00,513 - INFO - ✅ 步骤2: 点击Sign In进入登录页 - 完成
2026-05-09 17:53:00,514 - INFO - 🔄 步骤3: 点击Forgot password进入忘记密码页
2026-05-09 17:53:03,561 - INFO - ✅ 步骤3: 点击Forgot password进入忘记密码页 - 完成
2026-05-09 17:53:03,561 - INFO - 🔄 步骤4: 输入邮箱并点击Next进入验证码页
2026-05-09 17:53:14,027 - INFO - ✅ 步骤4: 输入邮箱并点击Next进入验证码页 - 完成，邮箱: haoc51888@gmail.com
2026-05-09 17:53:14,029 - INFO - 🔄 步骤5: Gmail获取最新验证码code
2026-05-09 17:54:57,285 - INFO - ✅ 步骤5: Gmail获取最新验证码code - 完成，code: 723254
2026-05-09 17:54:57,287 - INFO - 🔄 步骤6: 输入验证码进入Set Password页
2026-05-09 17:55:06,668 - INFO - ✅ 步骤6: 输入验证码进入Set Password页 - 完成
2026-05-09 17:55:06,670 - INFO - 🔄 步骤7: 两次输入同一密码以显示清除按钮
2026-05-09 17:55:12,150 - INFO - ✅ 步骤7: 两次输入同一密码以显示清除按钮 - 完成
2026-05-09 17:55:12,151 - INFO - 🔄 步骤8: 点击 login delete 清除
2026-05-09 17:55:14,149 - INFO - ✅ 步骤8: 点击 login delete 清除 - 完成
2026-05-09 17:55:14,150 - INFO - 🔄 步骤9: 断言密码框已清空
2026-05-09 17:55:14,549 - INFO - 📝 清除后密码框内容: 'Password'
2026-05-09 17:55:14,549 - INFO - ✅ 步骤9: 断言密码框已清空 - 完成
2026-05-09 17:55:14,550 - INFO - 🎉 测试用例102161执行成功！
2026-05-09 17:55:14,574 - INFO - ✅ 报告已生成: /Users/ambrose.chen/Desktop/iot/project/APP外壳/2测试报告/platform/ios_20260509_175234/ios_20260509_175234_report.xlsx
