2026-05-09 20:11:57,932 - INFO - 🔄 步骤0: 登出，确保从登出状态开始测试
2026-05-09 20:11:57,932 - INFO - 开始登出流程...
2026-05-09 20:12:28,838 - INFO - 未检测到home sel/mine sel/mine，跳过登出流程
2026-05-09 20:12:28,839 - INFO - ✅ 步骤0: 登出，确保从登出状态开始测试 - 完成
2026-05-09 20:12:30,840 - INFO - 🔄 步骤1: 验证在APP首页（登录页面）
2026-05-09 20:12:31,004 - INFO - ✅ 步骤1: 验证在APP首页（登录页面） - 完成，确认在APP首页（登录页面）
2026-05-09 20:12:33,013 - INFO - 🔄 步骤2: 点击Sign Up按钮进入注册页面
2026-05-09 20:12:33,976 - INFO - ✅ 步骤2: 点击Sign Up按钮进入注册页面 - 完成
2026-05-09 20:12:36,980 - INFO - 🔄 步骤3: 验证进入Sign Up页面
2026-05-09 20:12:37,215 - INFO - ✅ 步骤3: 验证进入Sign Up页面 - 完成，确认已进入Sign Up注册页面
2026-05-09 20:12:39,222 - INFO - 🔄 步骤4: 输入邮箱
2026-05-09 20:12:39,226 - INFO - 📧 生成简单邮箱地址: testuser216@163.com
2026-05-09 20:12:41,256 - INFO - ✅ 步骤4: 输入邮箱 - 完成，邮箱: testuser216@163.com
2026-05-09 20:12:43,261 - INFO - 🔄 步骤5: 勾选隐私政策和用户协议
2026-05-09 20:12:49,376 - INFO - ✅ 隐私政策复选框已勾选
2026-05-09 20:12:50,885 - INFO - 🔄 步骤5.1: 收起键盘（Done）
2026-05-09 20:12:52,144 - INFO - ✅ 已点击Done收起键盘
2026-05-09 20:12:53,150 - INFO - 🔄 步骤6: 点击Next进入set password页面
2026-05-09 20:12:53,852 - INFO - ✅ 步骤6: 点击Next进入set password页面 - 完成，已点击Next按钮
2026-05-09 20:12:56,862 - INFO - 🔄 步骤7: 验证进入set password页面
2026-05-09 20:12:57,151 - INFO - ✅ 成功进入set password页面
2026-05-09 20:12:58,660 - INFO - 🔄 步骤8: 输入密码并明文显示
2026-05-09 20:13:00,313 - INFO - ✅ 已输入密码: Csx150128
2026-05-09 20:13:02,271 - INFO - ✅ 第一次点击显示密码按钮（明文）
2026-05-09 20:13:03,612 - INFO - 📝 明文时value: 'Csx150128', type: 'XCUIElementTypeTextField'
2026-05-09 20:13:04,103 - INFO - ✅ 第二次点击显示密码按钮（隐藏）
2026-05-09 20:13:05,548 - INFO - 📝 隐藏后value: '•••••••••', type: 'XCUIElementTypeSecureTextField'
2026-05-09 20:13:05,549 - INFO - ✅ 明文后再次隐藏成功
2026-05-09 20:13:06,551 - INFO - 🎉 测试用例102242执行成功！
2026-05-09 20:13:06,552 - INFO - ✅ 明文显示后可再次隐藏密文校验通过
2026-05-09 20:13:08,586 - INFO - ✅ 报告已生成: /Users/ambrose.chen/Desktop/iot/project/APP外壳/2测试报告/platform/ios_20260509_201156/ios_20260509_201156_report.xlsx
