2026-05-08 21:33:05,841 - INFO - 🔄 步骤0: 登出，确保从登出状态开始测试
2026-05-08 21:33:05,842 - INFO - 开始登出流程...
2026-05-08 21:33:36,742 - INFO - 未检测到home sel/mine sel/mine，跳过登出流程
2026-05-08 21:33:36,744 - INFO - ✅ 步骤0: 登出，确保从登出状态开始测试 - 完成
2026-05-08 21:33:38,745 - INFO - 🔄 步骤1: 验证在APP首页（登录页面）
2026-05-08 21:33:38,907 - INFO - ✅ 步骤1: 验证在APP首页（登录页面） - 完成，确认在APP首页（登录页面）
2026-05-08 21:33:40,917 - INFO - 🔄 步骤2: 点击Sign Up按钮进入注册页面
2026-05-08 21:33:41,860 - INFO - ✅ 步骤2: 点击Sign Up按钮进入注册页面 - 完成
2026-05-08 21:33:44,869 - INFO - 🔄 步骤3: 验证进入Sign Up页面
2026-05-08 21:33:45,105 - INFO - ✅ 步骤3: 验证进入Sign Up页面 - 完成，确认已进入Sign Up注册页面
2026-05-08 21:33:47,107 - INFO - 🔄 步骤4: 输入邮箱
2026-05-08 21:33:47,111 - INFO - 📧 生成简单邮箱地址: testuser182@163.com
2026-05-08 21:33:48,994 - INFO - ✅ 步骤4: 输入邮箱 - 完成，邮箱: testuser182@163.com
2026-05-08 21:33:51,002 - INFO - 🔄 步骤5: 勾选隐私政策和用户协议
2026-05-08 21:33:57,114 - INFO - ✅ 隐私政策复选框已勾选
2026-05-08 21:33:58,617 - INFO - 🔄 步骤5.1: 收起键盘（Done）
2026-05-08 21:33:59,879 - INFO - ✅ 已点击Done收起键盘
2026-05-08 21:34:00,887 - INFO - 🔄 步骤6: 点击Next进入set password页面
2026-05-08 21:34:01,602 - INFO - ✅ 步骤6: 点击Next进入set password页面 - 完成，已点击Next按钮
2026-05-08 21:34:04,612 - INFO - 🔄 步骤7: 验证进入set password页面
2026-05-08 21:34:05,007 - INFO - ✅ 成功进入set password页面
2026-05-08 21:34:06,516 - INFO - 🔄 步骤8: 输入不一致的密码和确认密码
2026-05-08 21:34:08,331 - INFO - ✅ 已输入密码: Csx150128
2026-05-08 21:34:10,253 - INFO - ✅ 已输入确认密码(不一致): Csx1501
2026-05-08 21:34:12,445 - INFO - ✅ 密码页已点击Done收起键盘
2026-05-08 21:34:13,448 - INFO - 🔄 步骤9: 点击Next验证仍停留并提示密码不一致
2026-05-08 21:34:14,134 - INFO - ✅ 已尝试点击密码页Next按钮
2026-05-08 21:34:16,774 - INFO - ✅ 提示已显示: Password mismatch，页面未跳转
2026-05-08 21:34:17,784 - INFO - 🎉 测试用例102243执行成功！
2026-05-08 21:34:17,784 - INFO - ✅ 密码与确认密码不一致时，Next不跳转且提示Password mismatch
2026-05-08 21:34:19,823 - INFO - ✅ 报告已生成: /Users/ambrose.chen/Desktop/iot/project/APP外壳/2测试报告/platform/ios_20260508_213304/ios_20260508_213304_report.xlsx
