2026-05-09 19:20:31,827 - INFO - 🔄 步骤0: 登出，确保从登出状态开始测试
2026-05-09 19:20:31,827 - INFO - 开始登出流程...
2026-05-09 19:21:02,738 - INFO - 未检测到home sel/mine sel/mine，跳过登出流程
2026-05-09 19:21:02,739 - INFO - ✅ 步骤0: 登出，确保从登出状态开始测试 - 完成
2026-05-09 19:21:04,749 - INFO - 🔄 步骤1: 验证在APP首页（登录页面）
2026-05-09 19:21:04,916 - INFO - ✅ 步骤1: 验证在APP首页（登录页面） - 完成，确认在APP首页（登录页面）
2026-05-09 19:21:06,921 - INFO - 🔄 步骤2: 点击Sign Up按钮进入注册页面
2026-05-09 19:21:07,888 - INFO - ✅ 步骤2: 点击Sign Up按钮进入注册页面 - 完成
2026-05-09 19:21:10,898 - INFO - 🔄 步骤3: 验证进入Sign Up页面
2026-05-09 19:21:11,134 - INFO - ✅ 步骤3: 验证进入Sign Up页面 - 完成，确认已进入Sign Up注册页面
2026-05-09 19:21:13,141 - INFO - 🔄 步骤4: 输入邮箱（value="Email"）
2026-05-09 19:21:13,146 - INFO - 📧 生成简单邮箱地址: testuser191@163.com
2026-05-09 19:21:15,005 - INFO - ✅ 步骤4: 输入邮箱（value="Email"） - 完成，邮箱: testuser191@163.com
2026-05-09 19:21:18,181 - INFO - 🔄 步骤5: 点击Done按钮收起键盘
2026-05-09 19:21:23,283 - INFO - ℹ️ 步骤5: 点击Done按钮收起键盘 - Done按钮未出现或无法点击，可能键盘未弹出或已收起，跳过: Message: 
Stacktrace:
NoSuchElementError: An element could not be located on the page using the given search parameters.
    at XCUITestDriver.doNativeFind (/Users/ambrose.chen/.appium/node_modules/appium-xcuitest-driver/lib/commands/find.js:116:11)
    at processTicksAndRejections (node:internal/process/task_queues:103:5)
    at XCUITestDriver.findNativeElementOrElements (/Users/ambrose.chen/.appium/node_modules/appium-xcuitest-driver/lib/commands/find.js:69:10)
    at XCUITestDriver.findElOrEls (/Users/ambrose.chen/.appium/node_modules/appium-xcuitest-driver/lib/commands/find.js:13:12)
    at XCUITestDriver.findElOrElsWithProcessing (/Users/ambrose.chen/.appium/node_modules/appium-xcuitest-driver/node_modules/@appium/base-driver/lib/basedriver/commands/find.ts:60:12)
    at XCUITestDriver.findElement (/Users/ambrose.chen/.appium/node_modules/appium-xcuitest-driver/node_modules/@appium/base-driver/lib/basedriver/commands/find.ts:75:12)
2026-05-09 19:21:24,286 - INFO - 🔄 步骤6: 勾选隐私政策和用户协议
2026-05-09 19:21:31,051 - INFO - ℹ️ 未检测到 selected（可忽略），继续下一步用页面跳转验证是否勾选成功
2026-05-09 19:21:31,051 - INFO - ✅ 步骤6: 勾选隐私政策和用户协议 - 完成
2026-05-09 19:21:33,061 - INFO - 🔄 步骤7: 点击Next按钮进入密码设置页面
2026-05-09 19:21:33,777 - INFO - ✅ 步骤7: 点击Next按钮进入密码设置页面 - 完成，已点击Next按钮
2026-05-09 19:21:36,328 - INFO - 🔄 步骤8: 点击左上角返回按钮（name="nav back"）
2026-05-09 19:21:37,484 - INFO - ✅ 步骤8: 点击左上角返回按钮（name="nav back"） - 完成
2026-05-09 19:21:38,493 - INFO - 🔄 步骤9: 返回后点击login check sel，出现提示即成功
2026-05-09 19:21:39,366 - INFO - ✅ 已出现提示文案：Please confirm and tick the Privacy Policy and User Agreement
2026-05-09 19:21:39,367 - INFO - ✅ 步骤9: 返回后点击login check sel，出现提示即成功 - 完成
2026-05-09 19:21:41,372 - INFO - 🎉 测试用例102199执行成功！
2026-05-09 19:21:41,373 - INFO - ✅ 102199：勾选协议进入密码页后返回，协议回到未勾选态并出现提示文案
2026-05-09 19:21:43,412 - INFO - ✅ 报告已生成: /Users/ambrose.chen/Desktop/iot/project/APP外壳/2测试报告/platform/ios_20260509_192030/ios_20260509_192030_report.xlsx
