2026-05-11 21:12:27,633 - INFO - 🔄 步骤0: 登出，确保从登出状态开始测试
2026-05-11 21:12:27,634 - INFO - 开始登出流程...
2026-05-11 21:12:58,542 - INFO - 未检测到home sel/mine sel/mine，跳过登出流程
2026-05-11 21:12:58,544 - INFO - ✅ 步骤0: 登出，确保从登出状态开始测试 - 完成
2026-05-11 21:13:00,550 - INFO - 🔄 步骤1: 验证在APP首页（登录页面）
2026-05-11 21:13:00,711 - INFO - ✅ 步骤1: 验证在APP首页（登录页面） - 完成，确认在APP首页（登录页面）
2026-05-11 21:13:02,719 - INFO - 🔄 步骤2: 点击Sign Up按钮进入注册页面
2026-05-11 21:13:03,667 - INFO - ✅ 步骤2: 点击Sign Up按钮进入注册页面 - 完成
2026-05-11 21:13:06,677 - INFO - 🔄 步骤3: 验证进入Sign Up页面
2026-05-11 21:13:06,902 - INFO - ✅ 步骤3: 验证进入Sign Up页面 - 完成，确认已进入Sign Up注册页面
2026-05-11 21:13:08,909 - INFO - 🔄 步骤4: 输入邮箱
2026-05-11 21:13:08,913 - INFO - 📧 生成简单邮箱地址: testuser245@163.com
2026-05-11 21:13:10,818 - INFO - ✅ 步骤4: 输入邮箱 - 完成，邮箱: testuser245@163.com
2026-05-11 21:13:12,826 - INFO - 🔄 步骤5: 勾选隐私政策和用户协议
2026-05-11 21:13:18,948 - INFO - ✅ 隐私政策复选框已勾选
2026-05-11 21:13:20,458 - INFO - 🔄 步骤5.1: 收起键盘（Done）
2026-05-11 21:13:21,738 - INFO - ✅ 已点击Done收起键盘
2026-05-11 21:13:22,743 - INFO - 🔄 步骤6: 点击Next进入set password页面
2026-05-11 21:13:23,443 - INFO - ✅ 步骤6: 点击Next进入set password页面 - 完成，已点击Next按钮
2026-05-11 21:13:26,445 - INFO - 🔄 步骤7: 验证进入set password页面
2026-05-11 21:13:26,725 - INFO - ✅ 成功进入set password页面
2026-05-11 21:13:28,228 - INFO - 🔄 步骤8: 输入密码并确认
2026-05-11 21:13:30,032 - INFO - ✅ 已输入密码: XINGmai12?
2026-05-11 21:13:32,031 - INFO - ✅ 已输入确认密码: XINGmai12?
2026-05-11 21:13:34,245 - INFO - ✅ 密码页已点击Done收起键盘
2026-05-11 21:13:35,249 - INFO - 🔄 步骤9: 点击Next进入用户名页面
2026-05-11 21:13:36,214 - INFO - ✅ 已点击密码页Next按钮
2026-05-11 21:13:39,223 - INFO - 🔄 步骤10: 用户名页面点击Skip并验证主页面
2026-05-11 21:13:52,085 - INFO - ✅ 找到Skip元素: //XCUIElementTypeButton[@name="Skip"]
2026-05-11 21:13:52,604 - INFO - ✅ 已点击Skip跳过用户名
2026-05-11 21:13:55,834 - INFO - ✅ 主页面标识元素存在: //XCUIElementTypeButton[@name="home sel"]
2026-05-11 21:13:56,838 - INFO - 🎉 测试用例102234执行成功！
2026-05-11 21:13:56,838 - INFO - ✅ 数字+大+小写+字符密码可正常跳转，成功到主页面
2026-05-11 21:13:58,868 - INFO - ✅ 报告已生成: /Users/ambrose.chen/Desktop/iot/project/APP外壳/2测试报告/platform/ios_20260511_211225/ios_20260511_211225_report.xlsx
