2026-05-08 21:06:48,051 - INFO - 🔄 步骤0: 登出，确保从登出状态开始测试
2026-05-08 21:06:48,052 - INFO - 开始登出流程...
2026-05-08 21:07:18,938 - INFO - 未检测到home sel/mine sel/mine，跳过登出流程
2026-05-08 21:07:18,940 - INFO - ✅ 步骤0: 登出，确保从登出状态开始测试 - 完成
2026-05-08 21:07:20,941 - INFO - 🔄 步骤1: 验证在APP首页（登录页面）
2026-05-08 21:07:21,103 - INFO - ✅ 步骤1: 验证在APP首页（登录页面） - 完成，确认在APP首页（登录页面）
2026-05-08 21:07:23,106 - INFO - 🔄 步骤2: 点击Sign Up按钮进入注册页面
2026-05-08 21:07:24,048 - INFO - ✅ 步骤2: 点击Sign Up按钮进入注册页面 - 完成
2026-05-08 21:07:27,151 - INFO - 🔄 步骤3: 验证进入Sign Up页面
2026-05-08 21:07:27,574 - INFO - ✅ 步骤3: 验证进入Sign Up页面 - 完成，确认已进入Sign Up注册页面
2026-05-08 21:07:29,584 - INFO - 🔄 步骤4: 输入邮箱
2026-05-08 21:07:29,586 - INFO - 📧 生成简单邮箱地址: testuser162@163.com
2026-05-08 21:07:31,559 - INFO - ✅ 步骤4: 输入邮箱 - 完成，邮箱: testuser162@163.com
2026-05-08 21:07:33,569 - INFO - 🔄 步骤5: 勾选隐私政策和用户协议
2026-05-08 21:07:39,782 - INFO - ✅ 隐私政策复选框已勾选
2026-05-08 21:07:41,291 - INFO - 🔄 步骤5.1: 收起键盘（Done）
2026-05-08 21:07:42,557 - INFO - ✅ 已点击Done收起键盘
2026-05-08 21:07:43,564 - INFO - 🔄 步骤6: 点击Next进入set password页面
2026-05-08 21:07:44,260 - INFO - ✅ 步骤6: 点击Next进入set password页面 - 完成，已点击Next按钮
2026-05-08 21:07:47,264 - INFO - 🔄 步骤7: 验证进入set password页面
2026-05-08 21:07:47,556 - INFO - ✅ 成功进入set password页面
2026-05-08 21:07:49,057 - INFO - 🔄 步骤8: 输入密码并验证规则提示为灰色
2026-05-08 21:07:50,673 - INFO - ✅ 已输入密码: Csx150128
2026-05-08 21:07:52,709 - INFO - 📝 规则提示 //XCUIElementTypeStaticText[@name="• 6-20 characters"] 显示，但系统未返回可用颜色属性，按默认灰色样式通过
2026-05-08 21:07:53,226 - INFO - 📝 规则提示 //XCUIElementTypeStaticText[@name="• contains letters"] 显示，但系统未返回可用颜色属性，按默认灰色样式通过
2026-05-08 21:07:53,733 - INFO - 📝 规则提示 //XCUIElementTypeStaticText[@name="• contains numbers"] 显示，但系统未返回可用颜色属性，按默认灰色样式通过
2026-05-08 21:07:54,223 - INFO - 📝 规则提示 //XCUIElementTypeStaticText[@name="• Supports special characters:! @ # $ % ^ & * ( ) - _ = + \ | [ ] { } ; : / ? . , ~ > < `"] 显示，但系统未返回可用颜色属性，按默认灰色样式通过
2026-05-08 21:07:54,224 - INFO - ✅ 所有规则提示显示且默认为灰色（UI默认样式）
2026-05-08 21:07:55,726 - INFO - 🎉 测试用例102223执行成功！
2026-05-08 21:07:55,727 - INFO - ✅ 设置密码页面规则提示默认为灰色，输入 Csx150128 后规则提示可见
2026-05-08 21:07:57,754 - INFO - ✅ 报告已生成: /Users/ambrose.chen/Desktop/iot/project/APP外壳/2测试报告/platform/ios_20260508_210646/ios_20260508_210646_report.xlsx
