2026-05-11 20:38:56,097 - INFO - 🔄 步骤0: 登出，确保从登出状态开始测试
2026-05-11 20:38:56,097 - INFO - 开始登出流程...
2026-05-11 20:39:27,008 - INFO - 未检测到home sel/mine sel/mine，跳过登出流程
2026-05-11 20:39:27,010 - INFO - ✅ 步骤0: 登出，确保从登出状态开始测试 - 完成
2026-05-11 20:39:29,020 - INFO - 🔄 步骤1: 验证在APP首页（登录页面）
2026-05-11 20:39:29,183 - INFO - ✅ 步骤1: 验证在APP首页（登录页面） - 完成，确认在APP首页（登录页面）
2026-05-11 20:39:31,187 - INFO - 🔄 步骤2: 点击Sign Up按钮进入注册页面
2026-05-11 20:39:32,136 - INFO - ✅ 步骤2: 点击Sign Up按钮进入注册页面 - 完成
2026-05-11 20:39:35,144 - INFO - 🔄 步骤3: 验证进入Sign Up页面
2026-05-11 20:39:35,368 - INFO - ✅ 步骤3: 验证进入Sign Up页面 - 完成，确认已进入Sign Up注册页面
2026-05-11 20:39:37,377 - INFO - 🔄 步骤4: 输入错误邮箱（tank163.@163.com）
2026-05-11 20:39:39,122 - INFO - ✅ 步骤4: 输入错误邮箱（tank163.@163.com） - 完成，输入错误邮箱: tank163.@163.com
2026-05-11 20:39:41,450 - INFO - ✅ 已出现提示：Please sign up using your email address
2026-05-11 20:39:41,451 - INFO - 🔄 步骤5: 勾选隐私政策和用户协议
2026-05-11 20:39:47,206 - INFO - ✅ 隐私政策复选框已勾选
2026-05-11 20:39:48,715 - INFO - 🔄 步骤6: 点击Next按钮（错误邮箱）
2026-05-11 20:39:49,367 - INFO - ✅ 步骤6: 点击Next按钮（错误邮箱） - 已尝试点击Next按钮
2026-05-11 20:39:50,374 - INFO - 🔄 步骤7: 验证停留当前页面并出现提示（错误邮箱）
2026-05-11 20:39:50,890 - INFO - ✅ 步骤7: 验证停留当前页面并出现提示（错误邮箱） - 完成，提示信息: Please sign up using your email address
2026-05-11 20:39:52,892 - INFO - 🔄 步骤8: 修正邮箱为正确邮箱
2026-05-11 20:39:52,897 - INFO - 📧 生成简单邮箱地址: testuser232@163.com
2026-05-11 20:40:05,921 - INFO - ✅ 步骤8: 修正邮箱为正确邮箱 - 完成，输入正确邮箱: testuser232@163.com
2026-05-11 20:40:18,312 - INFO - ✅ 修正邮箱后错误提示已消失
2026-05-11 20:40:18,314 - INFO - 🔄 步骤9: 再次点击Next按钮（正确邮箱）
2026-05-11 20:40:18,959 - INFO - ✅ 步骤9: 再次点击Next按钮（正确邮箱） - 已尝试点击Next按钮（正确邮箱）
2026-05-11 20:40:21,964 - INFO - 🔄 步骤10: 验证跳转到set password页面
2026-05-11 20:40:22,155 - INFO - ✅ 步骤10: 验证跳转到set password页面 - 完成，已进入 Set Password 页面
2026-05-11 20:40:24,161 - INFO - 🎉 测试用例102209执行成功！
2026-05-11 20:40:24,162 - INFO - ✅ 错误邮箱提示后，改正邮箱再次点击Next，成功跳转到set password页面
2026-05-11 20:40:26,195 - INFO - ✅ 报告已生成: /Users/ambrose.chen/Desktop/iot/project/APP外壳/2测试报告/platform/ios_20260511_203854/ios_20260511_203854_report.xlsx
