2026-05-09 19:49:20,856 - INFO - 🔄 步骤0: 登出，确保从登出状态开始测试
2026-05-09 19:49:20,857 - INFO - 开始登出流程...
2026-05-09 19:49:51,767 - INFO - 未检测到home sel/mine sel/mine，跳过登出流程
2026-05-09 19:49:51,769 - INFO - ✅ 步骤0: 登出，确保从登出状态开始测试 - 完成
2026-05-09 19:49:53,778 - INFO - 🔄 步骤1: 验证在APP首页（登录页面）
2026-05-09 19:49:53,940 - INFO - ✅ 步骤1: 验证在APP首页（登录页面） - 完成，确认在APP首页（登录页面）
2026-05-09 19:49:55,950 - INFO - 🔄 步骤2: 点击Sign Up按钮进入注册页面
2026-05-09 19:49:56,894 - INFO - ✅ 步骤2: 点击Sign Up按钮进入注册页面 - 完成
2026-05-09 19:49:59,898 - INFO - 🔄 步骤3: 验证进入Sign Up页面
2026-05-09 19:50:00,130 - INFO - ✅ 步骤3: 验证进入Sign Up页面 - 完成，确认已进入Sign Up注册页面
2026-05-09 19:50:02,134 - INFO - 🔄 步骤4: 输入邮箱
2026-05-09 19:50:02,138 - INFO - 📧 生成简单邮箱地址: testuser199@163.com
2026-05-09 19:50:04,029 - INFO - ✅ 步骤4: 输入邮箱 - 完成，邮箱: testuser199@163.com
2026-05-09 19:50:06,035 - INFO - 🔄 步骤5: 勾选隐私政策和用户协议
2026-05-09 19:50:12,160 - INFO - ✅ 隐私政策复选框已勾选
2026-05-09 19:50:13,670 - INFO - 🔄 步骤5.1: 收起键盘（Done）
2026-05-09 19:50:14,945 - INFO - ✅ 已点击Done收起键盘
2026-05-09 19:50:15,953 - INFO - 🔄 步骤6: 点击Next进入set password页面
2026-05-09 19:50:16,671 - INFO - ✅ 步骤6: 点击Next进入set password页面 - 完成，已点击Next按钮
2026-05-09 19:50:19,680 - INFO - 🔄 步骤7: 验证进入set password页面
2026-05-09 19:50:19,966 - INFO - ✅ 成功进入set password页面
2026-05-09 19:50:21,476 - INFO - 🔄 步骤8: 输入超长密码并验证规则颜色
2026-05-09 19:50:23,308 - INFO - ✅ 已输入密码: Csx123456789012345678
2026-05-09 19:50:25,217 - INFO - 📝 规则提示: • 6-20 characters 颜色: None
2026-05-09 19:50:25,612 - INFO - 📝 规则提示: • contains letters 颜色: None
2026-05-09 19:50:25,993 - INFO - 📝 规则提示: • contains numbers 颜色: None
2026-05-09 19:50:26,384 - INFO - 📝 规则提示: • Supports special characters:! @ # $ % ^ & * ( ) - _ = + \ | [ ] { } ; : / ? . , ~ > < ` 颜色: None
2026-05-09 19:50:26,385 - INFO - ✅ 规则颜色检查完成（无法获取颜色时已记录）
2026-05-09 19:50:27,389 - INFO - 🔄 步骤9: 收起键盘并点击Next，验证停留当前页面
2026-05-09 19:50:28,574 - INFO - ✅ 已点击Done收起键盘
2026-05-09 19:50:30,150 - INFO - ✅ 已尝试点击密码页Next按钮
2026-05-09 19:50:32,441 - INFO - ✅ 点击后仍停留在set password页面，Next按钮不可使页面跳转
2026-05-09 19:50:33,446 - INFO - 🎉 测试用例102225执行成功！
2026-05-09 19:50:33,447 - INFO - ✅ 密码大于20位时规则颜色符合预期，Next按钮不可跳转
2026-05-09 19:50:35,477 - INFO - ✅ 报告已生成: /Users/ambrose.chen/Desktop/iot/project/APP外壳/2测试报告/platform/ios_20260509_194919/ios_20260509_194919_report.xlsx
