2026-05-11 19:38:09,257 - INFO - 🔄 步骤1: 重置APP，检测登录状态并登出
2026-05-11 19:38:15,198 - INFO -     ✅ APP已重置
2026-05-11 19:38:15,446 - INFO -     ✅ 检测到已登录状态: //XCUIElementTypeButton[@name="home sel"]
2026-05-11 19:38:15,446 - INFO -     🔄 检测到已登录，执行登出操作...
2026-05-11 19:38:15,447 - INFO - 开始登出流程...
2026-05-11 19:38:15,662 - INFO - 检测到home sel元素
2026-05-11 19:38:27,126 - INFO - ✅ 点击mine按钮: //XCUIElementTypeButton[@name="mine"]
2026-05-11 19:38:29,317 - INFO - ✅ 点击CommonEdit编辑按钮: //XCUIElementTypeButton[@name="CommonEdit"]
2026-05-11 19:38:31,502 - INFO - ✅ 点击Log Out: //XCUIElementTypeButton[@name="Log Out"]
2026-05-11 19:38:33,696 - INFO - ✅ 点击Confirm: //XCUIElementTypeButton[@name="Confirm"]
2026-05-11 19:38:35,198 - INFO - 登出操作完成
2026-05-11 19:38:35,541 - INFO - ✅ 成功回到登录页面
2026-05-11 19:38:35,542 - INFO -     ✅ 登出操作完成
2026-05-11 19:38:37,049 - INFO - ✅ 步骤1: 重置APP，检测登录状态并登出 - 完成
2026-05-11 19:38:37,050 - INFO - 🔄 步骤2: 点击登录按钮进入Sign in页面
2026-05-11 19:38:38,177 - INFO - ✅ 步骤2: 点击登录按钮进入Sign in页面 - 完成
2026-05-11 19:38:39,685 - INFO - 🔄 步骤3: 点击密码框，输入密码，验证密码被隐藏
2026-05-11 19:39:20,404 - INFO -     ✅ 密码输入完成
2026-05-11 19:39:26,824 - INFO -     ✅ 验证密码被隐藏成功（类型: XCUIElementTypeSecureTextField）
2026-05-11 19:39:26,825 - INFO - ✅ 步骤3: 点击密码框，输入密码，验证密码被隐藏 - 完成
2026-05-11 19:39:26,825 - INFO - 🔄 步骤4: 点击×按钮，验证密码被清空
2026-05-11 19:39:32,947 - INFO -     ✅ 已点击×按钮
2026-05-11 19:39:59,831 - INFO -     ✅ 验证密码已被清空（状态: delete_button_hidden）
2026-05-11 19:39:59,832 - INFO - ✅ 步骤4: 点击×按钮，验证密码被清空 - 完成，密码内容已清空
2026-05-11 19:39:59,832 - INFO - 🎉 测试用例102668执行成功！
2026-05-11 19:39:59,851 - INFO - ✅ 报告已生成: /Users/ambrose.chen/Desktop/iot/project/APP外壳/2测试报告/platform/ios_20260511_193807/ios_20260511_193807_report.xlsx
