2026-05-12 11:23:21,935 - INFO - 🔄 步骤0: 登出，确保从登出状态开始测试
2026-05-12 11:23:21,936 - INFO - 开始登出流程...
2026-05-12 11:23:52,856 - INFO - 未检测到home sel/mine sel/mine，跳过登出流程
2026-05-12 11:23:52,858 - INFO - ✅ 步骤0: 登出，确保从登出状态开始测试 - 完成
2026-05-12 11:23:54,862 - INFO - 🔄 步骤1: 验证在APP首页（登录页面）
2026-05-12 11:23:55,024 - INFO - ✅ 步骤1: 验证在APP首页（登录页面） - 完成，确认在APP首页（登录页面）
2026-05-12 11:23:57,028 - INFO - 🔄 步骤2: 点击Sign Up按钮进入注册页面
2026-05-12 11:23:57,986 - INFO - ✅ 步骤2: 点击Sign Up按钮进入注册页面 - 完成
2026-05-12 11:24:00,994 - INFO - 🔄 步骤3: 验证进入Sign Up页面
2026-05-12 11:24:01,216 - INFO - ✅ 步骤3: 验证进入Sign Up页面 - 完成，确认已进入Sign Up注册页面
2026-05-12 11:24:03,224 - INFO - 🔄 步骤4: 输入邮箱
2026-05-12 11:24:03,228 - INFO - 📧 生成简单邮箱地址: testuser270@163.com
2026-05-12 11:24:05,126 - INFO - ✅ 步骤4: 输入邮箱 - 完成，邮箱: testuser270@163.com
2026-05-12 11:24:07,132 - INFO - 🔄 步骤5: 勾选隐私政策和用户协议
2026-05-12 11:24:13,254 - INFO - ✅ 隐私政策复选框已勾选
2026-05-12 11:24:14,763 - INFO - 🔄 步骤5.1: 收起键盘（Done）
2026-05-12 11:24:16,041 - INFO - ✅ 已点击Done收起键盘
2026-05-12 11:24:17,043 - INFO - 🔄 步骤6: 点击Next进入set password页面
2026-05-12 11:24:17,781 - INFO - ✅ 步骤6: 点击Next进入set password页面 - 完成，已点击Next按钮
2026-05-12 11:24:20,781 - INFO - 🔄 步骤7: 验证进入set password页面
2026-05-12 11:24:21,073 - INFO - ✅ 成功进入set password页面
2026-05-12 11:24:22,582 - INFO - 🔄 步骤8: 输入小于6位密码并验证规则颜色
2026-05-12 11:24:24,127 - INFO - ✅ 已输入密码: Csx15
2026-05-12 11:24:26,031 - INFO - 📝 规则提示: • 6-20 characters 颜色: None
2026-05-12 11:24:26,417 - INFO - 📝 规则提示: • contains letters 颜色: None
2026-05-12 11:24:26,811 - INFO - 📝 规则提示: • contains numbers 颜色: None
2026-05-12 11:24:27,199 - INFO - 📝 规则提示: • Supports special characters:! @ # $ % ^ & * ( ) - _ = + \ | [ ] { } ; : / ? . , ~ > < ` 颜色: None
2026-05-12 11:24:27,199 - INFO - ✅ 规则颜色检查完成（无法获取颜色时已记录）
2026-05-12 11:24:28,209 - INFO - 🔄 步骤9: 收起键盘并点击Next，验证停留当前页面
2026-05-12 11:24:29,408 - INFO - ✅ 已点击Done收起键盘
2026-05-12 11:24:30,984 - INFO - ✅ 已尝试点击密码页Next按钮
2026-05-12 11:24:33,312 - INFO - ✅ 点击后仍停留在set password页面，Next按钮不可使页面跳转
2026-05-12 11:24:34,314 - INFO - 🎉 测试用例102224执行成功！
2026-05-12 11:24:34,314 - INFO - ✅ 密码小于6位时规则颜色符合预期，Next按钮不可跳转
2026-05-12 11:24:36,348 - INFO - ✅ 报告已生成: /Users/ambrose.chen/Desktop/iot/project/APP外壳/2测试报告/platform/ios_20260512_112320/ios_20260512_112320_report.xlsx
