2026-05-11 20:28:22,162 - INFO - 🔄 步骤0: 登出，确保从登出状态开始测试
2026-05-11 20:28:22,162 - INFO - 开始登出流程...
2026-05-11 20:28:22,373 - INFO - 检测到home sel元素
2026-05-11 20:28:33,779 - INFO - ✅ 点击mine按钮: //XCUIElementTypeButton[@name="mine"]
2026-05-11 20:28:35,984 - INFO - ✅ 点击CommonEdit编辑按钮: //XCUIElementTypeButton[@name="CommonEdit"]
2026-05-11 20:28:38,166 - INFO - ✅ 点击Log Out: //XCUIElementTypeButton[@name="Log Out"]
2026-05-11 20:28:40,353 - INFO - ✅ 点击Confirm: //XCUIElementTypeButton[@name="Confirm"]
2026-05-11 20:28:41,863 - INFO - 登出操作完成
2026-05-11 20:28:42,193 - INFO - ✅ 成功回到登录页面
2026-05-11 20:28:42,193 - INFO - ✅ 步骤0: 登出，确保从登出状态开始测试 - 完成
2026-05-11 20:28:44,199 - INFO - 🔄 步骤1: 验证在APP首页（登录页面）
2026-05-11 20:28:44,367 - INFO - ✅ 步骤1: 验证在APP首页（登录页面） - 完成，确认在APP首页（登录页面）
2026-05-11 20:28:46,376 - INFO - 🔄 步骤2: 点击Sign Up按钮进入注册页面
2026-05-11 20:28:47,352 - INFO - ✅ 步骤2: 点击Sign Up按钮进入注册页面 - 完成
2026-05-11 20:28:50,360 - INFO - 🔄 步骤4: 输入邮箱（value="Email"）
2026-05-11 20:28:50,365 - INFO - 📧 生成简单邮箱地址: testuser226@163.com
2026-05-11 20:28:52,267 - INFO - ✅ 步骤4: 输入邮箱（value="Email"） - 完成，邮箱: testuser226@163.com
2026-05-11 20:28:54,276 - INFO - 🔄 步骤5: 点击Done按钮收起键盘
2026-05-11 20:28:55,535 - INFO - ✅ 步骤5: 点击Done按钮收起键盘 - 完成
2026-05-11 20:28:57,544 - INFO - 🔄 步骤7: 点击Next按钮（不勾选隐私协议）
2026-05-11 20:28:58,242 - INFO - ✅ 步骤7: 点击Next按钮（不勾选隐私协议） - 已尝试点击Next按钮
2026-05-11 20:29:00,248 - INFO - 🔄 步骤8: 断言提示出现（即判成功）
2026-05-11 20:29:00,541 - INFO - 📝 提示信息内容: Please confirm and tick the Privacy Policy and User Agreement
2026-05-11 20:29:00,542 - INFO - ✅ 步骤8: 断言提示出现（即判成功） - 完成
2026-05-11 20:29:00,542 - INFO - ✅ 验证通过：页面显示提示信息: Please confirm and tick the Privacy Policy and User Agreement
2026-05-11 20:29:02,549 - INFO - 🎉 测试用例102197执行成功！
2026-05-11 20:29:02,550 - INFO - ✅ 102197 "隐私政策、用户协议"默认不勾选
2026-05-11 20:29:04,593 - INFO - ✅ 报告已生成: /Users/ambrose.chen/Desktop/iot/project/APP外壳/2测试报告/platform/ios_20260511_202820/ios_20260511_202820_report.xlsx
