2026-05-09 21:28:07,953 - INFO - 🔄 步骤1: 重启APP并处理登录状态
2026-05-09 21:28:29,250 - INFO - ✅ 步骤1: 重启APP并处理登录状态 - 完成
2026-05-09 21:28:29,251 - INFO - 🔄 步骤2: 点击Sign In进入登录页
2026-05-09 21:28:32,191 - INFO - ✅ 步骤2: 点击Sign In进入登录页 - 完成
2026-05-09 21:28:32,192 - INFO - 🔄 步骤3: 点击Forgot password进入忘记密码页
2026-05-09 21:28:35,342 - INFO - ✅ 步骤3: 点击Forgot password进入忘记密码页 - 完成
2026-05-09 21:28:35,343 - INFO - 🔄 步骤4: 输入邮箱并点击Next进入验证码页
2026-05-09 21:28:43,607 - INFO - ✅ 步骤4: 输入邮箱并点击Next进入验证码页 - 完成，邮箱: haoc51888@gmail.com
2026-05-09 21:28:43,608 - INFO - 🔄 步骤5: Gmail获取最新验证码code
2026-05-09 21:30:24,855 - INFO - ✅ 步骤5: Gmail获取最新验证码code - 完成，code: 135379
2026-05-09 21:30:24,857 - INFO - 🔄 步骤6: 输入验证码进入Set Password页
2026-05-09 21:30:34,143 - INFO - ✅ 步骤6: 输入验证码进入Set Password页 - 完成
2026-05-09 21:30:34,143 - INFO - 🔄 步骤7: 输入数字+特殊字符密码(两次)并收起键盘
2026-05-09 21:30:40,420 - INFO - ✅ 步骤7: 输入数字+特殊字符密码(两次)并收起键盘 - 完成，password: !@#$%^&*()-==+\'l[};:/?...~><`12
2026-05-09 21:30:40,420 - INFO - 🔄 步骤8: 校验密码规则文案颜色（若能取到color）
2026-05-09 21:30:40,648 - INFO - 📝 规则提示: • 6-20 characters 颜色: None
2026-05-09 21:30:40,868 - INFO - 📝 规则提示: • contains letters 颜色: None
2026-05-09 21:30:41,087 - INFO - 📝 规则提示: • contains numbers 颜色: None
2026-05-09 21:30:41,310 - INFO - 📝 规则提示: • Supports special characters:! @ # $ % ^ & * ( ) - _ = + \ | [ ] { } ; : / ? . , ~ > < ` 颜色: None
2026-05-09 21:30:41,310 - INFO - ✅ 步骤8: 校验密码规则文案颜色（若能取到color） - 完成
2026-05-09 21:30:41,310 - INFO - 🔄 步骤9: 点击Submit，断言不可完成修改密码（仍停留Set Password页）
2026-05-09 21:30:41,571 - INFO - ✅ 步骤9: 点击Submit，断言不可完成修改密码（仍停留Set Password页） - 完成
2026-05-09 21:30:41,572 - INFO - 🎉 测试用例102157执行成功！
2026-05-09 21:30:41,602 - INFO - ✅ 报告已生成: /Users/ambrose.chen/Desktop/iot/project/APP外壳/2测试报告/platform/ios_20260509_212806/ios_20260509_212806_report.xlsx
