2026-05-09 19:25:42,947 - INFO - 🔄 步骤0: 登出，确保从登出状态开始测试
2026-05-09 19:25:42,948 - INFO - 开始登出流程...
2026-05-09 19:26:13,858 - INFO - 未检测到home sel/mine sel/mine，跳过登出流程
2026-05-09 19:26:13,859 - INFO - ✅ 步骤0: 登出，确保从登出状态开始测试 - 完成
2026-05-09 19:26:15,861 - INFO - 🔄 步骤1: 验证在APP首页（登录页面）
2026-05-09 19:26:16,016 - INFO - ✅ 步骤1: 验证在APP首页（登录页面） - 完成，确认在APP首页（登录页面）
2026-05-09 19:26:18,018 - INFO - 🔄 步骤2: 点击Sign Up按钮进入注册页面
2026-05-09 19:26:18,980 - INFO - ✅ 步骤2: 点击Sign Up按钮进入注册页面 - 完成
2026-05-09 19:26:21,988 - INFO - 🔄 步骤3: 验证进入Sign Up页面
2026-05-09 19:26:22,229 - INFO - ✅ 步骤3: 验证进入Sign Up页面 - 完成，确认已进入Sign Up注册页面
2026-05-09 19:26:24,237 - INFO - 🔄 步骤4: 邮箱输入纯数字
2026-05-09 19:26:26,034 - INFO - ✅ 步骤4: 邮箱输入纯数字 - 完成，输入纯数字邮箱: 1234567890
2026-05-09 19:26:28,043 - INFO - 🔄 步骤5: 勾选隐私政策和用户协议
2026-05-09 19:26:34,153 - INFO - ✅ 隐私政策复选框已勾选
2026-05-09 19:26:35,656 - INFO - 🔄 步骤5.1: 收起键盘（Done）
2026-05-09 19:26:36,924 - INFO - ✅ 已点击Done收起键盘
2026-05-09 19:26:37,932 - INFO - 🔄 步骤6: 点击Next按钮
2026-05-09 19:26:38,589 - INFO - ✅ 步骤6: 点击Next按钮 - 完成，已尝试点击Next按钮
2026-05-09 19:26:40,599 - INFO - 🔄 步骤7: 验证停留当前页面并出现提示
2026-05-09 19:26:51,553 - INFO - ✅ 找到提示信息元素，选择器: //XCUIElementTypeStaticText[@name="Please sign up using your email address"]
2026-05-09 19:26:51,554 - INFO - ✅ 步骤7: 验证停留当前页面并出现提示 - 完成，提示信息: Please sign up using your email address
2026-05-09 19:26:53,563 - INFO - 🎉 测试用例102206执行成功！
2026-05-09 19:26:53,563 - INFO - ✅ 验证输入纯数字邮箱，勾选隐私政策后点击Next，停留当前页并提示“Please sign up using your email address”
2026-05-09 19:26:55,600 - INFO - ✅ 报告已生成: /Users/ambrose.chen/Desktop/iot/project/APP外壳/2测试报告/platform/ios_20260509_192541/ios_20260509_192541_report.xlsx
