2026-05-08 19:39:41,609 - INFO - 🔄 步骤1: 重置APP，检测登录状态并登出
2026-05-08 19:39:47,556 - INFO -     ✅ APP已重置
2026-05-08 19:40:02,751 - INFO -     ℹ️ 未检测到登录状态，已在登录页面
2026-05-08 19:40:02,753 - INFO - ✅ 步骤1: 重置APP，检测登录状态并登出 - 完成
2026-05-08 19:40:02,753 - INFO - 🔄 步骤2: 点击登录按钮进入Sign in页面
2026-05-08 19:40:03,715 - INFO - ✅ 步骤2: 点击登录按钮进入Sign in页面 - 完成
2026-05-08 19:40:05,216 - INFO - 🔄 步骤3: 点击邮箱框，输入邮箱
2026-05-08 19:40:46,020 - INFO -     ✅ 邮箱输入完成: haoc51888@gmail.com
2026-05-08 19:40:47,031 - INFO - ✅ 步骤3: 点击邮箱框，输入邮箱 - 完成
2026-05-08 19:40:47,032 - INFO - 🔄 步骤4: 点击键盘Done，收起键盘
2026-05-08 19:40:48,360 - INFO - ✅ 步骤4: 点击键盘Done，收起键盘 - 完成
2026-05-08 19:40:49,367 - INFO - 🔄 步骤5: 验证密码输入框为空（不输入密码）
2026-05-08 19:40:49,623 - INFO -     ✅ 密码输入框为空
2026-05-08 19:40:49,624 - INFO - ✅ 步骤5: 验证密码输入框为空（不输入密码） - 完成，密码输入框为空
2026-05-08 19:40:49,624 - INFO - 🔄 步骤6: 点击登录按钮（不勾选用户协议和隐私政策，不输入密码）
2026-05-08 19:40:50,465 - INFO - ✅ 步骤6: 点击登录按钮（不勾选用户协议和隐私政策，不输入密码） - 完成
2026-05-08 19:40:52,466 - INFO - 🔄 步骤7: 断言页面显示错误提示信息
2026-05-08 19:40:52,798 - INFO -     ✅ 找到错误提示信息: Incorrect password. Please confirm and try again.
2026-05-08 19:40:52,798 - INFO - ✅ 步骤7: 断言页面显示错误提示信息 - 完成，错误提示信息已显示
2026-05-08 19:40:52,799 - INFO - 🎉 测试用例102656执行成功！
2026-05-08 19:40:52,823 - INFO - ✅ 报告已生成: /Users/ambrose.chen/Desktop/iot/project/APP外壳/2测试报告/platform/ios_20260508_193939/ios_20260508_193939_report.xlsx
