2026-05-08 20:32:50,686 - INFO - 🔄 步骤0: 登出，确保从登出状态开始测试
2026-05-08 20:32:50,687 - INFO - 开始登出流程...
2026-05-08 20:33:21,589 - INFO - 未检测到home sel/mine sel/mine，跳过登出流程
2026-05-08 20:33:21,590 - INFO - ✅ 步骤0: 登出，确保从登出状态开始测试 - 完成
2026-05-08 20:33:23,593 - INFO - 🔄 步骤1: 验证在APP首页（登录页面）
2026-05-08 20:33:23,769 - INFO - ✅ 步骤1: 验证在APP首页（登录页面） - 完成，确认在APP首页（登录页面）
2026-05-08 20:33:25,774 - INFO - 🔄 步骤2: 点击Sign Up按钮进入注册页面
2026-05-08 20:33:26,752 - INFO - ✅ 步骤2: 点击Sign Up按钮进入注册页面 - 完成
2026-05-08 20:33:29,761 - INFO - 🔄 步骤3: 验证进入Sign Up页面
2026-05-08 20:33:30,001 - INFO - ✅ 步骤3: 验证进入Sign Up页面 - 完成，确认已进入Sign Up注册页面
2026-05-08 20:33:32,009 - INFO - 🔄 步骤4: 国家切为china
2026-05-08 20:33:33,061 - INFO - ✅ 已点击国家栏下拉按钮
2026-05-08 20:34:45,543 - INFO - ✅ 已输入搜索关键词: China
2026-05-08 20:34:48,894 - INFO - ✅ 已选择国家: china，命中的元素: China
2026-05-08 20:34:51,903 - INFO - ✅ 步骤4: 国家切为china - 完成，已切换国家为china
2026-05-08 20:34:53,908 - INFO - 🔄 步骤5: 输入邮箱（value="Email"）
2026-05-08 20:34:53,912 - INFO - 📧 生成简单邮箱地址: testuser152@163.com
2026-05-08 20:34:55,726 - INFO - ✅ 步骤5: 输入邮箱（value="Email"） - 完成，邮箱: testuser152@163.com
2026-05-08 20:34:57,732 - INFO - 🔄 步骤6: 点击Done按钮收起键盘
2026-05-08 20:34:58,975 - INFO - ✅ 步骤6: 点击Done按钮收起键盘 - 完成
2026-05-08 20:35:00,984 - INFO - 🔄 步骤7: 勾选隐私政策和用户协议
2026-05-08 20:35:06,749 - INFO - ✅ 隐私政策复选框已勾选
2026-05-08 20:35:07,758 - INFO - ✅ 步骤7: 勾选隐私政策和用户协议 - 完成
2026-05-08 20:35:09,765 - INFO - 🔄 步骤8: 点击Next按钮进入密码设置
2026-05-08 20:35:10,463 - INFO - ✅ 步骤8: 点击Next按钮进入密码设置 - 完成
2026-05-08 20:35:13,467 - INFO - 🔄 步骤9: 设置密码
2026-05-08 20:35:18,675 - INFO - ✅ 步骤9: 设置密码 - 完成
2026-05-08 20:35:20,677 - INFO - 🔄 步骤10: 点击Done按钮收起键盘
2026-05-08 20:35:21,886 - INFO - ✅ 步骤10: 点击Done按钮收起键盘 - 完成
2026-05-08 20:35:23,889 - INFO - 🔄 步骤11: 点击Next按钮进入用户名设置页面
2026-05-08 20:35:24,868 - INFO - ✅ 步骤11: 点击Next按钮进入用户名设置页面 - 完成
2026-05-08 20:35:27,877 - INFO - 🔄 步骤12: 输入用户名（value="Username"）
2026-05-08 20:35:30,013 - INFO - ✅ 步骤12: 输入用户名（value="Username"） - 完成
2026-05-08 20:35:31,014 - INFO - 🔄 步骤13: 点击Done按钮收起键盘
2026-05-08 20:35:32,233 - INFO - ✅ 步骤13: 点击Done按钮收起键盘 - 完成
2026-05-08 20:35:33,238 - INFO - 🔄 步骤14: 点击Submit按钮完成注册
2026-05-08 20:35:33,892 - INFO - ✅ 步骤14: 点击Submit按钮完成注册 - 完成
2026-05-08 20:35:38,900 - INFO - 🔄 步骤15: 验证注册成功，跳转到APP主页面
2026-05-08 20:35:39,052 - INFO - ✅ 步骤15: 验证注册成功，跳转到APP主页面 - 完成
2026-05-08 20:35:39,052 - INFO - ✅ 验证通过：注册成功，已跳转到APP主页面
2026-05-08 20:35:41,055 - INFO - 🎉 测试用例102195执行成功！
2026-05-08 20:35:41,056 - INFO - ✅ 验证注册地为"中国"，正确邮箱，可以注册：注册成功并跳转到主页面
2026-05-08 20:35:43,098 - INFO - ✅ 报告已生成: /Users/ambrose.chen/Desktop/iot/project/APP外壳/2测试报告/platform/ios_20260508_203248/ios_20260508_203248_report.xlsx
