2026-05-19 16:22:50,604 - INFO - 🔄 步骤1: 重启APP
2026-05-19 16:22:55,507 - INFO - ✅ 步骤1: 重启APP - 完成
2026-05-19 16:22:55,508 - INFO - 🔄 步骤2: 检测登录状态并确保在登录/注册入口页
2026-05-19 16:22:55,941 - INFO -     [登出] 开始登出流程...
2026-05-19 16:22:55,942 - INFO -     [登出] 步骤1: 检查页面是否有 More 按钮
2026-05-19 16:22:55,990 - INFO -     [登出] ✅ 检测到 More 按钮: //android.view.View[@content-desc="More"]
2026-05-19 16:22:55,990 - INFO -     [登出] 步骤2: 点击 More 按钮，进入 more 页面
2026-05-19 16:22:56,040 - INFO -     [登出] ✅ 已点击 More 按钮 (使用: //android.view.View[@content-desc="More"])
2026-05-19 16:22:58,041 - INFO -     [登出] 步骤3: 点击 edit 按钮
2026-05-19 16:22:58,198 - INFO -     [登出] ✅ 已点击 edit 按钮
2026-05-19 16:23:00,202 - INFO -     [登出] 步骤4: 点击 Log Out 按钮
2026-05-19 16:23:00,685 - INFO -     [登出] ✅ 已点击 Log Out 按钮
2026-05-19 16:23:02,188 - INFO -     [登出] 步骤5: 点击 Confirm 按钮，确认登出
2026-05-19 16:23:04,306 - INFO -     [登出] ✅ 已点击 Confirm 按钮
2026-05-19 16:23:12,355 - INFO -     [登出] ⚠️ 登出完成，但无法确认是否已返回登录页面
2026-05-19 16:23:12,356 - INFO -     [登出] ✅ 登出流程完成
2026-05-19 16:23:14,405 - INFO - ✅ 步骤2: 检测登录状态并确保在登录/注册入口页 - 完成
2026-05-19 16:23:14,405 - INFO - 🔄 步骤3: 点击 Sign Up 进入注册页
2026-05-19 16:23:16,674 - INFO - ✅ 步骤3: 点击 Sign Up 进入注册页 - 完成
2026-05-19 16:23:16,683 - INFO - 📧 生成简单邮箱地址: testuser329@163.com
2026-05-19 16:23:16,683 - INFO - 🔄 步骤4: 空用户名点击 Submit
2026-05-19 16:24:13,009 - INFO - ✅ 步骤4: 空用户名点击 Submit - 完成
2026-05-19 16:24:13,010 - INFO - 🎉 测试用例 200086 执行成功！
2026-05-19 16:24:13,034 - INFO - ✅ 报告已生成: /Users/ambrose.chen/Desktop/iot/project/APP外壳/2测试报告/platform/android_20260519_162247/android_20260519_162247_report.xlsx
