2026-05-11 21:10:08,445 - INFO - 🔄 步骤0: 登出，确保从登出状态开始测试
2026-05-11 21:10:08,446 - INFO - 开始登出流程...
2026-05-11 21:10:08,653 - INFO - 检测到home sel元素
2026-05-11 21:10:19,994 - INFO - ✅ 点击mine按钮: //XCUIElementTypeButton[@name="mine"]
2026-05-11 21:10:22,309 - INFO - ✅ 点击CommonEdit编辑按钮: //XCUIElementTypeButton[@name="CommonEdit"]
2026-05-11 21:10:24,608 - INFO - ✅ 点击Log Out: //XCUIElementTypeButton[@name="Log Out"]
2026-05-11 21:10:26,797 - INFO - ✅ 点击Confirm: //XCUIElementTypeButton[@name="Confirm"]
2026-05-11 21:10:28,308 - INFO - 登出操作完成
2026-05-11 21:10:37,817 - INFO - ✅ 成功回到登录页面
2026-05-11 21:10:37,817 - INFO - ✅ 步骤0: 登出，确保从登出状态开始测试 - 完成
2026-05-11 21:10:39,824 - INFO - 🔄 步骤1: 验证在APP首页（登录页面）
2026-05-11 21:10:39,972 - INFO - ✅ 步骤1: 验证在APP首页（登录页面） - 完成，确认在APP首页（登录页面）
2026-05-11 21:10:41,974 - INFO - 🔄 步骤2: 点击Sign Up按钮进入注册页面
2026-05-11 21:10:42,928 - INFO - ✅ 步骤2: 点击Sign Up按钮进入注册页面 - 完成
2026-05-11 21:10:45,937 - INFO - 🔄 步骤3: 验证进入Sign Up页面
2026-05-11 21:10:46,170 - INFO - ✅ 步骤3: 验证进入Sign Up页面 - 完成，确认已进入Sign Up注册页面
2026-05-11 21:10:48,172 - INFO - 🔄 步骤4: 输入邮箱
2026-05-11 21:10:48,178 - INFO - 📧 生成简单邮箱地址: testuser244@163.com
2026-05-11 21:10:50,094 - INFO - ✅ 步骤4: 输入邮箱 - 完成，邮箱: testuser244@163.com
2026-05-11 21:10:52,105 - INFO - 🔄 步骤5: 勾选隐私政策和用户协议
2026-05-11 21:10:58,057 - INFO - ✅ 隐私政策复选框已勾选
2026-05-11 21:10:59,566 - INFO - 🔄 步骤5.1: 收起键盘（Done）
2026-05-11 21:11:00,863 - INFO - ✅ 已点击Done收起键盘
2026-05-11 21:11:01,868 - INFO - 🔄 步骤6: 点击Next进入set password页面
2026-05-11 21:11:02,568 - INFO - ✅ 步骤6: 点击Next进入set password页面 - 完成，已点击Next按钮
2026-05-11 21:11:05,570 - INFO - 🔄 步骤7: 验证进入set password页面
2026-05-11 21:11:05,841 - INFO - ✅ 成功进入set password页面
2026-05-11 21:11:07,350 - INFO - 🔄 步骤8: 输入密码并确认
2026-05-11 21:11:09,167 - INFO - ✅ 已输入密码: XINGMAI123456
2026-05-11 21:11:11,239 - INFO - ✅ 已输入确认密码: XINGMAI123456
2026-05-11 21:11:13,442 - INFO - ✅ 密码页已点击Done收起键盘
2026-05-11 21:11:14,443 - INFO - 🔄 步骤9: 点击Next进入用户名页面
2026-05-11 21:11:15,409 - INFO - ✅ 已点击密码页Next按钮
2026-05-11 21:11:18,417 - INFO - 🔄 步骤10: 用户名页面点击Skip并验证主页面
2026-05-11 21:12:23,662 - INFO - ❌ 步骤10: 用户名页面点击Skip并验证主页面失败: 未找到Skip按钮/文本，可能未到用户名页面
2026-05-11 21:12:23,663 - INFO - 
============================================================
2026-05-11 21:12:23,663 - INFO - ❌ 测试失败
2026-05-11 21:12:23,663 - INFO - 📍 失败步骤: 步骤10: 用户名页面点击Skip并验证主页面
2026-05-11 21:12:23,663 - INFO - 📝 失败原因: 步骤10: 用户名页面点击Skip并验证主页面失败: 未找到Skip按钮/文本，可能未到用户名页面
2026-05-11 21:12:23,663 - INFO - ============================================================
2026-05-11 21:12:23,669 - INFO - Traceback (most recent call last):

2026-05-11 21:12:23,670 - INFO -   File "/Users/ambrose.chen/Desktop/iot/project/APP外壳/3功能/1平台/IOS/2注册/102233 验证密码为数字+大写字母时，“下一步”按钮可以点击.py", line 324, in test_102233
    raise Exception("未找到Skip按钮/文本，可能未到用户名页面")

2026-05-11 21:12:23,670 - INFO - Exception: 未找到Skip按钮/文本，可能未到用户名页面

2026-05-11 21:12:23,981 - INFO - 已保存test_102233_failed失败截图: screenshots/test_102233_failed_1778505143.png
2026-05-11 21:12:24,003 - INFO - ✅ 报告已生成: /Users/ambrose.chen/Desktop/iot/project/APP外壳/2测试报告/platform/ios_20260511_211006/ios_20260511_211006_report.xlsx
