2026-05-09 18:13:44,445 - INFO - 🔄 步骤1: 重置APP，检测登录状态并登出
2026-05-09 18:13:50,452 - INFO -     ✅ APP已重置
2026-05-09 18:14:05,704 - INFO -     ℹ️ 未检测到登录状态，已在登录页面
2026-05-09 18:14:05,706 - INFO - ✅ 步骤1: 重置APP，检测登录状态并登出 - 完成
2026-05-09 18:14:05,706 - INFO - 🔄 步骤2: 点击登录按钮进入Sign in页面
2026-05-09 18:14:06,676 - INFO - ✅ 步骤2: 点击登录按钮进入Sign in页面 - 完成
2026-05-09 18:14:08,186 - INFO - 🔄 步骤3: 验证邮箱输入框为空（不输入邮箱）
2026-05-09 18:14:08,432 - INFO -     ✅ 邮箱输入框为空
2026-05-09 18:14:08,433 - INFO - ✅ 步骤3: 验证邮箱输入框为空（不输入邮箱） - 完成，邮箱输入框为空
2026-05-09 18:14:08,433 - INFO - 🔄 步骤4: 点击密码框，输入密码
2026-05-09 18:14:49,139 - INFO -     ✅ 密码输入完成
2026-05-09 18:14:50,146 - INFO - ✅ 步骤4: 点击密码框，输入密码 - 完成
2026-05-09 18:14:50,146 - INFO - 🔄 步骤5: 点击键盘Done，收起键盘
2026-05-09 18:14:51,374 - INFO - ✅ 步骤5: 点击键盘Done，收起键盘 - 完成
2026-05-09 18:14:52,380 - INFO - 🔄 步骤6: 点击协议勾选框（勾选用户协议和隐私政策）
2026-05-09 18:14:53,145 - INFO - ✅ 步骤6: 点击协议勾选框（勾选用户协议和隐私政策） - 完成
2026-05-09 18:14:54,151 - INFO - 🔄 步骤7: 点击登录按钮（已勾选用户协议和隐私政策，但不输入邮箱但输入了密码）
2026-05-09 18:14:54,971 - INFO - ✅ 步骤7: 点击登录按钮（已勾选用户协议和隐私政策，但不输入邮箱但输入了密码） - 完成
2026-05-09 18:14:56,982 - INFO - 🔄 步骤8: 断言页面显示错误提示信息
2026-05-09 18:14:57,316 - INFO -     ✅ 找到错误提示信息: Please enter a valid email address.
2026-05-09 18:14:57,316 - INFO - ✅ 步骤8: 断言页面显示错误提示信息 - 完成，错误提示信息已显示
2026-05-09 18:14:57,316 - INFO - 🎉 测试用例102653执行成功！
2026-05-09 18:14:57,346 - INFO - ✅ 报告已生成: /Users/ambrose.chen/Desktop/iot/project/APP外壳/2测试报告/platform/ios_20260509_181342/ios_20260509_181342_report.xlsx
