2026-05-11 09:31:02,655 - INFO - 🔄 步骤1: 重置APP，检测登录状态并登出
2026-05-11 09:31:08,573 - INFO -     ✅ APP已重置
2026-05-11 09:31:08,826 - INFO -     ✅ 检测到已登录状态: //XCUIElementTypeButton[@name="home sel"]
2026-05-11 09:31:08,826 - INFO -     🔄 检测到已登录，执行登出操作...
2026-05-11 09:31:08,826 - INFO - 开始登出流程...
2026-05-11 09:31:09,030 - INFO - 检测到home sel元素
2026-05-11 09:31:20,426 - INFO - ✅ 点击mine按钮: //XCUIElementTypeButton[@name="mine"]
2026-05-11 09:31:22,605 - INFO - ✅ 点击CommonEdit编辑按钮: //XCUIElementTypeButton[@name="CommonEdit"]
2026-05-11 09:31:24,801 - INFO - ✅ 点击Log Out: //XCUIElementTypeButton[@name="Log Out"]
2026-05-11 09:31:27,023 - INFO - ✅ 点击Confirm: //XCUIElementTypeButton[@name="Confirm"]
2026-05-11 09:31:28,528 - INFO - 登出操作完成
2026-05-11 09:31:30,101 - INFO - ✅ 成功回到登录页面
2026-05-11 09:31:30,102 - INFO -     ✅ 登出操作完成
2026-05-11 09:31:31,605 - INFO - ✅ 步骤1: 重置APP，检测登录状态并登出 - 完成
2026-05-11 09:31:31,605 - INFO - 🔄 步骤2: 在Sign In页面关闭手机网络
2026-05-11 09:31:31,797 - INFO -     ✅ 确认在Sign In页面
2026-05-11 09:31:31,797 - INFO -     🔄 通过后台切换到WLAN页面关闭网络...
2026-05-11 09:31:55,346 - INFO -     ✅ 已找到WLAN开关: //XCUIElementTypeSwitch[@name="无线局域网"]
2026-05-11 09:31:55,439 - INFO -     ℹ️ 当前WLAN状态值: 1
2026-05-11 09:31:56,848 - INFO -     ✅ WLAN开关已点击，目标状态: 关闭
2026-05-11 09:32:19,395 - INFO -     ℹ️ 点击后状态值: 0（//XCUIElementTypeSwitch[@name="无线局域网"]）
2026-05-11 09:32:21,055 - INFO -     ✅ 已返回应用
2026-05-11 09:32:21,056 - INFO - ✅ 步骤2: 在Sign In页面关闭手机网络 - 完成，网络已关闭
2026-05-11 09:32:21,056 - INFO - 🔄 步骤3: 点击登录按钮进入Sign in页面
2026-05-11 09:32:22,025 - INFO - ✅ 步骤3: 点击登录按钮进入Sign in页面 - 完成
2026-05-11 09:32:23,530 - INFO - 🔄 步骤4: 点击邮箱框，输入邮箱
2026-05-11 09:33:04,354 - INFO -     ✅ 邮箱输入完成: haoc51888@gmail.com
2026-05-11 09:33:05,360 - INFO - 🔄 步骤5: 点击密码框，输入密码
2026-05-11 09:33:46,726 - INFO -     ✅ 密码输入完成
2026-05-11 09:33:47,732 - INFO - 🔄 步骤6: 点击键盘Done，收起键盘
2026-05-11 09:33:48,983 - INFO - ✅ 步骤6: 点击键盘Done，收起键盘 - 完成
2026-05-11 09:33:49,987 - INFO - 🔄 步骤7: 点击协议勾选框
2026-05-11 09:33:50,777 - INFO - ✅ 步骤7: 点击协议勾选框 - 完成
2026-05-11 09:33:51,779 - INFO - 🔄 步骤8: 点击登录按钮，验证网络错误提示
2026-05-11 09:33:52,592 - INFO -     ✅ 已点击登录按钮
2026-05-11 09:33:55,939 - INFO -     📝 错误提示内容: Network connection error, please check
2026-05-11 09:33:55,939 - INFO - ✅ 步骤8: 点击登录按钮，验证网络错误提示 - 完成，网络错误提示显示正确: Network connection error, please check
2026-05-11 09:33:55,939 - INFO - 🎉 测试用例102779执行成功！
2026-05-11 09:33:56,944 - INFO - 🔄 步骤9: 重启网络
2026-05-11 09:33:56,945 - INFO -     🔄 通过后台切换到WLAN页面打开网络...
2026-05-11 09:34:20,072 - INFO -     ✅ 已找到WLAN开关: //XCUIElementTypeSwitch[@name="无线局域网"]
2026-05-11 09:34:20,148 - INFO -     ℹ️ 当前WLAN状态值: 0
2026-05-11 09:34:21,555 - INFO -     ✅ WLAN开关已点击，目标状态: 开启
2026-05-11 09:34:44,469 - INFO -     ℹ️ 点击后状态值: 1（//XCUIElementTypeSwitch[@name="无线局域网"]）
2026-05-11 09:34:46,124 - INFO -     ✅ 已返回应用
2026-05-11 09:34:46,124 - INFO - ✅ 步骤9: 重启网络 - 完成，网络已恢复
2026-05-11 09:34:46,155 - INFO - ✅ 报告已生成: /Users/ambrose.chen/Desktop/iot/project/APP外壳/2测试报告/platform/ios_20260511_093100/ios_20260511_093100_report.xlsx
