2026-05-12 11:51:11,606 - INFO - 🔄 步骤0: 登出，确保从登出状态开始测试
2026-05-12 11:51:11,607 - INFO - 开始登出流程...
2026-05-12 11:51:11,877 - INFO - 检测到home sel元素
2026-05-12 11:51:23,261 - INFO - ✅ 点击mine按钮: //XCUIElementTypeButton[@name="mine"]
2026-05-12 11:51:25,419 - INFO - ✅ 点击CommonEdit编辑按钮: //XCUIElementTypeButton[@name="CommonEdit"]
2026-05-12 11:51:27,611 - INFO - ✅ 点击Log Out: //XCUIElementTypeButton[@name="Log Out"]
2026-05-12 11:51:29,817 - INFO - ✅ 点击Confirm: //XCUIElementTypeButton[@name="Confirm"]
2026-05-12 11:51:31,319 - INFO - 登出操作完成
2026-05-12 11:51:31,654 - INFO - ✅ 成功回到登录页面
2026-05-12 11:51:31,655 - INFO - ✅ 步骤0: 登出，确保从登出状态开始测试 - 完成
2026-05-12 11:51:33,657 - INFO - 🔄 步骤1: 验证在APP首页（登录页面）
2026-05-12 11:51:33,828 - INFO - ✅ 步骤1: 验证在APP首页（登录页面） - 完成，确认在APP首页（登录页面）
2026-05-12 11:51:35,833 - INFO - 🔄 步骤2: 点击Sign Up按钮进入注册页面
2026-05-12 11:51:36,818 - INFO - ✅ 步骤2: 点击Sign Up按钮进入注册页面 - 完成
2026-05-12 11:51:39,825 - INFO - 🔄 步骤3: 验证进入Sign Up页面
2026-05-12 11:51:40,074 - INFO - ✅ 步骤3: 验证进入Sign Up页面 - 完成，确认已进入Sign Up注册页面
2026-05-12 11:51:42,078 - INFO - 🔄 步骤4: 输入邮箱
2026-05-12 11:51:42,083 - INFO - 📧 生成简单邮箱地址: testuser291@163.com
2026-05-12 11:51:44,041 - INFO - ✅ 步骤4: 输入邮箱 - 完成，邮箱: testuser291@163.com
2026-05-12 11:51:46,052 - INFO - 🔄 步骤5: 勾选隐私政策和用户协议
2026-05-12 11:51:52,030 - INFO - ✅ 隐私政策复选框已勾选
2026-05-12 11:51:53,540 - INFO - 🔄 步骤5.1: 收起键盘（Done）
2026-05-12 11:51:54,886 - INFO - ✅ 已点击Done收起键盘
2026-05-12 11:51:55,893 - INFO - 🔄 步骤6: 点击Next进入set password页面
2026-05-12 11:51:56,608 - INFO - ✅ 步骤6: 点击Next进入set password页面 - 完成，已点击Next按钮
2026-05-12 11:51:59,618 - INFO - 🔄 步骤7: 验证进入set password页面
2026-05-12 11:52:00,018 - INFO - ✅ 成功进入set password页面
2026-05-12 11:52:01,525 - INFO - 🔄 步骤8: 输入密码并确认
2026-05-12 11:52:03,390 - INFO - ✅ 已输入密码: Csx150128
2026-05-12 11:52:05,391 - INFO - ✅ 已输入确认密码: Csx150128
2026-05-12 11:52:07,618 - INFO - ✅ 密码页已点击Done收起键盘
2026-05-12 11:52:08,623 - INFO - 🔄 步骤9: 点击Next进入Personal Information页面
2026-05-12 11:52:09,616 - INFO - ✅ 已点击密码页Next按钮
2026-05-12 11:52:12,624 - INFO - 🔄 步骤10: 不输入用户名，点击Submit并验证仍停留在页面
2026-05-12 11:52:23,338 - INFO - ❌ 步骤10: 不输入用户名，点击Submit并验证仍停留在页面失败: Message: 
Stacktrace:
NoSuchElementError: An element could not be located on the page using the given search parameters.
    at XCUITestDriver.doNativeFind (/Users/ambrose.chen/.appium/node_modules/appium-xcuitest-driver/lib/commands/find.js:116:11)
    at processTicksAndRejections (node:internal/process/task_queues:103:5)
    at XCUITestDriver.findNativeElementOrElements (/Users/ambrose.chen/.appium/node_modules/appium-xcuitest-driver/lib/commands/find.js:69:10)
    at XCUITestDriver.findElOrEls (/Users/ambrose.chen/.appium/node_modules/appium-xcuitest-driver/lib/commands/find.js:13:12)
    at XCUITestDriver.findElOrElsWithProcessing (/Users/ambrose.chen/.appium/node_modules/appium-xcuitest-driver/node_modules/@appium/base-driver/lib/basedriver/commands/find.ts:60:12)
    at XCUITestDriver.findElement (/Users/ambrose.chen/.appium/node_modules/appium-xcuitest-driver/node_modules/@appium/base-driver/lib/basedriver/commands/find.ts:75:12)
2026-05-12 11:52:23,339 - INFO - 
============================================================
2026-05-12 11:52:23,339 - INFO - ❌ 测试失败
2026-05-12 11:52:23,339 - INFO - 📍 失败步骤: 步骤10: 不输入用户名，点击Submit并验证仍停留在页面
2026-05-12 11:52:23,339 - INFO - 📝 失败原因: 步骤10: 不输入用户名，点击Submit并验证仍停留在页面失败: Message: 
Stacktrace:
NoSuchElementError: An element could not be located on the page using the given search parameters.
    at XCUITestDriver.doNativeFind (/Users/ambrose.chen/.appium/node_modules/appium-xcuitest-driver/lib/commands/find.js:116:11)
    at processTicksAndRejections (node:internal/process/task_queues:103:5)
    at XCUITestDriver.findNativeElementOrElements (/Users/ambrose.chen/.appium/node_modules/appium-xcuitest-driver/lib/commands/find.js:69:10)
    at XCUITestDriver.findElOrEls (/Users/ambrose.chen/.appium/node_modules/appium-xcuitest-driver/lib/commands/find.js:13:12)
    at XCUITestDriver.findElOrElsWithProcessing (/Users/ambrose.chen/.appium/node_modules/appium-xcuitest-driver/node_modules/@appium/base-driver/lib/basedriver/commands/find.ts:60:12)
    at XCUITestDriver.findElement (/Users/ambrose.chen/.appium/node_modules/appium-xcuitest-driver/node_modules/@appium/base-driver/lib/basedriver/commands/find.ts:75:12)
2026-05-12 11:52:23,339 - INFO - ============================================================
2026-05-12 11:52:23,347 - INFO - Traceback (most recent call last):

2026-05-12 11:52:23,348 - INFO -   File "/Users/ambrose.chen/Desktop/iot/project/APP外壳/3功能/1平台/IOS/2注册/102245 验证不输入用户名，点击"Submit"按钮.py", line 306, in test_102245
    personal_info_text = WebDriverWait(driver, 10).until(
                         ^^^^^^^^^^^^^^^^^^^^^^^^^^^^^^^^

2026-05-12 11:52:23,348 - INFO -   File "/Library/Frameworks/Python.framework/Versions/3.11/lib/python3.11/site-packages/selenium/webdriver/support/wait.py", line 138, in until
    raise TimeoutException(message, screen, stacktrace)

2026-05-12 11:52:23,348 - INFO - selenium.common.exceptions.TimeoutException: Message: 
Stacktrace:
NoSuchElementError: An element could not be located on the page using the given search parameters.
    at XCUITestDriver.doNativeFind (/Users/ambrose.chen/.appium/node_modules/appium-xcuitest-driver/lib/commands/find.js:116:11)
    at processTicksAndRejections (node:internal/process/task_queues:103:5)
    at XCUITestDriver.findNativeElementOrElements (/Users/ambrose.chen/.appium/node_modules/appium-xcuitest-driver/lib/commands/find.js:69:10)
    at XCUITestDriver.findElOrEls (/Users/ambrose.chen/.appium/node_modules/appium-xcuitest-driver/lib/commands/find.js:13:12)
    at XCUITestDriver.findElOrElsWithProcessing (/Users/ambrose.chen/.appium/node_modules/appium-xcuitest-driver/node_modules/@appium/base-driver/lib/basedriver/commands/find.ts:60:12)
    at XCUITestDriver.findElement (/Users/ambrose.chen/.appium/node_modules/appium-xcuitest-driver/node_modules/@appium/base-driver/lib/basedriver/commands/find.ts:75:12)

2026-05-12 11:52:23,615 - INFO - 已保存test_102245_failed失败截图: screenshots/test_102245_failed_1778557943.png
2026-05-12 11:52:23,644 - INFO - ✅ 报告已生成: /Users/ambrose.chen/Desktop/iot/project/APP外壳/2测试报告/platform/ios_20260512_115109/ios_20260512_115109_report.xlsx
