2026-05-08 21:30:39,392 - INFO - 🔄 步骤0: 登出，确保从登出状态开始测试
2026-05-08 21:30:39,392 - INFO - 开始登出流程...
2026-05-08 21:31:10,298 - INFO - 未检测到home sel/mine sel/mine，跳过登出流程
2026-05-08 21:31:10,299 - INFO - ✅ 步骤0: 登出，确保从登出状态开始测试 - 完成
2026-05-08 21:31:12,300 - INFO - 🔄 步骤1: 验证在APP首页（登录页面）
2026-05-08 21:31:12,461 - INFO - ✅ 步骤1: 验证在APP首页（登录页面） - 完成，确认在APP首页（登录页面）
2026-05-08 21:31:14,470 - INFO - 🔄 步骤2: 点击Sign Up按钮进入注册页面
2026-05-08 21:31:15,425 - INFO - ✅ 步骤2: 点击Sign Up按钮进入注册页面 - 完成
2026-05-08 21:31:18,434 - INFO - 🔄 步骤3: 验证进入Sign Up页面
2026-05-08 21:31:18,673 - INFO - ✅ 步骤3: 验证进入Sign Up页面 - 完成，确认已进入Sign Up注册页面
2026-05-08 21:31:20,682 - INFO - 🔄 步骤4: 输入邮箱
2026-05-08 21:31:20,686 - INFO - 📧 生成简单邮箱地址: testuser180@163.com
2026-05-08 21:31:22,673 - INFO - ✅ 步骤4: 输入邮箱 - 完成，邮箱: testuser180@163.com
2026-05-08 21:31:24,683 - INFO - 🔄 步骤5: 勾选隐私政策和用户协议
2026-05-08 21:31:30,783 - INFO - ✅ 隐私政策复选框已勾选
2026-05-08 21:31:32,293 - INFO - 🔄 步骤5.1: 收起键盘（Done）
2026-05-08 21:31:33,553 - INFO - ✅ 已点击Done收起键盘
2026-05-08 21:31:34,563 - INFO - 🔄 步骤6: 点击Next进入set password页面
2026-05-08 21:31:35,255 - INFO - ✅ 步骤6: 点击Next进入set password页面 - 完成，已点击Next按钮
2026-05-08 21:31:38,266 - INFO - 🔄 步骤7: 验证进入set password页面
2026-05-08 21:31:38,558 - INFO - ✅ 成功进入set password页面
2026-05-08 21:31:40,065 - INFO - 🔄 步骤8: 输入密码并切换明文显示
2026-05-08 21:31:41,684 - INFO - ✅ 已输入密码: Csx150128
2026-05-08 21:31:43,635 - INFO - ✅ 已点击显示密码按钮（login pwd hide）
2026-05-08 21:31:44,961 - INFO - 📝 显示后密码框value: 'Csx150128', type: 'XCUIElementTypeTextField'
2026-05-08 21:31:44,961 - INFO - ✅ 密码已明文显示
2026-05-08 21:31:45,964 - INFO - 🎉 测试用例102241执行成功！
2026-05-08 21:31:45,964 - INFO - ✅ 密码可切换为明文显示校验通过
2026-05-08 21:31:47,995 - INFO - ✅ 报告已生成: /Users/ambrose.chen/Desktop/iot/project/APP外壳/2测试报告/platform/ios_20260508_213037/ios_20260508_213037_report.xlsx
