2026-05-12 09:46:26,576 - INFO - 🔄 步骤1: 重启APP
2026-05-12 09:46:30,162 - INFO - ✅ 步骤1: 重启APP - 完成
2026-05-12 09:46:30,163 - INFO - 🔄 步骤2: 检测是否已登录（如已登录先登出）
2026-05-12 09:46:40,278 - INFO - ✅ 步骤2: 检测是否已登录（如已登录先登出） - 完成
2026-05-12 09:46:40,280 - INFO - 🔄 步骤3: 点击 Sign In 进入登录页
2026-05-12 09:46:42,170 - INFO - ✅ 步骤3: 点击 Sign In 进入登录页 - 完成
2026-05-12 09:46:42,171 - INFO - 🔄 步骤4: 输入邮箱 haoc51888@gmail.com
2026-05-12 09:46:43,587 - INFO - ✅ 步骤4: 输入邮箱 haoc51888@gmail.com - 完成
2026-05-12 09:46:43,588 - INFO - 🔄 步骤5: 输入错误密码 CSX150128
2026-05-12 09:46:44,821 - INFO - ✅ 步骤5: 输入错误密码 CSX150128 - 完成
2026-05-12 09:46:44,821 - INFO - 🔄 步骤6: 收起输入键盘
2026-05-12 09:46:46,776 - INFO - ✅ 步骤6: 收起输入键盘 - 完成
2026-05-12 09:46:46,777 - INFO - 🔄 步骤7: 勾选隐私协议复选框
2026-05-12 09:46:47,650 - INFO - ✅ 步骤7: 勾选隐私协议复选框 - 完成
2026-05-12 09:46:47,650 - INFO - 🔄 步骤8: 点击 Next
2026-05-12 09:46:48,970 - INFO - ✅ 步骤8: 点击 Next - 完成
2026-05-12 09:46:48,971 - INFO - 🔄 步骤9: 断言登录失败提示
2026-05-12 09:47:11,262 - INFO - Traceback (most recent call last):

2026-05-12 09:47:11,263 - INFO -   File "/Users/ambrose.chen/Desktop/iot/project/APP外壳/3功能/1平台/Android/1登录/200002验证正确账号，密码填写错误，无法登录.py", line 255, in test_200002
    _assert_login_failed_toast_or_text(driver, timeout_s=18)

2026-05-12 09:47:11,264 - INFO -   File "/Users/ambrose.chen/Desktop/iot/project/APP外壳/3功能/1平台/Android/1登录/200002验证正确账号，密码填写错误，无法登录.py", line 199, in _assert_login_failed_toast_or_text
    el = WebDriverWait(driver, timeout_s).until(EC.presence_of_element_located((AppiumBy.XPATH, xpath)))
         ^^^^^^^^^^^^^^^^^^^^^^^^^^^^^^^^^^^^^^^^^^^^^^^^^^^^^^^^^^^^^^^^^^^^^^^^^^^^^^^^^^^^^^^^^^^^^^^

2026-05-12 09:47:11,264 - INFO -   File "/Library/Frameworks/Python.framework/Versions/3.11/lib/python3.11/site-packages/selenium/webdriver/support/wait.py", line 138, in until
    raise TimeoutException(message, screen, stacktrace)

2026-05-12 09:47:11,264 - INFO - selenium.common.exceptions.TimeoutException: Message: 
Stacktrace:
NoSuchElementError: An element could not be located on the page using the given search parameters.
    at AndroidUiautomator2Driver.findElOrEls (/Users/ambrose.chen/.appium/node_modules/appium-uiautomator2-driver/node_modules/appium-android-driver/lib/commands/find.ts:86:11)
    at processTicksAndRejections (node:internal/process/task_queues:103:5)
    at AndroidUiautomator2Driver.findElOrElsWithProcessing (/Users/ambrose.chen/.appium/node_modules/appium-uiautomator2-driver/node_modules/@appium/base-driver/lib/basedriver/commands/find.ts:60:12)
    at AndroidUiautomator2Driver.findElement (/Users/ambrose.chen/.appium/node_modules/appium-uiautomator2-driver/node_modules/@appium/base-driver/lib/basedriver/commands/find.ts:75:12)

2026-05-12 09:47:11,806 - INFO - 已保存test_200002_failed失败截图: screenshots/test_200002_failed_1778550431.png
2026-05-12 09:47:11,819 - INFO - ✅ 报告已生成: /Users/ambrose.chen/Desktop/iot/project/APP外壳/2测试报告/platform/android_20260512_094620/android_20260512_094620_report.xlsx
