2026-05-12 11:37:00,888 - INFO - 🔄 步骤0: 登出，确保从登出状态开始测试
2026-05-12 11:37:00,888 - INFO - 开始登出流程...
2026-05-12 11:37:01,115 - INFO - 检测到home sel元素
2026-05-12 11:37:12,455 - INFO - ✅ 点击mine按钮: //XCUIElementTypeButton[@name="mine"]
2026-05-12 11:37:14,624 - INFO - ✅ 点击CommonEdit编辑按钮: //XCUIElementTypeButton[@name="CommonEdit"]
2026-05-12 11:37:16,805 - INFO - ✅ 点击Log Out: //XCUIElementTypeButton[@name="Log Out"]
2026-05-12 11:37:19,147 - INFO - ✅ 点击Confirm: //XCUIElementTypeButton[@name="Confirm"]
2026-05-12 11:37:20,650 - INFO - 登出操作完成
2026-05-12 11:37:20,982 - INFO - ✅ 成功回到登录页面
2026-05-12 11:37:20,983 - INFO - ✅ 步骤0: 登出，确保从登出状态开始测试 - 完成
2026-05-12 11:37:22,986 - INFO - 🔄 步骤1: 验证在APP首页（登录页面）
2026-05-12 11:37:23,169 - INFO - ✅ 步骤1: 验证在APP首页（登录页面） - 完成，确认在APP首页（登录页面）
2026-05-12 11:37:25,174 - INFO - 🔄 步骤2: 点击Sign Up按钮进入注册页面
2026-05-12 11:37:26,158 - INFO - ✅ 步骤2: 点击Sign Up按钮进入注册页面 - 完成
2026-05-12 11:37:29,160 - INFO - 🔄 步骤3: 验证进入Sign Up页面
2026-05-12 11:37:29,427 - INFO - ✅ 步骤3: 验证进入Sign Up页面 - 完成，确认已进入Sign Up注册页面
2026-05-12 11:37:31,431 - INFO - 🔄 步骤4: 输入邮箱
2026-05-12 11:37:31,436 - INFO - 📧 生成简单邮箱地址: testuser280@163.com
2026-05-12 11:37:33,518 - INFO - ✅ 步骤4: 输入邮箱 - 完成，邮箱: testuser280@163.com
2026-05-12 11:37:35,526 - INFO - 🔄 步骤5: 勾选隐私政策和用户协议
2026-05-12 11:37:41,525 - INFO - ✅ 隐私政策复选框已勾选
2026-05-12 11:37:43,028 - INFO - 🔄 步骤5.1: 收起键盘（Done）
2026-05-12 11:37:44,316 - INFO - ✅ 已点击Done收起键盘
2026-05-12 11:37:45,319 - INFO - 🔄 步骤6: 点击Next进入set password页面
2026-05-12 11:37:46,059 - INFO - ✅ 步骤6: 点击Next进入set password页面 - 完成，已点击Next按钮
2026-05-12 11:37:49,064 - INFO - 🔄 步骤7: 验证进入set password页面
2026-05-12 11:37:49,484 - INFO - ✅ 成功进入set password页面
2026-05-12 11:37:50,986 - INFO - 🔄 步骤8: 输入密码并确认
2026-05-12 11:37:52,830 - INFO - ✅ 已输入密码: XINGmai12?
2026-05-12 11:37:54,835 - INFO - ✅ 已输入确认密码: XINGmai12?
2026-05-12 11:37:57,076 - INFO - ✅ 密码页已点击Done收起键盘
2026-05-12 11:37:58,081 - INFO - 🔄 步骤9: 点击Next进入用户名页面
2026-05-12 11:37:59,076 - INFO - ✅ 已点击密码页Next按钮
2026-05-12 11:38:02,082 - INFO - 🔄 步骤10: 用户名页面点击Skip并验证主页面
2026-05-12 11:38:15,403 - INFO - ✅ 找到Skip元素: //XCUIElementTypeButton[@name="Skip"]
2026-05-12 11:38:15,819 - INFO - ✅ 已点击Skip跳过用户名
2026-05-12 11:38:19,093 - INFO - ✅ 主页面标识元素存在: //XCUIElementTypeButton[@name="home sel"]
2026-05-12 11:38:20,098 - INFO - 🎉 测试用例102234执行成功！
2026-05-12 11:38:20,098 - INFO - ✅ 数字+大+小写+字符密码可正常跳转，成功到主页面
2026-05-12 11:38:22,134 - INFO - ✅ 报告已生成: /Users/ambrose.chen/Desktop/iot/project/APP外壳/2测试报告/platform/ios_20260512_113659/ios_20260512_113659_report.xlsx
