2026-05-12 10:19:18,875 - INFO - 🔄 步骤0: 登出，确保从登出状态开始测试
2026-05-12 10:19:18,875 - INFO - 开始登出流程...
2026-05-12 10:19:49,777 - INFO - 未检测到home sel/mine sel/mine，跳过登出流程
2026-05-12 10:19:49,778 - INFO - ✅ 步骤0: 登出，确保从登出状态开始测试 - 完成
2026-05-12 10:19:51,780 - INFO - 🔄 步骤1: 验证在APP首页（登录页面）
2026-05-12 10:19:51,935 - INFO - ✅ 步骤1: 验证在APP首页（登录页面） - 完成，确认在APP首页（登录页面）
2026-05-12 10:19:53,940 - INFO - 🔄 步骤2: 点击Sign Up按钮
2026-05-12 10:19:54,882 - INFO - ✅ 步骤2: 点击Sign Up按钮 - 完成
2026-05-12 10:19:57,887 - INFO - 🔄 步骤3: 确认进入了Sign Up页面
2026-05-12 10:19:58,394 - INFO - ✅ 步骤3: 确认进入了Sign Up页面 - 完成
2026-05-12 10:19:58,394 - INFO - ✅ 确认已成功进入Sign Up注册页面
2026-05-12 10:19:58,394 - INFO - 📝 找到Sign Up文本元素: Sign Up
2026-05-12 10:20:00,395 - INFO - 🔄 步骤4: 点击左上角返回按钮
2026-05-12 10:20:01,447 - INFO - ✅ 步骤4: 点击左上角返回按钮 - 完成，已点击返回按钮
2026-05-12 10:20:04,451 - INFO - 🔄 步骤5: 验证回到APP首页面
2026-05-12 10:20:04,799 - INFO - ✅ 步骤5: 验证回到APP首页面 - 完成
2026-05-12 10:20:04,799 - INFO - ✅ 确认已成功返回APP首页（登录页面）
2026-05-12 10:20:04,800 - INFO - 📝 找到Sign Up按钮: Sign Up
2026-05-12 10:20:06,804 - INFO - 🎉 测试用例102182执行成功！
2026-05-12 10:20:06,804 - INFO - ✅ 点击返回按钮后能够正常返回到APP首页
2026-05-12 10:20:08,827 - INFO - ✅ 报告已生成: /Users/ambrose.chen/Desktop/iot/project/APP外壳/2测试报告/platform/ios_20260512_101917/ios_20260512_101917_report.xlsx
