2026-05-12 11:40:53,956 - INFO - 🔄 步骤0: 登出，确保从登出状态开始测试
2026-05-12 11:40:53,956 - INFO - 开始登出流程...
2026-05-12 11:41:24,870 - INFO - 未检测到home sel/mine sel/mine，跳过登出流程
2026-05-12 11:41:24,872 - INFO - ✅ 步骤0: 登出，确保从登出状态开始测试 - 完成
2026-05-12 11:41:26,878 - INFO - 🔄 步骤1: 验证在APP首页（登录页面）
2026-05-12 11:41:27,048 - INFO - ✅ 步骤1: 验证在APP首页（登录页面） - 完成，确认在APP首页（登录页面）
2026-05-12 11:41:29,051 - INFO - 🔄 步骤2: 点击Sign Up按钮进入注册页面
2026-05-12 11:41:30,018 - INFO - ✅ 步骤2: 点击Sign Up按钮进入注册页面 - 完成
2026-05-12 11:41:33,024 - INFO - 🔄 步骤3: 验证进入Sign Up页面
2026-05-12 11:41:33,267 - INFO - ✅ 步骤3: 验证进入Sign Up页面 - 完成，确认已进入Sign Up注册页面
2026-05-12 11:41:35,270 - INFO - 🔄 步骤4: 输入邮箱
2026-05-12 11:41:35,274 - INFO - 📧 生成简单邮箱地址: testuser283@163.com
2026-05-12 11:41:37,179 - INFO - ✅ 步骤4: 输入邮箱 - 完成，邮箱: testuser283@163.com
2026-05-12 11:41:39,183 - INFO - 🔄 步骤5: 勾选隐私政策和用户协议
2026-05-12 11:41:45,300 - INFO - ✅ 隐私政策复选框已勾选
2026-05-12 11:41:46,805 - INFO - 🔄 步骤5.1: 收起键盘（Done）
2026-05-12 11:41:48,086 - INFO - ✅ 已点击Done收起键盘
2026-05-12 11:41:49,092 - INFO - 🔄 步骤6: 点击Next进入set password页面
2026-05-12 11:41:49,804 - INFO - ✅ 步骤6: 点击Next进入set password页面 - 完成，已点击Next按钮
2026-05-12 11:41:52,808 - INFO - 🔄 步骤7: 验证进入set password页面
2026-05-12 11:41:53,111 - INFO - ✅ 成功进入set password页面
2026-05-12 11:41:54,617 - INFO - 🔄 步骤8: 输入小写+特殊字符密码并验证规则颜色
2026-05-12 11:41:56,466 - INFO - ✅ 已输入密码: !@#&xingmai
2026-05-12 11:41:58,456 - INFO - ✅ 已输入确认密码: !@#&xingmai
2026-05-12 11:41:59,847 - INFO - 📝 规则提示: • 6-20 characters 颜色: None
2026-05-12 11:42:00,236 - INFO - 📝 规则提示: • contains letters 颜色: None
2026-05-12 11:42:00,620 - INFO - 📝 规则提示: • contains numbers 颜色: None
2026-05-12 11:42:01,018 - INFO - 📝 规则提示: • Supports special characters:! @ # $ % ^ & * ( ) - _ = + \ | [ ] { } ; : / ? . , ~ > < ` 颜色: None
2026-05-12 11:42:02,209 - INFO - ✅ 密码页已点击Done收起键盘
2026-05-12 11:42:03,210 - INFO - 🔄 步骤9: 点击Next验证仍停留在set password页面
2026-05-12 11:42:03,785 - INFO - ✅ 已尝试点击密码页Next按钮（应无跳转）
2026-05-12 11:42:06,078 - INFO - ✅ 点击后仍停留在set password页面，Next按钮不可使页面跳转
2026-05-12 11:42:07,081 - INFO - 🎉 测试用例102237执行成功！
2026-05-12 11:42:07,082 - INFO - ✅ 小写+特殊字符密码规则提示符合预期，Next不可跳转
2026-05-12 11:42:09,115 - INFO - ✅ 报告已生成: /Users/ambrose.chen/Desktop/iot/project/APP外壳/2测试报告/platform/ios_20260512_114052/ios_20260512_114052_report.xlsx
