2026-05-19 16:03:56,514 - INFO - 🔄 步骤1: 重启APP
2026-05-19 16:04:01,429 - INFO - ✅ 步骤1: 重启APP - 完成
2026-05-19 16:04:01,429 - INFO - 🔄 步骤2: 检测登录状态并确保在登录/注册入口页
2026-05-19 16:04:01,596 - INFO -     [登出] 开始登出流程...
2026-05-19 16:04:01,597 - INFO -     [登出] 步骤1: 检查页面是否有 More 按钮
2026-05-19 16:04:01,649 - INFO -     [登出] ✅ 检测到 More 按钮: //android.view.View[@content-desc="More"]
2026-05-19 16:04:01,650 - INFO -     [登出] 步骤2: 点击 More 按钮，进入 more 页面
2026-05-19 16:04:01,687 - INFO -     [登出] ✅ 已点击 More 按钮 (使用: //android.view.View[@content-desc="More"])
2026-05-19 16:04:03,692 - INFO -     [登出] 步骤3: 点击 edit 按钮
2026-05-19 16:04:03,847 - INFO -     [登出] ✅ 已点击 edit 按钮
2026-05-19 16:04:05,852 - INFO -     [登出] 步骤4: 点击 Log Out 按钮
2026-05-19 16:04:06,018 - INFO -     [登出] ✅ 已点击 Log Out 按钮
2026-05-19 16:04:07,523 - INFO -     [登出] 步骤5: 点击 Confirm 按钮，确认登出
2026-05-19 16:04:08,223 - INFO -     [登出] ✅ 已点击 Confirm 按钮
2026-05-19 16:04:16,255 - INFO -     [登出] ⚠️ 登出完成，但无法确认是否已返回登录页面
2026-05-19 16:04:16,255 - INFO -     [登出] ✅ 登出流程完成
2026-05-19 16:04:18,311 - INFO - ✅ 步骤2: 检测登录状态并确保在登录/注册入口页 - 完成
2026-05-19 16:04:18,311 - INFO - 🔄 步骤3: 点击 Sign Up 进入注册页
2026-05-19 16:04:20,603 - INFO - ✅ 步骤3: 点击 Sign Up 进入注册页 - 完成
2026-05-19 16:04:20,606 - INFO - 📧 生成简单邮箱地址: testuser311@163.com
2026-05-19 16:04:20,606 - INFO - 🔄 步骤4: 输入符合规则的密码并 Next
2026-05-19 16:05:10,862 - INFO - ✅ 步骤4: 输入符合规则的密码并 Next - 完成
2026-05-19 16:05:10,863 - INFO - 🎉 测试用例 200068 执行成功！
2026-05-19 16:05:10,892 - INFO - ✅ 报告已生成: /Users/ambrose.chen/Desktop/iot/project/APP外壳/2测试报告/platform/android_20260519_160353/android_20260519_160353_report.xlsx
