2026-05-08 19:55:14,521 - INFO - 🔄 步骤1: 重置APP，检测登录状态并登出
2026-05-08 19:55:20,544 - INFO -     ✅ APP已重置
2026-05-08 19:55:35,755 - INFO -     ℹ️ 未检测到登录状态，已在登录页面
2026-05-08 19:55:35,755 - INFO - ✅ 步骤1: 重置APP，检测登录状态并登出 - 完成
2026-05-08 19:55:35,755 - INFO - 🔄 步骤2: 在Sign In页面关闭手机网络
2026-05-08 19:55:35,906 - INFO -     ✅ 确认在Sign In页面
2026-05-08 19:55:35,906 - INFO -     🔄 通过后台切换到WLAN页面关闭网络...
2026-05-08 19:55:59,647 - INFO -     ✅ 已找到WLAN开关: //XCUIElementTypeSwitch[@name="无线局域网"]
2026-05-08 19:55:59,745 - INFO -     ℹ️ 当前WLAN状态值: 1
2026-05-08 19:56:01,165 - INFO -     ✅ WLAN开关已点击，目标状态: 关闭
2026-05-08 19:56:23,782 - INFO -     ℹ️ 点击后状态值: 0（//XCUIElementTypeSwitch[@name="无线局域网"]）
2026-05-08 19:56:25,457 - INFO -     ✅ 已返回应用
2026-05-08 19:56:25,458 - INFO - ✅ 步骤2: 在Sign In页面关闭手机网络 - 完成，网络已关闭
2026-05-08 19:56:25,458 - INFO - 🔄 步骤3: 点击登录按钮进入Sign in页面
2026-05-08 19:56:26,452 - INFO - ✅ 步骤3: 点击登录按钮进入Sign in页面 - 完成
2026-05-08 19:56:27,963 - INFO - 🔄 步骤4: 点击邮箱框，输入邮箱
2026-05-08 19:57:08,788 - INFO -     ✅ 邮箱输入完成: haoc51888@gmail.com
2026-05-08 19:57:09,797 - INFO - 🔄 步骤5: 点击密码框，输入密码
2026-05-08 19:57:51,144 - INFO -     ✅ 密码输入完成
2026-05-08 19:57:52,154 - INFO - 🔄 步骤6: 点击键盘Done，收起键盘
2026-05-08 19:57:53,410 - INFO - ✅ 步骤6: 点击键盘Done，收起键盘 - 完成
2026-05-08 19:57:54,416 - INFO - 🔄 步骤7: 点击协议勾选框
2026-05-08 19:57:55,174 - INFO - ✅ 步骤7: 点击协议勾选框 - 完成
2026-05-08 19:57:56,175 - INFO - 🔄 步骤8: 点击登录按钮，验证网络错误提示
2026-05-08 19:57:56,997 - INFO -     ✅ 已点击登录按钮
2026-05-08 19:58:00,330 - INFO -     📝 错误提示内容: Network connection error, please check
2026-05-08 19:58:00,330 - INFO - ✅ 步骤8: 点击登录按钮，验证网络错误提示 - 完成，网络错误提示显示正确: Network connection error, please check
2026-05-08 19:58:00,330 - INFO - 🎉 测试用例102779执行成功！
2026-05-08 19:58:01,338 - INFO - 🔄 步骤9: 重启网络
2026-05-08 19:58:01,339 - INFO -     🔄 通过后台切换到WLAN页面打开网络...
2026-05-08 19:58:24,487 - INFO -     ✅ 已找到WLAN开关: //XCUIElementTypeSwitch[@name="无线局域网"]
2026-05-08 19:58:24,569 - INFO -     ℹ️ 当前WLAN状态值: 0
2026-05-08 19:58:25,975 - INFO -     ✅ WLAN开关已点击，目标状态: 开启
2026-05-08 19:58:48,852 - INFO -     ℹ️ 点击后状态值: 1（//XCUIElementTypeSwitch[@name="无线局域网"]）
2026-05-08 19:58:50,504 - INFO -     ✅ 已返回应用
2026-05-08 19:58:50,505 - INFO - ✅ 步骤9: 重启网络 - 完成，网络已恢复
2026-05-08 19:58:50,537 - INFO - ✅ 报告已生成: /Users/ambrose.chen/Desktop/iot/project/APP外壳/2测试报告/platform/ios_20260508_195512/ios_20260508_195512_report.xlsx
