2026-05-20 14:12:15,981 - INFO - 🔄 步骤1: 重启APP
2026-05-20 14:12:20,860 - INFO - ✅ 步骤1: 重启APP - 完成
2026-05-20 14:12:20,860 - INFO - 🔄 步骤2: 检测登录状态并确保在登录/注册入口页
2026-05-20 14:12:21,022 - INFO -     [登出] 开始登出流程...
2026-05-20 14:12:21,022 - INFO -     [登出] 步骤1: 检查页面是否有 More 按钮
2026-05-20 14:12:21,063 - INFO -     [登出] ✅ 检测到 More 按钮: //android.view.View[@content-desc="More"]
2026-05-20 14:12:21,063 - INFO -     [登出] 步骤2: 点击 More 按钮，进入 more 页面
2026-05-20 14:12:21,122 - INFO -     [登出] ✅ 已点击 More 按钮 (使用: //android.view.View[@content-desc="More"])
2026-05-20 14:12:23,127 - INFO -     [登出] 步骤3: 点击 edit 按钮
2026-05-20 14:12:23,259 - INFO -     [登出] ✅ 已点击 edit 按钮
2026-05-20 14:12:25,261 - INFO -     [登出] 步骤4: 点击 Log Out 按钮
2026-05-20 14:12:25,366 - INFO -     [登出] ✅ 已点击 Log Out 按钮
2026-05-20 14:12:26,869 - INFO -     [登出] 步骤5: 点击 Confirm 按钮，确认登出
2026-05-20 14:12:28,961 - INFO -     [登出] ✅ 已点击 Confirm 按钮
2026-05-20 14:12:37,016 - INFO -     [登出] ⚠️ 登出完成，但无法确认是否已返回登录页面
2026-05-20 14:12:37,017 - INFO -     [登出] ✅ 登出流程完成
2026-05-20 14:12:39,076 - INFO - ✅ 步骤2: 检测登录状态并确保在登录/注册入口页 - 完成
2026-05-20 14:12:39,077 - INFO - 🔄 步骤3: 点击 Sign Up 进入注册页
2026-05-20 14:12:41,331 - INFO - ✅ 步骤3: 点击 Sign Up 进入注册页 - 完成
2026-05-20 14:12:41,332 - INFO - 📧 生成简单邮箱地址: testuser383@163.com
2026-05-20 14:12:41,332 - INFO -     📧 邮箱: testuser383@163.com
2026-05-20 14:12:41,332 - INFO - 🔄 步骤4: 输入邮箱
2026-05-20 14:13:16,425 - INFO - ✅ 步骤4: 输入邮箱 - 完成
2026-05-20 14:13:16,426 - INFO - 🔄 步骤5: 勾选隐私政策
2026-05-20 14:13:17,215 - INFO - ✅ 步骤5: 勾选隐私政策 - 完成
2026-05-20 14:13:17,215 - INFO - 🔄 步骤6: 点击 Next 进入设置密码页
2026-05-20 14:13:20,076 - INFO - ✅ 步骤6: 点击 Next 进入设置密码页 - 完成
2026-05-20 14:13:20,076 - INFO - 🔄 步骤7: 设置密码
2026-05-20 14:13:26,662 - INFO - ✅ 步骤7: 设置密码 - 完成
2026-05-20 14:13:26,663 - INFO - 🔄 步骤8: 点击 Next 进入用户名页
2026-05-20 14:13:31,359 - INFO - ✅ 步骤8: 点击 Next 进入用户名页 - 完成
2026-05-20 14:13:31,360 - INFO - 🔄 步骤9: 输入 49 位用户名
2026-05-20 14:13:32,102 - INFO -     ✅ 聚焦用户名框: //android.widget.EditText/android.view.View[1]
2026-05-20 14:13:34,842 - INFO -     📝 用户名框已输入，长度: 49
2026-05-20 14:13:34,843 - INFO -     👤 用户名(49位): VrnxRTPLQTpi...gPxp
2026-05-20 14:13:34,843 - INFO - ✅ 步骤9: 输入 49 位用户名 - 完成
2026-05-20 14:13:34,843 - INFO - 🔄 步骤10: 点击 Skip
2026-05-20 14:13:34,843 - INFO -     🔄 定位 Skip: //android.widget.TextView[@text="Skip"]
2026-05-20 14:13:36,986 - INFO -     ✅ 已点击 Skip
2026-05-20 14:13:36,986 - INFO - ✅ 步骤10: 点击 Skip - 完成
2026-05-20 14:13:36,987 - INFO - 🔄 步骤11: 断言跳转主页面（More 可见）
2026-05-20 14:13:37,085 - INFO -     ✅ 主页面 More 可见: //android.view.View[@content-desc="More"]
2026-05-20 14:13:37,086 - INFO - ✅ 步骤11: 断言跳转主页面（More 可见） - 完成
2026-05-20 14:13:37,087 - INFO - 🔄 步骤12: 检查首页用户名为默认 Username（非 49 位）
2026-05-20 14:13:37,138 - INFO -     ✅ 首页存在默认 Username 文案: //android.widget.TextView[@text="Username"]
2026-05-20 14:13:37,259 - INFO -     ✅ 首页为用户名默认展示（Username），未保留 49 位输入
2026-05-20 14:13:37,259 - INFO - ✅ 步骤12: 检查首页用户名为默认 Username（非 49 位） - 完成
2026-05-20 14:13:37,260 - INFO - 🎉 测试用例 200087 执行成功！
2026-05-20 14:13:37,260 - INFO - ✅ 输入 49 位用户名后点击 Skip，已跳转主页面且显示默认 Username
2026-05-20 14:13:37,284 - INFO - ✅ 报告已生成: /Users/ambrose.chen/Desktop/iot/project/APP外壳/2测试报告/platform/android_20260520_141212/android_20260520_141212_report.xlsx
