2026-05-12 12:42:40,503 - INFO - 🔄 步骤1: 重启APP并处理登录状态
2026-05-12 12:43:01,750 - INFO - ✅ 步骤1: 重启APP并处理登录状态 - 完成
2026-05-12 12:43:01,752 - INFO - 🔄 步骤2: 点击Sign In进入登录页
2026-05-12 12:43:04,656 - INFO - ✅ 步骤2: 点击Sign In进入登录页 - 完成
2026-05-12 12:43:04,656 - INFO - 🔄 步骤3: 点击Forgot password进入忘记密码页
2026-05-12 12:43:07,676 - INFO - ✅ 步骤3: 点击Forgot password进入忘记密码页 - 完成
2026-05-12 12:43:07,677 - INFO - 🔄 步骤4: 输入邮箱并点击Next进入验证码页
2026-05-12 12:43:17,937 - INFO - ✅ 步骤4: 输入邮箱并点击Next进入验证码页 - 完成，邮箱: haoc51888@gmail.com
2026-05-12 12:43:17,938 - INFO - 🔄 步骤5: Gmail获取最新验证码code
2026-05-12 12:45:00,749 - INFO - ✅ 步骤5: Gmail获取最新验证码code - 完成，code: 161399
2026-05-12 12:45:00,751 - INFO - 🔄 步骤6: 输入验证码进入Set Password页
2026-05-12 12:45:10,074 - INFO - ✅ 步骤6: 输入验证码进入Set Password页 - 完成
2026-05-12 12:45:10,075 - INFO - 🔄 步骤7: 输入纯数字密码(两次)并收起键盘
2026-05-12 12:45:15,282 - INFO - ✅ 步骤7: 输入纯数字密码(两次)并收起键盘 - 完成，password: 123456
2026-05-12 12:45:15,283 - INFO - 🔄 步骤8: 校验密码规则文案颜色（若能取到color）
2026-05-12 12:45:15,508 - INFO - 📝 规则提示: • 6-20 characters 颜色: None
2026-05-12 12:45:15,728 - INFO - 📝 规则提示: • contains letters 颜色: None
2026-05-12 12:45:15,957 - INFO - 📝 规则提示: • contains numbers 颜色: None
2026-05-12 12:45:16,167 - INFO - 📝 规则提示: • Supports special characters:! @ # $ % ^ & * ( ) - _ = + \ | [ ] { } ; : / ? . , ~ > < ` 颜色: None
2026-05-12 12:45:16,167 - INFO - ✅ 步骤8: 校验密码规则文案颜色（若能取到color） - 完成
2026-05-12 12:45:16,167 - INFO - 🔄 步骤9: 点击Submit，断言不可完成修改密码（仍停留Set Password页）
2026-05-12 12:45:16,438 - INFO - ✅ 步骤9: 点击Submit，断言不可完成修改密码（仍停留Set Password页） - 完成
2026-05-12 12:45:16,439 - INFO - 🎉 测试用例102150执行成功！
2026-05-12 12:45:16,469 - INFO - ✅ 报告已生成: /Users/ambrose.chen/Desktop/iot/project/APP外壳/2测试报告/platform/ios_20260512_124238/ios_20260512_124238_report.xlsx
