2026-05-19 16:24:17,249 - INFO - 🔄 步骤1: 重启APP
2026-05-19 16:24:22,181 - INFO - ✅ 步骤1: 重启APP - 完成
2026-05-19 16:24:22,182 - INFO - 🔄 步骤2: 检测登录状态并确保在登录/注册入口页
2026-05-19 16:24:22,339 - INFO -     [登出] 开始登出流程...
2026-05-19 16:24:22,340 - INFO -     [登出] 步骤1: 检查页面是否有 More 按钮
2026-05-19 16:24:22,381 - INFO -     [登出] ✅ 检测到 More 按钮: //android.view.View[@content-desc="More"]
2026-05-19 16:24:22,381 - INFO -     [登出] 步骤2: 点击 More 按钮，进入 more 页面
2026-05-19 16:24:22,417 - INFO -     [登出] ✅ 已点击 More 按钮 (使用: //android.view.View[@content-desc="More"])
2026-05-19 16:24:24,422 - INFO -     [登出] 步骤3: 点击 edit 按钮
2026-05-19 16:24:24,557 - INFO -     [登出] ✅ 已点击 edit 按钮
2026-05-19 16:24:26,561 - INFO -     [登出] 步骤4: 点击 Log Out 按钮
2026-05-19 16:24:26,684 - INFO -     [登出] ✅ 已点击 Log Out 按钮
2026-05-19 16:24:28,186 - INFO -     [登出] 步骤5: 点击 Confirm 按钮，确认登出
2026-05-19 16:24:29,919 - INFO -     [登出] ✅ 已点击 Confirm 按钮
2026-05-19 16:24:37,960 - INFO -     [登出] ⚠️ 登出完成，但无法确认是否已返回登录页面
2026-05-19 16:24:37,960 - INFO -     [登出] ✅ 登出流程完成
2026-05-19 16:24:40,020 - INFO - ✅ 步骤2: 检测登录状态并确保在登录/注册入口页 - 完成
2026-05-19 16:24:40,020 - INFO - 🔄 步骤3: 点击 Sign Up 进入注册页
2026-05-19 16:24:42,298 - INFO - ✅ 步骤3: 点击 Sign Up 进入注册页 - 完成
2026-05-19 16:24:42,302 - INFO - 📧 生成简单邮箱地址: testuser330@163.com
2026-05-19 16:24:42,302 - INFO - 🔄 步骤4: 输入用户名并 Skip
2026-05-19 16:25:37,514 - INFO - ✅ 步骤4: 输入用户名并 Skip - 完成
2026-05-19 16:25:37,515 - INFO - 🎉 测试用例 200087 执行成功！
2026-05-19 16:25:37,545 - INFO - ✅ 报告已生成: /Users/ambrose.chen/Desktop/iot/project/APP外壳/2测试报告/platform/android_20260519_162414/android_20260519_162414_report.xlsx
