2026-05-12 11:07:21,531 - INFO - 🔄 步骤0: 登出，确保从登出状态开始测试
2026-05-12 11:07:21,531 - INFO - 开始登出流程...
2026-05-12 11:07:52,439 - INFO - 未检测到home sel/mine sel/mine，跳过登出流程
2026-05-12 11:07:52,440 - INFO - ✅ 步骤0: 登出，确保从登出状态开始测试 - 完成
2026-05-12 11:07:54,448 - INFO - 🔄 步骤1: 验证在APP首页（登录页面）
2026-05-12 11:07:54,618 - INFO - ✅ 步骤1: 验证在APP首页（登录页面） - 完成，确认在APP首页（登录页面）
2026-05-12 11:07:56,628 - INFO - 🔄 步骤2: 点击Sign Up按钮进入注册页面
2026-05-12 11:07:57,588 - INFO - ✅ 步骤2: 点击Sign Up按钮进入注册页面 - 完成
2026-05-12 11:08:00,595 - INFO - 🔄 步骤3: 验证进入Sign Up页面
2026-05-12 11:08:00,832 - INFO - ✅ 步骤3: 验证进入Sign Up页面 - 完成，确认已进入Sign Up注册页面
2026-05-12 11:08:02,840 - INFO - 🔄 步骤4: 邮箱输入只有特殊字符的错误邮箱
2026-05-12 11:08:04,696 - INFO - ✅ 步骤4: 邮箱输入只有特殊字符的错误邮箱 - 完成，输入错误邮箱: !@#$.(@gmail.com
2026-05-12 11:08:06,696 - INFO - 🔄 步骤5: 勾选隐私政策和用户协议
2026-05-12 11:08:12,925 - INFO - ✅ 隐私政策复选框已勾选
2026-05-12 11:08:14,433 - INFO - 🔄 步骤5.1: 收起键盘（Done）
2026-05-12 11:08:15,682 - INFO - ✅ 已点击Done收起键盘
2026-05-12 11:08:16,688 - INFO - 🔄 步骤6: 点击Next按钮
2026-05-12 11:08:17,345 - INFO - ✅ 步骤6: 点击Next按钮 - 完成，已点击Next按钮
2026-05-12 11:08:19,355 - INFO - 🔄 步骤7: 验证停留当前页面并出现提示
2026-05-12 11:08:30,270 - INFO - ✅ 找到提示信息元素，选择器: //XCUIElementTypeStaticText[@name="Please sign up using your email address"]
2026-05-12 11:08:30,271 - INFO - ✅ 步骤7: 验证停留当前页面并出现提示 - 完成，提示信息: Please sign up using your email address
2026-05-12 11:08:32,278 - INFO - 🎉 测试用例102212执行成功！
2026-05-12 11:08:32,278 - INFO - ✅ 验证错误邮箱（特殊字符）勾选隐私后点击Next，停留当前页并提示“Please sign up using your email address”
2026-05-12 11:08:34,312 - INFO - ✅ 报告已生成: /Users/ambrose.chen/Desktop/iot/project/APP外壳/2测试报告/platform/ios_20260512_110719/ios_20260512_110719_report.xlsx
