2026-05-08 20:24:53,282 - INFO - 🔄 步骤0: 登出，确保从登出状态开始测试
2026-05-08 20:24:53,282 - INFO - 开始登出流程...
2026-05-08 20:25:24,188 - INFO - 未检测到home sel/mine sel/mine，跳过登出流程
2026-05-08 20:25:24,189 - INFO - ✅ 步骤0: 登出，确保从登出状态开始测试 - 完成
2026-05-08 20:25:26,194 - INFO - 🔄 步骤1: 验证在APP首页（登录页面）
2026-05-08 20:25:26,350 - INFO - ✅ 步骤1: 验证在APP首页（登录页面） - 完成，确认在APP首页（登录页面）
2026-05-08 20:25:28,359 - INFO - 🔄 步骤2: 点击Sign Up按钮进入注册页面
2026-05-08 20:25:29,317 - INFO - ✅ 步骤2: 点击Sign Up按钮进入注册页面 - 完成
2026-05-08 20:25:32,325 - INFO - 🔄 步骤3: 验证进入Sign Up页面
2026-05-08 20:25:32,553 - INFO - ✅ 步骤3: 验证进入Sign Up页面 - 完成，确认已进入Sign Up注册页面
2026-05-08 20:25:34,560 - INFO - 🔄 步骤5: 输入邮箱
2026-05-08 20:25:34,564 - INFO - 📧 生成简单邮箱地址: testuser151@163.com
2026-05-08 20:25:36,485 - INFO - ✅ 步骤5: 输入邮箱 - 完成，邮箱: testuser151@163.com
2026-05-08 20:25:38,487 - INFO - 🔄 步骤6: 点击Done按钮收起键盘
2026-05-08 20:25:39,753 - INFO - ✅ 步骤6: 点击Done按钮收起键盘 - 完成
2026-05-08 20:25:41,758 - INFO - 🔄 步骤7: 验证不勾选隐私政策和用户协议
2026-05-08 20:25:47,101 - INFO - ✅ 隐私政策复选框未勾选（预期状态）
2026-05-08 20:25:47,101 - INFO - ✅ 步骤7: 验证不勾选隐私政策和用户协议 - 完成，隐私政策复选框未勾选
2026-05-08 20:25:49,106 - INFO - 🔄 步骤8: 验证Next按钮置灰不可点击
2026-05-08 20:25:49,401 - INFO - 📝 Next按钮 enabled 属性: false
2026-05-08 20:25:49,402 - INFO - ✅ 步骤8: 验证Next按钮置灰不可点击 - 完成，确认Next按钮置灰不可点击
2026-05-08 20:25:51,406 - INFO - 🔄 步骤9: 验证仍停留在注册页面
2026-05-08 20:25:52,056 - INFO - 📝 当前邮箱输入框内容: testuser151@163.com
2026-05-08 20:25:52,056 - INFO - ✅ 步骤9: 验证仍停留在注册页面 - 完成，点击无效果，仍停留在注册页面
2026-05-08 20:25:54,065 - INFO - 🎉 测试用例102191执行成功！
2026-05-08 20:25:54,066 - INFO - ✅ 验证注册，不选择"用户政策、隐私协议"，点击"下一步"：Next按钮置灰且仍停留在当前页面
2026-05-08 20:25:56,099 - INFO - ✅ 报告已生成: /Users/ambrose.chen/Desktop/iot/project/APP外壳/2测试报告/platform/ios_20260508_202451/ios_20260508_202451_report.xlsx
