2026-05-08 21:34:23,464 - INFO - 🔄 步骤0: 登出，确保从登出状态开始测试
2026-05-08 21:34:23,465 - INFO - 开始登出流程...
2026-05-08 21:34:54,367 - INFO - 未检测到home sel/mine sel/mine，跳过登出流程
2026-05-08 21:34:54,368 - INFO - ✅ 步骤0: 登出，确保从登出状态开始测试 - 完成
2026-05-08 21:34:56,378 - INFO - 🔄 步骤1: 验证在APP首页（登录页面）
2026-05-08 21:34:56,541 - INFO - ✅ 步骤1: 验证在APP首页（登录页面） - 完成，确认在APP首页（登录页面）
2026-05-08 21:34:58,547 - INFO - 🔄 步骤2: 点击Sign Up按钮进入注册页面
2026-05-08 21:34:59,505 - INFO - ✅ 步骤2: 点击Sign Up按钮进入注册页面 - 完成
2026-05-08 21:35:02,513 - INFO - 🔄 步骤3: 验证进入Sign Up页面
2026-05-08 21:35:02,746 - INFO - ✅ 步骤3: 验证进入Sign Up页面 - 完成，确认已进入Sign Up注册页面
2026-05-08 21:35:04,751 - INFO - 🔄 步骤4: 输入邮箱
2026-05-08 21:35:04,755 - INFO - 📧 生成简单邮箱地址: testuser183@163.com
2026-05-08 21:35:06,745 - INFO - ✅ 步骤4: 输入邮箱 - 完成，邮箱: testuser183@163.com
2026-05-08 21:35:08,753 - INFO - 🔄 步骤5: 勾选隐私政策和用户协议
2026-05-08 21:35:14,859 - INFO - ✅ 隐私政策复选框已勾选
2026-05-08 21:35:16,364 - INFO - 🔄 步骤5.1: 收起键盘（Done）
2026-05-08 21:35:17,634 - INFO - ✅ 已点击Done收起键盘
2026-05-08 21:35:18,640 - INFO - 🔄 步骤6: 点击Next进入set password页面
2026-05-08 21:35:19,341 - INFO - ✅ 步骤6: 点击Next进入set password页面 - 完成，已点击Next按钮
2026-05-08 21:35:22,345 - INFO - 🔄 步骤7: 验证进入set password页面
2026-05-08 21:35:22,599 - INFO - ✅ 成功进入set password页面
2026-05-08 21:35:24,101 - INFO - 🔄 步骤8: 输入密码并确认
2026-05-08 21:35:25,897 - INFO - ✅ 已输入密码: Csx150128
2026-05-08 21:35:27,836 - INFO - ✅ 已输入确认密码: Csx150128
2026-05-08 21:35:30,095 - INFO - ✅ 密码页已点击Done收起键盘
2026-05-08 21:35:31,100 - INFO - 🔄 步骤9: 点击Next进入Personal Information页面
2026-05-08 21:35:32,057 - INFO - ✅ 已点击密码页Next按钮
2026-05-08 21:35:35,064 - INFO - 🔄 步骤10: 验证Personal Information页面元素
2026-05-08 21:35:35,961 - INFO - ✅ 找到Skip元素: //XCUIElementTypeButton[@name="Skip"]
2026-05-08 21:35:36,145 - INFO - ✅ 找到Submit按钮
2026-05-08 21:35:36,146 - INFO - ✅ Personal Information页面元素验证通过
2026-05-08 21:35:37,154 - INFO - 🎉 测试用例102226执行成功！
2026-05-08 21:35:37,154 - INFO - ✅ Personal Information页面显示正确，包含Skip和Submit元素
2026-05-08 21:35:39,183 - INFO - ✅ 报告已生成: /Users/ambrose.chen/Desktop/iot/project/APP外壳/2测试报告/platform/ios_20260508_213421/ios_20260508_213421_report.xlsx
