2026-04-30 08:55:34,225 - INFO - 🔄 步骤0: 登出，确保从登出状态开始测试
2026-04-30 08:55:34,226 - INFO - 开始登出流程...
2026-04-30 08:56:05,320 - INFO - 未检测到home sel/mine sel/mine，跳过登出流程
2026-04-30 08:56:05,345 - INFO - ✅ 步骤0: 登出，确保从登出状态开始测试 - 完成
2026-04-30 08:56:07,347 - INFO - 🔄 步骤1: 验证在APP首页（登录页面）
2026-04-30 08:56:07,548 - INFO - ✅ 步骤1: 验证在APP首页（登录页面） - 完成，确认在APP首页（登录页面）
2026-04-30 08:56:09,556 - INFO - 🔄 步骤2: 点击Sign Up按钮进入注册页面
2026-04-30 08:56:10,597 - INFO - ✅ 步骤2: 点击Sign Up按钮进入注册页面 - 完成
2026-04-30 08:56:13,604 - INFO - 🔄 步骤3: 验证进入Sign Up页面
2026-04-30 08:56:13,874 - INFO - ✅ 步骤3: 验证进入Sign Up页面 - 完成，确认已进入Sign Up注册页面
2026-04-30 08:56:15,879 - INFO - 🔄 步骤4: 邮箱输入错误格式
2026-04-30 08:56:17,735 - INFO - ✅ 步骤4: 邮箱输入错误格式 - 完成，输入错误邮箱: adn只s@163.com
2026-04-30 08:56:19,738 - INFO - 🔄 步骤5: 勾选隐私政策和用户协议
2026-04-30 08:56:25,797 - INFO - ✅ 隐私政策复选框已勾选
2026-04-30 08:56:27,303 - INFO - 🔄 步骤5.1: 收起键盘（Done）
2026-04-30 08:56:28,609 - INFO - ✅ 已点击Done收起键盘
2026-04-30 08:56:29,614 - INFO - 🔄 步骤6: 点击Next按钮
2026-04-30 08:56:30,321 - INFO - ✅ 步骤6: 点击Next按钮 - 完成，已点击Next按钮
2026-04-30 08:56:32,322 - INFO - 🔄 步骤7: 验证停留当前页面并出现提示
2026-04-30 08:56:43,339 - INFO - ✅ 找到提示信息元素，选择器: //XCUIElementTypeStaticText[@name="Please sign up using your email address"]
2026-04-30 08:56:43,342 - INFO - ✅ 步骤7: 验证停留当前页面并出现提示 - 完成，提示信息: Please sign up using your email address
2026-04-30 08:56:45,345 - INFO - 🎉 测试用例102672执行成功！
2026-04-30 08:56:45,346 - INFO - ✅ 验证输入邮箱格式不正确：勾选隐私后点击Next，停留当前页并提示“Please sign up using your email address”
2026-04-30 08:56:47,396 - INFO - ✅ 报告已生成: /Users/ambrose.chen/Desktop/iot/project/APP外壳/2测试报告/platform/ios_20260430_085531/ios_20260430_085531_report.xlsx
