2026-05-07 21:29:45,935 - INFO - 🔄 步骤0: 登出，确保从登出状态开始测试
2026-05-07 21:29:45,937 - INFO - 开始登出流程...
2026-05-07 21:30:16,847 - INFO - 未检测到home sel/mine sel/mine，跳过登出流程
2026-05-07 21:30:16,848 - INFO - ✅ 步骤0: 登出，确保从登出状态开始测试 - 完成
2026-05-07 21:30:18,850 - INFO - 🔄 步骤1: 验证在APP首页（登录页面）
2026-05-07 21:30:19,018 - INFO - ✅ 步骤1: 验证在APP首页（登录页面） - 完成，确认在APP首页（登录页面）
2026-05-07 21:30:21,029 - INFO - 🔄 步骤2: 点击Sign Up按钮进入注册页面
2026-05-07 21:30:21,981 - INFO - ✅ 步骤2: 点击Sign Up按钮进入注册页面 - 完成
2026-05-07 21:30:24,984 - INFO - 🔄 步骤3: 验证进入Sign Up页面
2026-05-07 21:30:25,225 - INFO - ✅ 步骤3: 验证进入Sign Up页面 - 完成，确认已进入Sign Up注册页面
2026-05-07 21:30:27,233 - INFO - 🔄 步骤4: 输入邮箱
2026-05-07 21:30:27,236 - INFO - 📧 生成简单邮箱地址: testuser103@163.com
2026-05-07 21:30:29,240 - INFO - ✅ 步骤4: 输入邮箱 - 完成，邮箱: testuser103@163.com
2026-05-07 21:30:31,245 - INFO - 🔄 步骤5: 勾选隐私政策和用户协议
2026-05-07 21:30:37,245 - INFO - ✅ 隐私政策复选框已勾选
2026-05-07 21:30:38,753 - INFO - 🔄 步骤5.1: 收起键盘（Done）
2026-05-07 21:30:40,036 - INFO - ✅ 已点击Done收起键盘
2026-05-07 21:30:41,044 - INFO - 🔄 步骤6: 点击Next按钮
2026-05-07 21:30:41,769 - INFO - ✅ 步骤6: 点击Next按钮 - 完成，已点击Next按钮
2026-05-07 21:30:44,778 - INFO - 🔄 步骤7: 验证跳转到set password页面
2026-05-07 21:30:45,076 - INFO - ✅ 步骤7: 验证跳转到set password页面 - 完成
2026-05-07 21:30:45,077 - INFO - ✅ 验证通过：跳转到set password页面，用例执行成功
2026-05-07 21:30:47,085 - INFO - 🎉 测试用例102204执行成功！
2026-05-07 21:30:47,085 - INFO - ✅ 验证勾选隐私政策后再填邮箱，Next变深可点击且跳转到set password页面
2026-05-07 21:30:49,115 - INFO - ✅ 报告已生成: /Users/ambrose.chen/Desktop/iot/project/APP外壳/2测试报告/platform/ios_20260507_212944/ios_20260507_212944_report.xlsx
