2026-04-30 09:38:03,095 - INFO - 🔄 步骤1: 重启APP并处理登录状态
2026-04-30 09:38:24,616 - INFO - ✅ 步骤1: 重启APP并处理登录状态 - 完成
2026-04-30 09:38:24,620 - INFO - 🔄 步骤2: 点击Sign In进入登录页
2026-04-30 09:38:27,638 - INFO - ✅ 步骤2: 点击Sign In进入登录页 - 完成
2026-04-30 09:38:27,641 - INFO - 🔄 步骤3: 点击Forgot password进入忘记密码页
2026-04-30 09:38:30,692 - INFO - ✅ 步骤3: 点击Forgot password进入忘记密码页 - 完成
2026-04-30 09:38:30,693 - INFO - 🔄 步骤4: 输入邮箱
2026-04-30 09:38:33,441 - INFO - 
============================================================
2026-04-30 09:38:33,441 - INFO - ❌ 测试失败
2026-04-30 09:38:33,441 - INFO - 📍 失败步骤: 步骤4: 输入邮箱
2026-04-30 09:38:33,442 - INFO - 📝 失败原因: 步骤4: 输入邮箱失败
2026-04-30 09:38:33,442 - INFO - ============================================================
2026-04-30 09:38:33,445 - INFO - Traceback (most recent call last):

2026-04-30 09:38:33,445 - INFO -   File "/Users/ambrose.chen/Desktop/iot/project/APP外壳/3功能/1平台/IOS/3忘记密码/102131验证清空邮箱的“×”按钮，可以清空邮箱.py", line 228, in test_102131
    assert email_value in val, f"邮箱输入失败，当前值: {val}"

2026-04-30 09:38:33,445 - INFO - AssertionError: 邮箱输入失败，当前值: 
assert 'haoc51888@gmail.com' in ''

2026-04-30 09:38:33,742 - INFO - 已保存test_102131_failed失败截图: screenshots/test_102131_failed_1777513113.png
2026-04-30 09:38:33,769 - INFO - ✅ 报告已生成: /Users/ambrose.chen/Desktop/iot/project/APP外壳/2测试报告/platform/ios_20260430_093800/ios_20260430_093800_report.xlsx
