2026-05-08 19:38:25,059 - INFO - 🔄 步骤1: 重置APP，检测登录状态并登出
2026-05-08 19:38:31,013 - INFO -     ✅ APP已重置
2026-05-08 19:38:46,208 - INFO -     ℹ️ 未检测到登录状态，已在登录页面
2026-05-08 19:38:46,209 - INFO - ✅ 步骤1: 重置APP，检测登录状态并登出 - 完成
2026-05-08 19:38:46,209 - INFO - 🔄 步骤2: 点击登录按钮进入Sign in页面
2026-05-08 19:38:47,162 - INFO - ✅ 步骤2: 点击登录按钮进入Sign in页面 - 完成
2026-05-08 19:38:48,669 - INFO - 🔄 步骤3: 点击邮箱框，输入邮箱
2026-05-08 19:39:29,478 - INFO -     ✅ 邮箱输入完成: haoc51888@gmail.com
2026-05-08 19:39:30,481 - INFO - ✅ 步骤3: 点击邮箱框，输入邮箱 - 完成
2026-05-08 19:39:30,481 - INFO - 🔄 步骤4: 点击键盘Done，收起键盘
2026-05-08 19:39:31,720 - INFO - ✅ 步骤4: 点击键盘Done，收起键盘 - 完成
2026-05-08 19:39:32,728 - INFO - 🔄 步骤5: 点击协议勾选框（勾选用户协议和隐私政策）
2026-05-08 19:39:33,511 - INFO - ✅ 步骤5: 点击协议勾选框（勾选用户协议和隐私政策） - 完成
2026-05-08 19:39:34,513 - INFO - 🔄 步骤6: 验证密码输入框为空（不输入密码）
2026-05-08 19:39:34,768 - INFO -     ✅ 密码输入框为空
2026-05-08 19:39:34,769 - INFO - ✅ 步骤6: 验证密码输入框为空（不输入密码） - 完成，密码输入框为空
2026-05-08 19:39:34,769 - INFO - 🔄 步骤7: 点击登录按钮（已勾选用户协议和隐私政策，但不输入密码）
2026-05-08 19:39:35,582 - INFO - ✅ 步骤7: 点击登录按钮（已勾选用户协议和隐私政策，但不输入密码） - 完成
2026-05-08 19:39:37,588 - INFO - 🔄 步骤8: 断言页面显示错误提示信息
2026-05-08 19:39:37,914 - INFO -     ✅ 找到错误提示信息: Incorrect password. Please confirm and try again.
2026-05-08 19:39:37,914 - INFO - ✅ 步骤8: 断言页面显示错误提示信息 - 完成，错误提示信息已显示
2026-05-08 19:39:37,914 - INFO - 🎉 测试用例102655执行成功！
2026-05-08 19:39:37,937 - INFO - ✅ 报告已生成: /Users/ambrose.chen/Desktop/iot/project/APP外壳/2测试报告/platform/ios_20260508_193823/ios_20260508_193823_report.xlsx
