2026-05-12 11:32:42,686 - INFO - 🔄 步骤0: 登出，确保从登出状态开始测试
2026-05-12 11:32:42,686 - INFO - 开始登出流程...
2026-05-12 11:33:13,595 - INFO - 未检测到home sel/mine sel/mine，跳过登出流程
2026-05-12 11:33:13,596 - INFO - ✅ 步骤0: 登出，确保从登出状态开始测试 - 完成
2026-05-12 11:33:15,599 - INFO - 🔄 步骤1: 验证在APP首页（登录页面）
2026-05-12 11:33:15,748 - INFO - ✅ 步骤1: 验证在APP首页（登录页面） - 完成，确认在APP首页（登录页面）
2026-05-12 11:33:17,751 - INFO - 🔄 步骤2: 点击Sign Up按钮进入注册页面
2026-05-12 11:33:18,697 - INFO - ✅ 步骤2: 点击Sign Up按钮进入注册页面 - 完成
2026-05-12 11:33:21,701 - INFO - 🔄 步骤3: 验证进入Sign Up页面
2026-05-12 11:33:21,940 - INFO - ✅ 步骤3: 验证进入Sign Up页面 - 完成，确认已进入Sign Up注册页面
2026-05-12 11:33:23,946 - INFO - 🔄 步骤4: 输入邮箱
2026-05-12 11:33:23,950 - INFO - 📧 生成简单邮箱地址: testuser277@163.com
2026-05-12 11:33:25,871 - INFO - ✅ 步骤4: 输入邮箱 - 完成，邮箱: testuser277@163.com
2026-05-12 11:33:27,872 - INFO - 🔄 步骤5: 勾选隐私政策和用户协议
2026-05-12 11:33:33,991 - INFO - ✅ 隐私政策复选框已勾选
2026-05-12 11:33:35,493 - INFO - 🔄 步骤5.1: 收起键盘（Done）
2026-05-12 11:33:36,768 - INFO - ✅ 已点击Done收起键盘
2026-05-12 11:33:37,769 - INFO - 🔄 步骤6: 点击Next进入set password页面
2026-05-12 11:33:38,470 - INFO - ✅ 步骤6: 点击Next进入set password页面 - 完成，已点击Next按钮
2026-05-12 11:33:41,474 - INFO - 🔄 步骤7: 验证进入set password页面
2026-05-12 11:33:41,755 - INFO - ✅ 成功进入set password页面
2026-05-12 11:33:43,259 - INFO - 🔄 步骤8: 输入纯特殊字符密码并验证规则颜色
2026-05-12 11:33:45,384 - INFO - ✅ 已输入密码: !@#$%^&*()-==+\'l[};:/?...~><`
2026-05-12 11:33:47,663 - INFO - ✅ 已输入确认密码: !@#$%^&*()-==+\'l[};:/?...~><`
2026-05-12 11:33:49,064 - INFO - 📝 规则提示: • 6-20 characters 颜色: None
2026-05-12 11:33:49,460 - INFO - 📝 规则提示: • contains letters 颜色: None
2026-05-12 11:33:49,858 - INFO - 📝 规则提示: • contains numbers 颜色: None
2026-05-12 11:33:50,244 - INFO - 📝 规则提示: • Supports special characters:! @ # $ % ^ & * ( ) - _ = + \ | [ ] { } ; : / ? . , ~ > < ` 颜色: None
2026-05-12 11:33:51,448 - INFO - ✅ 密码页已点击Done收起键盘
2026-05-12 11:33:52,452 - INFO - 🔄 步骤9: 点击Next验证仍停留在set password页面
2026-05-12 11:33:53,017 - INFO - ✅ 已尝试点击密码页Next按钮（应无跳转）
2026-05-12 11:33:55,333 - INFO - ✅ 点击后仍停留在set password页面，Next按钮不可使页面跳转
2026-05-12 11:33:56,339 - INFO - 🎉 测试用例102231执行成功！
2026-05-12 11:33:56,340 - INFO - ✅ 纯字符密码规则提示符合预期，Next不可跳转
2026-05-12 11:33:58,363 - INFO - ✅ 报告已生成: /Users/ambrose.chen/Desktop/iot/project/APP外壳/2测试报告/platform/ios_20260512_113240/ios_20260512_113240_report.xlsx
