2026-05-09 20:18:31,336 - INFO - 🔄 步骤0: 登出，确保从登出状态开始测试
2026-05-09 20:18:31,337 - INFO - 开始登出流程...
2026-05-09 20:18:31,592 - INFO - 检测到home sel元素
2026-05-09 20:18:43,015 - INFO - ✅ 点击mine按钮: //XCUIElementTypeButton[@name="mine"]
2026-05-09 20:18:45,203 - INFO - ✅ 点击CommonEdit编辑按钮: //XCUIElementTypeButton[@name="CommonEdit"]
2026-05-09 20:18:47,499 - INFO - ✅ 点击Log Out: //XCUIElementTypeButton[@name="Log Out"]
2026-05-09 20:18:49,713 - INFO - ✅ 点击Confirm: //XCUIElementTypeButton[@name="Confirm"]
2026-05-09 20:18:51,222 - INFO - 登出操作完成
2026-05-09 20:18:51,537 - INFO - ✅ 成功回到登录页面
2026-05-09 20:18:51,537 - INFO - ✅ 步骤0: 登出，确保从登出状态开始测试 - 完成
2026-05-09 20:18:53,539 - INFO - 🔄 步骤1: 点击Sign Up按钮进入注册页面
2026-05-09 20:18:54,503 - INFO - ✅ 步骤1: 点击Sign Up按钮进入注册页面 - 完成
2026-05-09 20:18:56,512 - INFO - 🔄 步骤2: 输入邮箱地址
2026-05-09 20:18:56,515 - INFO - 📧 生成邮箱地址: 1+2-3.4%5_634@163.com
2026-05-09 20:18:58,555 - INFO - ✅ 步骤2: 输入邮箱地址 - 完成，邮箱: 1+2-3.4%5_634@163.com
2026-05-09 20:19:00,561 - INFO - 🔄 步骤3: 同意隐私政策
2026-05-09 20:19:01,737 - INFO - ✅ 步骤3: 同意隐私政策 - 完成
2026-05-09 20:19:03,747 - INFO - 🔄 步骤4: 点击Done按钮（收起键盘）
2026-05-09 20:19:05,010 - INFO - ✅ 步骤4: 点击Done按钮（收起键盘） - 完成
2026-05-09 20:19:07,020 - INFO - 🔄 步骤5: 点击Next按钮进入密码设置
2026-05-09 20:19:07,752 - INFO - ✅ 步骤5: 点击Next按钮进入密码设置 - 完成
2026-05-09 20:19:09,760 - INFO - 🔄 步骤6: 设置密码
2026-05-09 20:19:14,839 - INFO - ✅ 步骤6: 设置密码 - 完成
2026-05-09 20:19:16,841 - INFO - 🔄 步骤7: 点击Done按钮（收起键盘）
2026-05-09 20:19:18,068 - INFO - ✅ 步骤7: 点击Done按钮（收起键盘） - 完成
2026-05-09 20:19:20,078 - INFO - 🔄 步骤8: 点击Next按钮进入个人信息页面
2026-05-09 20:19:21,089 - INFO - ✅ 步骤8: 点击Next按钮进入个人信息页面 - 完成
2026-05-09 20:19:23,091 - INFO - 🔄 步骤9: 验证用户名输入框存在但不输入任何信息
2026-05-09 20:19:24,659 - INFO - ✅ 步骤9: 验证用户名输入框存在但不输入任何信息 - 完成，用户名输入框为空
2026-05-09 20:19:26,665 - INFO - 🔄 步骤10: 点击左上角返回按钮
2026-05-09 20:19:27,346 - INFO - ✅ 步骤10: 点击左上角返回按钮 - 完成
2026-05-09 20:19:30,354 - INFO - 🔄 步骤11: 验证跳转到APP主页面
2026-05-09 20:19:30,769 - INFO - ✅ 步骤11: 验证跳转到APP主页面 - 完成
2026-05-09 20:19:30,769 - INFO - 🔄 步骤12: 验证用户名显示为默认的'Username'
2026-05-09 20:19:36,023 - INFO - ✅ 找到用户名元素，使用选择器: //XCUIElementTypeStaticText[contains(@name, "Username")]
2026-05-09 20:19:36,074 - INFO - 📝 用户名显示内容: Hi, Username
2026-05-09 20:19:36,075 - INFO - ✅ 步骤12: 验证用户名显示为默认的'Username' - 完成，用户名显示为默认值: Hi, Username
2026-05-09 20:19:36,075 - INFO - 🎉 测试用例102247执行成功！
2026-05-09 20:19:38,106 - INFO - ✅ 报告已生成: /Users/ambrose.chen/Desktop/iot/project/APP外壳/2测试报告/platform/ios_20260509_201829/ios_20260509_201829_report.xlsx
