2026-05-20 10:18:50,064 - INFO - 🔄 步骤1: 重启APP
2026-05-20 10:18:55,027 - INFO - ✅ 步骤1: 重启APP - 完成
2026-05-20 10:18:55,028 - INFO - 🔄 步骤2: 检测登录状态并确保在登录/注册入口页
2026-05-20 10:18:55,844 - INFO - ✅ 步骤2: 检测登录状态并确保在登录/注册入口页 - 完成
2026-05-20 10:18:55,845 - INFO - 🔄 步骤3: 点击 Sign Up 进入注册页
2026-05-20 10:18:58,112 - INFO - ✅ 步骤3: 点击 Sign Up 进入注册页 - 完成
2026-05-20 10:18:58,112 - INFO - 🔄 步骤4: 国家切换至 France
2026-05-20 10:19:02,743 - INFO -     📝 已在国家搜索框输入: france
2026-05-20 10:19:05,980 - INFO -     📝 收起键盘后可见国家（前15）: ['france', 'France', 'background', 'back', 'clear']
2026-05-20 10:19:07,698 - INFO -     ✅ 已点击国家项，命中: France
2026-05-20 10:19:07,739 - INFO -     ✅ 已回到注册主页面
2026-05-20 10:19:08,541 - INFO -     ✅ 已选国家: France
2026-05-20 10:19:08,541 - INFO - ✅ 步骤4: 国家切换至 France - 完成
2026-05-20 10:19:08,541 - INFO -     📧 已注册邮箱（美国）: haoc51888@gmail.com
2026-05-20 10:19:08,541 - INFO - 🔄 步骤5: 输入已注册邮箱
2026-05-20 10:19:43,427 - INFO - ✅ 步骤5: 输入已注册邮箱 - 完成
2026-05-20 10:19:43,428 - INFO - 🔄 步骤6: 勾选隐私政策
2026-05-20 10:19:44,300 - INFO - ✅ 步骤6: 勾选隐私政策 - 完成
2026-05-20 10:19:44,301 - INFO - 🔄 步骤7: 点击 Next
2026-05-20 10:19:48,233 - INFO - ✅ 步骤7: 点击 Next - 完成
2026-05-20 10:19:48,234 - INFO - 🔄 步骤8: 断言弹出已注册提示（未继续下一步）
2026-05-20 10:19:49,005 - INFO -     ✅ 弹框提示: This email is already registered. Ready to sign in now?
2026-05-20 10:19:59,072 - INFO - ✅ 步骤8: 断言弹出已注册提示（未继续下一步） - 完成
2026-05-20 10:19:59,073 - INFO - 🎉 测试用例 200062 执行成功！
2026-05-20 10:19:59,074 - INFO - ✅ 已注册邮箱在 France 再次注册，弹出已注册提示（未继续下一步）
2026-05-20 10:19:59,107 - INFO - ✅ 报告已生成: /Users/ambrose.chen/Desktop/iot/project/APP外壳/2测试报告/platform/android_20260520_101846/android_20260520_101846_report.xlsx
