2026-05-08 20:12:06,433 - INFO - 🔄 步骤0: 登出，确保从登出状态开始测试
2026-05-08 20:12:06,434 - INFO - 开始登出流程...
2026-05-08 20:12:37,346 - INFO - 未检测到home sel/mine sel/mine，跳过登出流程
2026-05-08 20:12:37,347 - INFO - ✅ 步骤0: 登出，确保从登出状态开始测试 - 完成
2026-05-08 20:12:39,352 - INFO - 🔄 步骤1: 验证在APP首页（登录页面）
2026-05-08 20:12:39,507 - INFO - ✅ 步骤1: 验证在APP首页（登录页面） - 完成，确认在APP首页（登录页面）
2026-05-08 20:12:41,508 - INFO - 🔄 步骤2: 点击Sign Up按钮进入注册页面
2026-05-08 20:12:42,455 - INFO - ✅ 步骤2: 点击Sign Up按钮进入注册页面 - 完成
2026-05-08 20:12:45,464 - INFO - 🔄 步骤3: 验证进入Sign Up页面
2026-05-08 20:12:45,701 - INFO - ✅ 步骤3: 验证进入Sign Up页面 - 完成，确认已进入Sign Up注册页面
2026-05-08 20:12:47,703 - INFO - 🔄 步骤4: 点击国家栏下拉按钮
2026-05-08 20:12:48,814 - INFO - ✅ 步骤4: 点击国家栏下拉按钮 - 完成，已点击国家栏下拉按钮
2026-05-08 20:12:51,817 - INFO - 🔄 步骤5: 验证跳转至国家选择页面
2026-05-08 20:13:25,059 - INFO - ✅ 步骤5: 验证跳转至国家选择页面 - 完成，确认已跳转至国家选择页面
2026-05-08 20:13:27,063 - INFO - 🔄 步骤6: 点击搜索框并输入zhonghuaminguo
2026-05-08 20:14:03,575 - INFO - ✅ 步骤6: 点击搜索框并输入zhonghuaminguo - 完成，已输入zhonghuaminguo
2026-05-08 20:14:06,586 - INFO - 🔄 步骤7: 验证无任何国家选择结果
2026-05-08 20:14:22,874 - INFO - 📝 搜索关键词: zhonghuaminguo
2026-05-08 20:14:22,875 - INFO - 📝 找到的元素数量: 0
2026-05-08 20:14:33,146 - INFO - ✅ 步骤7: 验证无任何国家选择结果 - 完成
2026-05-08 20:14:33,147 - INFO - ✅ 验证通过：搜索不存在的国家'zhonghuaminguo'时，无任何国家选择结果
2026-05-08 20:14:35,148 - INFO - 🎉 测试用例102186执行成功！
2026-05-08 20:14:35,148 - INFO - ✅ 注册页面国家切换-搜索一个不存在的国家：无任何国家选择，用例执行成功
2026-05-08 20:14:37,179 - INFO - ✅ 报告已生成: /Users/ambrose.chen/Desktop/iot/project/APP外壳/2测试报告/platform/ios_20260508_201204/ios_20260508_201204_report.xlsx
