2026-05-09 18:34:05,618 - INFO - 🔄 步骤1: 重置APP，检测登录状态并登出
2026-05-09 18:34:11,578 - INFO -     ✅ APP已重置
2026-05-09 18:34:26,769 - INFO -     ℹ️ 未检测到登录状态，已在登录页面
2026-05-09 18:34:26,771 - INFO - ✅ 步骤1: 重置APP，检测登录状态并登出 - 完成
2026-05-09 18:34:26,771 - INFO - 🔄 步骤2: 在Sign In页面关闭手机网络
2026-05-09 18:34:26,941 - INFO -     ✅ 确认在Sign In页面
2026-05-09 18:34:26,942 - INFO -     🔄 通过后台切换到WLAN页面关闭网络...
2026-05-09 18:35:16,796 - INFO -     ✅ 已找到WLAN开关: (//XCUIElementTypeSwitch)[1]
2026-05-09 18:35:16,898 - INFO -     ℹ️ 当前WLAN状态值: 0
2026-05-09 18:35:16,899 - INFO -     ℹ️ WLAN已经是关闭状态
2026-05-09 18:35:18,559 - INFO -     ✅ 已返回应用
2026-05-09 18:35:18,559 - INFO - ✅ 步骤2: 在Sign In页面关闭手机网络 - 完成，网络已关闭
2026-05-09 18:35:18,559 - INFO - 🔄 步骤3: 点击登录按钮进入Sign in页面
2026-05-09 18:35:19,528 - INFO - ✅ 步骤3: 点击登录按钮进入Sign in页面 - 完成
2026-05-09 18:35:21,036 - INFO - 🔄 步骤4: 点击邮箱框，输入邮箱
2026-05-09 18:36:01,893 - INFO -     ✅ 邮箱输入完成: haoc51888@gmail.com
2026-05-09 18:36:02,903 - INFO - 🔄 步骤5: 点击密码框，输入密码
2026-05-09 18:36:44,283 - INFO -     ✅ 密码输入完成
2026-05-09 18:36:45,292 - INFO - 🔄 步骤6: 点击键盘Done，收起键盘
2026-05-09 18:36:46,542 - INFO - ✅ 步骤6: 点击键盘Done，收起键盘 - 完成
2026-05-09 18:36:47,549 - INFO - 🔄 步骤7: 点击协议勾选框
2026-05-09 18:36:48,310 - INFO - ✅ 步骤7: 点击协议勾选框 - 完成
2026-05-09 18:36:49,313 - INFO - 🔄 步骤8: 点击登录按钮，验证网络错误提示
2026-05-09 18:36:50,127 - INFO -     ✅ 已点击登录按钮
2026-05-09 18:37:03,709 - INFO - ❌ 步骤8: 点击登录按钮，验证网络错误提示失败: Message: 
Stacktrace:
NoSuchElementError: An element could not be located on the page using the given search parameters.
    at XCUITestDriver.doNativeFind (/Users/ambrose.chen/.appium/node_modules/appium-xcuitest-driver/lib/commands/find.js:116:11)
    at processTicksAndRejections (node:internal/process/task_queues:103:5)
    at XCUITestDriver.findNativeElementOrElements (/Users/ambrose.chen/.appium/node_modules/appium-xcuitest-driver/lib/commands/find.js:69:10)
    at XCUITestDriver.findElOrEls (/Users/ambrose.chen/.appium/node_modules/appium-xcuitest-driver/lib/commands/find.js:13:12)
    at XCUITestDriver.findElOrElsWithProcessing (/Users/ambrose.chen/.appium/node_modules/appium-xcuitest-driver/node_modules/@appium/base-driver/lib/basedriver/commands/find.ts:60:12)
    at XCUITestDriver.findElement (/Users/ambrose.chen/.appium/node_modules/appium-xcuitest-driver/node_modules/@appium/base-driver/lib/basedriver/commands/find.ts:75:12)
2026-05-09 18:37:03,710 - INFO - 
============================================================
2026-05-09 18:37:03,710 - INFO - ❌ 测试失败
2026-05-09 18:37:03,710 - INFO - 📍 失败步骤: 步骤8: 点击登录按钮，验证网络错误提示
2026-05-09 18:37:03,710 - INFO - 📝 失败原因: 步骤8: 点击登录按钮，验证网络错误提示失败: Message: 
Stacktrace:
NoSuchElementError: An element could not be located on the page using the given search parameters.
    at XCUITestDriver.doNativeFind (/Users/ambrose.chen/.appium/node_modules/appium-xcuitest-driver/lib/commands/find.js:116:11)
    at processTicksAndRejections (node:internal/process/task_queues:103:5)
    at XCUITestDriver.findNativeElementOrElements (/Users/ambrose.chen/.appium/node_modules/appium-xcuitest-driver/lib/commands/find.js:69:10)
    at XCUITestDriver.findElOrEls (/Users/ambrose.chen/.appium/node_modules/appium-xcuitest-driver/lib/commands/find.js:13:12)
    at XCUITestDriver.findElOrElsWithProcessing (/Users/ambrose.chen/.appium/node_modules/appium-xcuitest-driver/node_modules/@appium/base-driver/lib/basedriver/commands/find.ts:60:12)
    at XCUITestDriver.findElement (/Users/ambrose.chen/.appium/node_modules/appium-xcuitest-driver/node_modules/@appium/base-driver/lib/basedriver/commands/find.ts:75:12)
2026-05-09 18:37:03,711 - INFO - ============================================================
2026-05-09 18:37:03,717 - INFO - Traceback (most recent call last):

2026-05-09 18:37:03,717 - INFO -   File "/Users/ambrose.chen/Desktop/iot/project/APP外壳/3功能/1平台/IOS/1登录/102779验证手机网络关闭时，APP用户登录.py", line 418, in test_102779
    error_text = WebDriverWait(driver, 10).until(
                 ^^^^^^^^^^^^^^^^^^^^^^^^^^^^^^^^

2026-05-09 18:37:03,717 - INFO -   File "/Library/Frameworks/Python.framework/Versions/3.11/lib/python3.11/site-packages/selenium/webdriver/support/wait.py", line 138, in until
    raise TimeoutException(message, screen, stacktrace)

2026-05-09 18:37:03,718 - INFO - selenium.common.exceptions.TimeoutException: Message: 
Stacktrace:
NoSuchElementError: An element could not be located on the page using the given search parameters.
    at XCUITestDriver.doNativeFind (/Users/ambrose.chen/.appium/node_modules/appium-xcuitest-driver/lib/commands/find.js:116:11)
    at processTicksAndRejections (node:internal/process/task_queues:103:5)
    at XCUITestDriver.findNativeElementOrElements (/Users/ambrose.chen/.appium/node_modules/appium-xcuitest-driver/lib/commands/find.js:69:10)
    at XCUITestDriver.findElOrEls (/Users/ambrose.chen/.appium/node_modules/appium-xcuitest-driver/lib/commands/find.js:13:12)
    at XCUITestDriver.findElOrElsWithProcessing (/Users/ambrose.chen/.appium/node_modules/appium-xcuitest-driver/node_modules/@appium/base-driver/lib/basedriver/commands/find.ts:60:12)
    at XCUITestDriver.findElement (/Users/ambrose.chen/.appium/node_modules/appium-xcuitest-driver/node_modules/@appium/base-driver/lib/basedriver/commands/find.ts:75:12)

2026-05-09 18:37:04,003 - INFO - 已保存test_102779_failed失败截图: screenshots/test_102779_failed_1778323023.png
2026-05-09 18:37:04,004 - INFO - 🔄 测试结束，尝试恢复网络连接...
2026-05-09 18:37:04,004 - INFO -     🔄 通过后台切换到WLAN页面打开网络...
2026-05-09 18:37:53,755 - INFO -     ✅ 已找到WLAN开关: (//XCUIElementTypeSwitch)[1]
2026-05-09 18:37:53,833 - INFO -     ℹ️ 当前WLAN状态值: 0
2026-05-09 18:37:54,316 - INFO -     ✅ WLAN开关已点击，目标状态: 开启
2026-05-09 18:38:43,441 - INFO -     ℹ️ 点击后状态值: 0（(//XCUIElementTypeSwitch)[1]）
2026-05-09 18:38:45,100 - INFO -     ✅ 已返回应用
2026-05-09 18:38:45,100 - INFO - ✅ 网络连接已恢复
2026-05-09 18:38:45,132 - INFO - ✅ 报告已生成: /Users/ambrose.chen/Desktop/iot/project/APP外壳/2测试报告/platform/ios_20260509_183403/ios_20260509_183403_report.xlsx
