2026-05-11 21:15:11,646 - INFO - 🔄 步骤0: 登出，确保从登出状态开始测试
2026-05-11 21:15:11,647 - INFO - 开始登出流程...
2026-05-11 21:15:42,560 - INFO - 未检测到home sel/mine sel/mine，跳过登出流程
2026-05-11 21:15:42,561 - INFO - ✅ 步骤0: 登出，确保从登出状态开始测试 - 完成
2026-05-11 21:15:44,571 - INFO - 🔄 步骤1: 验证在APP首页（登录页面）
2026-05-11 21:15:44,731 - INFO - ✅ 步骤1: 验证在APP首页（登录页面） - 完成，确认在APP首页（登录页面）
2026-05-11 21:15:46,738 - INFO - 🔄 步骤2: 点击Sign Up按钮进入注册页面
2026-05-11 21:15:47,678 - INFO - ✅ 步骤2: 点击Sign Up按钮进入注册页面 - 完成
2026-05-11 21:15:50,683 - INFO - 🔄 步骤3: 验证进入Sign Up页面
2026-05-11 21:15:50,923 - INFO - ✅ 步骤3: 验证进入Sign Up页面 - 完成，确认已进入Sign Up注册页面
2026-05-11 21:15:52,932 - INFO - 🔄 步骤4: 输入邮箱
2026-05-11 21:15:52,936 - INFO - 📧 生成简单邮箱地址: testuser247@163.com
2026-05-11 21:15:54,829 - INFO - ✅ 步骤4: 输入邮箱 - 完成，邮箱: testuser247@163.com
2026-05-11 21:15:56,833 - INFO - 🔄 步骤5: 勾选隐私政策和用户协议
2026-05-11 21:16:02,965 - INFO - ✅ 隐私政策复选框已勾选
2026-05-11 21:16:04,471 - INFO - 🔄 步骤5.1: 收起键盘（Done）
2026-05-11 21:16:05,752 - INFO - ✅ 已点击Done收起键盘
2026-05-11 21:16:06,756 - INFO - 🔄 步骤6: 点击Next进入set password页面
2026-05-11 21:16:07,439 - INFO - ✅ 步骤6: 点击Next进入set password页面 - 完成，已点击Next按钮
2026-05-11 21:16:10,448 - INFO - 🔄 步骤7: 验证进入set password页面
2026-05-11 21:16:10,706 - INFO - ✅ 成功进入set password页面
2026-05-11 21:16:12,213 - INFO - 🔄 步骤8: 输入大小写混合密码并验证规则颜色
2026-05-11 21:16:14,006 - INFO - ✅ 已输入密码: XINGmai
2026-05-11 21:16:15,972 - INFO - ✅ 已输入确认密码: XINGmai
2026-05-11 21:16:17,370 - INFO - 📝 规则提示: • 6-20 characters 颜色: None
2026-05-11 21:16:17,757 - INFO - 📝 规则提示: • contains letters 颜色: None
2026-05-11 21:16:18,148 - INFO - 📝 规则提示: • contains numbers 颜色: None
2026-05-11 21:16:18,555 - INFO - 📝 规则提示: • Supports special characters:! @ # $ % ^ & * ( ) - _ = + \ | [ ] { } ; : / ? . , ~ > < ` 颜色: None
2026-05-11 21:16:19,747 - INFO - ✅ 密码页已点击Done收起键盘
2026-05-11 21:16:20,754 - INFO - 🔄 步骤9: 点击Next验证仍停留在set password页面
2026-05-11 21:16:21,332 - INFO - ✅ 已尝试点击密码页Next按钮（应无跳转）
2026-05-11 21:16:23,647 - INFO - ✅ 点击后仍停留在set password页面，Next按钮不可使页面跳转
2026-05-11 21:16:24,655 - INFO - 🎉 测试用例102236执行成功！
2026-05-11 21:16:24,655 - INFO - ✅ 大小写混合但无数字/特殊字符，Next不可跳转，停留密码页
2026-05-11 21:16:26,697 - INFO - ✅ 报告已生成: /Users/ambrose.chen/Desktop/iot/project/APP外壳/2测试报告/platform/ios_20260511_211509/ios_20260511_211509_report.xlsx
