2026-05-19 15:29:07,749 - INFO - 🔄 步骤1: 重启APP
2026-05-19 15:29:12,656 - INFO - ✅ 步骤1: 重启APP - 完成
2026-05-19 15:29:12,657 - INFO - 🔄 步骤2: 检测登录状态并确保在登录/注册入口页
2026-05-19 15:29:13,456 - INFO - ✅ 步骤2: 检测登录状态并确保在登录/注册入口页 - 完成
2026-05-19 15:29:13,456 - INFO - 🔄 步骤3: 点击 Sign Up 进入注册页
2026-05-19 15:29:15,716 - INFO - ✅ 步骤3: 点击 Sign Up 进入注册页 - 完成
2026-05-19 15:29:15,716 - INFO - 🔄 步骤4: 首字母 U 搜索
2026-05-19 15:29:49,995 - INFO - 
============================================================
2026-05-19 15:29:49,995 - INFO - ❌ 测试失败
2026-05-19 15:29:49,995 - INFO - 📍 失败步骤: 步骤4: 首字母 U 搜索
2026-05-19 15:29:49,996 - INFO - 📝 失败原因: 步骤4: 首字母 U 搜索失败: Message: 未找到可点击文本: ['United States of America', 'United States', 'Uganda']

2026-05-19 15:29:49,996 - INFO - ============================================================
2026-05-19 15:29:50,001 - INFO - Traceback (most recent call last):

2026-05-19 15:29:50,001 - INFO -   File "/Users/ambrose.chen/Desktop/iot/project/APP外壳/3功能/1平台/Android/2注册/200032验证注册页面国家切换-搜索框根据首字母搜索国家.py", line 237, in test_200032
    step_click_text_if_visible(driver, ["United States of America", "United States", "Uganda"])

2026-05-19 15:29:50,001 - INFO -   File "/Users/ambrose.chen/Desktop/iot/project/APP外壳/3功能/1平台/Android/2注册/register_case_base.py", line 225, in step_click_text_if_visible
    raise TimeoutException(f"未找到可点击文本: {texts}")

2026-05-19 15:29:50,001 - INFO - selenium.common.exceptions.TimeoutException: Message: 未找到可点击文本: ['United States of America', 'United States', 'Uganda']


2026-05-19 15:29:50,447 - INFO - 已保存test_200032_failed失败截图: screenshots/test_200032_failed_1779175790.png
2026-05-19 15:29:50,469 - INFO - ✅ 报告已生成: /Users/ambrose.chen/Desktop/iot/project/APP外壳/2测试报告/platform/android_20260519_152904/android_20260519_152904_report.xlsx
