2026-05-20 10:10:34,006 - INFO - 🔄 步骤1: 重启APP
2026-05-20 10:10:38,894 - INFO - ✅ 步骤1: 重启APP - 完成
2026-05-20 10:10:38,895 - INFO - 🔄 步骤2: 检测登录状态并确保在登录/注册入口页
2026-05-20 10:10:39,679 - INFO - ✅ 步骤2: 检测登录状态并确保在登录/注册入口页 - 完成
2026-05-20 10:10:39,680 - INFO - 🔄 步骤3: 点击 Sign Up 进入注册页
2026-05-20 10:10:41,929 - INFO - ✅ 步骤3: 点击 Sign Up 进入注册页 - 完成
2026-05-20 10:10:41,929 - INFO -     📧 已注册邮箱: haoc51888@gmail.com
2026-05-20 10:10:41,929 - INFO - 🔄 步骤4: 输入已注册邮箱
2026-05-20 10:11:16,947 - INFO - ✅ 步骤4: 输入已注册邮箱 - 完成
2026-05-20 10:11:16,950 - INFO - 🔄 步骤5: 勾选隐私政策
2026-05-20 10:11:17,815 - INFO - ✅ 步骤5: 勾选隐私政策 - 完成
2026-05-20 10:11:17,815 - INFO - 🔄 步骤6: 点击 Next
2026-05-20 10:11:20,983 - INFO - ✅ 步骤6: 点击 Next - 完成
2026-05-20 10:11:20,984 - INFO - 🔄 步骤7: 断言弹出已注册提示
2026-05-20 10:11:21,782 - INFO -     ✅ 弹框提示: This email is already registered. Ready to sign in now?
2026-05-20 10:11:21,782 - INFO - ✅ 步骤7: 断言弹出已注册提示 - 完成
2026-05-20 10:11:21,782 - INFO - 🔄 步骤8: 点击 Cancel
2026-05-20 10:11:33,520 - INFO - ✅ 步骤8: 点击 Cancel - 完成
2026-05-20 10:11:33,522 - INFO - 🔄 步骤9: 断言仍停留在注册页
2026-05-20 10:11:38,753 - INFO -     📝 注册页邮箱框内容: 'haoc51888@gmail.com'（定位: //android.widget.EditText[@text="haoc51888@gmail.com"]）
2026-05-20 10:11:38,753 - INFO - ✅ 步骤9: 断言仍停留在注册页 - 完成
2026-05-20 10:11:38,754 - INFO - 🎉 测试用例 200061 执行成功！
2026-05-20 10:11:38,781 - INFO - ✅ 报告已生成: /Users/ambrose.chen/Desktop/iot/project/APP外壳/2测试报告/platform/android_20260520_101031/android_20260520_101031_report.xlsx
