2026-05-12 11:04:31,339 - INFO - 🔄 步骤0: 登出，确保从登出状态开始测试
2026-05-12 11:04:31,339 - INFO - 开始登出流程...
2026-05-12 11:05:02,266 - INFO - 未检测到home sel/mine sel/mine，跳过登出流程
2026-05-12 11:05:02,267 - INFO - ✅ 步骤0: 登出，确保从登出状态开始测试 - 完成
2026-05-12 11:05:04,277 - INFO - 🔄 步骤1: 验证在APP首页（登录页面）
2026-05-12 11:05:04,429 - INFO - ✅ 步骤1: 验证在APP首页（登录页面） - 完成，确认在APP首页（登录页面）
2026-05-12 11:05:06,440 - INFO - 🔄 步骤2: 点击Sign Up按钮进入注册页面
2026-05-12 11:05:07,406 - INFO - ✅ 步骤2: 点击Sign Up按钮进入注册页面 - 完成
2026-05-12 11:05:10,415 - INFO - 🔄 步骤3: 验证进入Sign Up页面
2026-05-12 11:05:10,659 - INFO - ✅ 步骤3: 验证进入Sign Up页面 - 完成，确认已进入Sign Up注册页面
2026-05-12 11:05:12,664 - INFO - 🔄 步骤4: 输入错误邮箱（tank163.@163.com）
2026-05-12 11:05:14,408 - INFO - ✅ 步骤4: 输入错误邮箱（tank163.@163.com） - 完成，输入错误邮箱: tank163.@163.com
2026-05-12 11:05:16,714 - INFO - ✅ 已出现提示：Please sign up using your email address
2026-05-12 11:05:16,715 - INFO - 🔄 步骤5: 勾选隐私政策和用户协议
2026-05-12 11:05:22,460 - INFO - ✅ 隐私政策复选框已勾选
2026-05-12 11:05:23,969 - INFO - 🔄 步骤6: 点击Next按钮（错误邮箱）
2026-05-12 11:05:24,623 - INFO - ✅ 步骤6: 点击Next按钮（错误邮箱） - 已尝试点击Next按钮
2026-05-12 11:05:25,630 - INFO - 🔄 步骤7: 验证停留当前页面并出现提示（错误邮箱）
2026-05-12 11:05:26,132 - INFO - ✅ 步骤7: 验证停留当前页面并出现提示（错误邮箱） - 完成，提示信息: Please sign up using your email address
2026-05-12 11:05:28,143 - INFO - 🔄 步骤8: 修正邮箱为正确邮箱
2026-05-12 11:05:28,148 - INFO - 📧 生成简单邮箱地址: testuser267@163.com
2026-05-12 11:05:41,240 - INFO - ✅ 步骤8: 修正邮箱为正确邮箱 - 完成，输入正确邮箱: testuser267@163.com
2026-05-12 11:05:53,633 - INFO - ✅ 修正邮箱后错误提示已消失
2026-05-12 11:05:53,635 - INFO - 🔄 步骤9: 再次点击Next按钮（正确邮箱）
2026-05-12 11:05:54,280 - INFO - ✅ 步骤9: 再次点击Next按钮（正确邮箱） - 已尝试点击Next按钮（正确邮箱）
2026-05-12 11:05:57,286 - INFO - 🔄 步骤10: 验证跳转到set password页面
2026-05-12 11:05:57,484 - INFO - ✅ 步骤10: 验证跳转到set password页面 - 完成，已进入 Set Password 页面
2026-05-12 11:05:59,493 - INFO - 🎉 测试用例102209执行成功！
2026-05-12 11:05:59,493 - INFO - ✅ 错误邮箱提示后，改正邮箱再次点击Next，成功跳转到set password页面
2026-05-12 11:06:01,529 - INFO - ✅ 报告已生成: /Users/ambrose.chen/Desktop/iot/project/APP外壳/2测试报告/platform/ios_20260512_110429/ios_20260512_110429_report.xlsx
