2026-05-09 20:00:19,069 - INFO - 🔄 步骤0: 登出，确保从登出状态开始测试
2026-05-09 20:00:19,069 - INFO - 开始登出流程...
2026-05-09 20:00:19,329 - INFO - 检测到home sel元素
2026-05-09 20:00:30,715 - INFO - ✅ 点击mine按钮: //XCUIElementTypeButton[@name="mine"]
2026-05-09 20:00:32,898 - INFO - ✅ 点击CommonEdit编辑按钮: //XCUIElementTypeButton[@name="CommonEdit"]
2026-05-09 20:00:35,083 - INFO - ✅ 点击Log Out: //XCUIElementTypeButton[@name="Log Out"]
2026-05-09 20:00:37,251 - INFO - ✅ 点击Confirm: //XCUIElementTypeButton[@name="Confirm"]
2026-05-09 20:00:38,759 - INFO - 登出操作完成
2026-05-09 20:00:39,086 - INFO - ✅ 成功回到登录页面
2026-05-09 20:00:39,086 - INFO - ✅ 步骤0: 登出，确保从登出状态开始测试 - 完成
2026-05-09 20:00:41,090 - INFO - 🔄 步骤1: 验证在APP首页（登录页面）
2026-05-09 20:00:41,259 - INFO - ✅ 步骤1: 验证在APP首页（登录页面） - 完成，确认在APP首页（登录页面）
2026-05-09 20:00:43,267 - INFO - 🔄 步骤2: 点击Sign Up按钮进入注册页面
2026-05-09 20:00:44,253 - INFO - ✅ 步骤2: 点击Sign Up按钮进入注册页面 - 完成
2026-05-09 20:00:47,260 - INFO - 🔄 步骤3: 验证进入Sign Up页面
2026-05-09 20:00:47,503 - INFO - ✅ 步骤3: 验证进入Sign Up页面 - 完成，确认已进入Sign Up注册页面
2026-05-09 20:00:49,508 - INFO - 🔄 步骤4: 输入邮箱
2026-05-09 20:00:49,513 - INFO - 📧 生成简单邮箱地址: testuser207@163.com
2026-05-09 20:00:51,528 - INFO - ✅ 步骤4: 输入邮箱 - 完成，邮箱: testuser207@163.com
2026-05-09 20:00:53,533 - INFO - 🔄 步骤5: 勾选隐私政策和用户协议
2026-05-09 20:00:59,600 - INFO - ✅ 隐私政策复选框已勾选
2026-05-09 20:01:01,110 - INFO - 🔄 步骤5.1: 收起键盘（Done）
2026-05-09 20:01:02,406 - INFO - ✅ 已点击Done收起键盘
2026-05-09 20:01:03,414 - INFO - 🔄 步骤6: 点击Next进入set password页面
2026-05-09 20:01:04,131 - INFO - ✅ 步骤6: 点击Next进入set password页面 - 完成，已点击Next按钮
2026-05-09 20:01:07,141 - INFO - 🔄 步骤7: 验证进入set password页面
2026-05-09 20:01:07,466 - INFO - ✅ 成功进入set password页面
2026-05-09 20:01:08,967 - INFO - 🔄 步骤8: 输入密码并确认
2026-05-09 20:01:10,937 - INFO - ✅ 已输入密码: XINGMAI123456
2026-05-09 20:01:13,015 - INFO - ✅ 已输入确认密码: XINGMAI123456
2026-05-09 20:01:15,259 - INFO - ✅ 密码页已点击Done收起键盘
2026-05-09 20:01:16,266 - INFO - 🔄 步骤9: 点击Next进入用户名页面
2026-05-09 20:01:17,265 - INFO - ✅ 已点击密码页Next按钮
2026-05-09 20:01:20,268 - INFO - 🔄 步骤10: 用户名页面点击Skip并验证主页面
2026-05-09 20:01:33,214 - INFO - ✅ 找到Skip元素: //XCUIElementTypeButton[@name="Skip"]
2026-05-09 20:01:33,627 - INFO - ✅ 已点击Skip跳过用户名
2026-05-09 20:01:36,840 - INFO - ✅ 主页面标识元素存在: //XCUIElementTypeButton[@name="home sel"]
2026-05-09 20:01:37,847 - INFO - 🎉 测试用例102233执行成功！
2026-05-09 20:01:37,847 - INFO - ✅ 数字+大写密码可正常跳转，成功到主页面
2026-05-09 20:01:39,886 - INFO - ✅ 报告已生成: /Users/ambrose.chen/Desktop/iot/project/APP外壳/2测试报告/platform/ios_20260509_200017/ios_20260509_200017_report.xlsx
