2026-05-07 22:21:22,410 - INFO - 🔄 步骤0: 登出，确保从登出状态开始测试
2026-05-07 22:21:22,410 - INFO - 开始登出流程...
2026-05-07 22:21:22,674 - INFO - 检测到home sel元素
2026-05-07 22:21:34,047 - INFO - ✅ 点击mine按钮: //XCUIElementTypeButton[@name="mine"]
2026-05-07 22:21:36,244 - INFO - ✅ 点击CommonEdit编辑按钮: //XCUIElementTypeButton[@name="CommonEdit"]
2026-05-07 22:21:38,414 - INFO - ✅ 点击Log Out: //XCUIElementTypeButton[@name="Log Out"]
2026-05-07 22:21:40,590 - INFO - ✅ 点击Confirm: //XCUIElementTypeButton[@name="Confirm"]
2026-05-07 22:21:42,098 - INFO - 登出操作完成
2026-05-07 22:21:42,428 - INFO - ✅ 成功回到登录页面
2026-05-07 22:21:42,428 - INFO - ✅ 步骤0: 登出，确保从登出状态开始测试 - 完成
2026-05-07 22:21:44,439 - INFO - 🔄 步骤1: 验证在APP首页（登录页面）
2026-05-07 22:21:44,599 - INFO - ✅ 步骤1: 验证在APP首页（登录页面） - 完成，确认在APP首页（登录页面）
2026-05-07 22:21:46,600 - INFO - 🔄 步骤2: 点击Sign Up按钮进入注册页面
2026-05-07 22:21:47,563 - INFO - ✅ 步骤2: 点击Sign Up按钮进入注册页面 - 完成
2026-05-07 22:21:50,571 - INFO - 🔄 步骤3: 验证进入Sign Up页面
2026-05-07 22:21:50,793 - INFO - ✅ 步骤3: 验证进入Sign Up页面 - 完成，确认已进入Sign Up注册页面
2026-05-07 22:21:52,803 - INFO - 🔄 步骤4: 输入邮箱
2026-05-07 22:21:52,807 - INFO - 📧 生成简单邮箱地址: testuser128@163.com
2026-05-07 22:21:54,800 - INFO - ✅ 步骤4: 输入邮箱 - 完成，邮箱: testuser128@163.com
2026-05-07 22:21:56,810 - INFO - 🔄 步骤5: 勾选隐私政策和用户协议
2026-05-07 22:22:02,786 - INFO - ✅ 隐私政策复选框已勾选
2026-05-07 22:22:04,293 - INFO - 🔄 步骤5.1: 收起键盘（Done）
2026-05-07 22:22:05,584 - INFO - ✅ 已点击Done收起键盘
2026-05-07 22:22:06,589 - INFO - 🔄 步骤6: 点击Next进入set password页面
2026-05-07 22:22:07,295 - INFO - ✅ 步骤6: 点击Next进入set password页面 - 完成，已点击Next按钮
2026-05-07 22:22:10,299 - INFO - 🔄 步骤7: 验证进入set password页面
2026-05-07 22:22:10,582 - INFO - ✅ 成功进入set password页面
2026-05-07 22:22:12,086 - INFO - 🔄 步骤8: 输入密码并确认
2026-05-07 22:22:13,938 - INFO - ✅ 已输入密码: Csx150128
2026-05-07 22:22:15,883 - INFO - ✅ 已输入确认密码: Csx150128
2026-05-07 22:22:18,127 - INFO - ✅ 密码页已点击Done收起键盘
2026-05-07 22:22:19,137 - INFO - 🔄 步骤9: 点击Next进入Personal Information页面
2026-05-07 22:22:20,232 - INFO - ✅ 已点击密码页Next按钮
2026-05-07 22:22:23,241 - INFO - 🔄 步骤10: 不输入用户名，点击Submit并验证仍停留在页面
2026-05-07 22:22:23,783 - INFO - ✅ 确认已进入Personal Information页面
2026-05-07 22:22:25,398 - INFO - ✅ 已点击Submit按钮（未输入用户名）
2026-05-07 22:22:27,609 - INFO - ✅ 点击Submit后仍停留在Personal Information页面
2026-05-07 22:22:28,615 - INFO - 🎉 测试用例102245执行成功！
2026-05-07 22:22:28,615 - INFO - ✅ 不输入用户名点击Submit后仍停留在Personal Information页面
2026-05-07 22:22:30,654 - INFO - ✅ 报告已生成: /Users/ambrose.chen/Desktop/iot/project/APP外壳/2测试报告/platform/ios_20260507_222120/ios_20260507_222120_report.xlsx
