2026-05-09 21:12:03,263 - INFO - 🔄 步骤1: 重启APP并处理登录状态
2026-05-09 21:12:24,542 - INFO - ✅ 步骤1: 重启APP并处理登录状态 - 完成
2026-05-09 21:12:24,544 - INFO - 🔄 步骤2: 点击Sign In进入登录页
2026-05-09 21:12:27,463 - INFO - ✅ 步骤2: 点击Sign In进入登录页 - 完成
2026-05-09 21:12:27,463 - INFO - 🔄 步骤3: 点击Forgot password进入忘记密码页
2026-05-09 21:12:30,485 - INFO - ✅ 步骤3: 点击Forgot password进入忘记密码页 - 完成
2026-05-09 21:12:30,485 - INFO - 🔄 步骤4: 输入邮箱并点击Next进入验证码页
2026-05-09 21:12:40,868 - INFO - ✅ 步骤4: 输入邮箱并点击Next进入验证码页 - 完成，邮箱: haoc51888@gmail.com
2026-05-09 21:12:40,869 - INFO - 🔄 步骤5: Gmail获取最新验证码code
2026-05-09 21:14:23,221 - INFO - ✅ 步骤5: Gmail获取最新验证码code - 完成，code: 709366
2026-05-09 21:14:23,221 - INFO - 🔄 步骤6: 输入验证码进入Set Password页
2026-05-09 21:14:32,505 - INFO - ✅ 步骤6: 输入验证码进入Set Password页 - 完成
2026-05-09 21:14:32,506 - INFO - 🔄 步骤7: 输入纯小写字母密码(两次)并收起键盘
2026-05-09 21:14:38,015 - INFO - ✅ 步骤7: 输入纯小写字母密码(两次)并收起键盘 - 完成，password: xingmai
2026-05-09 21:14:38,015 - INFO - 🔄 步骤8: 校验密码规则文案颜色（若能取到color）
2026-05-09 21:14:38,245 - INFO - 📝 规则提示: • 6-20 characters 颜色: None
2026-05-09 21:14:38,465 - INFO - 📝 规则提示: • contains letters 颜色: None
2026-05-09 21:14:38,694 - INFO - 📝 规则提示: • contains numbers 颜色: None
2026-05-09 21:14:38,906 - INFO - 📝 规则提示: • Supports special characters:! @ # $ % ^ & * ( ) - _ = + \ | [ ] { } ; : / ? . , ~ > < ` 颜色: None
2026-05-09 21:14:38,906 - INFO - ✅ 步骤8: 校验密码规则文案颜色（若能取到color） - 完成
2026-05-09 21:14:38,906 - INFO - 🔄 步骤9: 点击Submit，断言不可完成修改密码（仍停留Set Password页）
2026-05-09 21:14:39,157 - INFO - ✅ 步骤9: 点击Submit，断言不可完成修改密码（仍停留Set Password页） - 完成
2026-05-09 21:14:39,157 - INFO - 🎉 测试用例102151执行成功！
2026-05-09 21:14:39,184 - INFO - ✅ 报告已生成: /Users/ambrose.chen/Desktop/iot/project/APP外壳/2测试报告/platform/ios_20260509_211201/ios_20260509_211201_report.xlsx
