2026-05-09 19:23:39,579 - INFO - 🔄 步骤0: 登出，确保从登出状态开始测试
2026-05-09 19:23:39,579 - INFO - 开始登出流程...
2026-05-09 19:24:10,483 - INFO - 未检测到home sel/mine sel/mine，跳过登出流程
2026-05-09 19:24:10,484 - INFO - ✅ 步骤0: 登出，确保从登出状态开始测试 - 完成
2026-05-09 19:24:12,489 - INFO - 🔄 步骤1: 验证在APP首页（登录页面）
2026-05-09 19:24:12,654 - INFO - ✅ 步骤1: 验证在APP首页（登录页面） - 完成，确认在APP首页（登录页面）
2026-05-09 19:24:14,664 - INFO - 🔄 步骤2: 点击Sign Up按钮进入注册页面
2026-05-09 19:24:15,632 - INFO - ✅ 步骤2: 点击Sign Up按钮进入注册页面 - 完成
2026-05-09 19:24:18,634 - INFO - 🔄 步骤3: 验证进入Sign Up页面
2026-05-09 19:24:18,857 - INFO - ✅ 步骤3: 验证进入Sign Up页面 - 完成，确认已进入Sign Up注册页面
2026-05-09 19:24:20,867 - INFO - 🔄 步骤4: 输入邮箱
2026-05-09 19:24:20,870 - INFO - 📧 生成简单邮箱地址: testuser193@163.com
2026-05-09 19:24:22,846 - INFO - ✅ 步骤4: 输入邮箱 - 完成，邮箱: testuser193@163.com
2026-05-09 19:24:24,854 - INFO - 🔄 步骤5: 勾选隐私政策和用户协议
2026-05-09 19:24:30,977 - INFO - ✅ 隐私政策复选框已勾选
2026-05-09 19:24:32,486 - INFO - 🔄 步骤5.1: 收起键盘（Done）
2026-05-09 19:24:33,772 - INFO - ✅ 已点击Done收起键盘
2026-05-09 19:24:34,782 - INFO - 🔄 步骤6: 点击Next按钮
2026-05-09 19:24:35,493 - INFO - ✅ 步骤6: 点击Next按钮 - 完成，已点击Next按钮
2026-05-09 19:24:38,498 - INFO - 🔄 步骤7: 验证跳转到set password页面
2026-05-09 19:24:38,799 - INFO - ✅ 步骤7: 验证跳转到set password页面 - 完成
2026-05-09 19:24:38,800 - INFO - ✅ 验证通过：跳转到set password页面，用例执行成功
2026-05-09 19:24:40,808 - INFO - 🎉 测试用例102204执行成功！
2026-05-09 19:24:40,808 - INFO - ✅ 验证勾选隐私政策后再填邮箱，Next变深可点击且跳转到set password页面
2026-05-09 19:24:42,850 - INFO - ✅ 报告已生成: /Users/ambrose.chen/Desktop/iot/project/APP外壳/2测试报告/platform/ios_20260509_192337/ios_20260509_192337_report.xlsx
