2026-05-09 17:07:41,512 - INFO - 🔄 步骤1: 重启APP并处理登录状态
2026-05-09 17:08:02,752 - INFO - ✅ 步骤1: 重启APP并处理登录状态 - 完成
2026-05-09 17:08:02,753 - INFO - 🔄 步骤2: 点击Sign In进入登录页
2026-05-09 17:08:05,675 - INFO - ✅ 步骤2: 点击Sign In进入登录页 - 完成
2026-05-09 17:08:05,676 - INFO - 🔄 步骤3: 点击Forgot password进入忘记密码页
2026-05-09 17:08:08,721 - INFO - ✅ 步骤3: 点击Forgot password进入忘记密码页 - 完成
2026-05-09 17:08:08,721 - INFO - 🔄 步骤4: 输入邮箱并点击Next进入验证码页
2026-05-09 17:08:19,104 - INFO - ✅ 步骤4: 输入邮箱并点击Next进入验证码页 - 完成，邮箱: haoc51888@gmail.com
2026-05-09 17:08:19,105 - INFO - 🔄 步骤5: Gmail获取最新验证码code
2026-05-09 17:10:01,993 - INFO - ✅ 步骤5: Gmail获取最新验证码code - 完成，code: 435854
2026-05-09 17:10:01,995 - INFO - 🔄 步骤6: 输入验证码进入Set Password页
2026-05-09 17:10:11,317 - INFO - ✅ 步骤6: 输入验证码进入Set Password页 - 完成
2026-05-09 17:10:11,317 - INFO - 🔄 步骤7: 输入<6位密码
2026-05-09 17:10:14,852 - INFO - ✅ 步骤7: 输入<6位密码 - 完成（short_pwd: Csx15）
2026-05-09 17:10:14,852 - INFO - 🔄 步骤8: 断言密码规则提示/颜色（参考102224）
2026-05-09 17:10:15,255 - INFO - 📝 规则提示: • 6-20 characters 颜色: None
2026-05-09 17:10:15,654 - INFO - 📝 规则提示: • contains letters 颜色: None
2026-05-09 17:10:16,051 - INFO - 📝 规则提示: • contains numbers 颜色: None
2026-05-09 17:10:16,455 - INFO - 📝 规则提示: • Supports special characters:! @ # $ % ^ & * ( ) - _ = + \ | [ ] { } ; : / ? . , ~ > < ` 颜色: None
2026-05-09 17:10:16,455 - INFO - ✅ 步骤8: 断言密码规则提示/颜色（参考102224） - 完成
2026-05-09 17:10:16,455 - INFO - 🔄 步骤9: Done收起键盘，点击Submit仍停留Set Password页
2026-05-09 17:10:18,357 - INFO - ✅ 步骤9: Done收起键盘，点击Submit仍停留Set Password页 - 完成
2026-05-09 17:10:18,357 - INFO - 🎉 测试用例102146执行成功！
2026-05-09 17:10:20,381 - INFO - ✅ 报告已生成: /Users/ambrose.chen/Desktop/iot/project/APP外壳/2测试报告/platform/ios_20260509_170739/ios_20260509_170739_report.xlsx
