2026-05-11 22:14:47,231 - INFO - 🔄 步骤1: 重启APP并处理登录状态
2026-05-11 22:15:08,405 - INFO - ✅ 步骤1: 重启APP并处理登录状态 - 完成
2026-05-11 22:15:08,406 - INFO - 🔄 步骤2: 点击Sign In进入登录页
2026-05-11 22:15:11,344 - INFO - ✅ 步骤2: 点击Sign In进入登录页 - 完成
2026-05-11 22:15:11,344 - INFO - 🔄 步骤3: 点击Forgot password进入忘记密码页
2026-05-11 22:15:14,375 - INFO - ✅ 步骤3: 点击Forgot password进入忘记密码页 - 完成
2026-05-11 22:15:14,376 - INFO - 🔄 步骤4: 输入邮箱并点击Next进入验证码页
2026-05-11 22:15:24,812 - INFO - ✅ 步骤4: 输入邮箱并点击Next进入验证码页 - 完成，邮箱: haoc51888@gmail.com
2026-05-11 22:15:24,812 - INFO - 🔄 步骤5: Gmail获取最新验证码code
2026-05-11 22:17:07,467 - INFO - ✅ 步骤5: Gmail获取最新验证码code - 完成，code: 326500
2026-05-11 22:17:07,469 - INFO - 🔄 步骤6: 输入验证码进入Set Password页
2026-05-11 22:17:16,776 - INFO - ✅ 步骤6: 输入验证码进入Set Password页 - 完成
2026-05-11 22:17:16,777 - INFO - 🔄 步骤7: 输入纯小写字母密码(两次)并收起键盘
2026-05-11 22:17:22,196 - INFO - ✅ 步骤7: 输入纯小写字母密码(两次)并收起键盘 - 完成，password: xingmai
2026-05-11 22:17:22,197 - INFO - 🔄 步骤8: 校验密码规则文案颜色（若能取到color）
2026-05-11 22:17:22,419 - INFO - 📝 规则提示: • 6-20 characters 颜色: None
2026-05-11 22:17:22,641 - INFO - 📝 规则提示: • contains letters 颜色: None
2026-05-11 22:17:22,864 - INFO - 📝 规则提示: • contains numbers 颜色: None
2026-05-11 22:17:23,096 - INFO - 📝 规则提示: • Supports special characters:! @ # $ % ^ & * ( ) - _ = + \ | [ ] { } ; : / ? . , ~ > < ` 颜色: None
2026-05-11 22:17:23,096 - INFO - ✅ 步骤8: 校验密码规则文案颜色（若能取到color） - 完成
2026-05-11 22:17:23,096 - INFO - 🔄 步骤9: 点击Submit，断言不可完成修改密码（仍停留Set Password页）
2026-05-11 22:17:23,368 - INFO - ✅ 步骤9: 点击Submit，断言不可完成修改密码（仍停留Set Password页） - 完成
2026-05-11 22:17:23,368 - INFO - 🎉 测试用例102151执行成功！
2026-05-11 22:17:23,398 - INFO - ✅ 报告已生成: /Users/ambrose.chen/Desktop/iot/project/APP外壳/2测试报告/platform/ios_20260511_221445/ios_20260511_221445_report.xlsx
