2026-05-20 14:07:09,981 - INFO - 🔄 步骤1: 重置APP，检测登录状态并登出
2026-05-20 14:07:15,838 - INFO -     ✅ APP已重置
2026-05-20 14:07:31,046 - INFO -     ℹ️ 未检测到登录状态，已在登录页面
2026-05-20 14:07:31,046 - INFO - ✅ 步骤1: 重置APP，检测登录状态并登出 - 完成
2026-05-20 14:07:31,047 - INFO - 🔄 步骤2: 点击登录按钮进入Sign in页面
2026-05-20 14:07:32,026 - INFO - ✅ 步骤2: 点击登录按钮进入Sign in页面 - 完成
2026-05-20 14:07:33,530 - INFO - 🔄 步骤3: 点击邮箱框，输入邮箱
2026-05-20 14:08:14,340 - INFO -     ✅ 邮箱输入完成: haoc51888@gmail.com
2026-05-20 14:08:15,347 - INFO - ✅ 步骤3: 点击邮箱框，输入邮箱 - 完成
2026-05-20 14:08:15,347 - INFO - 🔄 步骤4: 点击键盘Done，收起键盘
2026-05-20 14:08:16,572 - INFO - ✅ 步骤4: 点击键盘Done，收起键盘 - 完成
2026-05-20 14:08:17,573 - INFO - 🔄 步骤5: 点击协议勾选框（勾选用户协议和隐私政策）
2026-05-20 14:08:18,341 - INFO - ✅ 步骤5: 点击协议勾选框（勾选用户协议和隐私政策） - 完成
2026-05-20 14:08:19,347 - INFO - 🔄 步骤6: 验证密码输入框为空（不输入密码）
2026-05-20 14:08:19,605 - INFO -     ✅ 密码输入框为空
2026-05-20 14:08:19,606 - INFO - ✅ 步骤6: 验证密码输入框为空（不输入密码） - 完成，密码输入框为空
2026-05-20 14:08:19,606 - INFO - 🔄 步骤7: 点击登录按钮（已勾选用户协议和隐私政策，但不输入密码）
2026-05-20 14:08:20,424 - INFO - ✅ 步骤7: 点击登录按钮（已勾选用户协议和隐私政策，但不输入密码） - 完成
2026-05-20 14:08:22,429 - INFO - 🔄 步骤8: 断言页面显示错误提示信息
2026-05-20 14:08:22,754 - INFO -     ✅ 找到错误提示信息: Incorrect password. Please confirm and try again.
2026-05-20 14:08:22,754 - INFO - ✅ 步骤8: 断言页面显示错误提示信息 - 完成，错误提示信息已显示
2026-05-20 14:08:22,754 - INFO - 🎉 测试用例102655执行成功！
2026-05-20 14:08:22,776 - INFO - ✅ 报告已生成: /Users/ambrose.chen/Desktop/iot/project/APP外壳/2测试报告/platform/ios_20260520_140708/ios_20260520_140708_report.xlsx
