2026-05-11 22:03:45,207 - INFO - 🔄 步骤1: 重启APP并处理登录状态
2026-05-11 22:04:06,446 - INFO - ✅ 步骤1: 重启APP并处理登录状态 - 完成
2026-05-11 22:04:06,447 - INFO - 🔄 步骤2: 点击Sign In进入登录页
2026-05-11 22:04:09,373 - INFO - ✅ 步骤2: 点击Sign In进入登录页 - 完成
2026-05-11 22:04:09,373 - INFO - 🔄 步骤3: 点击Forgot password进入忘记密码页
2026-05-11 22:04:12,393 - INFO - ✅ 步骤3: 点击Forgot password进入忘记密码页 - 完成
2026-05-11 22:04:12,394 - INFO - 🔄 步骤4: 输入邮箱并点击Next进入验证码页
2026-05-11 22:04:22,774 - INFO - ✅ 步骤4: 输入邮箱并点击Next进入验证码页 - 完成，邮箱: haoc51888@gmail.com
2026-05-11 22:04:22,775 - INFO - 🔄 步骤5: Gmail获取最新验证码code
2026-05-11 22:06:11,681 - INFO - ✅ 步骤5: Gmail获取最新验证码code - 完成，code: 279629
2026-05-11 22:06:11,683 - INFO - 🔄 步骤6: 输入验证码进入Set Password页
2026-05-11 22:06:20,992 - INFO - ✅ 步骤6: 输入验证码进入Set Password页 - 完成
2026-05-11 22:06:20,993 - INFO - 🔄 步骤7: 输入大于20位密码(两次)
2026-05-11 22:06:27,025 - INFO - ✅ 步骤7: 输入大于20位密码(两次) - 完成，密码: Csx123456789012345678
2026-05-11 22:06:27,025 - INFO - 🔄 步骤8: 校验密码规则颜色（超长场景）
2026-05-11 22:06:27,256 - INFO - 📝 规则提示: • 6-20 characters 颜色: None
2026-05-11 22:06:27,482 - INFO - 📝 规则提示: • contains letters 颜色: None
2026-05-11 22:06:27,702 - INFO - 📝 规则提示: • contains numbers 颜色: None
2026-05-11 22:06:27,919 - INFO - 📝 规则提示: • Supports special characters:! @ # $ % ^ & * ( ) - _ = + \ | [ ] { } ; : / ? . , ~ > < ` 颜色: None
2026-05-11 22:06:27,919 - INFO - ✅ 步骤8: 校验密码规则颜色（超长场景） - 完成
2026-05-11 22:06:27,919 - INFO - 🔄 步骤9: 点击Submit并断言不可生效
2026-05-11 22:06:28,184 - INFO - ✅ 步骤9: 点击Submit并断言不可生效 - 完成
2026-05-11 22:06:28,185 - INFO - 🎉 测试用例102147执行成功！
2026-05-11 22:06:28,215 - INFO - ✅ 报告已生成: /Users/ambrose.chen/Desktop/iot/project/APP外壳/2测试报告/platform/ios_20260511_220343/ios_20260511_220343_report.xlsx
