2026-05-09 19:28:03,599 - INFO - 🔄 步骤0: 登出，确保从登出状态开始测试
2026-05-09 19:28:03,599 - INFO - 开始登出流程...
2026-05-09 19:28:34,516 - INFO - 未检测到home sel/mine sel/mine，跳过登出流程
2026-05-09 19:28:34,517 - INFO - ✅ 步骤0: 登出，确保从登出状态开始测试 - 完成
2026-05-09 19:28:36,523 - INFO - 🔄 步骤1: 验证在APP首页（登录页面）
2026-05-09 19:28:36,690 - INFO - ✅ 步骤1: 验证在APP首页（登录页面） - 完成，确认在APP首页（登录页面）
2026-05-09 19:28:38,699 - INFO - 🔄 步骤2: 点击Sign Up按钮进入注册页面
2026-05-09 19:28:39,660 - INFO - ✅ 步骤2: 点击Sign Up按钮进入注册页面 - 完成
2026-05-09 19:28:42,663 - INFO - 🔄 步骤3: 验证进入Sign Up页面
2026-05-09 19:28:42,902 - INFO - ✅ 步骤3: 验证进入Sign Up页面 - 完成，确认已进入Sign Up注册页面
2026-05-09 19:28:44,912 - INFO - 🔄 步骤4: 邮箱保持为空
2026-05-09 19:28:45,283 - INFO - ✅ 步骤4: 邮箱保持为空 - 完成，邮箱保持为空
2026-05-09 19:28:47,292 - INFO - 🔄 步骤5: 勾选隐私政策和用户协议
2026-05-09 19:28:53,030 - INFO - ✅ 隐私政策复选框已勾选
2026-05-09 19:28:54,538 - INFO - 🔄 步骤5.1: 收起键盘（Done）
2026-05-09 19:28:59,644 - INFO - ℹ️ 步骤5.1: 收起键盘（Done） - 未找到Done按钮，可能键盘已收起: Message: 
Stacktrace:
NoSuchElementError: An element could not be located on the page using the given search parameters.
    at XCUITestDriver.doNativeFind (/Users/ambrose.chen/.appium/node_modules/appium-xcuitest-driver/lib/commands/find.js:116:11)
    at processTicksAndRejections (node:internal/process/task_queues:103:5)
    at XCUITestDriver.findNativeElementOrElements (/Users/ambrose.chen/.appium/node_modules/appium-xcuitest-driver/lib/commands/find.js:69:10)
    at XCUITestDriver.findElOrEls (/Users/ambrose.chen/.appium/node_modules/appium-xcuitest-driver/lib/commands/find.js:13:12)
    at XCUITestDriver.findElOrElsWithProcessing (/Users/ambrose.chen/.appium/node_modules/appium-xcuitest-driver/node_modules/@appium/base-driver/lib/basedriver/commands/find.ts:60:12)
    at XCUITestDriver.findElement (/Users/ambrose.chen/.appium/node_modules/appium-xcuitest-driver/node_modules/@appium/base-driver/lib/basedriver/commands/find.ts:75:12)
2026-05-09 19:29:00,154 - INFO - 🔄 步骤6: 点击Next按钮
2026-05-09 19:29:00,831 - INFO - ✅ 步骤6: 点击Next按钮 - 完成，已点击Next按钮
2026-05-09 19:29:02,837 - INFO - 🔄 步骤7: 验证停留当前页面并出现提示
2026-05-09 19:29:03,359 - INFO - ✅ 找到提示信息元素，选择器: //XCUIElementTypeStaticText[@name="Please sign up using your email address"]
2026-05-09 19:29:03,359 - INFO - ✅ 步骤7: 验证停留当前页面并出现提示 - 完成，提示信息: Please sign up using your email address
2026-05-09 19:29:05,362 - INFO - 🎉 测试用例102208执行成功！
2026-05-09 19:29:05,362 - INFO - ✅ 验证邮箱为空，勾选隐私政策后点击Next，停留当前页并提示“Please sign up using your email address”
2026-05-09 19:29:07,401 - INFO - ✅ 报告已生成: /Users/ambrose.chen/Desktop/iot/project/APP外壳/2测试报告/platform/ios_20260509_192801/ios_20260509_192801_report.xlsx
