2026-05-12 12:34:29,236 - INFO - 🔄 步骤1: 重启APP并处理登录状态
2026-05-12 12:34:50,449 - INFO - ✅ 步骤1: 重启APP并处理登录状态 - 完成
2026-05-12 12:34:50,449 - INFO - 🔄 步骤2: 点击Sign In进入登录页
2026-05-12 12:34:53,368 - INFO - ✅ 步骤2: 点击Sign In进入登录页 - 完成
2026-05-12 12:34:53,368 - INFO - 🔄 步骤3: 点击Forgot password进入忘记密码页
2026-05-12 12:34:56,511 - INFO - ✅ 步骤3: 点击Forgot password进入忘记密码页 - 完成
2026-05-12 12:34:56,514 - INFO - 🔄 步骤4: 输入邮箱并点击Next进入验证码页
2026-05-12 12:35:06,789 - INFO - ✅ 步骤4: 输入邮箱并点击Next进入验证码页 - 完成，邮箱: haoc51888@gmail.com
2026-05-12 12:35:06,791 - INFO - 🔄 步骤5: Gmail获取最新验证码code
2026-05-12 12:36:49,561 - INFO - ✅ 步骤5: Gmail获取最新验证码code - 完成，code: 873311
2026-05-12 12:36:49,563 - INFO - 🔄 步骤6: 输入验证码进入Set Password页
2026-05-12 12:36:58,976 - INFO - ✅ 步骤6: 输入验证码进入Set Password页 - 完成
2026-05-12 12:36:58,978 - INFO - 🔄 步骤7: 输入大于20位密码(两次)
2026-05-12 12:37:04,937 - INFO - ✅ 步骤7: 输入大于20位密码(两次) - 完成，密码: Csx123456789012345678
2026-05-12 12:37:04,937 - INFO - 🔄 步骤8: 校验密码规则颜色（超长场景）
2026-05-12 12:37:05,165 - INFO - 📝 规则提示: • 6-20 characters 颜色: None
2026-05-12 12:37:05,375 - INFO - 📝 规则提示: • contains letters 颜色: None
2026-05-12 12:37:05,593 - INFO - 📝 规则提示: • contains numbers 颜色: None
2026-05-12 12:37:05,811 - INFO - 📝 规则提示: • Supports special characters:! @ # $ % ^ & * ( ) - _ = + \ | [ ] { } ; : / ? . , ~ > < ` 颜色: None
2026-05-12 12:37:05,812 - INFO - ✅ 步骤8: 校验密码规则颜色（超长场景） - 完成
2026-05-12 12:37:05,812 - INFO - 🔄 步骤9: 点击Submit并断言不可生效
2026-05-12 12:37:06,079 - INFO - ✅ 步骤9: 点击Submit并断言不可生效 - 完成
2026-05-12 12:37:06,080 - INFO - 🎉 测试用例102147执行成功！
2026-05-12 12:37:06,108 - INFO - ✅ 报告已生成: /Users/ambrose.chen/Desktop/iot/project/APP外壳/2测试报告/platform/ios_20260512_123427/ios_20260512_123427_report.xlsx
