2026-05-11 19:44:19,019 - INFO - 🔄 步骤1: 重置APP，检测登录状态并登出
2026-05-11 19:44:24,874 - INFO -     ✅ APP已重置
2026-05-11 19:44:40,078 - INFO -     ℹ️ 未检测到登录状态，已在登录页面
2026-05-11 19:44:40,078 - INFO - ✅ 步骤1: 重置APP，检测登录状态并登出 - 完成
2026-05-11 19:44:40,078 - INFO - 🔄 步骤2: 在Sign In页面关闭手机网络
2026-05-11 19:44:40,232 - INFO -     ✅ 确认在Sign In页面
2026-05-11 19:44:40,232 - INFO -     🔄 通过后台切换到WLAN页面关闭网络...
2026-05-11 19:45:04,235 - INFO -     ✅ 已找到WLAN开关: //XCUIElementTypeSwitch[@name="无线局域网"]
2026-05-11 19:45:04,332 - INFO -     ℹ️ 当前WLAN状态值: 1
2026-05-11 19:45:05,762 - INFO -     ✅ WLAN开关已点击，目标状态: 关闭
2026-05-11 19:45:28,361 - INFO -     ℹ️ 点击后状态值: 0（//XCUIElementTypeSwitch[@name="无线局域网"]）
2026-05-11 19:45:30,015 - INFO -     ✅ 已返回应用
2026-05-11 19:45:30,016 - INFO - ✅ 步骤2: 在Sign In页面关闭手机网络 - 完成，网络已关闭
2026-05-11 19:45:30,016 - INFO - 🔄 步骤3: 点击登录按钮进入Sign in页面
2026-05-11 19:45:31,012 - INFO - ✅ 步骤3: 点击登录按钮进入Sign in页面 - 完成
2026-05-11 19:45:32,514 - INFO - 🔄 步骤4: 点击邮箱框，输入邮箱
2026-05-11 19:46:13,412 - INFO -     ✅ 邮箱输入完成: haoc51888@gmail.com
2026-05-11 19:46:14,420 - INFO - 🔄 步骤5: 点击密码框，输入密码
2026-05-11 19:46:55,742 - INFO -     ✅ 密码输入完成
2026-05-11 19:46:56,744 - INFO - 🔄 步骤6: 点击键盘Done，收起键盘
2026-05-11 19:46:57,983 - INFO - ✅ 步骤6: 点击键盘Done，收起键盘 - 完成
2026-05-11 19:46:58,993 - INFO - 🔄 步骤7: 点击协议勾选框
2026-05-11 19:46:59,754 - INFO - ✅ 步骤7: 点击协议勾选框 - 完成
2026-05-11 19:47:00,763 - INFO - 🔄 步骤8: 点击登录按钮，验证网络错误提示
2026-05-11 19:47:01,574 - INFO -     ✅ 已点击登录按钮
2026-05-11 19:47:04,905 - INFO -     📝 错误提示内容: Network connection error, please check
2026-05-11 19:47:04,905 - INFO - ✅ 步骤8: 点击登录按钮，验证网络错误提示 - 完成，网络错误提示显示正确: Network connection error, please check
2026-05-11 19:47:04,905 - INFO - 🎉 测试用例102779执行成功！
2026-05-11 19:47:05,914 - INFO - 🔄 步骤9: 重启网络
2026-05-11 19:47:05,914 - INFO -     🔄 通过后台切换到WLAN页面打开网络...
2026-05-11 19:47:29,078 - INFO -     ✅ 已找到WLAN开关: //XCUIElementTypeSwitch[@name="无线局域网"]
2026-05-11 19:47:29,152 - INFO -     ℹ️ 当前WLAN状态值: 0
2026-05-11 19:47:30,571 - INFO -     ✅ WLAN开关已点击，目标状态: 开启
2026-05-11 19:47:53,577 - INFO -     ℹ️ 点击后状态值: 1（//XCUIElementTypeSwitch[@name="无线局域网"]）
2026-05-11 19:47:55,238 - INFO -     ✅ 已返回应用
2026-05-11 19:47:55,238 - INFO - ✅ 步骤9: 重启网络 - 完成，网络已恢复
2026-05-11 19:47:55,271 - INFO - ✅ 报告已生成: /Users/ambrose.chen/Desktop/iot/project/APP外壳/2测试报告/platform/ios_20260511_194417/ios_20260511_194417_report.xlsx
