2026-05-09 18:52:02,048 - INFO - 🔄 步骤0: 登出，确保从登出状态开始测试
2026-05-09 18:52:02,049 - INFO - 开始登出流程...
2026-05-09 18:52:32,985 - INFO - 未检测到home sel/mine sel/mine，跳过登出流程
2026-05-09 18:52:32,986 - INFO - ✅ 步骤0: 登出，确保从登出状态开始测试 - 完成
2026-05-09 18:52:34,987 - INFO - 🔄 步骤1: 验证在APP首页（登录页面）
2026-05-09 18:52:35,155 - INFO - ✅ 步骤1: 验证在APP首页（登录页面） - 完成，确认在APP首页（登录页面）
2026-05-09 18:52:37,165 - INFO - 🔄 步骤2: 点击Sign Up按钮进入注册页面
2026-05-09 18:52:38,134 - INFO - ✅ 步骤2: 点击Sign Up按钮进入注册页面 - 完成
2026-05-09 18:52:41,144 - INFO - 🔄 步骤3: 验证进入Sign Up页面
2026-05-09 18:52:41,380 - INFO - ✅ 步骤3: 验证进入Sign Up页面 - 完成，确认已进入Sign Up注册页面
2026-05-09 18:52:43,387 - INFO - 🔄 步骤4: 点击国家栏下拉按钮
2026-05-09 18:52:44,496 - INFO - ✅ 步骤4: 点击国家栏下拉按钮 - 完成，已点击国家栏下拉按钮
2026-05-09 18:52:47,501 - INFO - 🔄 步骤5: 验证跳转至国家选择页面
2026-05-09 18:53:20,741 - INFO - ✅ 步骤5: 验证跳转至国家选择页面 - 完成，确认已跳转至国家选择页面
2026-05-09 18:53:22,749 - INFO - 🔄 步骤6: 点击搜索框并输入zhonghuaminguo
2026-05-09 18:53:59,134 - INFO - ✅ 步骤6: 点击搜索框并输入zhonghuaminguo - 完成，已输入zhonghuaminguo
2026-05-09 18:54:02,144 - INFO - 🔄 步骤7: 验证无任何国家选择结果
2026-05-09 18:54:18,452 - INFO - 📝 搜索关键词: zhonghuaminguo
2026-05-09 18:54:18,452 - INFO - 📝 找到的元素数量: 0
2026-05-09 18:54:28,728 - INFO - ✅ 步骤7: 验证无任何国家选择结果 - 完成
2026-05-09 18:54:28,728 - INFO - ✅ 验证通过：搜索不存在的国家'zhonghuaminguo'时，无任何国家选择结果
2026-05-09 18:54:30,729 - INFO - 🎉 测试用例102186执行成功！
2026-05-09 18:54:30,730 - INFO - ✅ 注册页面国家切换-搜索一个不存在的国家：无任何国家选择，用例执行成功
2026-05-09 18:54:32,771 - INFO - ✅ 报告已生成: /Users/ambrose.chen/Desktop/iot/project/APP外壳/2测试报告/platform/ios_20260509_185200/ios_20260509_185200_report.xlsx
