2026-05-12 11:27:32,699 - INFO - 🔄 步骤0: 登出，确保从登出状态开始测试
2026-05-12 11:27:32,700 - INFO - 开始登出流程...
2026-05-12 11:27:32,939 - INFO - 检测到home sel元素
2026-05-12 11:27:44,737 - INFO - ✅ 点击mine按钮: //XCUIElementTypeButton[@name="mine"]
2026-05-12 11:27:46,922 - INFO - ✅ 点击CommonEdit编辑按钮: //XCUIElementTypeButton[@name="CommonEdit"]
2026-05-12 11:27:49,122 - INFO - ✅ 点击Log Out: //XCUIElementTypeButton[@name="Log Out"]
2026-05-12 11:27:51,316 - INFO - ✅ 点击Confirm: //XCUIElementTypeButton[@name="Confirm"]
2026-05-12 11:27:52,823 - INFO - 登出操作完成
2026-05-12 11:27:53,143 - INFO - ✅ 成功回到登录页面
2026-05-12 11:27:53,144 - INFO - ✅ 步骤0: 登出，确保从登出状态开始测试 - 完成
2026-05-12 11:27:55,148 - INFO - 🔄 步骤1: 验证在APP首页（登录页面）
2026-05-12 11:27:55,315 - INFO - ✅ 步骤1: 验证在APP首页（登录页面） - 完成，确认在APP首页（登录页面）
2026-05-12 11:27:57,319 - INFO - 🔄 步骤2: 点击Sign Up按钮进入注册页面
2026-05-12 11:27:58,276 - INFO - ✅ 步骤2: 点击Sign Up按钮进入注册页面 - 完成
2026-05-12 11:28:01,281 - INFO - 🔄 步骤3: 验证进入Sign Up页面
2026-05-12 11:28:01,522 - INFO - ✅ 步骤3: 验证进入Sign Up页面 - 完成，确认已进入Sign Up注册页面
2026-05-12 11:28:03,527 - INFO - 🔄 步骤4: 输入邮箱
2026-05-12 11:28:03,530 - INFO - 📧 生成简单邮箱地址: testuser273@163.com
2026-05-12 11:28:05,472 - INFO - ✅ 步骤4: 输入邮箱 - 完成，邮箱: testuser273@163.com
2026-05-12 11:28:07,478 - INFO - 🔄 步骤5: 勾选隐私政策和用户协议
2026-05-12 11:28:13,614 - INFO - ✅ 隐私政策复选框已勾选
2026-05-12 11:28:15,117 - INFO - 🔄 步骤5.1: 收起键盘（Done）
2026-05-12 11:28:16,394 - INFO - ✅ 已点击Done收起键盘
2026-05-12 11:28:17,398 - INFO - 🔄 步骤6: 点击Next进入set password页面
2026-05-12 11:28:18,153 - INFO - ✅ 步骤6: 点击Next进入set password页面 - 完成，已点击Next按钮
2026-05-12 11:28:21,157 - INFO - 🔄 步骤7: 验证进入set password页面
2026-05-12 11:28:21,457 - INFO - ✅ 成功进入set password页面
2026-05-12 11:28:22,958 - INFO - 🔄 步骤8: 输入20位密码并确认
2026-05-12 11:28:25,011 - INFO - ✅ 已输入密码: Csx1234567Csx1234567
2026-05-12 11:28:27,189 - INFO - ✅ 已输入确认密码: Csx1234567Csx1234567
2026-05-12 11:28:29,420 - INFO - ✅ 密码页已点击Done收起键盘
2026-05-12 11:28:30,430 - INFO - 🔄 步骤9: 点击Next进入用户名页面
2026-05-12 11:28:31,419 - INFO - ✅ 已点击密码页Next按钮
2026-05-12 11:28:34,424 - INFO - 🔄 步骤10: 用户名页面点击Skip并验证主页面
2026-05-12 11:28:46,824 - INFO - ✅ 找到Skip元素: //XCUIElementTypeButton[@name="Skip"]
2026-05-12 11:28:47,235 - INFO - ✅ 已点击Skip跳过用户名
2026-05-12 11:28:50,455 - INFO - ✅ 主页面标识元素存在: //XCUIElementTypeButton[@name="home sel"]
2026-05-12 11:28:51,463 - INFO - 🎉 测试用例102227执行成功！
2026-05-12 11:28:51,464 - INFO - ✅ 密码等于20位时可继续，提交后成功进入主页面（mine元素）
2026-05-12 11:28:53,495 - INFO - ✅ 报告已生成: /Users/ambrose.chen/Desktop/iot/project/APP外壳/2测试报告/platform/ios_20260512_112730/ios_20260512_112730_report.xlsx
