2026-05-06 14:31:54,132 - INFO - 🔄 步骤1: 重启APP并处理登录状态
2026-05-06 14:32:15,332 - INFO - ✅ 步骤1: 重启APP并处理登录状态 - 完成
2026-05-06 14:32:15,336 - INFO - 🔄 步骤2: 点击Sign In进入登录页
2026-05-06 14:32:18,272 - INFO - ✅ 步骤2: 点击Sign In进入登录页 - 完成
2026-05-06 14:32:18,273 - INFO - 🔄 步骤3: 点击Forgot password进入忘记密码页
2026-05-06 14:32:21,305 - INFO - ✅ 步骤3: 点击Forgot password进入忘记密码页 - 完成
2026-05-06 14:32:21,305 - INFO - 🔄 步骤4: 输入邮箱
2026-05-06 14:32:25,587 - INFO - ✅ 步骤4: 输入邮箱 - 完成，邮箱: haoc51888@gmail.com
2026-05-06 14:32:25,592 - INFO - 🔄 步骤5: 点击Next进入验证码页并触发发码
2026-05-06 14:32:33,879 - INFO - ✅ 步骤5: 点击Next进入验证码页并触发发码 - 完成
2026-05-06 14:32:33,880 - INFO - 🔄 步骤6: Gmail获取最新验证码code1
2026-05-06 14:34:43,846 - INFO - ✅ 步骤6: Gmail获取最新验证码code1 - 完成，code1: 911210
2026-05-06 14:34:43,848 - INFO - 🔄 步骤7: 等待Resend可用并点击
2026-05-06 14:35:05,570 - INFO - ✅ 步骤7: 等待Resend可用并点击 - 完成
2026-05-06 14:35:05,571 - INFO - 🔄 步骤8: 输入旧验证码并触发校验
2026-05-06 14:36:28,034 - INFO -     ✅ 命中错误提示元素: name="Verification code error, please re-enter" label="Verification code error, please re-enter" value="Verification code error, please re-enter"
2026-05-06 14:36:29,541 - INFO - ✅ 步骤8: 输入旧验证码并触发校验 - 完成（已出现错误提示）
2026-05-06 14:36:29,541 - INFO - 🎉 测试用例102135执行成功！
2026-05-06 14:36:29,542 - INFO - ✅ 重新发送验证码后，旧验证码失效并提示重填
2026-05-06 14:36:29,573 - INFO - ✅ 报告已生成: /Users/ambrose.chen/Desktop/iot/project/APP外壳/2测试报告/platform/ios_20260506_143151/ios_20260506_143151_report.xlsx
