2026-05-20 12:19:06,459 - INFO - 🔄 步骤1: 重启APP
2026-05-20 12:19:11,386 - INFO - ✅ 步骤1: 重启APP - 完成
2026-05-20 12:19:11,387 - INFO - 🔄 步骤2: 检测登录状态并确保在登录/注册入口页
2026-05-20 12:19:11,569 - INFO -     [登出] 开始登出流程...
2026-05-20 12:19:11,569 - INFO -     [登出] 步骤1: 检查页面是否有 More 按钮
2026-05-20 12:19:11,645 - INFO -     [登出] ✅ 检测到 More 按钮: //android.view.View[@content-desc="More"]
2026-05-20 12:19:11,646 - INFO -     [登出] 步骤2: 点击 More 按钮，进入 more 页面
2026-05-20 12:19:11,685 - INFO -     [登出] ✅ 已点击 More 按钮 (使用: //android.view.View[@content-desc="More"])
2026-05-20 12:19:13,691 - INFO -     [登出] 步骤3: 点击 edit 按钮
2026-05-20 12:19:13,815 - INFO -     [登出] ✅ 已点击 edit 按钮
2026-05-20 12:19:15,826 - INFO -     [登出] 步骤4: 点击 Log Out 按钮
2026-05-20 12:19:15,991 - INFO -     [登出] ✅ 已点击 Log Out 按钮
2026-05-20 12:19:17,501 - INFO -     [登出] 步骤5: 点击 Confirm 按钮，确认登出
2026-05-20 12:19:18,227 - INFO -     [登出] ✅ 已点击 Confirm 按钮
2026-05-20 12:19:26,268 - INFO -     [登出] ⚠️ 登出完成，但无法确认是否已返回登录页面
2026-05-20 12:19:26,268 - INFO -     [登出] ✅ 登出流程完成
2026-05-20 12:19:28,322 - INFO - ✅ 步骤2: 检测登录状态并确保在登录/注册入口页 - 完成
2026-05-20 12:19:28,323 - INFO - 🔄 步骤3: 点击 Sign Up 进入注册页
2026-05-20 12:19:30,597 - INFO - ✅ 步骤3: 点击 Sign Up 进入注册页 - 完成
2026-05-20 12:19:30,597 - INFO - 🔄 步骤4: 输入格式不正确邮箱
2026-05-20 12:20:07,619 - INFO - ✅ 步骤4: 输入格式不正确邮箱 - 完成
2026-05-20 12:20:07,620 - INFO - 🎉 测试用例 200090 执行成功！
2026-05-20 12:20:07,659 - INFO - ✅ 报告已生成: /Users/ambrose.chen/Desktop/iot/project/APP外壳/2测试报告/platform/android_20260520_121903/android_20260520_121903_report.xlsx
