2026-05-08 20:14:40,858 - INFO - 🔄 步骤0: 登出，确保从登出状态开始测试
2026-05-08 20:14:40,859 - INFO - 开始登出流程...
2026-05-08 20:15:11,750 - INFO - 未检测到home sel/mine sel/mine，跳过登出流程
2026-05-08 20:15:11,752 - INFO - ✅ 步骤0: 登出，确保从登出状态开始测试 - 完成
2026-05-08 20:15:13,754 - INFO - 🔄 步骤1: 验证在APP首页（登录页面）
2026-05-08 20:15:13,921 - INFO - ✅ 步骤1: 验证在APP首页（登录页面） - 完成，确认在APP首页（登录页面）
2026-05-08 20:15:15,923 - INFO - 🔄 步骤2: 点击Sign Up按钮进入注册页面
2026-05-08 20:15:16,884 - INFO - ✅ 步骤2: 点击Sign Up按钮进入注册页面 - 完成
2026-05-08 20:15:19,894 - INFO - 🔄 步骤3: 验证进入Sign Up页面
2026-05-08 20:15:20,123 - INFO - ✅ 步骤3: 验证进入Sign Up页面 - 完成，确认已进入Sign Up注册页面
2026-05-08 20:15:22,130 - INFO - 🔄 步骤4: 点击国家栏下拉按钮
2026-05-08 20:15:23,326 - INFO - ✅ 步骤4: 点击国家栏下拉按钮 - 完成，已点击国家栏下拉按钮
2026-05-08 20:15:26,328 - INFO - 🔄 步骤5: 验证跳转至国家选择页面
2026-05-08 20:15:59,661 - INFO - ✅ 步骤5: 验证跳转至国家选择页面 - 完成，确认已跳转至国家选择页面
2026-05-08 20:16:01,669 - INFO - 🔄 步骤6: 点击搜索框并输入Americ
2026-05-08 20:16:37,875 - INFO - ✅ 步骤6: 点击搜索框并输入Americ - 完成，已输入Americ
2026-05-08 20:16:40,877 - INFO - 🔄 步骤7: 验证下面显示多个国家
2026-05-08 20:16:56,907 - INFO - 📝 找到的国家数量: 2
2026-05-08 20:16:56,907 - INFO - 📝 找到的国家（前10个）: ['American Samoa', 'United States of America']
2026-05-08 20:16:56,908 - INFO - ✅ 步骤7: 验证下面显示多个国家 - 完成，找到 2 个匹配的国家
2026-05-08 20:16:58,909 - INFO - 🔄 步骤8: 点击清除按钮
2026-05-08 20:17:16,516 - INFO - ✅ 步骤8: 点击清除按钮 - 完成，已点击清除按钮
2026-05-08 20:17:18,523 - INFO - 🔄 步骤9: 验证筛选出来的国家消失了，显示默认状态下的国家
2026-05-08 20:17:35,187 - INFO - 📝 搜索框当前内容: 'Search'
2026-05-08 20:18:40,107 - INFO - 📝 清除后显示的默认国家数量: 12
2026-05-08 20:18:40,108 - INFO - 📝 显示的默认国家（前20个）: ['dictation', 'Return', 'Afghanistan', 'Albania', 'Algeria', 'American Samoa', 'Andorra', 'Angola', 'Anguilla', 'SystemInputAssistantView', 'CenterPageView', 'UIKeyboardLayoutStar Preview']
2026-05-08 20:18:40,108 - INFO - 📝 清除后新增的非筛选国家数量: 11
2026-05-08 20:18:40,108 - INFO - 📝 清除后新增的非筛选国家（前10个）: ['dictation', 'Return', 'Afghanistan', 'Albania', 'Algeria', 'Andorra', 'Angola', 'Anguilla', 'SystemInputAssistantView', 'CenterPageView']
2026-05-08 20:18:40,108 - INFO - ✅ 步骤9: 验证筛选出来的国家消失了，显示默认状态下的国家 - 完成
2026-05-08 20:18:40,108 - INFO - ✅ 验证通过：筛选出来的国家已消失，显示默认状态下的国家列表（共 12 个国家）
2026-05-08 20:18:42,113 - INFO - 🎉 测试用例102187执行成功！
2026-05-08 20:18:42,114 - INFO - ✅ 注册页面国家切换-清空搜索内容：清除按钮功能正常，筛选出来的国家已消失，显示默认状态下的国家
2026-05-08 20:18:44,156 - INFO - ✅ 报告已生成: /Users/ambrose.chen/Desktop/iot/project/APP外壳/2测试报告/platform/ios_20260508_201439/ios_20260508_201439_report.xlsx
