2026-05-12 10:13:24,159 - INFO - 🔄 步骤0: 登出，确保从登出状态开始测试
2026-05-12 10:13:24,160 - INFO - 开始登出流程...
2026-05-12 10:13:55,071 - INFO - 未检测到home sel/mine sel/mine，跳过登出流程
2026-05-12 10:13:55,073 - INFO - ✅ 步骤0: 登出，确保从登出状态开始测试 - 完成
2026-05-12 10:13:57,078 - INFO - 🔄 步骤1: 点击Sign Up按钮进入注册页面
2026-05-12 10:13:58,051 - INFO - ✅ 步骤1: 点击Sign Up按钮进入注册页面 - 完成
2026-05-12 10:14:00,056 - INFO - 🔄 步骤2: 输入包含不支持特殊字符的邮箱地址
2026-05-12 10:14:00,059 - INFO - 📧 生成不支持特殊字符邮箱地址: 1/2-3；4*5_619@163.com
2026-05-12 10:14:04,188 - INFO - ✅ 步骤2: 输入包含不支持特殊字符的邮箱地址 - 完成，邮箱: 1/2-3；4*5_619@163.com
2026-05-12 10:14:06,194 - INFO - 🔄 步骤3: 收起键盘（Done/hide_keyboard）
2026-05-12 10:14:12,163 - INFO - ✅ 步骤3: 收起键盘（Done/hide_keyboard） - 完成
2026-05-12 10:14:13,368 - INFO - 🔄 步骤4: 勾选隐私政策和用户协议
2026-05-12 10:14:14,071 - INFO - ✅ 步骤4: 勾选隐私政策和用户协议 - 完成
2026-05-12 10:14:16,077 - INFO - 🔄 步骤5: 验证Next按钮不可点击，且仍停留在当前页面
2026-05-12 10:14:16,296 - INFO - ✅ 点击前确认在注册页面（邮箱输入框存在）
2026-05-12 10:14:16,577 - INFO - ℹ️ Next按钮 enabled 属性: false
2026-05-12 10:14:16,993 - INFO - 🖱️ 已尝试点击Next按钮
2026-05-12 10:14:19,218 - INFO - ✅ 点击后邮箱输入框仍在，确认停留在注册页面
2026-05-12 10:14:29,431 - INFO - ✅ Next按钮为禁用态（预期行为）
2026-05-12 10:14:29,432 - INFO - ✅ 步骤5: 验证Next按钮不可点击，且仍停留在当前页面 - 完成，仍停留在注册页面
2026-05-12 10:14:29,432 - INFO - 🔄 步骤6: 验证页面显示提示信息
2026-05-12 10:14:29,707 - INFO - 📝 提示信息内容: Please sign up using your email address
2026-05-12 10:14:29,707 - INFO - ✅ 步骤6: 验证页面显示提示信息 - 完成，提示信息显示正确: Please sign up using your email address
2026-05-12 10:14:29,707 - INFO - 🎉 测试用例102025执行成功！
2026-05-12 10:14:31,738 - INFO - ✅ 报告已生成: /Users/ambrose.chen/Desktop/iot/project/APP外壳/2测试报告/platform/ios_20260512_101322/ios_20260512_101322_report.xlsx
