2026-05-12 09:56:26,502 - INFO - 🔄 步骤1: 重置APP，检测登录状态并登出
2026-05-12 09:56:32,349 - INFO -     ✅ APP已重置
2026-05-12 09:56:47,559 - INFO -     ℹ️ 未检测到登录状态，已在登录页面
2026-05-12 09:56:47,560 - INFO - ✅ 步骤1: 重置APP，检测登录状态并登出 - 完成
2026-05-12 09:56:47,560 - INFO - 🔄 步骤2: 点击登录按钮进入Sign in页面
2026-05-12 09:56:48,534 - INFO - ✅ 步骤2: 点击登录按钮进入Sign in页面 - 完成
2026-05-12 09:56:50,035 - INFO - 🔄 步骤3: 点击邮箱框，输入邮箱
2026-05-12 09:57:30,845 - INFO -     ✅ 邮箱输入完成: haoc51888@gmail.com
2026-05-12 09:57:31,850 - INFO - ✅ 步骤3: 点击邮箱框，输入邮箱 - 完成
2026-05-12 09:57:31,851 - INFO - 🔄 步骤4: 点击密码框，输入密码
2026-05-12 09:58:13,173 - INFO -     ✅ 密码输入完成
2026-05-12 09:58:14,179 - INFO - ✅ 步骤4: 点击密码框，输入密码 - 完成
2026-05-12 09:58:14,180 - INFO - 🔄 步骤5: 点击键盘Done，收起键盘
2026-05-12 09:58:15,431 - INFO - ✅ 步骤5: 点击键盘Done，收起键盘 - 完成
2026-05-12 09:58:16,435 - INFO - 🔄 步骤6: 点击登录按钮（不勾选用户协议和隐私政策）
2026-05-12 09:58:17,166 - INFO - ✅ 步骤6: 点击登录按钮（不勾选用户协议和隐私政策） - 完成
2026-05-12 09:58:19,168 - INFO - 🔄 步骤7: 断言页面显示错误提示信息
2026-05-12 09:58:19,487 - INFO -     ✅ 找到错误提示信息: Please confirm and tick the Privacy Policy and User Agreement
2026-05-12 09:58:19,487 - INFO - ✅ 步骤7: 断言页面显示错误提示信息 - 完成，错误提示信息已显示
2026-05-12 09:58:19,487 - INFO - 🎉 测试用例102660执行成功！
2026-05-12 09:58:19,519 - INFO - ✅ 报告已生成: /Users/ambrose.chen/Desktop/iot/project/APP外壳/2测试报告/platform/ios_20260512_095624/ios_20260512_095624_report.xlsx
