2026-05-11 22:33:59,297 - INFO - 🔄 步骤1: 重启APP并处理登录状态
2026-05-11 22:34:20,565 - INFO - ✅ 步骤1: 重启APP并处理登录状态 - 完成
2026-05-11 22:34:20,566 - INFO - 🔄 步骤2: 点击Sign In进入登录页
2026-05-11 22:34:23,504 - INFO - ✅ 步骤2: 点击Sign In进入登录页 - 完成
2026-05-11 22:34:23,505 - INFO - 🔄 步骤3: 点击Forgot password进入忘记密码页
2026-05-11 22:34:26,539 - INFO - ✅ 步骤3: 点击Forgot password进入忘记密码页 - 完成
2026-05-11 22:34:26,540 - INFO - 🔄 步骤4: 输入邮箱并点击Next进入验证码页
2026-05-11 22:34:36,759 - INFO - ✅ 步骤4: 输入邮箱并点击Next进入验证码页 - 完成，邮箱: haoc51888@gmail.com
2026-05-11 22:34:36,760 - INFO - 🔄 步骤5: Gmail获取最新验证码code
2026-05-11 22:36:18,971 - INFO - ✅ 步骤5: Gmail获取最新验证码code - 完成，code: 909405
2026-05-11 22:36:18,972 - INFO - 🔄 步骤6: 输入验证码进入Set Password页
2026-05-11 22:36:28,271 - INFO - ✅ 步骤6: 输入验证码进入Set Password页 - 完成
2026-05-11 22:36:28,272 - INFO - 🔄 步骤7: 输入大小写字母混合密码(两次)并收起键盘
2026-05-11 22:36:33,649 - INFO - ✅ 步骤7: 输入大小写字母混合密码(两次)并收起键盘 - 完成，password: XINGmai
2026-05-11 22:36:33,649 - INFO - 🔄 步骤8: 校验密码规则文案颜色（若能取到color）
2026-05-11 22:36:33,871 - INFO - 📝 规则提示: • 6-20 characters 颜色: None
2026-05-11 22:36:34,094 - INFO - 📝 规则提示: • contains letters 颜色: None
2026-05-11 22:36:34,309 - INFO - 📝 规则提示: • contains numbers 颜色: None
2026-05-11 22:36:34,539 - INFO - 📝 规则提示: • Supports special characters:! @ # $ % ^ & * ( ) - _ = + \ | [ ] { } ; : / ? . , ~ > < ` 颜色: None
2026-05-11 22:36:34,539 - INFO - ✅ 步骤8: 校验密码规则文案颜色（若能取到color） - 完成
2026-05-11 22:36:34,540 - INFO - 🔄 步骤9: 点击Submit，断言不可完成修改密码（仍停留Set Password页）
2026-05-11 22:36:34,805 - INFO - ✅ 步骤9: 点击Submit，断言不可完成修改密码（仍停留Set Password页） - 完成
2026-05-11 22:36:34,805 - INFO - 🎉 测试用例102158执行成功！
2026-05-11 22:36:34,835 - INFO - ✅ 报告已生成: /Users/ambrose.chen/Desktop/iot/project/APP外壳/2测试报告/platform/ios_20260511_223357/ios_20260511_223357_report.xlsx
