2026-05-12 12:50:39,316 - INFO - 🔄 步骤1: 重启APP并处理登录状态
2026-05-12 12:51:00,509 - INFO - ✅ 步骤1: 重启APP并处理登录状态 - 完成
2026-05-12 12:51:00,510 - INFO - 🔄 步骤2: 点击Sign In进入登录页
2026-05-12 12:51:03,555 - INFO - ✅ 步骤2: 点击Sign In进入登录页 - 完成
2026-05-12 12:51:03,555 - INFO - 🔄 步骤3: 点击Forgot password进入忘记密码页
2026-05-12 12:51:06,582 - INFO - ✅ 步骤3: 点击Forgot password进入忘记密码页 - 完成
2026-05-12 12:51:06,582 - INFO - 🔄 步骤4: 输入邮箱并点击Next进入验证码页
2026-05-12 12:51:16,930 - INFO - ✅ 步骤4: 输入邮箱并点击Next进入验证码页 - 完成，邮箱: haoc51888@gmail.com
2026-05-12 12:51:16,932 - INFO - 🔄 步骤5: Gmail获取最新验证码code
2026-05-12 12:52:58,404 - INFO - ✅ 步骤5: Gmail获取最新验证码code - 完成，code: 558698
2026-05-12 12:52:58,406 - INFO - 🔄 步骤6: 输入验证码进入Set Password页
2026-05-12 12:53:28,025 - INFO - 
============================================================
2026-05-12 12:53:28,026 - INFO - ❌ 测试失败
2026-05-12 12:53:28,026 - INFO - 📍 失败步骤: 步骤6: 输入验证码进入Set Password页
2026-05-12 12:53:28,026 - INFO - 📝 失败原因: 步骤6: 输入验证码进入Set Password页失败
2026-05-12 12:53:28,026 - INFO - ============================================================
2026-05-12 12:53:28,030 - INFO - Traceback (most recent call last):

2026-05-12 12:53:28,031 - INFO -   File "/Users/ambrose.chen/Desktop/iot/project/APP外壳/3功能/1平台/IOS/3忘记密码/102153验证密码为纯字符时，“完成”按钮不可点击.py", line 515, in test_102153
    _assert_on_set_password_page(

2026-05-12 12:53:28,032 - INFO -   File "/Users/ambrose.chen/Desktop/iot/project/APP外壳/3功能/1平台/IOS/3忘记密码/102153验证密码为纯字符时，“完成”按钮不可点击.py", line 233, in _assert_on_set_password_page
    WebDriverWait(driver, timeout_s).until(

2026-05-12 12:53:28,032 - INFO -   File "/Library/Frameworks/Python.framework/Versions/3.11/lib/python3.11/site-packages/selenium/webdriver/support/wait.py", line 138, in until
    raise TimeoutException(message, screen, stacktrace)

2026-05-12 12:53:28,032 - INFO - selenium.common.exceptions.TimeoutException: Message: 
Stacktrace:
NoSuchElementError: An element could not be located on the page using the given search parameters.
    at XCUITestDriver.doNativeFind (/Users/ambrose.chen/.appium/node_modules/appium-xcuitest-driver/lib/commands/find.js:116:11)
    at processTicksAndRejections (node:internal/process/task_queues:103:5)
    at XCUITestDriver.findNativeElementOrElements (/Users/ambrose.chen/.appium/node_modules/appium-xcuitest-driver/lib/commands/find.js:69:10)
    at XCUITestDriver.findElOrEls (/Users/ambrose.chen/.appium/node_modules/appium-xcuitest-driver/lib/commands/find.js:13:12)
    at XCUITestDriver.findElOrElsWithProcessing (/Users/ambrose.chen/.appium/node_modules/appium-xcuitest-driver/node_modules/@appium/base-driver/lib/basedriver/commands/find.ts:60:12)
    at XCUITestDriver.findElement (/Users/ambrose.chen/.appium/node_modules/appium-xcuitest-driver/node_modules/@appium/base-driver/lib/basedriver/commands/find.ts:75:12)

2026-05-12 12:53:28,337 - INFO - 已保存test_102153_failed失败截图: screenshots/test_102153_failed_1778561608.png
2026-05-12 12:53:28,359 - INFO - ✅ 报告已生成: /Users/ambrose.chen/Desktop/iot/project/APP外壳/2测试报告/platform/ios_20260512_125037/ios_20260512_125037_report.xlsx
