2026-05-08 16:19:28,405 - INFO - 🔄 步骤0: 登出，确保从登出状态开始测试
2026-05-08 16:19:28,406 - INFO - 开始登出流程...
2026-05-08 16:19:59,316 - INFO - 未检测到home sel/mine sel/mine，跳过登出流程
2026-05-08 16:19:59,316 - INFO - ✅ 步骤0: 登出，确保从登出状态开始测试 - 完成
2026-05-08 16:20:01,320 - INFO - 🔄 步骤1: 验证在APP首页（登录页面）
2026-05-08 16:20:01,483 - INFO - ✅ 步骤1: 验证在APP首页（登录页面） - 完成，确认在APP首页（登录页面）
2026-05-08 16:20:03,483 - INFO - 🔄 步骤2: 点击Sign Up按钮进入注册页面
2026-05-08 16:20:04,448 - INFO - ✅ 步骤2: 点击Sign Up按钮进入注册页面 - 完成
2026-05-08 16:20:07,448 - INFO - 🔄 步骤3: 验证进入Sign Up页面
2026-05-08 16:20:07,682 - INFO - ✅ 步骤3: 验证进入Sign Up页面 - 完成，确认已进入Sign Up注册页面
2026-05-08 16:20:09,686 - INFO - 🔄 步骤4: 邮箱框输入数字+字母（value="Email"）
2026-05-08 16:20:11,342 - INFO - ✅ 步骤4: 邮箱框输入数字+字母（value="Email"） - 完成，输入邮箱: 123456abcd
2026-05-08 16:20:12,345 - INFO - 🔄 步骤4.1: 点击Done收起键盘
2026-05-08 16:20:13,487 - INFO - ✅ 步骤4.1: 点击Done收起键盘 - 完成
2026-05-08 16:20:14,489 - INFO - 🔄 步骤5: 勾选隐私政策和用户协议
2026-05-08 16:20:20,248 - INFO - ✅ 隐私政策复选框已勾选
2026-05-08 16:20:21,753 - INFO - 🔄 步骤6: 点击Next按钮
2026-05-08 16:20:29,934 - INFO - ❌ 步骤6: 点击Next按钮失败: 无法找到或点击Next按钮 - Message: 

2026-05-08 16:20:29,934 - INFO - 
============================================================
2026-05-08 16:20:29,935 - INFO - ❌ 测试失败
2026-05-08 16:20:29,935 - INFO - 📍 失败步骤: 步骤6: 点击Next按钮
2026-05-08 16:20:29,935 - INFO - 📝 失败原因: 步骤6: 点击Next按钮失败: 无法找到或点击Next按钮 - Message: 

2026-05-08 16:20:29,935 - INFO - ============================================================
2026-05-08 16:20:29,938 - INFO - Traceback (most recent call last):

2026-05-08 16:20:29,938 - INFO -   File "/Users/ambrose.chen/Desktop/iot/project/APP外壳/3功能/1平台/IOS/2注册/102207 验证邮箱数字+字母，无法下一步.py", line 234, in test_102207
    next_btn = WebDriverWait(driver, 8).until(
               ^^^^^^^^^^^^^^^^^^^^^^^^^^^^^^^

2026-05-08 16:20:29,938 - INFO -   File "/Library/Frameworks/Python.framework/Versions/3.11/lib/python3.11/site-packages/selenium/webdriver/support/wait.py", line 138, in until
    raise TimeoutException(message, screen, stacktrace)

2026-05-08 16:20:29,939 - INFO - selenium.common.exceptions.TimeoutException: Message: 


2026-05-08 16:20:30,234 - INFO - 已保存test_102207_failed失败截图: screenshots/test_102207_failed_1778228429.png
2026-05-08 16:20:30,251 - INFO - ✅ 报告已生成: /Users/ambrose.chen/Desktop/iot/project/APP外壳/2测试报告/platform/ios_20260508_161926/ios_20260508_161926_report.xlsx
