2026-05-11 08:41:34,093 - INFO - 🔄 步骤1: 重置APP，检测登录状态并登出
2026-05-11 08:41:39,942 - INFO -     ✅ APP已重置
2026-05-11 08:41:55,144 - INFO -     ℹ️ 未检测到登录状态，已在登录页面
2026-05-11 08:41:55,145 - INFO - ✅ 步骤1: 重置APP，检测登录状态并登出 - 完成
2026-05-11 08:41:55,145 - INFO - 🔄 步骤3: 点击登录按钮进入Sign in页面
2026-05-11 08:41:56,138 - INFO - ✅ 步骤3: 点击登录按钮进入Sign in页面 - 完成
2026-05-11 08:41:57,643 - INFO - 🔄 步骤4: 点击邮箱框，输入邮箱
2026-05-11 08:42:38,561 - INFO -     ✅ 邮箱输入完成: haoc51888@gmail.com
2026-05-11 08:42:39,565 - INFO - ✅ 步骤4: 点击邮箱框，输入邮箱 - 完成
2026-05-11 08:42:39,566 - INFO - 🔄 步骤5: 点击密码框，输入密码
2026-05-11 08:43:20,888 - INFO -     ✅ 密码输入完成
2026-05-11 08:43:21,895 - INFO - ✅ 步骤5: 点击密码框，输入密码 - 完成
2026-05-11 08:43:21,895 - INFO - 🔄 步骤6: 点击键盘Done，收起键盘
2026-05-11 08:43:23,126 - INFO - ✅ 步骤6: 点击键盘Done，收起键盘 - 完成
2026-05-11 08:43:24,131 - INFO - 🔄 步骤7: 点击协议勾选框
2026-05-11 08:43:24,893 - INFO - ✅ 步骤7: 点击协议勾选框 - 完成
2026-05-11 08:43:25,898 - INFO - 🔄 步骤8: 点击登录按钮
2026-05-11 08:43:26,729 - INFO - ✅ 步骤8: 点击登录按钮 - 完成
2026-05-11 08:43:26,729 - INFO -     ⏳ 等待登录跳转（4.0s）…
2026-05-11 08:43:30,732 - INFO - 🔄 步骤9: 断言登录成功
2026-05-11 08:44:34,052 - INFO - ❌ 步骤9: 断言登录成功失败: 跳转后主界面未出现 Mine Tab（含 mine/mine sel 等） - 45.0s 内未找到底部 Mine（已尝试 mine / mine sel 等）；最后异常: None
2026-05-11 08:44:34,053 - INFO - 
============================================================
2026-05-11 08:44:34,053 - INFO - ❌ 测试失败
2026-05-11 08:44:34,053 - INFO - 📍 失败步骤: 步骤9: 断言登录成功
2026-05-11 08:44:34,053 - INFO - 📝 失败原因: 步骤9: 断言登录成功失败: 跳转后主界面未出现 Mine Tab（含 mine/mine sel 等） - 45.0s 内未找到底部 Mine（已尝试 mine / mine sel 等）；最后异常: None
2026-05-11 08:44:34,053 - INFO - ============================================================
2026-05-11 08:44:34,057 - INFO - Traceback (most recent call last):

2026-05-11 08:44:34,058 - INFO -   File "/Users/ambrose.chen/Desktop/iot/project/APP外壳/3功能/1平台/IOS/1登录/102667验证正确账号+密码.py", line 298, in test_102667
    mine_sel_btn = _wait_for_bottom_mine_after_login(driver, timeout_s=timeout_ok)
                   ^^^^^^^^^^^^^^^^^^^^^^^^^^^^^^^^^^^^^^^^^^^^^^^^^^^^^^^^^^^^^^^

2026-05-11 08:44:34,058 - INFO -   File "/Users/ambrose.chen/Desktop/iot/project/APP外壳/3功能/1平台/IOS/1登录/102667验证正确账号+密码.py", line 86, in _wait_for_bottom_mine_after_login
    raise AssertionError(msg)

2026-05-11 08:44:34,058 - INFO - AssertionError: 45.0s 内未找到底部 Mine（已尝试 mine / mine sel 等）；最后异常: None

2026-05-11 08:44:34,351 - INFO - 已保存test_102667_failed失败截图: screenshots/test_102667_failed_1778460274.png
2026-05-11 08:44:34,368 - INFO - ✅ 报告已生成: /Users/ambrose.chen/Desktop/iot/project/APP外壳/2测试报告/platform/ios_20260511_084131/ios_20260511_084131_report.xlsx
