2026-05-09 18:49:45,648 - INFO - 🔄 步骤0: 登出，确保从登出状态开始测试
2026-05-09 18:49:45,649 - INFO - 开始登出流程...
2026-05-09 18:50:16,539 - INFO - 未检测到home sel/mine sel/mine，跳过登出流程
2026-05-09 18:50:16,541 - INFO - ✅ 步骤0: 登出，确保从登出状态开始测试 - 完成
2026-05-09 18:50:18,551 - INFO - 🔄 步骤1: 验证在APP首页（登录页面）
2026-05-09 18:50:18,716 - INFO - ✅ 步骤1: 验证在APP首页（登录页面） - 完成，确认在APP首页（登录页面）
2026-05-09 18:50:20,721 - INFO - 🔄 步骤2: 点击Sign Up按钮进入注册页面
2026-05-09 18:50:21,678 - INFO - ✅ 步骤2: 点击Sign Up按钮进入注册页面 - 完成
2026-05-09 18:50:24,686 - INFO - 🔄 步骤3: 验证进入Sign Up页面
2026-05-09 18:50:24,929 - INFO - ✅ 步骤3: 验证进入Sign Up页面 - 完成，确认已进入Sign Up注册页面
2026-05-09 18:50:26,938 - INFO - 🔄 步骤4: 点击国家栏下拉按钮
2026-05-09 18:50:28,042 - INFO - ✅ 步骤4: 点击国家栏下拉按钮 - 完成，已点击国家栏下拉按钮
2026-05-09 18:50:31,051 - INFO - 🔄 步骤5: 验证跳转至国家选择页面
2026-05-09 18:51:04,313 - INFO - ✅ 步骤5: 验证跳转至国家选择页面 - 完成，确认已跳转至国家选择页面
2026-05-09 18:51:06,315 - INFO - 🔄 步骤6: 点击搜索框并输入France
2026-05-09 18:51:42,520 - INFO - ✅ 步骤6: 点击搜索框并输入France - 完成，已输入France
2026-05-09 18:51:44,528 - INFO - 🔄 步骤7: 选择France
2026-05-09 18:51:50,973 - INFO - ✅ 步骤7: 选择France - 完成，已选择France，命中的元素: France
2026-05-09 18:51:53,975 - INFO - 🔄 步骤8: 验证注册页面显示的国家与选择的一致
2026-05-09 18:51:54,270 - INFO - ✅ 找到国家显示元素，使用选择器: //XCUIElementTypeStaticText[@name="France"]
2026-05-09 18:51:54,271 - INFO - 📝 注册页面显示的国家: France
2026-05-09 18:51:54,271 - INFO - ✅ 步骤8: 验证注册页面显示的国家与选择的一致 - 完成
2026-05-09 18:51:54,271 - INFO - ✅ 注册页面显示的国家与选择的一致: France
2026-05-09 18:51:56,275 - INFO - 🎉 测试用例102185执行成功！
2026-05-09 18:51:56,275 - INFO - ✅ 注册页面国家切换-搜索一个存在的国家
2026-05-09 18:51:58,316 - INFO - ✅ 报告已生成: /Users/ambrose.chen/Desktop/iot/project/APP外壳/2测试报告/platform/ios_20260509_184943/ios_20260509_184943_report.xlsx
