2026-05-11 20:51:44,167 - INFO - 🔄 步骤0: 登出，确保从登出状态开始测试
2026-05-11 20:51:44,168 - INFO - 开始登出流程...
2026-05-11 20:52:15,080 - INFO - 未检测到home sel/mine sel/mine，跳过登出流程
2026-05-11 20:52:15,082 - INFO - ✅ 步骤0: 登出，确保从登出状态开始测试 - 完成
2026-05-11 20:52:17,083 - INFO - 🔄 步骤1: 验证在APP首页（登录页面）
2026-05-11 20:52:17,250 - INFO - ✅ 步骤1: 验证在APP首页（登录页面） - 完成，确认在APP首页（登录页面）
2026-05-11 20:52:19,259 - INFO - 🔄 步骤2: 点击Sign Up按钮进入注册页面
2026-05-11 20:52:20,232 - INFO - ✅ 步骤2: 点击Sign Up按钮进入注册页面 - 完成
2026-05-11 20:52:23,240 - INFO - 🔄 步骤3: 验证进入Sign Up页面
2026-05-11 20:52:23,480 - INFO - ✅ 步骤3: 验证进入Sign Up页面 - 完成，确认已进入Sign Up注册页面
2026-05-11 20:52:25,488 - INFO - 🔄 步骤4: 输入已注册邮箱
2026-05-11 20:52:27,386 - INFO - ✅ 步骤4: 输入已注册邮箱 - 完成，输入邮箱: haoc51888@gmail.com
2026-05-11 20:52:29,396 - INFO - 🔄 步骤5: 勾选隐私政策和用户协议
2026-05-11 20:52:35,513 - INFO - ✅ 隐私政策复选框已勾选
2026-05-11 20:52:37,023 - INFO - 🔄 步骤5.1: 收起键盘（Done）
2026-05-11 20:52:38,290 - INFO - ✅ 已点击Done收起键盘
2026-05-11 20:52:39,295 - INFO - 🔄 步骤6: 点击Next按钮
2026-05-11 20:52:40,021 - INFO - ✅ 步骤6: 点击Next按钮 - 完成，已点击Next按钮
2026-05-11 20:52:42,030 - INFO - 🔄 步骤7: 验证弹框提示已注册
2026-05-11 20:52:42,311 - INFO - ✅ 弹框提示已注册: This email is already registered. Ready to sign in now?
2026-05-11 20:52:43,316 - INFO - 🔄 步骤8: 点击Cancel
2026-05-11 20:52:44,096 - INFO - ✅ 已点击Cancel
2026-05-11 20:52:46,098 - INFO - 🔄 步骤9: 断言仍停留在注册页面
2026-05-11 20:52:46,336 - INFO - ✅ 步骤9: 断言仍停留在注册页面 - 完成，仍停留在注册页面
2026-05-11 20:52:47,346 - INFO - 🎉 测试用例102220执行成功！
2026-05-11 20:52:47,347 - INFO - ✅ 已注册邮箱再次注册，弹框后点击Cancel，仍停留在注册页
2026-05-11 20:52:49,390 - INFO - ✅ 报告已生成: /Users/ambrose.chen/Desktop/iot/project/APP外壳/2测试报告/platform/ios_20260511_205142/ios_20260511_205142_report.xlsx
