2026-05-19 11:03:33,181 - INFO - 🔄 步骤1: 重启APP
2026-05-19 11:03:33,181 - INFO -     🔄 driver.terminate_app / activate_app: com.xingmai.tech
2026-05-19 11:03:38,091 - INFO -     ✅ APP 已重启
2026-05-19 11:03:38,092 - INFO - ✅ 步骤1: 重启APP - 完成
2026-05-19 11:03:38,092 - INFO - 🔄 步骤2: 检测登录状态并确保在登录/注册入口页
2026-05-19 11:03:38,099 - INFO -     🔄 检测已登录元素: //android.view.View[@content-desc="More"]
2026-05-19 11:03:38,225 - INFO -     🔄 检测已登录元素: //*[@content-desc="More"]
2026-05-19 11:03:38,842 - INFO -     ℹ️ 未检测到 More，判定未登录
2026-05-19 11:03:38,842 - INFO -     🔄 等待登录/注册入口页: //*[(@text="Sign In" or @text="Sign Up") or contains(@text,"Sign In") or contains(@text,"Sign Up") or @content-desc="Sign In" or @content-desc="Sign Up"]
2026-05-19 11:03:38,890 - INFO -     ✅ 已处于登录/注册入口页
2026-05-19 11:03:38,890 - INFO - ✅ 步骤2: 检测登录状态并确保在登录/注册入口页 - 完成
2026-05-19 11:03:38,890 - INFO - 🔄 步骤3: 点击 Sign In 进入登录页
2026-05-19 11:03:38,890 - INFO -     🔄 定位 Sign In: //android.widget.TextView[@text="Sign In"]
2026-05-19 11:03:38,961 - INFO -     ✅ 找到 Sign In: //android.widget.TextView[@text="Sign In"]
2026-05-19 11:03:39,605 - INFO - ✅ 步骤3: 点击 Sign In 进入登录页 - 完成
2026-05-19 11:03:41,108 - INFO - 🔄 步骤4: 关闭手机网络（wifi+data）
2026-05-19 11:03:41,149 - INFO -     ⚠️ mobile:shell 禁用，改用 adb: svc wifi disable
2026-05-19 11:03:41,236 - INFO -     ⚠️ mobile:shell 禁用，改用 adb: svc data disable
2026-05-19 11:03:42,812 - INFO - ✅ 步骤4: 关闭手机网络（wifi+data） - 完成
2026-05-19 11:03:42,814 - INFO - 🔄 步骤5: 输入邮箱
2026-05-19 11:03:42,815 - INFO -     🔄 邮箱: haoc51888@gmail.com
2026-05-19 11:03:42,900 - INFO -     ✅ 聚焦: //android.widget.ScrollView/android.widget.EditText[1]/android.view.View[2]
2026-05-19 11:03:42,901 - INFO -     🔄 定位: //android.widget.ScrollView/android.widget.EditText[1]
2026-05-19 11:03:44,075 - INFO - ✅ 步骤5: 输入邮箱 - 完成
2026-05-19 11:03:44,075 - INFO - 🔄 步骤6: 输入密码
2026-05-19 11:03:44,075 - INFO -     🔄 密码已填入（长度 9）
2026-05-19 11:03:44,178 - INFO -     🔄 定位: //android.widget.ScrollView/android.widget.EditText[2]
2026-05-19 11:03:45,166 - INFO - ✅ 步骤6: 输入密码 - 完成
2026-05-19 11:03:45,167 - INFO - 🔄 步骤7: 收起输入键盘
2026-05-19 11:03:46,574 - INFO -     ✅ hide_keyboard 成功
2026-05-19 11:03:46,983 - INFO - ✅ 步骤7: 收起输入键盘 - 完成
2026-05-19 11:03:46,983 - INFO - 🔄 步骤8: 勾选用户协议与隐私政策
2026-05-19 11:03:46,984 - INFO -     🔄 定位: //android.widget.ImageView[@content-desc="checkbox"]
2026-05-19 11:03:47,848 - INFO - ✅ 步骤8: 勾选用户协议与隐私政策 - 完成
2026-05-19 11:03:47,848 - INFO - 🔄 步骤9: 点击 Next 登录
2026-05-19 11:03:47,849 - INFO -     🔄 定位: //android.widget.ImageView[@content-desc="next"]
2026-05-19 11:03:49,181 - INFO - ✅ 步骤9: 点击 Next 登录 - 完成
2026-05-19 11:03:49,182 - INFO - 🔄 步骤10: 断言提示文案
2026-05-19 11:03:49,182 - INFO -     🔄 期望文案: Network connection error, please check
2026-05-19 11:03:49,268 - INFO -     ✅ 已显示提示
2026-05-19 11:03:49,269 - INFO - ✅ 步骤10: 断言提示文案 - 完成
2026-05-19 11:03:49,269 - INFO - 🎉 测试用例 200020 执行成功！
2026-05-19 11:03:49,269 - INFO -     🔄 finally: 恢复网络
2026-05-19 11:03:49,275 - INFO -     ⚠️ mobile:shell 禁用，改用 adb: svc wifi enable
2026-05-19 11:03:49,352 - INFO -     ⚠️ mobile:shell 禁用，改用 adb: svc data enable
2026-05-19 11:03:50,934 - INFO - ✅ 报告已生成: /Users/ambrose.chen/Desktop/iot/project/APP外壳/2测试报告/platform/android_20260519_110330/android_20260519_110330_report.xlsx
