2026-05-12 11:34:01,929 - INFO - 🔄 步骤0: 登出，确保从登出状态开始测试
2026-05-12 11:34:01,929 - INFO - 开始登出流程...
2026-05-12 11:34:32,827 - INFO - 未检测到home sel/mine sel/mine，跳过登出流程
2026-05-12 11:34:32,827 - INFO - ✅ 步骤0: 登出，确保从登出状态开始测试 - 完成
2026-05-12 11:34:34,831 - INFO - 🔄 步骤1: 验证在APP首页（登录页面）
2026-05-12 11:34:35,001 - INFO - ✅ 步骤1: 验证在APP首页（登录页面） - 完成，确认在APP首页（登录页面）
2026-05-12 11:34:37,004 - INFO - 🔄 步骤2: 点击Sign Up按钮进入注册页面
2026-05-12 11:34:37,945 - INFO - ✅ 步骤2: 点击Sign Up按钮进入注册页面 - 完成
2026-05-12 11:34:40,949 - INFO - 🔄 步骤3: 验证进入Sign Up页面
2026-05-12 11:34:41,184 - INFO - ✅ 步骤3: 验证进入Sign Up页面 - 完成，确认已进入Sign Up注册页面
2026-05-12 11:34:43,188 - INFO - 🔄 步骤4: 输入邮箱
2026-05-12 11:34:43,192 - INFO - 📧 生成简单邮箱地址: testuser278@163.com
2026-05-12 11:34:45,061 - INFO - ✅ 步骤4: 输入邮箱 - 完成，邮箱: testuser278@163.com
2026-05-12 11:34:47,065 - INFO - 🔄 步骤5: 勾选隐私政策和用户协议
2026-05-12 11:34:53,292 - INFO - ✅ 隐私政策复选框已勾选
2026-05-12 11:34:54,796 - INFO - 🔄 步骤5.1: 收起键盘（Done）
2026-05-12 11:34:56,090 - INFO - ✅ 已点击Done收起键盘
2026-05-12 11:34:57,092 - INFO - 🔄 步骤6: 点击Next进入set password页面
2026-05-12 11:34:57,773 - INFO - ✅ 步骤6: 点击Next进入set password页面 - 完成，已点击Next按钮
2026-05-12 11:35:00,777 - INFO - 🔄 步骤7: 验证进入set password页面
2026-05-12 11:35:01,071 - INFO - ✅ 成功进入set password页面
2026-05-12 11:35:02,573 - INFO - 🔄 步骤8: 输入密码并确认
2026-05-12 11:35:04,378 - INFO - ✅ 已输入密码: xingmai123456
2026-05-12 11:35:06,463 - INFO - ✅ 已输入确认密码: xingmai123456
2026-05-12 11:35:08,668 - INFO - ✅ 密码页已点击Done收起键盘
2026-05-12 11:35:09,674 - INFO - 🔄 步骤9: 点击Next进入用户名页面
2026-05-12 11:35:10,634 - INFO - ✅ 已点击密码页Next按钮
2026-05-12 11:35:13,637 - INFO - 🔄 步骤10: 用户名页面点击Skip并验证主页面
2026-05-12 11:35:26,249 - INFO - ✅ 找到Skip元素: //XCUIElementTypeButton[@name="Skip"]
2026-05-12 11:35:26,656 - INFO - ✅ 已点击Skip跳过用户名
2026-05-12 11:35:29,879 - INFO - ✅ 主页面标识元素存在: //XCUIElementTypeButton[@name="home sel"]
2026-05-12 11:35:30,884 - INFO - 🎉 测试用例102232执行成功！
2026-05-12 11:35:30,885 - INFO - ✅ 数字+小写密码可正常跳转，成功到主页面
2026-05-12 11:35:32,911 - INFO - ✅ 报告已生成: /Users/ambrose.chen/Desktop/iot/project/APP外壳/2测试报告/platform/ios_20260512_113400/ios_20260512_113400_report.xlsx
