2026-05-08 09:14:28,879 - INFO - 🔄 步骤1: 重启APP并处理登录状态
2026-05-08 09:14:50,155 - INFO - ✅ 步骤1: 重启APP并处理登录状态 - 完成
2026-05-08 09:14:50,155 - INFO - 🔄 步骤2: 点击Sign In进入登录页
2026-05-08 09:14:53,092 - INFO - ✅ 步骤2: 点击Sign In进入登录页 - 完成
2026-05-08 09:14:53,092 - INFO - 🔄 步骤3: 点击Forgot password进入忘记密码页
2026-05-08 09:14:56,159 - INFO - ✅ 步骤3: 点击Forgot password进入忘记密码页 - 完成
2026-05-08 09:14:56,159 - INFO - 🔄 步骤4: 输入邮箱并点击Next进入验证码页(第一次)
2026-05-08 09:15:04,260 - INFO - ✅ 步骤4: 输入邮箱并点击Next进入验证码页(第一次) - 完成，邮箱: haoc51888@gmail.com
2026-05-08 09:15:04,261 - INFO - 🔄 步骤5: 点击左上返回(nav back)返回忘记密码页
2026-05-08 09:15:11,664 - INFO - ✅ 步骤5: 点击左上返回(nav back)返回忘记密码页 - 完成
2026-05-08 09:15:11,665 - INFO - 🔄 步骤6: 在忘记密码页停留60s
2026-05-08 09:16:11,670 - INFO - ✅ 步骤6: 在忘记密码页停留60s - 完成
2026-05-08 09:16:11,672 - INFO - 🔄 步骤7: 打开Gmail获取第一次验证码code1
2026-05-08 09:17:53,139 - INFO - ✅ 步骤7: 打开Gmail获取第一次验证码code1 - 完成，code1: 417798
2026-05-08 09:17:53,141 - INFO - 🔄 步骤8: 再次点击Next进入验证码页(第二次)
2026-05-08 09:17:56,804 - INFO - ✅ 步骤8: 再次点击Next进入验证码页(第二次) - 完成
2026-05-08 09:17:56,805 - INFO - 🔄 步骤9: 断言Resend倒计时重置(接近60s重新开始)
2026-05-08 09:17:57,574 - INFO - ✅ 步骤9: 断言Resend倒计时重置(接近60s重新开始) - 完成，当前倒计时约: 58s
2026-05-08 09:17:57,575 - INFO - 🔄 步骤10: 再次打开Gmail获取第二次验证码code2并断言与code1不同
2026-05-08 09:19:47,653 - INFO - ✅ 步骤10: 再次打开Gmail获取第二次验证码code2并断言与code1不同 - 完成，code2: 301572（与code1不同）
2026-05-08 09:19:47,655 - INFO - 🎉 测试用例102141执行成功！
2026-05-08 09:19:47,675 - INFO - ✅ 报告已生成: /Users/ambrose.chen/Desktop/iot/project/APP外壳/2测试报告/platform/ios_20260508_091427/ios_20260508_091427_report.xlsx
