2026-05-11 22:39:19,567 - INFO - 🔄 步骤1: 重启APP并处理登录状态
2026-05-11 22:39:40,816 - INFO - ✅ 步骤1: 重启APP并处理登录状态 - 完成
2026-05-11 22:39:40,817 - INFO - 🔄 步骤2: 点击Sign In进入登录页
2026-05-11 22:39:43,744 - INFO - ✅ 步骤2: 点击Sign In进入登录页 - 完成
2026-05-11 22:39:43,744 - INFO - 🔄 步骤3: 点击Forgot password进入忘记密码页
2026-05-11 22:39:46,835 - INFO - ✅ 步骤3: 点击Forgot password进入忘记密码页 - 完成
2026-05-11 22:39:46,838 - INFO - 🔄 步骤4: 输入邮箱并点击Next进入验证码页
2026-05-11 22:39:57,052 - INFO - ✅ 步骤4: 输入邮箱并点击Next进入验证码页 - 完成，邮箱: haoc51888@gmail.com
2026-05-11 22:39:57,053 - INFO - 🔄 步骤5: Gmail获取最新验证码code
2026-05-11 22:41:39,160 - INFO - ✅ 步骤5: Gmail获取最新验证码code - 完成，code: 479784
2026-05-11 22:41:39,162 - INFO - 🔄 步骤6: 输入验证码进入Set Password页
2026-05-11 22:41:48,464 - INFO - ✅ 步骤6: 输入验证码进入Set Password页 - 完成
2026-05-11 22:41:48,464 - INFO - 🔄 步骤7: 输入大写字母+特殊字符密码(两次)并收起键盘
2026-05-11 22:41:53,957 - INFO - ✅ 步骤7: 输入大写字母+特殊字符密码(两次)并收起键盘 - 完成，password: !@#*XINGMAI
2026-05-11 22:41:53,958 - INFO - 🔄 步骤8: 校验密码规则文案颜色（若能取到color）
2026-05-11 22:41:54,180 - INFO - 📝 规则提示: • 6-20 characters 颜色: None
2026-05-11 22:41:54,389 - INFO - 📝 规则提示: • contains letters 颜色: None
2026-05-11 22:41:54,605 - INFO - 📝 规则提示: • contains numbers 颜色: None
2026-05-11 22:41:54,813 - INFO - 📝 规则提示: • Supports special characters:! @ # $ % ^ & * ( ) - _ = + \ | [ ] { } ; : / ? . , ~ > < ` 颜色: None
2026-05-11 22:41:54,814 - INFO - ✅ 步骤8: 校验密码规则文案颜色（若能取到color） - 完成
2026-05-11 22:41:54,814 - INFO - 🔄 步骤9: 点击Submit，断言不可完成修改密码（仍停留Set Password页）
2026-05-11 22:41:55,070 - INFO - ✅ 步骤9: 点击Submit，断言不可完成修改密码（仍停留Set Password页） - 完成
2026-05-11 22:41:55,071 - INFO - 🎉 测试用例102160执行成功！
2026-05-11 22:41:55,100 - INFO - ✅ 报告已生成: /Users/ambrose.chen/Desktop/iot/project/APP外壳/2测试报告/platform/ios_20260511_223917/ios_20260511_223917_report.xlsx
