2026-05-20 11:10:33,293 - INFO - 🔄 步骤1: 重启APP
2026-05-20 11:10:38,207 - INFO - ✅ 步骤1: 重启APP - 完成
2026-05-20 11:10:38,207 - INFO - 🔄 步骤2: 检测登录状态并确保在登录/注册入口页
2026-05-20 11:10:38,857 - INFO -     [登出] 开始登出流程...
2026-05-20 11:10:38,857 - INFO -     [登出] 步骤1: 检查页面是否有 More 按钮
2026-05-20 11:10:38,930 - INFO -     [登出] ✅ 检测到 More 按钮: //android.view.View[@content-desc="More"]
2026-05-20 11:10:38,930 - INFO -     [登出] 步骤2: 点击 More 按钮，进入 more 页面
2026-05-20 11:10:38,963 - INFO -     [登出] ✅ 已点击 More 按钮 (使用: //android.view.View[@content-desc="More"])
2026-05-20 11:10:40,965 - INFO -     [登出] 步骤3: 点击 edit 按钮
2026-05-20 11:10:41,079 - INFO -     [登出] ✅ 已点击 edit 按钮
2026-05-20 11:10:43,080 - INFO -     [登出] 步骤4: 点击 Log Out 按钮
2026-05-20 11:10:43,215 - INFO -     [登出] ✅ 已点击 Log Out 按钮
2026-05-20 11:10:44,721 - INFO -     [登出] 步骤5: 点击 Confirm 按钮，确认登出
2026-05-20 11:10:45,447 - INFO -     [登出] ✅ 已点击 Confirm 按钮
2026-05-20 11:10:53,495 - INFO -     [登出] ⚠️ 登出完成，但无法确认是否已返回登录页面
2026-05-20 11:10:53,497 - INFO -     [登出] ✅ 登出流程完成
2026-05-20 11:10:55,558 - INFO - ✅ 步骤2: 检测登录状态并确保在登录/注册入口页 - 完成
2026-05-20 11:10:55,558 - INFO - 🔄 步骤3: 点击 Sign Up 进入注册页
2026-05-20 11:10:57,846 - INFO - ✅ 步骤3: 点击 Sign Up 进入注册页 - 完成
2026-05-20 11:10:57,851 - INFO - 📧 生成简单邮箱地址: testuser343@163.com
2026-05-20 11:10:57,852 - INFO -     📧 邮箱: testuser343@163.com
2026-05-20 11:10:57,852 - INFO - 🔄 步骤4: 输入邮箱
2026-05-20 11:11:32,907 - INFO - ✅ 步骤4: 输入邮箱 - 完成
2026-05-20 11:11:32,908 - INFO - 🔄 步骤5: 勾选隐私政策
2026-05-20 11:11:33,723 - INFO - ✅ 步骤5: 勾选隐私政策 - 完成
2026-05-20 11:11:33,724 - INFO - 🔄 步骤6: 点击 Next 进入设置密码页
2026-05-20 11:11:36,909 - INFO - ✅ 步骤6: 点击 Next 进入设置密码页 - 完成
2026-05-20 11:11:36,909 - INFO - 🔄 步骤7: 设置密码
2026-05-20 11:11:42,852 - INFO -     🔑 密码: Csx150128
2026-05-20 11:11:42,853 - INFO - ✅ 步骤7: 设置密码 - 完成
2026-05-20 11:11:42,853 - INFO - 🔄 步骤8: 点击 Next 进入用户名页
2026-05-20 11:11:47,605 - INFO - ✅ 步骤8: 点击 Next 进入用户名页 - 完成
2026-05-20 11:11:47,606 - INFO - 🔄 步骤9: 输入用户名
2026-05-20 11:11:51,152 - INFO -     📝 用户名框内容: 'BVNDJThQ'
2026-05-20 11:11:51,153 - INFO -     👤 用户名: BVNDJThQ
2026-05-20 11:11:51,154 - INFO - ✅ 步骤9: 输入用户名 - 完成
2026-05-20 11:11:51,154 - INFO - 🔄 步骤10: 点击返回按钮
2026-05-20 11:11:51,154 - INFO -     🔄 定位返回: //android.widget.ImageView[@content-desc="back"]
2026-05-20 11:11:53,289 - INFO -     ✅ 已点击返回按钮
2026-05-20 11:11:53,289 - INFO - ✅ 步骤10: 点击返回按钮 - 完成
2026-05-20 11:11:53,289 - INFO - 🔄 步骤11: 断言跳转主页面（More 可见）
2026-05-20 11:11:53,346 - INFO -     ✅ 主页面 More 可见: //android.view.View[@content-desc="More"]
2026-05-20 11:12:18,559 - INFO - ✅ 步骤11: 断言跳转主页面（More 可见） - 完成
2026-05-20 11:12:18,560 - INFO - 🎉 测试用例 200089 执行成功！
2026-05-20 11:12:18,560 - INFO - ✅ 输入用户名后点击返回，已跳转主页面（More 可见）
2026-05-20 11:12:18,584 - INFO - ✅ 报告已生成: /Users/ambrose.chen/Desktop/iot/project/APP外壳/2测试报告/platform/android_20260520_111030/android_20260520_111030_report.xlsx
