2026-05-08 22:45:07,939 - INFO - 🔄 步骤1: 进入Set Password页
2026-05-08 22:47:34,706 - INFO - ✅ 步骤1: 进入Set Password页 - 完成
2026-05-08 22:47:34,708 - INFO - 🔄 步骤2: 输入密码(两次)并收起键盘
2026-05-08 22:47:40,294 - INFO - ✅ 步骤2: 输入密码(两次)并收起键盘 - 完成，password: XINGMAI123456
2026-05-08 22:47:40,294 - INFO - 🔄 步骤4: 校验Submit/完成按钮行为
2026-05-08 22:48:04,525 - INFO - 
============================================================
2026-05-08 22:48:04,526 - INFO - ❌ 测试失败
2026-05-08 22:48:04,526 - INFO - 📍 失败步骤: 步骤4: 校验Submit/完成按钮行为
2026-05-08 22:48:04,526 - INFO - 📝 失败原因: 步骤4: 校验Submit/完成按钮行为失败
2026-05-08 22:48:04,527 - INFO - ============================================================
2026-05-08 22:48:04,531 - INFO - Traceback (most recent call last):

2026-05-08 22:48:04,532 - INFO -   File "/Users/ambrose.chen/Desktop/iot/project/APP外壳/3功能/1平台/IOS/3忘记密码/forgot_password_set_password_common.py", line 467, in run_password_rule_case
    _assert_submit_enabled_and_success(

2026-05-08 22:48:04,532 - INFO -   File "/Users/ambrose.chen/Desktop/iot/project/APP外壳/3功能/1平台/IOS/3忘记密码/forgot_password_set_password_common.py", line 337, in _assert_submit_enabled_and_success
    WebDriverWait(driver, timeout_s).until(lambda d: _left_set_password(d))

2026-05-08 22:48:04,532 - INFO -   File "/Library/Frameworks/Python.framework/Versions/3.11/lib/python3.11/site-packages/selenium/webdriver/support/wait.py", line 138, in until
    raise TimeoutException(message, screen, stacktrace)

2026-05-08 22:48:04,532 - INFO - selenium.common.exceptions.TimeoutException: Message: 


2026-05-08 22:48:04,824 - INFO - 已保存test_102155_failed失败截图: screenshots/test_102155_failed_1778251684.png
2026-05-08 22:48:04,837 - INFO - ✅ 报告已生成: /Users/ambrose.chen/Desktop/iot/project/APP外壳/2测试报告/platform/ios_20260508_224506/ios_20260508_224506_report.xlsx
