2026-04-29 18:01:28,112 - INFO - 🔄 步骤0: 登出，确保从登出状态开始测试
2026-04-29 18:01:28,113 - INFO - 开始登出流程...
2026-04-29 18:01:28,334 - INFO - 检测到home sel元素
2026-04-29 18:01:39,748 - INFO - ✅ 点击mine按钮: //XCUIElementTypeButton[@name="mine"]
2026-04-29 18:01:41,974 - INFO - ✅ 点击CommonEdit编辑按钮: //XCUIElementTypeButton[@name="CommonEdit"]
2026-04-29 18:01:44,189 - INFO - ✅ 点击Log Out: //XCUIElementTypeButton[@name="Log Out"]
2026-04-29 18:01:46,388 - INFO - ✅ 点击Confirm: //XCUIElementTypeButton[@name="Confirm"]
2026-04-29 18:01:47,892 - INFO - 登出操作完成
2026-04-29 18:01:48,238 - INFO - ✅ 成功回到登录页面
2026-04-29 18:01:48,238 - INFO - ✅ 步骤0: 登出，确保从登出状态开始测试 - 完成
2026-04-29 18:01:50,241 - INFO - 🔄 步骤1: 点击Sign Up按钮进入注册页面
2026-04-29 18:01:51,243 - INFO - ✅ 步骤1: 点击Sign Up按钮进入注册页面 - 完成
2026-04-29 18:01:53,246 - INFO - 🔄 步骤2: 输入邮箱地址
2026-04-29 18:01:53,254 - INFO - 📧 生成邮箱地址: 1+2-3.4%5_628@163.com
2026-04-29 18:01:55,339 - INFO - ✅ 步骤2: 输入邮箱地址 - 完成，邮箱: 1+2-3.4%5_628@163.com
2026-04-29 18:01:57,343 - INFO - 🔄 步骤3: 同意隐私政策
2026-04-29 18:01:58,404 - INFO - ✅ 步骤3: 同意隐私政策 - 完成
2026-04-29 18:02:00,409 - INFO - 🔄 步骤4: 点击Done按钮（收起键盘）
2026-04-29 18:02:01,737 - INFO - ✅ 步骤4: 点击Done按钮（收起键盘） - 完成
2026-04-29 18:02:03,740 - INFO - 🔄 步骤5: 点击Next按钮进入密码设置
2026-04-29 18:02:04,515 - INFO - ✅ 步骤5: 点击Next按钮进入密码设置 - 完成
2026-04-29 18:02:06,518 - INFO - 🔄 步骤6: 设置密码
2026-04-29 18:02:11,794 - INFO - ✅ 步骤6: 设置密码 - 完成
2026-04-29 18:02:13,800 - INFO - 🔄 步骤7: 点击Done按钮（收起键盘）
2026-04-29 18:02:15,069 - INFO - ✅ 步骤7: 点击Done按钮（收起键盘） - 完成
2026-04-29 18:02:17,071 - INFO - 🔄 步骤8: 点击Next按钮进入个人信息页面
2026-04-29 18:02:18,063 - INFO - ✅ 步骤8: 点击Next按钮进入个人信息页面 - 完成
2026-04-29 18:02:20,069 - INFO - 🔄 步骤9: 验证用户名输入框存在但不输入任何信息
2026-04-29 18:02:21,727 - INFO - ✅ 步骤9: 验证用户名输入框存在但不输入任何信息 - 完成，用户名输入框为空
2026-04-29 18:02:23,729 - INFO - 🔄 步骤10: 点击左上角返回按钮
2026-04-29 18:02:24,406 - INFO - ✅ 步骤10: 点击左上角返回按钮 - 完成
2026-04-29 18:02:27,410 - INFO - 🔄 步骤11: 验证跳转到APP主页面
2026-04-29 18:02:27,867 - INFO - ✅ 步骤11: 验证跳转到APP主页面 - 完成
2026-04-29 18:02:27,867 - INFO - 🔄 步骤12: 验证用户名显示为默认的'Username'
2026-04-29 18:02:33,108 - INFO - ✅ 找到用户名元素，使用选择器: //XCUIElementTypeStaticText[contains(@name, "Username")]
2026-04-29 18:02:33,166 - INFO - 📝 用户名显示内容: Hi, Username
2026-04-29 18:02:33,166 - INFO - ✅ 步骤12: 验证用户名显示为默认的'Username' - 完成，用户名显示为默认值: Hi, Username
2026-04-29 18:02:33,166 - INFO - 🎉 测试用例102247执行成功！
2026-04-29 18:02:35,212 - INFO - ✅ 报告已生成: /Users/ambrose.chen/Desktop/iot/project/APP外壳/2测试报告/platform/ios_20260429_180126/ios_20260429_180126_report.xlsx
