2026-05-09 18:40:52,783 - INFO - 🔄 步骤0: 登出，确保从登出状态开始测试
2026-05-09 18:40:52,784 - INFO - 开始登出流程...
2026-05-09 18:41:23,706 - INFO - 未检测到home sel/mine sel/mine，跳过登出流程
2026-05-09 18:41:23,707 - INFO - ✅ 步骤0: 登出，确保从登出状态开始测试 - 完成
2026-05-09 18:41:25,710 - INFO - 🔄 步骤1: 点击Sign Up按钮进入注册页面
2026-05-09 18:41:26,679 - INFO - ✅ 步骤1: 点击Sign Up按钮进入注册页面 - 完成
2026-05-09 18:41:28,688 - INFO - 🔄 步骤2-5: 输入邮箱并进入设置密码页面
2026-05-09 18:41:28,691 - INFO - 📧 生成未使用过的特殊字符邮箱: 1+2-3.4%5_639638@163.com
2026-05-09 18:41:30,677 - INFO - ✅ 步骤2: 输入邮箱 - 完成（第1次尝试），邮箱: 1+2-3.4%5_639638@163.com
2026-05-09 18:41:38,105 - INFO - ✅ 步骤3: 同意隐私政策 - 完成
2026-05-09 18:41:40,191 - INFO - ✅ 步骤4: Done收起键盘 - 完成
2026-05-09 18:41:41,710 - INFO - ✅ 步骤5: 点击Next - 完成
2026-05-09 18:41:43,703 - INFO - ✅ 已进入set password页面
2026-05-09 18:41:43,703 - INFO - 🔄 步骤6: 设置密码
2026-05-09 18:41:48,736 - INFO - ✅ 步骤6: 设置密码 - 完成
2026-05-09 18:41:50,740 - INFO - 🔄 步骤7: 点击Done按钮（收起键盘）
2026-05-09 18:41:51,938 - INFO - ✅ 步骤7: 点击Done按钮（收起键盘） - 完成
2026-05-09 18:41:53,947 - INFO - 🔄 步骤8: 点击Next按钮进入个人信息页面
2026-05-09 18:41:54,934 - INFO - ✅ 步骤8: 点击Next按钮进入个人信息页面 - 完成
2026-05-09 18:41:56,942 - INFO - 🔄 步骤9: 设置超过50个字符的用户名
2026-05-09 18:41:56,943 - INFO - 📝 生成的用户名长度: 60 个字符
2026-05-09 18:41:59,297 - INFO - ✅ 已点击用户名区域: //XCUIElementTypeTextField[@value="Username"]
2026-05-09 18:42:00,291 - INFO - ✅ 命中用户名输入框定位: //XCUIElementTypeTextField[@value="Username"]
2026-05-09 18:42:01,821 - INFO - ✅ 步骤9: 设置超过50个字符的用户名 - 完成，输入的用户名长度: 60 个字符
2026-05-09 18:42:01,821 - INFO - 📝 输入的用户名前50个字符: NkhxLjumJjdybZKhxVjLnjjJrjhgcSKRwGoBjKMIOlQdvnCNMj
2026-05-09 18:42:04,830 - INFO - 🔄 步骤10: 点击Done按钮收起键盘
2026-05-09 18:42:06,062 - INFO - ✅ 步骤10: 点击Done按钮收起键盘 - 完成
2026-05-09 18:42:08,064 - INFO - 🔄 步骤11: 点击submit
2026-05-09 18:42:08,731 - INFO - ✅ 步骤11: 点击submit - 完成
2026-05-09 18:42:11,736 - INFO - 🔄 步骤12: 验证跳转到APP主页面
2026-05-09 18:42:12,152 - INFO - ✅ 步骤12: 验证跳转到APP主页面 - 完成
2026-05-09 18:42:12,152 - INFO - 🔄 步骤13: 验证用户名只保留50个字符
2026-05-09 18:42:12,300 - INFO - ✅ 找到用户名元素，使用选择器: //XCUIElementTypeStaticText[contains(@name, "Hi")]
2026-05-09 18:42:12,342 - INFO - 📝 用户名显示内容: Hi, NkhxLjumJjdybZKhxVjLnjjJrjhgcSKRwGoBjKMIOlQdvnCNMj
2026-05-09 18:42:12,342 - INFO - ✅ 步骤13: 验证用户名只保留50个字符 - 完成
2026-05-09 18:42:12,342 - INFO - 📝 输入的用户名长度: 60 个字符
2026-05-09 18:42:12,342 - INFO - 📝 显示的用户名长度: 50 个字符（已截断为50个字符）
2026-05-09 18:42:12,342 - INFO - 📝 显示的用户名: NkhxLjumJjdybZKhxVjLnjjJrjhgcSKRwGoBjKMIOlQdvnCNMj
2026-05-09 18:42:12,343 - INFO - 🎉 测试用例102179执行成功！
2026-05-09 18:42:14,381 - INFO - ✅ 报告已生成: /Users/ambrose.chen/Desktop/iot/project/APP外壳/2测试报告/platform/ios_20260509_184050/ios_20260509_184050_report.xlsx
