2026-05-11 18:47:29,055 - INFO - 🔄 步骤0: 重启APP并确保登出
2026-05-11 18:47:32,487 - INFO -     [登出] 开始登出流程...
2026-05-11 18:47:32,488 - INFO -     [登出] 步骤1: 检查页面是否有 More 按钮
2026-05-11 18:47:52,661 - INFO -     [登出] ℹ️ 未检测到 More 按钮，可能未登录，跳过登出流程
2026-05-11 18:47:54,666 - INFO - ✅ 步骤0: 重启APP并确保登出 - 完成
2026-05-11 18:47:54,667 - INFO - 🔄 步骤1: 点击 Sign Up 进入注册页
2026-05-11 18:47:57,401 - INFO - ✅ 步骤1: 点击 Sign Up 进入注册页 - 完成
2026-05-11 18:47:57,401 - INFO - 🔄 步骤2: 输入不支持特殊字符邮箱 haoc!51888@gmail.com
2026-05-11 18:47:58,767 - INFO - ✅ 步骤2: 输入不支持特殊字符邮箱 haoc!51888@gmail.com - 完成
2026-05-11 18:47:58,767 - INFO - 🔄 步骤3: 勾选协议
2026-05-11 18:47:59,202 - INFO - ✅ 步骤3: 勾选协议 - 完成
2026-05-11 18:47:59,202 - INFO - 🔄 步骤4: 点击 Next
2026-05-11 18:48:09,798 - INFO - Traceback (most recent call last):

2026-05-11 18:48:09,800 - INFO -   File "/Users/ambrose.chen/Desktop/iot/project/APP外壳/3功能/1平台/Android/2注册/200021验证注册时邮箱显示包含不支持的特殊字符.py", line 209, in test_200021
    _click_next(driver)

2026-05-11 18:48:09,800 - INFO -   File "/Users/ambrose.chen/Desktop/iot/project/APP外壳/3功能/1平台/Android/2注册/200021验证注册时邮箱显示包含不支持的特殊字符.py", line 144, in _click_next
    WebDriverWait(driver, 10).until(EC.element_to_be_clickable((AppiumBy.XPATH, "//android.widget.Button"))).click()
    ^^^^^^^^^^^^^^^^^^^^^^^^^^^^^^^^^^^^^^^^^^^^^^^^^^^^^^^^^^^^^^^^^^^^^^^^^^^^^^^^^^^^^^^^^^^^^^^^^^^^^^^^

2026-05-11 18:48:09,800 - INFO -   File "/Library/Frameworks/Python.framework/Versions/3.11/lib/python3.11/site-packages/selenium/webdriver/support/wait.py", line 138, in until
    raise TimeoutException(message, screen, stacktrace)

2026-05-11 18:48:09,800 - INFO - selenium.common.exceptions.TimeoutException: Message: 
Stacktrace:
NoSuchElementError: An element could not be located on the page using the given search parameters.
    at AndroidUiautomator2Driver.findElOrEls (/Users/ambrose.chen/.appium/node_modules/appium-uiautomator2-driver/node_modules/appium-android-driver/lib/commands/find.ts:86:11)
    at processTicksAndRejections (node:internal/process/task_queues:103:5)
    at AndroidUiautomator2Driver.findElOrElsWithProcessing (/Users/ambrose.chen/.appium/node_modules/appium-uiautomator2-driver/node_modules/@appium/base-driver/lib/basedriver/commands/find.ts:60:12)
    at AndroidUiautomator2Driver.findElement (/Users/ambrose.chen/.appium/node_modules/appium-uiautomator2-driver/node_modules/@appium/base-driver/lib/basedriver/commands/find.ts:75:12)

2026-05-11 18:48:10,228 - INFO - 已保存test_200021_failed失败截图: screenshots/test_200021_failed_1778496489.png
2026-05-11 18:48:10,246 - INFO - ✅ 报告已生成: /Users/ambrose.chen/Desktop/iot/project/APP外壳/2测试报告/platform/android_20260511_184725/android_20260511_184725_report.xlsx
