2026-05-11 20:59:04,634 - INFO - 🔄 步骤0: 登出，确保从登出状态开始测试
2026-05-11 20:59:04,634 - INFO - 开始登出流程...
2026-05-11 20:59:35,537 - INFO - 未检测到home sel/mine sel/mine，跳过登出流程
2026-05-11 20:59:35,538 - INFO - ✅ 步骤0: 登出，确保从登出状态开始测试 - 完成
2026-05-11 20:59:37,542 - INFO - 🔄 步骤1: 验证在APP首页（登录页面）
2026-05-11 20:59:37,697 - INFO - ✅ 步骤1: 验证在APP首页（登录页面） - 完成，确认在APP首页（登录页面）
2026-05-11 20:59:39,703 - INFO - 🔄 步骤2: 点击Sign Up按钮进入注册页面
2026-05-11 20:59:40,654 - INFO - ✅ 步骤2: 点击Sign Up按钮进入注册页面 - 完成
2026-05-11 20:59:43,656 - INFO - 🔄 步骤3: 验证进入Sign Up页面
2026-05-11 20:59:43,971 - INFO - ✅ 步骤3: 验证进入Sign Up页面 - 完成，确认已进入Sign Up注册页面
2026-05-11 20:59:45,979 - INFO - 🔄 步骤4: 输入邮箱
2026-05-11 20:59:45,982 - INFO - 📧 生成简单邮箱地址: testuser236@163.com
2026-05-11 20:59:47,877 - INFO - ✅ 步骤4: 输入邮箱 - 完成，邮箱: testuser236@163.com
2026-05-11 20:59:49,888 - INFO - 🔄 步骤5: 勾选隐私政策和用户协议
2026-05-11 20:59:56,003 - INFO - ✅ 隐私政策复选框已勾选
2026-05-11 20:59:57,507 - INFO - 🔄 步骤5.1: 收起键盘（Done）
2026-05-11 20:59:58,775 - INFO - ✅ 已点击Done收起键盘
2026-05-11 20:59:59,782 - INFO - 🔄 步骤6: 点击Next进入set password页面
2026-05-11 21:00:00,507 - INFO - ✅ 步骤6: 点击Next进入set password页面 - 完成，已点击Next按钮
2026-05-11 21:00:03,517 - INFO - 🔄 步骤7: 验证进入set password页面
2026-05-11 21:00:03,804 - INFO - ✅ 成功进入set password页面
2026-05-11 21:00:05,314 - INFO - 🔄 步骤8: 输入超长密码并验证规则颜色
2026-05-11 21:00:07,150 - INFO - ✅ 已输入密码: Csx123456789012345678
2026-05-11 21:00:09,048 - INFO - 📝 规则提示: • 6-20 characters 颜色: None
2026-05-11 21:00:09,432 - INFO - 📝 规则提示: • contains letters 颜色: None
2026-05-11 21:00:09,830 - INFO - 📝 规则提示: • contains numbers 颜色: None
2026-05-11 21:00:10,208 - INFO - 📝 规则提示: • Supports special characters:! @ # $ % ^ & * ( ) - _ = + \ | [ ] { } ; : / ? . , ~ > < ` 颜色: None
2026-05-11 21:00:10,209 - INFO - ✅ 规则颜色检查完成（无法获取颜色时已记录）
2026-05-11 21:00:11,217 - INFO - 🔄 步骤9: 收起键盘并点击Next，验证停留当前页面
2026-05-11 21:00:12,404 - INFO - ✅ 已点击Done收起键盘
2026-05-11 21:00:13,983 - INFO - ✅ 已尝试点击密码页Next按钮
2026-05-11 21:00:16,265 - INFO - ✅ 点击后仍停留在set password页面，Next按钮不可使页面跳转
2026-05-11 21:00:17,274 - INFO - 🎉 测试用例102225执行成功！
2026-05-11 21:00:17,274 - INFO - ✅ 密码大于20位时规则颜色符合预期，Next按钮不可跳转
2026-05-11 21:00:19,313 - INFO - ✅ 报告已生成: /Users/ambrose.chen/Desktop/iot/project/APP外壳/2测试报告/platform/ios_20260511_205902/ios_20260511_205902_report.xlsx
