2026-05-07 22:13:47,371 - INFO - 🔄 步骤0: 登出，确保从登出状态开始测试
2026-05-07 22:13:47,372 - INFO - 开始登出流程...
2026-05-07 22:14:18,269 - INFO - 未检测到home sel/mine sel/mine，跳过登出流程
2026-05-07 22:14:18,270 - INFO - ✅ 步骤0: 登出，确保从登出状态开始测试 - 完成
2026-05-07 22:14:20,277 - INFO - 🔄 步骤1: 验证在APP首页（登录页面）
2026-05-07 22:14:20,455 - INFO - ✅ 步骤1: 验证在APP首页（登录页面） - 完成，确认在APP首页（登录页面）
2026-05-07 22:14:22,460 - INFO - 🔄 步骤2: 点击Sign Up按钮进入注册页面
2026-05-07 22:14:23,421 - INFO - ✅ 步骤2: 点击Sign Up按钮进入注册页面 - 完成
2026-05-07 22:14:26,426 - INFO - 🔄 步骤3: 验证进入Sign Up页面
2026-05-07 22:14:26,657 - INFO - ✅ 步骤3: 验证进入Sign Up页面 - 完成，确认已进入Sign Up注册页面
2026-05-07 22:14:28,659 - INFO - 🔄 步骤4: 输入邮箱
2026-05-07 22:14:28,663 - INFO - 📧 生成简单邮箱地址: testuser122@163.com
2026-05-07 22:14:30,577 - INFO - ✅ 步骤4: 输入邮箱 - 完成，邮箱: testuser122@163.com
2026-05-07 22:14:32,579 - INFO - 🔄 步骤5: 勾选隐私政策和用户协议
2026-05-07 22:14:38,559 - INFO - ✅ 隐私政策复选框已勾选
2026-05-07 22:14:40,067 - INFO - 🔄 步骤5.1: 收起键盘（Done）
2026-05-07 22:14:41,359 - INFO - ✅ 已点击Done收起键盘
2026-05-07 22:14:42,367 - INFO - 🔄 步骤6: 点击Next进入set password页面
2026-05-07 22:14:43,053 - INFO - ✅ 步骤6: 点击Next进入set password页面 - 完成，已点击Next按钮
2026-05-07 22:14:46,056 - INFO - 🔄 步骤7: 验证进入set password页面
2026-05-07 22:14:46,341 - INFO - ✅ 成功进入set password页面
2026-05-07 22:14:47,846 - INFO - 🔄 步骤8: 输入密码并确认
2026-05-07 22:14:49,707 - INFO - ✅ 已输入密码: Csx150128
2026-05-07 22:14:51,669 - INFO - ✅ 已输入确认密码: Csx150128
2026-05-07 22:14:52,670 - INFO - 🔄 步骤9: 点击清除按钮“×”
2026-05-07 22:14:53,655 - INFO - ✅ 已点击清除按钮“×”
2026-05-07 22:14:55,162 - INFO - 🔄 步骤10: 验证密码被清空
2026-05-07 22:14:55,415 - INFO - 📝 清除后密码框内容: 'Password'
2026-05-07 22:14:55,416 - INFO - ✅ 密码框已清空
2026-05-07 22:14:56,424 - INFO - 🎉 测试用例102239执行成功！
2026-05-07 22:14:56,425 - INFO - ✅ 验证输入的密码可以一键“×”清空
2026-05-07 22:14:58,457 - INFO - ✅ 报告已生成: /Users/ambrose.chen/Desktop/iot/project/APP外壳/2测试报告/platform/ios_20260507_221345/ios_20260507_221345_report.xlsx
