2026-05-07 20:45:21,270 - INFO - 🔄 步骤0: 登出，确保从登出状态开始测试
2026-05-07 20:45:21,270 - INFO - 开始登出流程...
2026-05-07 20:45:52,181 - INFO - 未检测到home sel/mine sel/mine，跳过登出流程
2026-05-07 20:45:52,182 - INFO - ✅ 步骤0: 登出，确保从登出状态开始测试 - 完成
2026-05-07 20:45:54,184 - INFO - 🔄 步骤1: 点击Sign Up按钮进入注册页面
2026-05-07 20:45:55,161 - INFO - ✅ 步骤1: 点击Sign Up按钮进入注册页面 - 完成
2026-05-07 20:45:57,166 - INFO - 🔄 步骤2: 输入包含不支持特殊字符的邮箱地址
2026-05-07 20:45:57,170 - INFO - 📧 生成不支持特殊字符邮箱地址: 1/2-3；4*5_611@163.com
2026-05-07 20:45:59,220 - INFO - ✅ 步骤2: 输入包含不支持特殊字符的邮箱地址 - 完成，邮箱: 1/2-3；4*5_611@163.com
2026-05-07 20:46:01,225 - INFO - 🔄 步骤3: 点击Done按钮收起键盘
2026-05-07 20:46:02,540 - INFO - ✅ 步骤3: 点击Done按钮收起键盘 - 完成
2026-05-07 20:46:04,549 - INFO - 🔄 步骤4: 勾选隐私政策和用户协议
2026-05-07 20:46:05,270 - INFO - ✅ 步骤4: 勾选隐私政策和用户协议 - 完成
2026-05-07 20:46:07,279 - INFO - 🔄 步骤5: 验证Next按钮不可点击，且仍停留在当前页面
2026-05-07 20:46:07,510 - INFO - ✅ 点击前确认在注册页面（邮箱输入框存在）
2026-05-07 20:46:07,801 - INFO - ℹ️ Next按钮 enabled 属性: false
2026-05-07 20:46:08,225 - INFO - 🖱️ 已尝试点击Next按钮
2026-05-07 20:46:10,445 - INFO - ✅ 点击后邮箱输入框仍在，确认停留在注册页面
2026-05-07 20:46:20,658 - INFO - ✅ Next按钮为禁用态（预期行为）
2026-05-07 20:46:20,658 - INFO - ✅ 步骤5: 验证Next按钮不可点击，且仍停留在当前页面 - 完成，仍停留在注册页面
2026-05-07 20:46:20,658 - INFO - 🔄 步骤6: 验证页面显示提示信息
2026-05-07 20:46:20,928 - INFO - 📝 提示信息内容: Please sign up using your email address
2026-05-07 20:46:20,928 - INFO - ✅ 步骤6: 验证页面显示提示信息 - 完成，提示信息显示正确: Please sign up using your email address
2026-05-07 20:46:20,928 - INFO - 🎉 测试用例102025执行成功！
2026-05-07 20:46:22,952 - INFO - ✅ 报告已生成: /Users/ambrose.chen/Desktop/iot/project/APP外壳/2测试报告/platform/ios_20260507_204519/ios_20260507_204519_report.xlsx
