2026-05-09 21:38:45,692 - INFO - 🔄 步骤1: 重启APP并处理登录状态
2026-05-09 21:39:06,998 - INFO - ✅ 步骤1: 重启APP并处理登录状态 - 完成
2026-05-09 21:39:06,999 - INFO - 🔄 步骤2: 点击Sign In进入登录页
2026-05-09 21:39:09,914 - INFO - ✅ 步骤2: 点击Sign In进入登录页 - 完成
2026-05-09 21:39:09,915 - INFO - 🔄 步骤3: 点击Forgot password进入忘记密码页
2026-05-09 21:39:12,939 - INFO - ✅ 步骤3: 点击Forgot password进入忘记密码页 - 完成
2026-05-09 21:39:12,940 - INFO - 🔄 步骤4: 输入邮箱并点击Next进入验证码页
2026-05-09 21:39:23,292 - INFO - ✅ 步骤4: 输入邮箱并点击Next进入验证码页 - 完成，邮箱: haoc51888@gmail.com
2026-05-09 21:39:23,293 - INFO - 🔄 步骤5: Gmail获取最新验证码code
2026-05-09 21:41:06,409 - INFO - ✅ 步骤5: Gmail获取最新验证码code - 完成，code: 369732
2026-05-09 21:41:06,410 - INFO - 🔄 步骤6: 输入验证码进入Set Password页
2026-05-09 21:41:15,862 - INFO - ✅ 步骤6: 输入验证码进入Set Password页 - 完成
2026-05-09 21:41:15,862 - INFO - 🔄 步骤7: 两次输入同一密码以显示清除按钮
2026-05-09 21:41:21,297 - INFO - ✅ 步骤7: 两次输入同一密码以显示清除按钮 - 完成
2026-05-09 21:41:21,298 - INFO - 🔄 步骤8: 点击 login delete 清除
2026-05-09 21:41:23,310 - INFO - ✅ 步骤8: 点击 login delete 清除 - 完成
2026-05-09 21:41:23,310 - INFO - 🔄 步骤9: 断言密码框已清空
2026-05-09 21:41:23,714 - INFO - 📝 清除后密码框内容: 'Password'
2026-05-09 21:41:23,715 - INFO - ✅ 步骤9: 断言密码框已清空 - 完成
2026-05-09 21:41:23,715 - INFO - 🎉 测试用例102161执行成功！
2026-05-09 21:41:23,748 - INFO - ✅ 报告已生成: /Users/ambrose.chen/Desktop/iot/project/APP外壳/2测试报告/platform/ios_20260509_213843/ios_20260509_213843_report.xlsx
