2026-05-07 20:19:37,888 - INFO - 🔄 步骤1: 重置APP，检测登录状态并登出
2026-05-07 20:19:43,783 - INFO -     ✅ APP已重置
2026-05-07 20:19:58,993 - INFO -     ℹ️ 未检测到登录状态，已在登录页面
2026-05-07 20:19:58,994 - INFO - ✅ 步骤1: 重置APP，检测登录状态并登出 - 完成
2026-05-07 20:19:58,994 - INFO - 🔄 步骤2: 点击登录按钮进入Sign in页面
2026-05-07 20:19:59,959 - INFO - ✅ 步骤2: 点击登录按钮进入Sign in页面 - 完成
2026-05-07 20:20:01,465 - INFO - 🔄 步骤3: 点击邮箱框，输入邮箱（未注册的邮箱）
2026-05-07 20:20:42,507 - INFO -     ✅ 邮箱输入完成: haoc51888chenhao@gmail.com
2026-05-07 20:20:43,511 - INFO - ✅ 步骤3: 点击邮箱框，输入邮箱（未注册的邮箱） - 完成
2026-05-07 20:20:43,511 - INFO - 🔄 步骤4: 点击密码框，输入密码
2026-05-07 20:21:24,982 - INFO -     ✅ 密码输入完成
2026-05-07 20:21:25,988 - INFO - ✅ 步骤4: 点击密码框，输入密码 - 完成
2026-05-07 20:21:25,989 - INFO - 🔄 步骤5: 点击键盘Done，收起键盘
2026-05-07 20:21:27,260 - INFO - ✅ 步骤5: 点击键盘Done，收起键盘 - 完成
2026-05-07 20:21:28,260 - INFO - 🔄 步骤6: 点击协议勾选框
2026-05-07 20:21:29,054 - INFO - ✅ 步骤6: 点击协议勾选框 - 完成
2026-05-07 20:21:30,056 - INFO - 🔄 步骤7: 点击登录按钮
2026-05-07 20:21:30,869 - INFO - ✅ 步骤7: 点击登录按钮 - 完成
2026-05-07 20:21:32,874 - INFO - 🔄 步骤8: 断言页面显示错误提示信息
2026-05-07 20:21:33,211 - INFO -     ✅ 找到错误提示信息: This email is not registered. Please check and re-enter.
2026-05-07 20:21:33,211 - INFO - ✅ 步骤8: 断言页面显示错误提示信息 - 完成，错误提示信息已显示
2026-05-07 20:21:33,211 - INFO - 🎉 测试用例102652执行成功！
2026-05-07 20:21:33,235 - INFO - ✅ 报告已生成: /Users/ambrose.chen/Desktop/iot/project/APP外壳/2测试报告/platform/ios_20260507_201936/ios_20260507_201936_report.xlsx
