2026-05-11 21:30:43,596 - INFO - 🔄 步骤0: 登出，确保从登出状态开始测试
2026-05-11 21:30:43,596 - INFO - 开始登出流程...
2026-05-11 21:31:14,539 - INFO - 未检测到home sel/mine sel/mine，跳过登出流程
2026-05-11 21:31:14,541 - INFO - ✅ 步骤0: 登出，确保从登出状态开始测试 - 完成
2026-05-11 21:31:16,551 - INFO - 🔄 步骤1: 点击Sign Up按钮进入注册页面
2026-05-11 21:31:17,527 - INFO - ✅ 步骤1: 点击Sign Up按钮进入注册页面 - 完成
2026-05-11 21:31:19,535 - INFO - 🔄 步骤2: 输入邮箱地址
2026-05-11 21:31:19,539 - INFO - 📧 生成邮箱地址: 1+2-3.4%5_637@163.com
2026-05-11 21:31:21,543 - INFO - ✅ 步骤2: 输入邮箱地址 - 完成，邮箱: 1+2-3.4%5_637@163.com
2026-05-11 21:31:23,551 - INFO - 🔄 步骤3: 同意隐私政策
2026-05-11 21:31:24,705 - INFO - ✅ 步骤3: 同意隐私政策 - 完成
2026-05-11 21:31:26,714 - INFO - 🔄 步骤4: 点击Done按钮（收起键盘）
2026-05-11 21:31:27,993 - INFO - ✅ 步骤4: 点击Done按钮（收起键盘） - 完成
2026-05-11 21:31:29,996 - INFO - 🔄 步骤5: 点击Next按钮进入密码设置
2026-05-11 21:31:30,682 - INFO - ✅ 步骤5: 点击Next按钮进入密码设置 - 完成
2026-05-11 21:31:32,685 - INFO - 🔄 步骤6: 设置密码
2026-05-11 21:31:37,691 - INFO - ✅ 步骤6: 设置密码 - 完成
2026-05-11 21:31:39,697 - INFO - 🔄 步骤7: 点击Done按钮（收起键盘）
2026-05-11 21:31:40,896 - INFO - ✅ 步骤7: 点击Done按钮（收起键盘） - 完成
2026-05-11 21:31:42,907 - INFO - 🔄 步骤8: 点击Next按钮进入个人信息页面
2026-05-11 21:31:43,891 - INFO - ✅ 步骤8: 点击Next按钮进入个人信息页面 - 完成
2026-05-11 21:31:45,899 - INFO - 🔄 步骤9: 设置用户名
2026-05-11 21:31:56,564 - INFO - ❌ 步骤9: 设置用户名失败: 无法找到或输入用户名框 - Message: 
Stacktrace:
NoSuchElementError: An element could not be located on the page using the given search parameters.
    at XCUITestDriver.doNativeFind (/Users/ambrose.chen/.appium/node_modules/appium-xcuitest-driver/lib/commands/find.js:116:11)
    at processTicksAndRejections (node:internal/process/task_queues:103:5)
    at XCUITestDriver.findNativeElementOrElements (/Users/ambrose.chen/.appium/node_modules/appium-xcuitest-driver/lib/commands/find.js:69:10)
    at XCUITestDriver.findElOrEls (/Users/ambrose.chen/.appium/node_modules/appium-xcuitest-driver/lib/commands/find.js:13:12)
    at XCUITestDriver.findElOrElsWithProcessing (/Users/ambrose.chen/.appium/node_modules/appium-xcuitest-driver/node_modules/@appium/base-driver/lib/basedriver/commands/find.ts:60:12)
    at XCUITestDriver.findElement (/Users/ambrose.chen/.appium/node_modules/appium-xcuitest-driver/node_modules/@appium/base-driver/lib/basedriver/commands/find.ts:75:12)
2026-05-11 21:31:56,565 - INFO - 
============================================================
2026-05-11 21:31:56,565 - INFO - ❌ 测试失败
2026-05-11 21:31:56,565 - INFO - 📍 失败步骤: 步骤9: 设置用户名
2026-05-11 21:31:56,565 - INFO - 📝 失败原因: 步骤9: 设置用户名失败: 无法找到或输入用户名框 - Message: 
Stacktrace:
NoSuchElementError: An element could not be located on the page using the given search parameters.
    at XCUITestDriver.doNativeFind (/Users/ambrose.chen/.appium/node_modules/appium-xcuitest-driver/lib/commands/find.js:116:11)
    at processTicksAndRejections (node:internal/process/task_queues:103:5)
    at XCUITestDriver.findNativeElementOrElements (/Users/ambrose.chen/.appium/node_modules/appium-xcuitest-driver/lib/commands/find.js:69:10)
    at XCUITestDriver.findElOrEls (/Users/ambrose.chen/.appium/node_modules/appium-xcuitest-driver/lib/commands/find.js:13:12)
    at XCUITestDriver.findElOrElsWithProcessing (/Users/ambrose.chen/.appium/node_modules/appium-xcuitest-driver/node_modules/@appium/base-driver/lib/basedriver/commands/find.ts:60:12)
    at XCUITestDriver.findElement (/Users/ambrose.chen/.appium/node_modules/appium-xcuitest-driver/node_modules/@appium/base-driver/lib/basedriver/commands/find.ts:75:12)
2026-05-11 21:31:56,565 - INFO - ============================================================
2026-05-11 21:31:56,569 - INFO - Traceback (most recent call last):

2026-05-11 21:31:56,570 - INFO -   File "/Users/ambrose.chen/Desktop/iot/project/APP外壳/3功能/1平台/IOS/2注册/102248验证输入用户名，点击返回按钮.py", line 247, in test_102248
    username_input = WebDriverWait(driver, 10).until(
                     ^^^^^^^^^^^^^^^^^^^^^^^^^^^^^^^^

2026-05-11 21:31:56,570 - INFO -   File "/Library/Frameworks/Python.framework/Versions/3.11/lib/python3.11/site-packages/selenium/webdriver/support/wait.py", line 138, in until
    raise TimeoutException(message, screen, stacktrace)

2026-05-11 21:31:56,570 - INFO - selenium.common.exceptions.TimeoutException: Message: 
Stacktrace:
NoSuchElementError: An element could not be located on the page using the given search parameters.
    at XCUITestDriver.doNativeFind (/Users/ambrose.chen/.appium/node_modules/appium-xcuitest-driver/lib/commands/find.js:116:11)
    at processTicksAndRejections (node:internal/process/task_queues:103:5)
    at XCUITestDriver.findNativeElementOrElements (/Users/ambrose.chen/.appium/node_modules/appium-xcuitest-driver/lib/commands/find.js:69:10)
    at XCUITestDriver.findElOrEls (/Users/ambrose.chen/.appium/node_modules/appium-xcuitest-driver/lib/commands/find.js:13:12)
    at XCUITestDriver.findElOrElsWithProcessing (/Users/ambrose.chen/.appium/node_modules/appium-xcuitest-driver/node_modules/@appium/base-driver/lib/basedriver/commands/find.ts:60:12)
    at XCUITestDriver.findElement (/Users/ambrose.chen/.appium/node_modules/appium-xcuitest-driver/node_modules/@appium/base-driver/lib/basedriver/commands/find.ts:75:12)

2026-05-11 21:31:56,834 - INFO - 已保存test_102248_failed失败截图: screenshots/test_102248_failed_1778506316.png
2026-05-11 21:31:56,854 - INFO - ✅ 报告已生成: /Users/ambrose.chen/Desktop/iot/project/APP外壳/2测试报告/platform/ios_20260511_213041/ios_20260511_213041_report.xlsx
