2026-05-19 16:27:25,571 - INFO - 🔄 步骤1: 重启APP
2026-05-19 16:27:30,471 - INFO - ✅ 步骤1: 重启APP - 完成
2026-05-19 16:27:30,471 - INFO - 🔄 步骤2: 检测登录状态并确保在登录/注册入口页
2026-05-19 16:27:31,030 - INFO -     [登出] 开始登出流程...
2026-05-19 16:27:31,031 - INFO -     [登出] 步骤1: 检查页面是否有 More 按钮
2026-05-19 16:27:31,103 - INFO -     [登出] ✅ 检测到 More 按钮: //android.view.View[@content-desc="More"]
2026-05-19 16:27:31,104 - INFO -     [登出] 步骤2: 点击 More 按钮，进入 more 页面
2026-05-19 16:27:31,158 - INFO -     [登出] ✅ 已点击 More 按钮 (使用: //android.view.View[@content-desc="More"])
2026-05-19 16:27:33,163 - INFO -     [登出] 步骤3: 点击 edit 按钮
2026-05-19 16:27:33,325 - INFO -     [登出] ✅ 已点击 edit 按钮
2026-05-19 16:27:35,330 - INFO -     [登出] 步骤4: 点击 Log Out 按钮
2026-05-19 16:27:35,469 - INFO -     [登出] ✅ 已点击 Log Out 按钮
2026-05-19 16:27:36,973 - INFO -     [登出] 步骤5: 点击 Confirm 按钮，确认登出
2026-05-19 16:27:39,150 - INFO -     [登出] ✅ 已点击 Confirm 按钮
2026-05-19 16:27:47,204 - INFO -     [登出] ⚠️ 登出完成，但无法确认是否已返回登录页面
2026-05-19 16:27:47,205 - INFO -     [登出] ✅ 登出流程完成
2026-05-19 16:27:49,258 - INFO - ✅ 步骤2: 检测登录状态并确保在登录/注册入口页 - 完成
2026-05-19 16:27:49,258 - INFO - 🔄 步骤3: 点击 Sign Up 进入注册页
2026-05-19 16:27:51,660 - INFO - ✅ 步骤3: 点击 Sign Up 进入注册页 - 完成
2026-05-19 16:27:51,665 - INFO - 📧 生成简单邮箱地址: testuser332@163.com
2026-05-19 16:27:51,665 - INFO - 🔄 步骤4: 输入用户名后返回
2026-05-19 16:29:07,987 - INFO - 
============================================================
2026-05-19 16:29:07,989 - INFO - ❌ 测试失败
2026-05-19 16:29:07,989 - INFO - 📍 失败步骤: 步骤4: 输入用户名后返回
2026-05-19 16:29:07,989 - INFO - 📝 失败原因: 步骤4: 输入用户名后返回失败: Message: 未进入设置密码页（需要至少 2 个 EditText）

2026-05-19 16:29:07,989 - INFO - ============================================================
2026-05-19 16:29:07,998 - INFO - Traceback (most recent call last):

2026-05-19 16:29:07,999 - INFO -   File "/Users/ambrose.chen/Desktop/iot/project/APP外壳/3功能/1平台/Android/2注册/200089验证输入用户名，点击返回按钮.py", line 242, in test_200089
    step_assert_on_password_page(driver)

2026-05-19 16:29:08,000 - INFO -   File "/Users/ambrose.chen/Desktop/iot/project/APP外壳/3功能/1平台/Android/2注册/register_case_base.py", line 260, in step_assert_on_password_page
    raise TimeoutException("未进入设置密码页（需要至少 2 个 EditText）")

2026-05-19 16:29:08,000 - INFO - selenium.common.exceptions.TimeoutException: Message: 未进入设置密码页（需要至少 2 个 EditText）


2026-05-19 16:29:08,574 - INFO - 已保存test_200089_failed失败截图: screenshots/test_200089_failed_1779179348.png
2026-05-19 16:29:08,594 - INFO - ✅ 报告已生成: /Users/ambrose.chen/Desktop/iot/project/APP外壳/2测试报告/platform/android_20260519_162722/android_20260519_162722_report.xlsx
