2026-05-09 18:11:45,633 - INFO - 🔄 步骤1: 重置APP，检测登录状态并登出
2026-05-09 18:11:51,540 - INFO -     ✅ APP已重置
2026-05-09 18:12:06,763 - INFO -     ℹ️ 未检测到登录状态，已在登录页面
2026-05-09 18:12:06,765 - INFO - ✅ 步骤1: 重置APP，检测登录状态并登出 - 完成
2026-05-09 18:12:06,765 - INFO - 🔄 步骤2: 点击登录按钮进入Sign in页面
2026-05-09 18:12:07,740 - INFO - ✅ 步骤2: 点击登录按钮进入Sign in页面 - 完成
2026-05-09 18:12:09,249 - INFO - 🔄 步骤3: 点击邮箱框，输入邮箱（未注册的邮箱）
2026-05-09 18:12:50,259 - INFO -     ✅ 邮箱输入完成: haoc51888chenhao@gmail.com
2026-05-09 18:12:51,267 - INFO - ✅ 步骤3: 点击邮箱框，输入邮箱（未注册的邮箱） - 完成
2026-05-09 18:12:51,268 - INFO - 🔄 步骤4: 点击密码框，输入密码
2026-05-09 18:13:32,641 - INFO -     ✅ 密码输入完成
2026-05-09 18:13:33,646 - INFO - ✅ 步骤4: 点击密码框，输入密码 - 完成
2026-05-09 18:13:33,646 - INFO - 🔄 步骤5: 点击键盘Done，收起键盘
2026-05-09 18:13:34,892 - INFO - ✅ 步骤5: 点击键盘Done，收起键盘 - 完成
2026-05-09 18:13:35,894 - INFO - 🔄 步骤6: 点击协议勾选框
2026-05-09 18:13:36,675 - INFO - ✅ 步骤6: 点击协议勾选框 - 完成
2026-05-09 18:13:37,683 - INFO - 🔄 步骤7: 点击登录按钮
2026-05-09 18:13:38,478 - INFO - ✅ 步骤7: 点击登录按钮 - 完成
2026-05-09 18:13:40,485 - INFO - 🔄 步骤8: 断言页面显示错误提示信息
2026-05-09 18:13:40,812 - INFO -     ✅ 找到错误提示信息: This email is not registered. Please check and re-enter.
2026-05-09 18:13:40,812 - INFO - ✅ 步骤8: 断言页面显示错误提示信息 - 完成，错误提示信息已显示
2026-05-09 18:13:40,812 - INFO - 🎉 测试用例102652执行成功！
2026-05-09 18:13:40,842 - INFO - ✅ 报告已生成: /Users/ambrose.chen/Desktop/iot/project/APP外壳/2测试报告/platform/ios_20260509_181143/ios_20260509_181143_report.xlsx
