2026-05-07 21:11:17,769 - INFO - 🔄 步骤0: 登出，确保从登出状态开始测试
2026-05-07 21:11:17,769 - INFO - 开始登出流程...
2026-05-07 21:11:48,680 - INFO - 未检测到home sel/mine sel/mine，跳过登出流程
2026-05-07 21:11:48,681 - INFO - ✅ 步骤0: 登出，确保从登出状态开始测试 - 完成
2026-05-07 21:11:50,687 - INFO - 🔄 步骤1: 验证在APP首页（登录页面）
2026-05-07 21:11:50,859 - INFO - ✅ 步骤1: 验证在APP首页（登录页面） - 完成，确认在APP首页（登录页面）
2026-05-07 21:11:52,865 - INFO - 🔄 步骤2: 点击Sign Up按钮进入注册页面
2026-05-07 21:11:53,831 - INFO - ✅ 步骤2: 点击Sign Up按钮进入注册页面 - 完成
2026-05-07 21:11:56,833 - INFO - 🔄 步骤3: 验证进入Sign Up页面
2026-05-07 21:11:57,068 - INFO - ✅ 步骤3: 验证进入Sign Up页面 - 完成，确认已进入Sign Up注册页面
2026-05-07 21:11:59,078 - INFO - 🔄 步骤5: 输入邮箱
2026-05-07 21:11:59,082 - INFO - 📧 生成简单邮箱地址: testuser98@163.com
2026-05-07 21:12:01,023 - INFO - ✅ 步骤5: 输入邮箱 - 完成，邮箱: testuser98@163.com
2026-05-07 21:12:03,027 - INFO - 🔄 步骤6: 点击Done按钮收起键盘
2026-05-07 21:12:04,316 - INFO - ✅ 步骤6: 点击Done按钮收起键盘 - 完成
2026-05-07 21:12:06,319 - INFO - 🔄 步骤7: 验证不勾选隐私政策和用户协议
2026-05-07 21:12:11,665 - INFO - ✅ 隐私政策复选框未勾选（预期状态）
2026-05-07 21:12:11,665 - INFO - ✅ 步骤7: 验证不勾选隐私政策和用户协议 - 完成，隐私政策复选框未勾选
2026-05-07 21:12:13,667 - INFO - 🔄 步骤8: 验证Next按钮置灰不可点击
2026-05-07 21:12:13,952 - INFO - 📝 Next按钮 enabled 属性: false
2026-05-07 21:12:13,952 - INFO - ✅ 步骤8: 验证Next按钮置灰不可点击 - 完成，确认Next按钮置灰不可点击
2026-05-07 21:12:15,962 - INFO - 🔄 步骤9: 验证仍停留在注册页面
2026-05-07 21:12:16,608 - INFO - 📝 当前邮箱输入框内容: testuser98@163.com
2026-05-07 21:12:16,608 - INFO - ✅ 步骤9: 验证仍停留在注册页面 - 完成，点击无效果，仍停留在注册页面
2026-05-07 21:12:18,617 - INFO - 🎉 测试用例102191执行成功！
2026-05-07 21:12:18,617 - INFO - ✅ 验证注册，不选择"用户政策、隐私协议"，点击"下一步"：Next按钮置灰且仍停留在当前页面
2026-05-07 21:12:20,651 - INFO - ✅ 报告已生成: /Users/ambrose.chen/Desktop/iot/project/APP外壳/2测试报告/platform/ios_20260507_211116/ios_20260507_211116_report.xlsx
