2026-05-09 19:21:47,119 - INFO - 🔄 步骤0: 登出，确保从登出状态开始测试
2026-05-09 19:21:47,119 - INFO - 开始登出流程...
2026-05-09 19:22:18,031 - INFO - 未检测到home sel/mine sel/mine，跳过登出流程
2026-05-09 19:22:18,032 - INFO - ✅ 步骤0: 登出，确保从登出状态开始测试 - 完成
2026-05-09 19:22:20,041 - INFO - 🔄 步骤1: 验证在APP首页（登录页面）
2026-05-09 19:22:20,209 - INFO - ✅ 步骤1: 验证在APP首页（登录页面） - 完成，确认在APP首页（登录页面）
2026-05-09 19:22:22,218 - INFO - 🔄 步骤2: 点击Sign Up按钮进入注册页面
2026-05-09 19:22:23,184 - INFO - ✅ 步骤2: 点击Sign Up按钮进入注册页面 - 完成
2026-05-09 19:22:26,190 - INFO - 🔄 步骤3: 验证进入Sign Up页面
2026-05-09 19:22:26,427 - INFO - ✅ 步骤3: 验证进入Sign Up页面 - 完成，确认已进入Sign Up注册页面
2026-05-09 19:22:28,437 - INFO - 🔄 步骤4: 验证Next按钮存在并检查初始状态
2026-05-09 19:22:28,716 - INFO - 📝 Next按钮enabled状态: True
2026-05-09 19:22:28,716 - INFO - ✅ 步骤4: 验证Next按钮存在并检查初始状态 - 完成，Next按钮存在
2026-05-09 19:22:28,717 - INFO - 📝 Next按钮初始状态：浅绿色（通过点击后是否停留在页面来验证是否可点击）
2026-05-09 19:22:30,721 - INFO - 🔄 步骤5: 点击Next按钮
2026-05-09 19:22:30,944 - INFO - ✅ 点击前确认仍在Sign Up注册页面
2026-05-09 19:22:31,518 - INFO - ✅ 步骤5: 点击Next按钮 - 完成，已尝试点击Next按钮
2026-05-09 19:22:33,525 - INFO - 🔄 步骤6: 验证点击后仍停留在当前页面
2026-05-09 19:22:33,972 - INFO - ✅ 步骤6: 验证点击后仍停留在当前页面 - 完成
2026-05-09 19:22:33,972 - INFO - ✅ 验证通过：点击Next按钮后仍停留在当前页面
2026-05-09 19:22:33,972 - INFO - ✅ 验证通过：Next按钮初始/输入邮箱后仍为浅绿色不可点击，点击后停留在当前页面说明处于禁用状态
2026-05-09 19:22:35,981 - INFO - 🎉 测试用例102202执行成功！
2026-05-09 19:22:35,982 - INFO - ✅ 验证"Next"按钮，初始状态为浅色，不可点击：点击后仍停留在当前页面
2026-05-09 19:22:38,011 - INFO - ✅ 报告已生成: /Users/ambrose.chen/Desktop/iot/project/APP外壳/2测试报告/platform/ios_20260509_192145/ios_20260509_192145_report.xlsx
