2026-05-09 20:08:13,465 - INFO - 🔄 步骤0: 登出，确保从登出状态开始测试
2026-05-09 20:08:13,465 - INFO - 开始登出流程...
2026-05-09 20:08:44,387 - INFO - 未检测到home sel/mine sel/mine，跳过登出流程
2026-05-09 20:08:44,389 - INFO - ✅ 步骤0: 登出，确保从登出状态开始测试 - 完成
2026-05-09 20:08:46,398 - INFO - 🔄 步骤1: 验证在APP首页（登录页面）
2026-05-09 20:08:46,575 - INFO - ✅ 步骤1: 验证在APP首页（登录页面） - 完成，确认在APP首页（登录页面）
2026-05-09 20:08:48,581 - INFO - 🔄 步骤2: 点击Sign Up按钮进入注册页面
2026-05-09 20:08:49,549 - INFO - ✅ 步骤2: 点击Sign Up按钮进入注册页面 - 完成
2026-05-09 20:08:52,557 - INFO - 🔄 步骤3: 验证进入Sign Up页面
2026-05-09 20:08:52,793 - INFO - ✅ 步骤3: 验证进入Sign Up页面 - 完成，确认已进入Sign Up注册页面
2026-05-09 20:08:54,803 - INFO - 🔄 步骤4: 输入邮箱
2026-05-09 20:08:54,808 - INFO - 📧 生成简单邮箱地址: testuser213@163.com
2026-05-09 20:08:56,794 - INFO - ✅ 步骤4: 输入邮箱 - 完成，邮箱: testuser213@163.com
2026-05-09 20:08:58,801 - INFO - 🔄 步骤5: 勾选隐私政策和用户协议
2026-05-09 20:09:04,912 - INFO - ✅ 隐私政策复选框已勾选
2026-05-09 20:09:06,416 - INFO - 🔄 步骤5.1: 收起键盘（Done）
2026-05-09 20:09:07,679 - INFO - ✅ 已点击Done收起键盘
2026-05-09 20:09:08,689 - INFO - 🔄 步骤6: 点击Next进入set password页面
2026-05-09 20:09:09,394 - INFO - ✅ 步骤6: 点击Next进入set password页面 - 完成，已点击Next按钮
2026-05-09 20:09:12,401 - INFO - 🔄 步骤7: 验证进入set password页面
2026-05-09 20:09:12,695 - INFO - ✅ 成功进入set password页面
2026-05-09 20:09:14,202 - INFO - 🔄 步骤8: 输入密码并确认
2026-05-09 20:09:16,023 - INFO - ✅ 已输入密码: Csx150128
2026-05-09 20:09:17,957 - INFO - ✅ 已输入确认密码: Csx150128
2026-05-09 20:09:18,962 - INFO - 🔄 步骤9: 点击清除按钮“×”
2026-05-09 20:09:19,918 - INFO - ✅ 已点击清除按钮“×”
2026-05-09 20:09:21,427 - INFO - 🔄 步骤10: 验证密码被清空
2026-05-09 20:09:21,668 - INFO - 📝 清除后密码框内容: 'Password'
2026-05-09 20:09:21,668 - INFO - ✅ 密码框已清空
2026-05-09 20:09:22,676 - INFO - 🎉 测试用例102239执行成功！
2026-05-09 20:09:22,676 - INFO - ✅ 验证输入的密码可以一键“×”清空
2026-05-09 20:09:24,714 - INFO - ✅ 报告已生成: /Users/ambrose.chen/Desktop/iot/project/APP外壳/2测试报告/platform/ios_20260509_200811/ios_20260509_200811_report.xlsx
