2026-05-07 22:16:18,754 - INFO - 🔄 步骤0: 登出，确保从登出状态开始测试
2026-05-07 22:16:18,755 - INFO - 开始登出流程...
2026-05-07 22:16:49,673 - INFO - 未检测到home sel/mine sel/mine，跳过登出流程
2026-05-07 22:16:49,675 - INFO - ✅ 步骤0: 登出，确保从登出状态开始测试 - 完成
2026-05-07 22:16:51,678 - INFO - 🔄 步骤1: 验证在APP首页（登录页面）
2026-05-07 22:16:51,848 - INFO - ✅ 步骤1: 验证在APP首页（登录页面） - 完成，确认在APP首页（登录页面）
2026-05-07 22:16:53,854 - INFO - 🔄 步骤2: 点击Sign Up按钮进入注册页面
2026-05-07 22:16:54,812 - INFO - ✅ 步骤2: 点击Sign Up按钮进入注册页面 - 完成
2026-05-07 22:16:57,820 - INFO - 🔄 步骤3: 验证进入Sign Up页面
2026-05-07 22:16:58,056 - INFO - ✅ 步骤3: 验证进入Sign Up页面 - 完成，确认已进入Sign Up注册页面
2026-05-07 22:17:00,057 - INFO - 🔄 步骤4: 输入邮箱
2026-05-07 22:17:00,060 - INFO - 📧 生成简单邮箱地址: testuser124@163.com
2026-05-07 22:17:01,960 - INFO - ✅ 步骤4: 输入邮箱 - 完成，邮箱: testuser124@163.com
2026-05-07 22:17:03,968 - INFO - 🔄 步骤5: 勾选隐私政策和用户协议
2026-05-07 22:17:09,911 - INFO - ✅ 隐私政策复选框已勾选
2026-05-07 22:17:11,419 - INFO - 🔄 步骤5.1: 收起键盘（Done）
2026-05-07 22:17:12,708 - INFO - ✅ 已点击Done收起键盘
2026-05-07 22:17:13,714 - INFO - 🔄 步骤6: 点击Next进入set password页面
2026-05-07 22:17:14,426 - INFO - ✅ 步骤6: 点击Next进入set password页面 - 完成，已点击Next按钮
2026-05-07 22:17:17,429 - INFO - 🔄 步骤7: 验证进入set password页面
2026-05-07 22:17:17,729 - INFO - ✅ 成功进入set password页面
2026-05-07 22:17:19,237 - INFO - 🔄 步骤8: 输入密码并切换明文显示
2026-05-07 22:17:20,892 - INFO - ✅ 已输入密码: Csx150128
2026-05-07 22:17:22,976 - INFO - ✅ 已点击显示密码按钮（login pwd hide）
2026-05-07 22:17:24,431 - INFO - 📝 显示后密码框value: 'Csx150128', type: 'XCUIElementTypeTextField'
2026-05-07 22:17:24,431 - INFO - ✅ 密码已明文显示
2026-05-07 22:17:25,438 - INFO - 🎉 测试用例102241执行成功！
2026-05-07 22:17:25,439 - INFO - ✅ 密码可切换为明文显示校验通过
2026-05-07 22:17:27,476 - INFO - ✅ 报告已生成: /Users/ambrose.chen/Desktop/iot/project/APP外壳/2测试报告/platform/ios_20260507_221616/ios_20260507_221616_report.xlsx
