2026-05-09 19:45:38,818 - INFO - 🔄 步骤0: 登出，确保从登出状态开始测试
2026-05-09 19:45:38,818 - INFO - 开始登出流程...
2026-05-09 19:46:09,730 - INFO - 未检测到home sel/mine sel/mine，跳过登出流程
2026-05-09 19:46:09,732 - INFO - ✅ 步骤0: 登出，确保从登出状态开始测试 - 完成
2026-05-09 19:46:11,741 - INFO - 🔄 步骤1: 验证在APP首页（登录页面）
2026-05-09 19:46:11,896 - INFO - ✅ 步骤1: 验证在APP首页（登录页面） - 完成，确认在APP首页（登录页面）
2026-05-09 19:46:13,906 - INFO - 🔄 步骤2: 点击Sign Up按钮进入注册页面
2026-05-09 19:46:14,868 - INFO - ✅ 步骤2: 点击Sign Up按钮进入注册页面 - 完成
2026-05-09 19:46:17,877 - INFO - 🔄 步骤3: 验证进入Sign Up页面
2026-05-09 19:46:18,106 - INFO - ✅ 步骤3: 验证进入Sign Up页面 - 完成，确认已进入Sign Up注册页面
2026-05-09 19:46:20,115 - INFO - 🔄 步骤4: 输入邮箱
2026-05-09 19:46:20,121 - INFO - 📧 生成简单邮箱地址: testuser196@163.com
2026-05-09 19:46:22,119 - INFO - ✅ 步骤4: 输入邮箱 - 完成，邮箱: testuser196@163.com
2026-05-09 19:46:24,129 - INFO - 🔄 步骤5: 勾选隐私政策和用户协议
2026-05-09 19:46:30,253 - INFO - ✅ 隐私政策复选框已勾选
2026-05-09 19:46:31,763 - INFO - 🔄 步骤5.1: 收起键盘（Done）
2026-05-09 19:46:33,021 - INFO - ✅ 已点击Done收起键盘
2026-05-09 19:46:34,022 - INFO - 🔄 步骤6: 点击Next进入set password页面
2026-05-09 19:46:34,734 - INFO - ✅ 步骤6: 点击Next进入set password页面 - 完成，已点击Next按钮
2026-05-09 19:46:37,742 - INFO - 🔄 步骤7: 验证进入set password页面
2026-05-09 19:46:38,017 - INFO - ✅ 成功进入set password页面
2026-05-09 19:46:39,525 - INFO - 🔄 步骤8: 不输入密码验证Next不可点击，点击后仍停留本页
2026-05-09 19:46:39,716 - INFO - 📝 密码页Next按钮enabled状态: False
2026-05-09 19:46:40,126 - INFO - ✅ 已尝试点击密码页Next按钮
2026-05-09 19:46:42,410 - INFO - ✅ 点击后仍停留在set password页面，Next按钮视为禁用/无效状态
2026-05-09 19:46:43,413 - INFO - 🎉 测试用例102222执行成功！
2026-05-09 19:46:43,414 - INFO - ✅ 验证进入设置密码页面：不填密码时Next为浅色/无效，点击后仍停留在当前页面
2026-05-09 19:46:45,448 - INFO - ✅ 报告已生成: /Users/ambrose.chen/Desktop/iot/project/APP外壳/2测试报告/platform/ios_20260509_194537/ios_20260509_194537_report.xlsx
