2026-05-11 21:03:28,188 - INFO - 🔄 步骤0: 登出，确保从登出状态开始测试
2026-05-11 21:03:28,188 - INFO - 开始登出流程...
2026-05-11 21:03:28,438 - INFO - 检测到home sel元素
2026-05-11 21:03:39,807 - INFO - ✅ 点击mine按钮: //XCUIElementTypeButton[@name="mine"]
2026-05-11 21:03:42,003 - INFO - ✅ 点击CommonEdit编辑按钮: //XCUIElementTypeButton[@name="CommonEdit"]
2026-05-11 21:03:44,186 - INFO - ✅ 点击Log Out: //XCUIElementTypeButton[@name="Log Out"]
2026-05-11 21:03:46,360 - INFO - ✅ 点击Confirm: //XCUIElementTypeButton[@name="Confirm"]
2026-05-11 21:03:47,866 - INFO - 登出操作完成
2026-05-11 21:03:48,180 - INFO - ✅ 成功回到登录页面
2026-05-11 21:03:48,180 - INFO - ✅ 步骤0: 登出，确保从登出状态开始测试 - 完成
2026-05-11 21:03:50,185 - INFO - 🔄 步骤1: 验证在APP首页（登录页面）
2026-05-11 21:03:50,358 - INFO - ✅ 步骤1: 验证在APP首页（登录页面） - 完成，确认在APP首页（登录页面）
2026-05-11 21:03:52,361 - INFO - 🔄 步骤2: 点击Sign Up按钮进入注册页面
2026-05-11 21:03:53,323 - INFO - ✅ 步骤2: 点击Sign Up按钮进入注册页面 - 完成
2026-05-11 21:03:56,324 - INFO - 🔄 步骤3: 验证进入Sign Up页面
2026-05-11 21:03:56,576 - INFO - ✅ 步骤3: 验证进入Sign Up页面 - 完成，确认已进入Sign Up注册页面
2026-05-11 21:03:58,581 - INFO - 🔄 步骤4: 输入邮箱
2026-05-11 21:03:58,585 - INFO - 📧 生成简单邮箱地址: testuser239@163.com
2026-05-11 21:04:00,615 - INFO - ✅ 步骤4: 输入邮箱 - 完成，邮箱: testuser239@163.com
2026-05-11 21:04:02,624 - INFO - 🔄 步骤5: 勾选隐私政策和用户协议
2026-05-11 21:04:08,638 - INFO - ✅ 隐私政策复选框已勾选
2026-05-11 21:04:10,140 - INFO - 🔄 步骤5.1: 收起键盘（Done）
2026-05-11 21:04:11,420 - INFO - ✅ 已点击Done收起键盘
2026-05-11 21:04:12,426 - INFO - 🔄 步骤6: 点击Next进入set password页面
2026-05-11 21:04:13,167 - INFO - ✅ 步骤6: 点击Next进入set password页面 - 完成，已点击Next按钮
2026-05-11 21:04:16,172 - INFO - 🔄 步骤7: 验证进入set password页面
2026-05-11 21:04:16,481 - INFO - ✅ 成功进入set password页面
2026-05-11 21:04:17,989 - INFO - 🔄 步骤8: 输入纯数字密码并验证规则颜色
2026-05-11 21:04:19,764 - INFO - ✅ 已输入密码: 123456
2026-05-11 21:04:21,681 - INFO - ✅ 已输入确认密码: 123456
2026-05-11 21:04:23,092 - INFO - 📝 规则提示: • 6-20 characters 颜色: None
2026-05-11 21:04:23,500 - INFO - 📝 规则提示: • contains letters 颜色: None
2026-05-11 21:04:23,905 - INFO - 📝 规则提示: • contains numbers 颜色: None
2026-05-11 21:04:24,309 - INFO - 📝 规则提示: • Supports special characters:! @ # $ % ^ & * ( ) - _ = + \ | [ ] { } ; : / ? . , ~ > < ` 颜色: None
2026-05-11 21:04:25,539 - INFO - ✅ 密码页已点击Done收起键盘
2026-05-11 21:04:26,547 - INFO - 🔄 步骤9: 点击Next验证仍停留在set password页面
2026-05-11 21:04:27,130 - INFO - ✅ 已尝试点击密码页Next按钮（应无跳转）
2026-05-11 21:04:29,455 - INFO - ✅ 点击后仍停留在set password页面，Next按钮不可使页面跳转
2026-05-11 21:04:30,464 - INFO - 🎉 测试用例102228执行成功！
2026-05-11 21:04:30,464 - INFO - ✅ 纯数字密码规则提示符合预期，Next不可跳转
2026-05-11 21:04:32,498 - INFO - ✅ 报告已生成: /Users/ambrose.chen/Desktop/iot/project/APP外壳/2测试报告/platform/ios_20260511_210326/ios_20260511_210326_report.xlsx
