2026-05-08 19:33:54,741 - INFO - 🔄 步骤1: 重置APP，检测登录状态并登出
2026-05-08 19:34:00,690 - INFO -     ✅ APP已重置
2026-05-08 19:34:15,892 - INFO -     ℹ️ 未检测到登录状态，已在登录页面
2026-05-08 19:34:15,893 - INFO - ✅ 步骤1: 重置APP，检测登录状态并登出 - 完成
2026-05-08 19:34:15,893 - INFO - 🔄 步骤2: 点击登录按钮进入Sign in页面
2026-05-08 19:34:16,837 - INFO - ✅ 步骤2: 点击登录按钮进入Sign in页面 - 完成
2026-05-08 19:34:18,338 - INFO - 🔄 步骤3: 点击邮箱框，输入邮箱（未注册的邮箱）
2026-05-08 19:34:59,351 - INFO -     ✅ 邮箱输入完成: haoc51888chenhao@gmail.com
2026-05-08 19:35:00,357 - INFO - ✅ 步骤3: 点击邮箱框，输入邮箱（未注册的邮箱） - 完成
2026-05-08 19:35:00,357 - INFO - 🔄 步骤4: 点击密码框，输入密码
2026-05-08 19:35:41,718 - INFO -     ✅ 密码输入完成
2026-05-08 19:35:42,727 - INFO - ✅ 步骤4: 点击密码框，输入密码 - 完成
2026-05-08 19:35:42,727 - INFO - 🔄 步骤5: 点击键盘Done，收起键盘
2026-05-08 19:35:43,968 - INFO - ✅ 步骤5: 点击键盘Done，收起键盘 - 完成
2026-05-08 19:35:44,979 - INFO - 🔄 步骤6: 点击协议勾选框
2026-05-08 19:35:45,726 - INFO - ✅ 步骤6: 点击协议勾选框 - 完成
2026-05-08 19:35:46,726 - INFO - 🔄 步骤7: 点击登录按钮
2026-05-08 19:35:47,538 - INFO - ✅ 步骤7: 点击登录按钮 - 完成
2026-05-08 19:35:49,540 - INFO - 🔄 步骤8: 断言页面显示错误提示信息
2026-05-08 19:35:49,861 - INFO -     ✅ 找到错误提示信息: This email is not registered. Please check and re-enter.
2026-05-08 19:35:49,861 - INFO - ✅ 步骤8: 断言页面显示错误提示信息 - 完成，错误提示信息已显示
2026-05-08 19:35:49,861 - INFO - 🎉 测试用例102652执行成功！
2026-05-08 19:35:49,887 - INFO - ✅ 报告已生成: /Users/ambrose.chen/Desktop/iot/project/APP外壳/2测试报告/platform/ios_20260508_193352/ios_20260508_193352_report.xlsx
