2026-05-08 21:00:46,989 - INFO - 🔄 步骤0: 登出，确保从登出状态开始测试
2026-05-08 21:00:46,990 - INFO - 开始登出流程...
2026-05-08 21:01:17,892 - INFO - 未检测到home sel/mine sel/mine，跳过登出流程
2026-05-08 21:01:17,894 - INFO - ✅ 步骤0: 登出，确保从登出状态开始测试 - 完成
2026-05-08 21:01:19,903 - INFO - 🔄 步骤1: 验证在APP首页（登录页面）
2026-05-08 21:01:20,067 - INFO - ✅ 步骤1: 验证在APP首页（登录页面） - 完成，确认在APP首页（登录页面）
2026-05-08 21:01:22,077 - INFO - 🔄 步骤2: 点击Sign Up按钮进入注册页面
2026-05-08 21:01:23,053 - INFO - ✅ 步骤2: 点击Sign Up按钮进入注册页面 - 完成
2026-05-08 21:01:26,063 - INFO - 🔄 步骤3: 验证进入Sign Up页面
2026-05-08 21:01:26,301 - INFO - ✅ 步骤3: 验证进入Sign Up页面 - 完成，确认已进入Sign Up注册页面
2026-05-08 21:01:28,305 - INFO - 🔄 步骤4: 输入已注册邮箱
2026-05-08 21:01:30,196 - INFO - ✅ 步骤4: 输入已注册邮箱 - 完成，输入邮箱: haoc51888@gmail.com
2026-05-08 21:01:32,204 - INFO - 🔄 步骤5: 勾选隐私政策和用户协议
2026-05-08 21:01:38,309 - INFO - ✅ 隐私政策复选框已勾选
2026-05-08 21:01:39,820 - INFO - 🔄 步骤5.1: 收起键盘（Done）
2026-05-08 21:01:41,077 - INFO - ✅ 已点击Done收起键盘
2026-05-08 21:01:42,078 - INFO - 🔄 步骤6: 点击Next按钮
2026-05-08 21:01:42,790 - INFO - ✅ 步骤6: 点击Next按钮 - 完成，已点击Next按钮
2026-05-08 21:01:44,795 - INFO - 🔄 步骤7: 验证弹框提示已注册
2026-05-08 21:01:45,590 - INFO - ✅ 弹框提示已注册: This email is already registered. Ready to sign in now?
2026-05-08 21:01:46,600 - INFO - 🔄 步骤8: 点击Confirm进入登录页
2026-05-08 21:01:47,841 - INFO - ✅ 已点击Confirm
2026-05-08 21:01:50,845 - INFO - 🔄 步骤9: 验证跳转到登录页面
2026-05-08 21:01:51,095 - INFO - ✅ 步骤9: 验证跳转到登录页面 - 完成，已跳转到登录页面
2026-05-08 21:01:53,096 - INFO - 🎉 测试用例102219执行成功！
2026-05-08 21:01:53,097 - INFO - ✅ 已注册邮箱再次注册，弹框提示并点击Confirm跳转登录页成功
2026-05-08 21:01:55,134 - INFO - ✅ 报告已生成: /Users/ambrose.chen/Desktop/iot/project/APP外壳/2测试报告/platform/ios_20260508_210045/ios_20260508_210045_report.xlsx
