2026-05-11 20:25:28,869 - INFO - 🔄 步骤0: 登出，确保从登出状态开始测试
2026-05-11 20:25:28,869 - INFO - 开始登出流程...
2026-05-11 20:25:29,125 - INFO - 检测到home sel元素
2026-05-11 20:25:40,507 - INFO - ✅ 点击mine按钮: //XCUIElementTypeButton[@name="mine"]
2026-05-11 20:25:42,719 - INFO - ✅ 点击CommonEdit编辑按钮: //XCUIElementTypeButton[@name="CommonEdit"]
2026-05-11 20:25:44,922 - INFO - ✅ 点击Log Out: //XCUIElementTypeButton[@name="Log Out"]
2026-05-11 20:25:47,112 - INFO - ✅ 点击Confirm: //XCUIElementTypeButton[@name="Confirm"]
2026-05-11 20:25:48,614 - INFO - 登出操作完成
2026-05-11 20:25:50,773 - INFO - ✅ 成功回到登录页面
2026-05-11 20:25:50,774 - INFO - ✅ 步骤0: 登出，确保从登出状态开始测试 - 完成
2026-05-11 20:25:52,782 - INFO - 🔄 步骤1: 验证在APP首页（登录页面）
2026-05-11 20:25:52,958 - INFO - ✅ 步骤1: 验证在APP首页（登录页面） - 完成，确认在APP首页（登录页面）
2026-05-11 20:25:54,959 - INFO - 🔄 步骤2: 点击Sign Up按钮进入注册页面
2026-05-11 20:25:55,937 - INFO - ✅ 步骤2: 点击Sign Up按钮进入注册页面 - 完成
2026-05-11 20:25:58,947 - INFO - 🔄 步骤3: 验证进入Sign Up页面
2026-05-11 20:25:59,195 - INFO - ✅ 步骤3: 验证进入Sign Up页面 - 完成，确认已进入Sign Up注册页面
2026-05-11 20:26:01,205 - INFO - 🔄 步骤4: 国家切为France（中国以外地区）
2026-05-11 20:26:02,383 - INFO - ✅ 已点击国家栏下拉按钮
2026-05-11 20:27:14,764 - INFO - ✅ 已输入搜索关键词: France
2026-05-11 20:27:23,225 - INFO - ✅ 已选择国家: France，命中的元素: France
2026-05-11 20:27:26,227 - INFO - ✅ 步骤4: 国家切为France（中国以外地区） - 完成，已切换国家为France
2026-05-11 20:27:28,238 - INFO - 🔄 步骤5: 输入邮箱（value="Email"）
2026-05-11 20:27:28,244 - INFO - 📧 生成简单邮箱地址: testuser225@163.com
2026-05-11 20:27:30,000 - INFO - ✅ 步骤5: 输入邮箱（value="Email"） - 完成，邮箱: testuser225@163.com
2026-05-11 20:27:32,007 - INFO - 🔄 步骤6: 点击Done按钮收起键盘
2026-05-11 20:27:33,263 - INFO - ✅ 步骤6: 点击Done按钮收起键盘 - 完成
2026-05-11 20:27:35,271 - INFO - 🔄 步骤7: 勾选隐私政策和用户协议
2026-05-11 20:27:41,045 - INFO - ✅ 隐私政策复选框已勾选
2026-05-11 20:27:42,047 - INFO - ✅ 步骤7: 勾选隐私政策和用户协议 - 完成
2026-05-11 20:27:44,058 - INFO - 🔄 步骤8: 点击Next按钮进入密码设置
2026-05-11 20:27:44,807 - INFO - ✅ 步骤8: 点击Next按钮进入密码设置 - 完成
2026-05-11 20:27:47,816 - INFO - 🔄 步骤9: 设置密码
2026-05-11 20:27:53,092 - INFO - ✅ 步骤9: 设置密码 - 完成
2026-05-11 20:27:55,103 - INFO - 🔄 步骤10: 点击Done按钮收起键盘
2026-05-11 20:27:56,337 - INFO - ✅ 步骤10: 点击Done按钮收起键盘 - 完成
2026-05-11 20:27:58,345 - INFO - 🔄 步骤11: 点击Next按钮进入用户名设置页面
2026-05-11 20:27:59,315 - INFO - ✅ 步骤11: 点击Next按钮进入用户名设置页面 - 完成
2026-05-11 20:28:02,322 - INFO - 🔄 步骤12: 输入用户名（value="Username"）
2026-05-11 20:28:05,278 - INFO - ✅ 步骤12: 输入用户名（value="Username"） - 完成
2026-05-11 20:28:06,283 - INFO - 🔄 步骤13: 点击Done按钮收起键盘
2026-05-11 20:28:07,499 - INFO - ✅ 步骤13: 点击Done按钮收起键盘 - 完成
2026-05-11 20:28:08,500 - INFO - 🔄 步骤14: 点击Submit按钮完成注册
2026-05-11 20:28:09,169 - INFO - ✅ 步骤14: 点击Submit按钮完成注册 - 完成
2026-05-11 20:28:14,175 - INFO - 🔄 步骤15: 验证注册成功，跳转到APP主页面
2026-05-11 20:28:14,332 - INFO - ✅ 步骤15: 验证注册成功，跳转到APP主页面 - 完成
2026-05-11 20:28:14,333 - INFO - ✅ 验证通过：注册成功，已跳转到APP主页面
2026-05-11 20:28:16,342 - INFO - 🎉 测试用例102196执行成功！
2026-05-11 20:28:16,343 - INFO - ✅ 验证注册地为"中国"以外地区，正确邮箱，可以注册：注册成功并跳转到主页面
2026-05-11 20:28:18,388 - INFO - ✅ 报告已生成: /Users/ambrose.chen/Desktop/iot/project/APP外壳/2测试报告/platform/ios_20260511_202527/ios_20260511_202527_report.xlsx
