2026-05-12 10:50:54,992 - INFO - 🔄 步骤0: 登出，确保从登出状态开始测试
2026-05-12 10:50:54,992 - INFO - 开始登出流程...
2026-05-12 10:51:25,901 - INFO - 未检测到home sel/mine sel/mine，跳过登出流程
2026-05-12 10:51:25,903 - INFO - ✅ 步骤0: 登出，确保从登出状态开始测试 - 完成
2026-05-12 10:51:27,905 - INFO - 🔄 步骤1: 验证在APP首页（登录页面）
2026-05-12 10:51:28,077 - INFO - ✅ 步骤1: 验证在APP首页（登录页面） - 完成，确认在APP首页（登录页面）
2026-05-12 10:51:30,082 - INFO - 🔄 步骤2: 点击Sign Up按钮进入注册页面
2026-05-12 10:51:31,133 - INFO - ✅ 步骤2: 点击Sign Up按钮进入注册页面 - 完成
2026-05-12 10:51:34,137 - INFO - 🔄 步骤3: 验证进入Sign Up页面
2026-05-12 10:51:34,376 - INFO - ✅ 步骤3: 验证进入Sign Up页面 - 完成，确认已进入Sign Up注册页面
2026-05-12 10:51:36,380 - INFO - 🔄 步骤4: 国家切为France（中国以外地区）
2026-05-12 10:51:37,550 - INFO - ✅ 已点击国家栏下拉按钮
2026-05-12 10:52:50,065 - INFO - ✅ 已输入搜索关键词: France
2026-05-12 10:52:58,511 - INFO - ✅ 已选择国家: France，命中的元素: France
2026-05-12 10:53:01,513 - INFO - ✅ 步骤4: 国家切为France（中国以外地区） - 完成，已切换国家为France
2026-05-12 10:53:03,518 - INFO - 🔄 步骤5: 输入邮箱（value="Email"）
2026-05-12 10:53:03,523 - INFO - 📧 生成简单邮箱地址: testuser260@163.com
2026-05-12 10:53:05,276 - INFO - ✅ 步骤5: 输入邮箱（value="Email"） - 完成，邮箱: testuser260@163.com
2026-05-12 10:53:07,282 - INFO - 🔄 步骤6: 点击Done按钮收起键盘
2026-05-12 10:53:08,646 - INFO - ✅ 步骤6: 点击Done按钮收起键盘 - 完成
2026-05-12 10:53:10,651 - INFO - 🔄 步骤7: 勾选隐私政策和用户协议
2026-05-12 10:53:16,421 - INFO - ✅ 隐私政策复选框已勾选
2026-05-12 10:53:17,422 - INFO - ✅ 步骤7: 勾选隐私政策和用户协议 - 完成
2026-05-12 10:53:19,428 - INFO - 🔄 步骤8: 点击Next按钮进入密码设置
2026-05-12 10:53:20,146 - INFO - ✅ 步骤8: 点击Next按钮进入密码设置 - 完成
2026-05-12 10:53:23,148 - INFO - 🔄 步骤9: 设置密码
2026-05-12 10:53:28,341 - INFO - ✅ 步骤9: 设置密码 - 完成
2026-05-12 10:53:30,344 - INFO - 🔄 步骤10: 点击Done按钮收起键盘
2026-05-12 10:53:31,563 - INFO - ✅ 步骤10: 点击Done按钮收起键盘 - 完成
2026-05-12 10:53:33,568 - INFO - 🔄 步骤11: 点击Next按钮进入用户名设置页面
2026-05-12 10:53:34,544 - INFO - ✅ 步骤11: 点击Next按钮进入用户名设置页面 - 完成
2026-05-12 10:53:37,548 - INFO - 🔄 步骤12: 输入用户名（value="Username"）
2026-05-12 10:53:40,442 - INFO - ✅ 步骤12: 输入用户名（value="Username"） - 完成
2026-05-12 10:53:41,444 - INFO - 🔄 步骤13: 点击Done按钮收起键盘
2026-05-12 10:53:42,635 - INFO - ✅ 步骤13: 点击Done按钮收起键盘 - 完成
2026-05-12 10:53:43,636 - INFO - 🔄 步骤14: 点击Submit按钮完成注册
2026-05-12 10:53:44,329 - INFO - ✅ 步骤14: 点击Submit按钮完成注册 - 完成
2026-05-12 10:53:49,330 - INFO - 🔄 步骤15: 验证注册成功，跳转到APP主页面
2026-05-12 10:53:49,491 - INFO - ✅ 步骤15: 验证注册成功，跳转到APP主页面 - 完成
2026-05-12 10:53:49,492 - INFO - ✅ 验证通过：注册成功，已跳转到APP主页面
2026-05-12 10:53:51,496 - INFO - 🎉 测试用例102196执行成功！
2026-05-12 10:53:51,496 - INFO - ✅ 验证注册地为"中国"以外地区，正确邮箱，可以注册：注册成功并跳转到主页面
2026-05-12 10:53:53,526 - INFO - ✅ 报告已生成: /Users/ambrose.chen/Desktop/iot/project/APP外壳/2测试报告/platform/ios_20260512_105053/ios_20260512_105053_report.xlsx
