2026-05-09 19:40:47,317 - INFO - 🔄 步骤0: 登出，确保从登出状态开始测试
2026-05-09 19:40:47,317 - INFO - 开始登出流程...
2026-05-09 19:41:18,261 - INFO - 未检测到home sel/mine sel/mine，跳过登出流程
2026-05-09 19:41:18,263 - INFO - ✅ 步骤0: 登出，确保从登出状态开始测试 - 完成
2026-05-09 19:41:20,271 - INFO - 🔄 步骤1: 验证在APP首页（登录页面）
2026-05-09 19:41:20,435 - INFO - ✅ 步骤1: 验证在APP首页（登录页面） - 完成，确认在APP首页（登录页面）
2026-05-09 19:41:22,445 - INFO - 🔄 步骤2: 点击Sign Up按钮进入注册页面
2026-05-09 19:41:23,409 - INFO - ✅ 步骤2: 点击Sign Up按钮进入注册页面 - 完成
2026-05-09 19:41:26,416 - INFO - 🔄 步骤3: 验证进入Sign Up页面
2026-05-09 19:41:26,646 - INFO - ✅ 步骤3: 验证进入Sign Up页面 - 完成，确认已进入Sign Up注册页面
2026-05-09 19:41:28,652 - INFO - 🔄 步骤4: 输入已注册邮箱
2026-05-09 19:41:30,648 - INFO - ✅ 步骤4: 输入已注册邮箱 - 完成，输入邮箱: haoc51888@gmail.com
2026-05-09 19:41:32,655 - INFO - 🔄 步骤5: 勾选隐私政策和用户协议
2026-05-09 19:41:38,759 - INFO - ✅ 隐私政策复选框已勾选
2026-05-09 19:41:40,270 - INFO - 🔄 步骤5.1: 收起键盘（Done）
2026-05-09 19:41:41,544 - INFO - ✅ 已点击Done收起键盘
2026-05-09 19:41:42,551 - INFO - 🔄 步骤6: 点击Next按钮
2026-05-09 19:41:43,271 - INFO - ✅ 步骤6: 点击Next按钮 - 完成，已点击Next按钮
2026-05-09 19:41:45,281 - INFO - 🔄 步骤7: 验证弹框提示已注册
2026-05-09 19:41:46,113 - INFO - ✅ 弹框提示已注册: This email is already registered. Ready to sign in now?
2026-05-09 19:41:47,118 - INFO - 🔄 步骤8: 点击Confirm进入登录页
2026-05-09 19:41:48,263 - INFO - ✅ 已点击Confirm
2026-05-09 19:41:51,272 - INFO - 🔄 步骤9: 验证跳转到登录页面
2026-05-09 19:41:51,519 - INFO - ✅ 步骤9: 验证跳转到登录页面 - 完成，已跳转到登录页面
2026-05-09 19:41:53,525 - INFO - 🎉 测试用例102219执行成功！
2026-05-09 19:41:53,525 - INFO - ✅ 已注册邮箱再次注册，弹框提示并点击Confirm跳转登录页成功
2026-05-09 19:41:55,560 - INFO - ✅ 报告已生成: /Users/ambrose.chen/Desktop/iot/project/APP外壳/2测试报告/platform/ios_20260509_194045/ios_20260509_194045_report.xlsx
