2026-05-20 11:47:45,180 - INFO - 🔄 步骤1: 重启APP
2026-05-20 11:47:50,137 - INFO - ✅ 步骤1: 重启APP - 完成
2026-05-20 11:47:50,138 - INFO - 🔄 步骤2: 检测登录状态并确保在登录/注册入口页
2026-05-20 11:47:50,925 - INFO - ✅ 步骤2: 检测登录状态并确保在登录/注册入口页 - 完成
2026-05-20 11:47:50,926 - INFO - 🔄 步骤3: 点击 Sign Up 进入注册页
2026-05-20 11:47:53,185 - INFO - ✅ 步骤3: 点击 Sign Up 进入注册页 - 完成
2026-05-20 11:47:53,186 - INFO - 🔄 步骤4: 国家切换至 France
2026-05-20 11:47:58,220 - INFO -     📝 已在国家搜索框输入: france
2026-05-20 11:48:01,409 - INFO -     📝 收起键盘后可见国家（前15）: ['france', 'France', 'background', 'back', 'clear']
2026-05-20 11:48:03,129 - INFO -     ✅ 已点击国家项，命中: France
2026-05-20 11:48:03,183 - INFO -     ✅ 已回到注册主页面
2026-05-20 11:48:03,987 - INFO -     ✅ 已选国家: France
2026-05-20 11:48:03,988 - INFO - ✅ 步骤4: 国家切换至 France - 完成
2026-05-20 11:48:03,988 - INFO -     📧 已注册邮箱（美国）: haoc51888@gmail.com
2026-05-20 11:48:03,988 - INFO - 🔄 步骤5: 输入已注册邮箱
2026-05-20 11:48:38,205 - INFO - ✅ 步骤5: 输入已注册邮箱 - 完成
2026-05-20 11:48:38,206 - INFO - 🔄 步骤6: 勾选隐私政策
2026-05-20 11:48:39,044 - INFO - ✅ 步骤6: 勾选隐私政策 - 完成
2026-05-20 11:48:39,045 - INFO - 🔄 步骤7: 点击 Next
2026-05-20 11:48:42,187 - INFO - ✅ 步骤7: 点击 Next - 完成
2026-05-20 11:48:42,187 - INFO - 🔄 步骤8: 断言弹出已注册提示（未继续下一步）
2026-05-20 11:48:42,972 - INFO -     ✅ 弹框提示: This email is already registered. Ready to sign in now?
2026-05-20 11:48:53,061 - INFO - ✅ 步骤8: 断言弹出已注册提示（未继续下一步） - 完成
2026-05-20 11:48:53,061 - INFO - 🎉 测试用例 200062 执行成功！
2026-05-20 11:48:53,062 - INFO - ✅ 已注册邮箱在 France 再次注册，弹出已注册提示（未继续下一步）
2026-05-20 11:48:53,091 - INFO - ✅ 报告已生成: /Users/ambrose.chen/Desktop/iot/project/APP外壳/2测试报告/platform/android_20260520_114742/android_20260520_114742_report.xlsx
