2026-05-11 21:19:07,767 - INFO - 🔄 步骤0: 登出，确保从登出状态开始测试
2026-05-11 21:19:07,768 - INFO - 开始登出流程...
2026-05-11 21:19:38,681 - INFO - 未检测到home sel/mine sel/mine，跳过登出流程
2026-05-11 21:19:38,682 - INFO - ✅ 步骤0: 登出，确保从登出状态开始测试 - 完成
2026-05-11 21:19:40,689 - INFO - 🔄 步骤1: 验证在APP首页（登录页面）
2026-05-11 21:19:40,850 - INFO - ✅ 步骤1: 验证在APP首页（登录页面） - 完成，确认在APP首页（登录页面）
2026-05-11 21:19:42,859 - INFO - 🔄 步骤2: 点击Sign Up按钮进入注册页面
2026-05-11 21:19:43,812 - INFO - ✅ 步骤2: 点击Sign Up按钮进入注册页面 - 完成
2026-05-11 21:19:46,822 - INFO - 🔄 步骤3: 验证进入Sign Up页面
2026-05-11 21:19:47,060 - INFO - ✅ 步骤3: 验证进入Sign Up页面 - 完成，确认已进入Sign Up注册页面
2026-05-11 21:19:49,070 - INFO - 🔄 步骤4: 输入邮箱
2026-05-11 21:19:49,074 - INFO - 📧 生成简单邮箱地址: testuser250@163.com
2026-05-11 21:19:50,966 - INFO - ✅ 步骤4: 输入邮箱 - 完成，邮箱: testuser250@163.com
2026-05-11 21:19:52,977 - INFO - 🔄 步骤5: 勾选隐私政策和用户协议
2026-05-11 21:19:59,112 - INFO - ✅ 隐私政策复选框已勾选
2026-05-11 21:20:00,622 - INFO - 🔄 步骤5.1: 收起键盘（Done）
2026-05-11 21:20:01,888 - INFO - ✅ 已点击Done收起键盘
2026-05-11 21:20:02,897 - INFO - 🔄 步骤6: 点击Next进入set password页面
2026-05-11 21:20:03,608 - INFO - ✅ 步骤6: 点击Next进入set password页面 - 完成，已点击Next按钮
2026-05-11 21:20:06,616 - INFO - 🔄 步骤7: 验证进入set password页面
2026-05-11 21:20:06,895 - INFO - ✅ 成功进入set password页面
2026-05-11 21:20:08,403 - INFO - 🔄 步骤8: 输入密码并确认
2026-05-11 21:20:10,181 - INFO - ✅ 已输入密码: Csx150128
2026-05-11 21:20:12,160 - INFO - ✅ 已输入确认密码: Csx150128
2026-05-11 21:20:13,166 - INFO - 🔄 步骤9: 点击清除按钮“×”
2026-05-11 21:20:14,126 - INFO - ✅ 已点击清除按钮“×”
2026-05-11 21:20:15,635 - INFO - 🔄 步骤10: 验证密码被清空
2026-05-11 21:20:15,870 - INFO - 📝 清除后密码框内容: 'Password'
2026-05-11 21:20:15,871 - INFO - ✅ 密码框已清空
2026-05-11 21:20:16,877 - INFO - 🎉 测试用例102239执行成功！
2026-05-11 21:20:16,877 - INFO - ✅ 验证输入的密码可以一键“×”清空
2026-05-11 21:20:18,919 - INFO - ✅ 报告已生成: /Users/ambrose.chen/Desktop/iot/project/APP外壳/2测试报告/platform/ios_20260511_211906/ios_20260511_211906_report.xlsx
