2026-05-19 10:59:13,353 - INFO - 🔄 步骤1: 重启APP
2026-05-19 10:59:13,354 - INFO -     🔄 driver.terminate_app / activate_app: com.xingmai.tech
2026-05-19 10:59:18,250 - INFO -     ✅ APP 已重启
2026-05-19 10:59:18,250 - INFO - ✅ 步骤1: 重启APP - 完成
2026-05-19 10:59:18,250 - INFO - 🔄 步骤2: 检测登录状态并确保在登录/注册入口页
2026-05-19 10:59:18,258 - INFO -     🔄 检测已登录元素: //android.view.View[@content-desc="More"]
2026-05-19 10:59:18,380 - INFO -     🔄 检测已登录元素: //*[@content-desc="More"]
2026-05-19 10:59:19,000 - INFO -     ℹ️ 未检测到 More，判定未登录
2026-05-19 10:59:19,000 - INFO -     🔄 等待登录/注册入口页: //*[(@text="Sign In" or @text="Sign Up") or contains(@text,"Sign In") or contains(@text,"Sign Up") or @content-desc="Sign In" or @content-desc="Sign Up"]
2026-05-19 10:59:19,054 - INFO -     ✅ 已处于登录/注册入口页
2026-05-19 10:59:19,054 - INFO - ✅ 步骤2: 检测登录状态并确保在登录/注册入口页 - 完成
2026-05-19 10:59:19,054 - INFO - 🔄 步骤3: 点击 Sign In 进入登录页
2026-05-19 10:59:19,054 - INFO -     🔄 定位 Sign In: //android.widget.TextView[@text="Sign In"]
2026-05-19 10:59:19,123 - INFO -     ✅ 找到 Sign In: //android.widget.TextView[@text="Sign In"]
2026-05-19 10:59:19,769 - INFO - ✅ 步骤3: 点击 Sign In 进入登录页 - 完成
2026-05-19 10:59:21,271 - INFO - 🔄 步骤4: 输入邮箱
2026-05-19 10:59:21,272 - INFO -     🔄 邮箱: haoc51888@gmail.com
2026-05-19 10:59:21,350 - INFO -     ✅ 聚焦: //android.widget.ScrollView/android.widget.EditText[1]/android.view.View[2]
2026-05-19 10:59:21,351 - INFO -     🔄 定位: //android.widget.ScrollView/android.widget.EditText[1]
2026-05-19 10:59:22,490 - INFO - ✅ 步骤4: 输入邮箱 - 完成
2026-05-19 10:59:22,491 - INFO - 🔄 步骤5: 收起输入键盘
2026-05-19 10:59:23,895 - INFO -     ✅ hide_keyboard 成功
2026-05-19 10:59:24,297 - INFO - ✅ 步骤5: 收起输入键盘 - 完成
2026-05-19 10:59:24,298 - INFO - 🔄 步骤6: 勾选用户协议与隐私政策
2026-05-19 10:59:24,298 - INFO -     🔄 定位: //android.widget.ImageView[@content-desc="checkbox"]
2026-05-19 10:59:25,158 - INFO - ✅ 步骤6: 勾选用户协议与隐私政策 - 完成
2026-05-19 10:59:25,158 - INFO - 🔄 步骤7: 点击 Next 登录
2026-05-19 10:59:25,158 - INFO -     🔄 定位: //android.widget.ImageView[@content-desc="next"]
2026-05-19 10:59:26,484 - INFO - ✅ 步骤7: 点击 Next 登录 - 完成
2026-05-19 10:59:26,484 - INFO - 🔄 步骤8: 断言提示文案
2026-05-19 10:59:26,485 - INFO -     🔄 期望文案: Incorrect password. Please confirm and try again.
2026-05-19 10:59:26,568 - INFO -     ✅ 已显示提示
2026-05-19 10:59:26,569 - INFO - ✅ 步骤8: 断言提示文案 - 完成
2026-05-19 10:59:26,569 - INFO - 🎉 测试用例 200006 执行成功！
2026-05-19 10:59:26,595 - INFO - ✅ 报告已生成: /Users/ambrose.chen/Desktop/iot/project/APP外壳/2测试报告/platform/android_20260519_105910/android_20260519_105910_report.xlsx
