2026-05-12 10:58:01,485 - INFO - 🔄 步骤0: 登出，确保从登出状态开始测试
2026-05-12 10:58:01,485 - INFO - 开始登出流程...
2026-05-12 10:58:32,410 - INFO - 未检测到home sel/mine sel/mine，跳过登出流程
2026-05-12 10:58:32,411 - INFO - ✅ 步骤0: 登出，确保从登出状态开始测试 - 完成
2026-05-12 10:58:34,421 - INFO - 🔄 步骤1: 验证在APP首页（登录页面）
2026-05-12 10:58:34,580 - INFO - ✅ 步骤1: 验证在APP首页（登录页面） - 完成，确认在APP首页（登录页面）
2026-05-12 10:58:36,582 - INFO - 🔄 步骤2: 点击Sign Up按钮进入注册页面
2026-05-12 10:58:37,540 - INFO - ✅ 步骤2: 点击Sign Up按钮进入注册页面 - 完成
2026-05-12 10:58:40,547 - INFO - 🔄 步骤4: 点击Next（未输入邮箱、未勾选协议）
2026-05-12 10:58:41,466 - INFO - ✅ 已出现提示：Please sign up using your email address
2026-05-12 10:58:41,678 - INFO - ✅ 步骤4: 点击Next（未输入邮箱、未勾选协议） - 完成
2026-05-12 10:58:42,680 - INFO - 🔄 步骤5: 输入邮箱（value="Email"）
2026-05-12 10:58:42,683 - INFO - 📧 生成简单邮箱地址: testuser264@163.com
2026-05-12 10:58:44,434 - INFO - ✅ 步骤5: 输入邮箱（value="Email"） - 完成，邮箱: testuser264@163.com
2026-05-12 10:58:46,716 - INFO - 🔄 步骤6: 再次点击Next（仍应提示）
2026-05-12 10:58:47,797 - INFO - ✅ 步骤6: 再次点击Next（仍应提示） - 完成
2026-05-12 10:58:48,802 - INFO - 🔄 步骤7: 勾选协议（login check normal）
2026-05-12 10:58:49,450 - INFO - ✅ 步骤7: 勾选协议（login check normal） - 完成（后续以进入 Set Password 判定是否勾选成功）
2026-05-12 10:58:50,459 - INFO - 🔄 步骤8: 点击Next进入Set Password页面
2026-05-12 10:58:52,813 - INFO - ✅ 步骤8: 点击Next进入Set Password页面 - 完成
2026-05-12 10:58:53,822 - INFO - 🎉 测试用例102203执行成功！
2026-05-12 10:58:53,823 - INFO - ✅ 102203：只填写正确邮箱时 Next 不可进入 Set Password；勾选协议后可进入 Set Password
2026-05-12 10:58:55,851 - INFO - ✅ 报告已生成: /Users/ambrose.chen/Desktop/iot/project/APP外壳/2测试报告/platform/ios_20260512_105759/ios_20260512_105759_report.xlsx
