2026-05-07 22:18:45,047 - INFO - 🔄 步骤0: 登出，确保从登出状态开始测试
2026-05-07 22:18:45,047 - INFO - 开始登出流程...
2026-05-07 22:19:15,938 - INFO - 未检测到home sel/mine sel/mine，跳过登出流程
2026-05-07 22:19:15,939 - INFO - ✅ 步骤0: 登出，确保从登出状态开始测试 - 完成
2026-05-07 22:19:17,949 - INFO - 🔄 步骤1: 验证在APP首页（登录页面）
2026-05-07 22:19:18,114 - INFO - ✅ 步骤1: 验证在APP首页（登录页面） - 完成，确认在APP首页（登录页面）
2026-05-07 22:19:20,119 - INFO - 🔄 步骤2: 点击Sign Up按钮进入注册页面
2026-05-07 22:19:21,077 - INFO - ✅ 步骤2: 点击Sign Up按钮进入注册页面 - 完成
2026-05-07 22:19:24,083 - INFO - 🔄 步骤3: 验证进入Sign Up页面
2026-05-07 22:19:24,329 - INFO - ✅ 步骤3: 验证进入Sign Up页面 - 完成，确认已进入Sign Up注册页面
2026-05-07 22:19:26,334 - INFO - 🔄 步骤4: 输入邮箱
2026-05-07 22:19:26,338 - INFO - 📧 生成简单邮箱地址: testuser126@163.com
2026-05-07 22:19:28,253 - INFO - ✅ 步骤4: 输入邮箱 - 完成，邮箱: testuser126@163.com
2026-05-07 22:19:30,263 - INFO - 🔄 步骤5: 勾选隐私政策和用户协议
2026-05-07 22:19:36,204 - INFO - ✅ 隐私政策复选框已勾选
2026-05-07 22:19:37,710 - INFO - 🔄 步骤5.1: 收起键盘（Done）
2026-05-07 22:19:38,991 - INFO - ✅ 已点击Done收起键盘
2026-05-07 22:19:39,999 - INFO - 🔄 步骤6: 点击Next进入set password页面
2026-05-07 22:19:40,706 - INFO - ✅ 步骤6: 点击Next进入set password页面 - 完成，已点击Next按钮
2026-05-07 22:19:43,711 - INFO - 🔄 步骤7: 验证进入set password页面
2026-05-07 22:19:44,116 - INFO - ✅ 成功进入set password页面
2026-05-07 22:19:45,621 - INFO - 🔄 步骤8: 输入不一致的密码和确认密码
2026-05-07 22:19:47,507 - INFO - ✅ 已输入密码: Csx150128
2026-05-07 22:19:49,456 - INFO - ✅ 已输入确认密码(不一致): Csx1501
2026-05-07 22:19:51,693 - INFO - ✅ 密码页已点击Done收起键盘
2026-05-07 22:19:52,703 - INFO - 🔄 步骤9: 点击Next验证仍停留并提示密码不一致
2026-05-07 22:19:53,287 - INFO - ✅ 已尝试点击密码页Next按钮
2026-05-07 22:19:55,826 - INFO - ✅ 提示已显示: Password mismatch，页面未跳转
2026-05-07 22:19:56,829 - INFO - 🎉 测试用例102243执行成功！
2026-05-07 22:19:56,829 - INFO - ✅ 密码与确认密码不一致时，Next不跳转且提示Password mismatch
2026-05-07 22:19:58,860 - INFO - ✅ 报告已生成: /Users/ambrose.chen/Desktop/iot/project/APP外壳/2测试报告/platform/ios_20260507_221843/ios_20260507_221843_report.xlsx
