2026-05-11 20:34:31,281 - INFO - 🔄 步骤0: 登出，确保从登出状态开始测试
2026-05-11 20:34:31,282 - INFO - 开始登出流程...
2026-05-11 20:35:02,197 - INFO - 未检测到home sel/mine sel/mine，跳过登出流程
2026-05-11 20:35:02,199 - INFO - ✅ 步骤0: 登出，确保从登出状态开始测试 - 完成
2026-05-11 20:35:05,200 - INFO - 🔄 步骤1: 验证在APP首页（登录页面）
2026-05-11 20:35:05,366 - INFO - ✅ 步骤1: 验证在APP首页（登录页面） - 完成，确认在APP首页（登录页面）
2026-05-11 20:35:07,370 - INFO - 🔄 步骤2: 点击Sign Up按钮进入注册页面
2026-05-11 20:35:08,323 - INFO - ✅ 步骤2: 点击Sign Up按钮进入注册页面 - 完成
2026-05-11 20:35:11,332 - INFO - 🔄 步骤3: 验证进入Sign Up页面
2026-05-11 20:35:11,561 - INFO - ✅ 步骤3: 验证进入Sign Up页面 - 完成，确认已进入Sign Up注册页面
2026-05-11 20:35:13,570 - INFO - 🔄 步骤4: 在邮箱栏输入邮箱
2026-05-11 20:35:13,574 - INFO - 📧 生成简单邮箱地址: testuser231@163.com
2026-05-11 20:35:15,550 - INFO - ✅ 步骤4: 在邮箱栏输入邮箱 - 完成，邮箱: testuser231@163.com
2026-05-11 20:35:17,560 - INFO - 🔄 步骤5: 点击邮箱右侧清除按钮
2026-05-11 20:35:18,605 - INFO - ✅ 步骤5: 点击邮箱右侧清除按钮 - 完成，已点击清除按钮
2026-05-11 20:35:20,610 - INFO - 🔄 步骤6: 验证邮箱被清空
2026-05-11 20:35:21,123 - INFO - 📝 清除后邮箱框内容: 'Email'
2026-05-11 20:35:21,124 - INFO - ✅ 步骤6: 验证邮箱被清空 - 完成，邮箱已清空
2026-05-11 20:35:22,126 - INFO - 🎉 测试用例102205执行成功！
2026-05-11 20:35:22,127 - INFO - ✅ 验证清空邮箱的“×”按钮，可以清空邮箱
2026-05-11 20:35:24,166 - INFO - ✅ 报告已生成: /Users/ambrose.chen/Desktop/iot/project/APP外壳/2测试报告/platform/ios_20260511_203429/ios_20260511_203429_report.xlsx
