2026-05-12 11:06:05,139 - INFO - 🔄 步骤0: 登出，确保从登出状态开始测试
2026-05-12 11:06:05,140 - INFO - 开始登出流程...
2026-05-12 11:06:36,045 - INFO - 未检测到home sel/mine sel/mine，跳过登出流程
2026-05-12 11:06:36,047 - INFO - ✅ 步骤0: 登出，确保从登出状态开始测试 - 完成
2026-05-12 11:06:38,050 - INFO - 🔄 步骤1: 验证在APP首页（登录页面）
2026-05-12 11:06:38,217 - INFO - ✅ 步骤1: 验证在APP首页（登录页面） - 完成，确认在APP首页（登录页面）
2026-05-12 11:06:40,225 - INFO - 🔄 步骤2: 点击Sign Up按钮进入注册页面
2026-05-12 11:06:41,199 - INFO - ✅ 步骤2: 点击Sign Up按钮进入注册页面 - 完成
2026-05-12 11:06:44,207 - INFO - 🔄 步骤3: 验证进入Sign Up页面
2026-05-12 11:06:44,428 - INFO - ✅ 步骤3: 验证进入Sign Up页面 - 完成，确认已进入Sign Up注册页面
2026-05-12 11:06:46,438 - INFO - 🔄 步骤4: 邮箱输入只有字母的错误邮箱
2026-05-12 11:06:48,231 - INFO - ✅ 步骤4: 邮箱输入只有字母的错误邮箱 - 完成，输入错误邮箱: abcdefg
2026-05-12 11:06:50,239 - INFO - 🔄 步骤5: 勾选隐私政策和用户协议
2026-05-12 11:06:56,355 - INFO - ✅ 隐私政策复选框已勾选
2026-05-12 11:06:57,860 - INFO - 🔄 步骤5.1: 收起键盘（Done）
2026-05-12 11:06:59,245 - INFO - ✅ 已点击Done收起键盘
2026-05-12 11:07:00,250 - INFO - 🔄 步骤6: 点击Next按钮
2026-05-12 11:07:00,914 - INFO - ✅ 步骤6: 点击Next按钮 - 完成，已点击Next按钮
2026-05-12 11:07:02,925 - INFO - 🔄 步骤7: 验证停留当前页面并出现提示
2026-05-12 11:07:13,852 - INFO - ✅ 找到提示信息元素，选择器: //XCUIElementTypeStaticText[@name="Please sign up using your email address"]
2026-05-12 11:07:13,852 - INFO - ✅ 步骤7: 验证停留当前页面并出现提示 - 完成，提示信息: Please sign up using your email address
2026-05-12 11:07:15,855 - INFO - 🎉 测试用例102210执行成功！
2026-05-12 11:07:15,855 - INFO - ✅ 验证错误邮箱（仅字母）勾选隐私后点击Next，停留当前页并提示“Please sign up using your email address”
2026-05-12 11:07:17,889 - INFO - ✅ 报告已生成: /Users/ambrose.chen/Desktop/iot/project/APP外壳/2测试报告/platform/ios_20260512_110603/ios_20260512_110603_report.xlsx
