2026-05-07 21:53:40,244 - INFO - 🔄 步骤0: 登出，确保从登出状态开始测试
2026-05-07 21:53:40,245 - INFO - 开始登出流程...
2026-05-07 21:54:11,135 - INFO - 未检测到home sel/mine sel/mine，跳过登出流程
2026-05-07 21:54:11,136 - INFO - ✅ 步骤0: 登出，确保从登出状态开始测试 - 完成
2026-05-07 21:54:13,143 - INFO - 🔄 步骤1: 验证在APP首页（登录页面）
2026-05-07 21:54:13,303 - INFO - ✅ 步骤1: 验证在APP首页（登录页面） - 完成，确认在APP首页（登录页面）
2026-05-07 21:54:15,305 - INFO - 🔄 步骤2: 点击Sign Up按钮进入注册页面
2026-05-07 21:54:16,260 - INFO - ✅ 步骤2: 点击Sign Up按钮进入注册页面 - 完成
2026-05-07 21:54:19,262 - INFO - 🔄 步骤3: 验证进入Sign Up页面
2026-05-07 21:54:19,506 - INFO - ✅ 步骤3: 验证进入Sign Up页面 - 完成，确认已进入Sign Up注册页面
2026-05-07 21:54:21,512 - INFO - 🔄 步骤4: 输入邮箱
2026-05-07 21:54:21,517 - INFO - 📧 生成简单邮箱地址: testuser107@163.com
2026-05-07 21:54:23,527 - INFO - ✅ 步骤4: 输入邮箱 - 完成，邮箱: testuser107@163.com
2026-05-07 21:54:25,530 - INFO - 🔄 步骤5: 勾选隐私政策和用户协议
2026-05-07 21:54:31,479 - INFO - ✅ 隐私政策复选框已勾选
2026-05-07 21:54:32,982 - INFO - 🔄 步骤5.1: 收起键盘（Done）
2026-05-07 21:54:34,283 - INFO - ✅ 已点击Done收起键盘
2026-05-07 21:54:35,290 - INFO - 🔄 步骤6: 点击Next进入set password页面
2026-05-07 21:54:35,993 - INFO - ✅ 步骤6: 点击Next进入set password页面 - 完成，已点击Next按钮
2026-05-07 21:54:39,002 - INFO - 🔄 步骤7: 验证进入set password页面
2026-05-07 21:54:39,309 - INFO - ✅ 成功进入set password页面
2026-05-07 21:54:40,820 - INFO - 🔄 步骤8: 输入小于6位密码并验证规则颜色
2026-05-07 21:54:42,393 - INFO - ✅ 已输入密码: Csx15
2026-05-07 21:54:44,321 - INFO - 📝 规则提示: • 6-20 characters 颜色: None
2026-05-07 21:54:44,719 - INFO - 📝 规则提示: • contains letters 颜色: None
2026-05-07 21:54:45,122 - INFO - 📝 规则提示: • contains numbers 颜色: None
2026-05-07 21:54:45,531 - INFO - 📝 规则提示: • Supports special characters:! @ # $ % ^ & * ( ) - _ = + \ | [ ] { } ; : / ? . , ~ > < ` 颜色: None
2026-05-07 21:54:45,531 - INFO - ✅ 规则颜色检查完成（无法获取颜色时已记录）
2026-05-07 21:54:46,532 - INFO - 🔄 步骤9: 收起键盘并点击Next，验证停留当前页面
2026-05-07 21:54:47,760 - INFO - ✅ 已点击Done收起键盘
2026-05-07 21:54:49,337 - INFO - ✅ 已尝试点击密码页Next按钮
2026-05-07 21:54:51,657 - INFO - ✅ 点击后仍停留在set password页面，Next按钮不可使页面跳转
2026-05-07 21:54:52,667 - INFO - 🎉 测试用例102224执行成功！
2026-05-07 21:54:52,667 - INFO - ✅ 密码小于6位时规则颜色符合预期，Next按钮不可跳转
2026-05-07 21:54:54,701 - INFO - ✅ 报告已生成: /Users/ambrose.chen/Desktop/iot/project/APP外壳/2测试报告/platform/ios_20260507_215338/ios_20260507_215338_report.xlsx
