2026-05-08 21:39:33,896 - INFO - 🔄 步骤0: 登出，确保从登出状态开始测试
2026-05-08 21:39:33,897 - INFO - 开始登出流程...
2026-05-08 21:39:34,140 - INFO - 检测到home sel元素
2026-05-08 21:39:45,507 - INFO - ✅ 点击mine按钮: //XCUIElementTypeButton[@name="mine"]
2026-05-08 21:39:47,807 - INFO - ✅ 点击CommonEdit编辑按钮: //XCUIElementTypeButton[@name="CommonEdit"]
2026-05-08 21:39:49,972 - INFO - ✅ 点击Log Out: //XCUIElementTypeButton[@name="Log Out"]
2026-05-08 21:39:52,155 - INFO - ✅ 点击Confirm: //XCUIElementTypeButton[@name="Confirm"]
2026-05-08 21:39:53,665 - INFO - 登出操作完成
2026-05-08 21:39:53,992 - INFO - ✅ 成功回到登录页面
2026-05-08 21:39:53,992 - INFO - ✅ 步骤0: 登出，确保从登出状态开始测试 - 完成
2026-05-08 21:39:55,999 - INFO - 🔄 步骤1: 点击Sign Up按钮进入注册页面
2026-05-08 21:39:56,960 - INFO - ✅ 步骤1: 点击Sign Up按钮进入注册页面 - 完成
2026-05-08 21:39:58,962 - INFO - 🔄 步骤2: 输入邮箱地址
2026-05-08 21:39:58,967 - INFO - 📧 生成邮箱地址: 1+2-3.4%5_633@163.com
2026-05-08 21:40:00,996 - INFO - ✅ 步骤2: 输入邮箱地址 - 完成，邮箱: 1+2-3.4%5_633@163.com
2026-05-08 21:40:03,007 - INFO - 🔄 步骤3: 同意隐私政策
2026-05-08 21:40:04,025 - INFO - ✅ 步骤3: 同意隐私政策 - 完成
2026-05-08 21:40:06,028 - INFO - 🔄 步骤4: 点击Done按钮（收起键盘）
2026-05-08 21:40:07,309 - INFO - ✅ 步骤4: 点击Done按钮（收起键盘） - 完成
2026-05-08 21:40:09,312 - INFO - 🔄 步骤5: 点击Next按钮进入密码设置
2026-05-08 21:40:10,011 - INFO - ✅ 步骤5: 点击Next按钮进入密码设置 - 完成
2026-05-08 21:40:12,021 - INFO - 🔄 步骤6: 设置密码
2026-05-08 21:40:17,188 - INFO - ✅ 步骤6: 设置密码 - 完成
2026-05-08 21:40:19,195 - INFO - 🔄 步骤7: 点击Done按钮（收起键盘）
2026-05-08 21:40:20,397 - INFO - ✅ 步骤7: 点击Done按钮（收起键盘） - 完成
2026-05-08 21:40:22,403 - INFO - 🔄 步骤8: 点击Next按钮进入个人信息页面
2026-05-08 21:40:23,377 - INFO - ✅ 步骤8: 点击Next按钮进入个人信息页面 - 完成
2026-05-08 21:40:25,378 - INFO - 🔄 步骤9: 设置用户名
2026-05-08 21:40:29,026 - INFO - ✅ 步骤9: 设置用户名 - 完成，用户名: kWJyuyxWOxFQAIBYLSwtbBUkokOgcpJTsoxMdVtbJZgnYBXtAebRPGIffxDm
2026-05-08 21:40:32,027 - INFO - 🔄 步骤10: 点击Done按钮收起键盘
2026-05-08 21:40:33,258 - INFO - ✅ 步骤10: 点击Done按钮收起键盘 - 完成
2026-05-08 21:40:35,266 - INFO - 🔄 步骤11: 点击左上角返回按钮
2026-05-08 21:40:35,945 - INFO - ✅ 步骤11: 点击左上角返回按钮 - 完成
2026-05-08 21:40:38,947 - INFO - 🔄 步骤12: 验证跳转到APP主页面
2026-05-08 21:40:39,336 - INFO - ✅ 步骤12: 验证跳转到APP主页面 - 完成
2026-05-08 21:40:39,337 - INFO - 🔄 步骤13: 验证用户名显示为默认的'Username'
2026-05-08 21:40:44,567 - INFO - ✅ 找到用户名元素，使用选择器: //XCUIElementTypeStaticText[contains(@name, "Username")]
2026-05-08 21:40:44,616 - INFO - 📝 用户名显示内容: Hi, Username
2026-05-08 21:40:44,616 - INFO - ✅ 步骤13: 验证用户名显示为默认的'Username' - 完成，用户名显示为默认值: Hi, Username
2026-05-08 21:40:44,617 - INFO - 🎉 测试用例102248执行成功！
2026-05-08 21:40:46,652 - INFO - ✅ 报告已生成: /Users/ambrose.chen/Desktop/iot/project/APP外壳/2测试报告/platform/ios_20260508_213932/ios_20260508_213932_report.xlsx
