2026-05-12 09:46:22,518 - INFO - 🔄 步骤1: 重置APP，检测登录状态并登出
2026-05-12 09:46:28,456 - INFO -     ✅ APP已重置
2026-05-12 09:46:43,655 - INFO -     ℹ️ 未检测到登录状态，已在登录页面
2026-05-12 09:46:43,656 - INFO - ✅ 步骤1: 重置APP，检测登录状态并登出 - 完成
2026-05-12 09:46:43,656 - INFO - 🔄 步骤2: 点击登录按钮进入Sign in页面
2026-05-12 09:46:44,607 - INFO - ✅ 步骤2: 点击登录按钮进入Sign in页面 - 完成
2026-05-12 09:46:46,111 - INFO - 🔄 步骤3: 点击邮箱框，输入邮箱（正确的邮箱）
2026-05-12 09:47:27,088 - INFO -     ✅ 邮箱输入完成: haoc51888@gmail.com
2026-05-12 09:47:28,095 - INFO - ✅ 步骤3: 点击邮箱框，输入邮箱（正确的邮箱） - 完成
2026-05-12 09:47:28,095 - INFO - 🔄 步骤4: 点击密码框，输入密码（错误的密码）
2026-05-12 09:48:09,550 - INFO -     ✅ 密码输入完成（错误密码）
2026-05-12 09:48:10,555 - INFO - ✅ 步骤4: 点击密码框，输入密码（错误的密码） - 完成
2026-05-12 09:48:10,555 - INFO - 🔄 步骤5: 点击键盘Done，收起键盘
2026-05-12 09:48:11,831 - INFO - ✅ 步骤5: 点击键盘Done，收起键盘 - 完成
2026-05-12 09:48:12,835 - INFO - 🔄 步骤6: 点击协议勾选框
2026-05-12 09:48:13,602 - INFO - ✅ 步骤6: 点击协议勾选框 - 完成
2026-05-12 09:48:14,603 - INFO - 🔄 步骤7: 点击登录按钮
2026-05-12 09:48:15,416 - INFO - ✅ 步骤7: 点击登录按钮 - 完成
2026-05-12 09:48:17,421 - INFO - 🔄 步骤8: 断言页面显示错误提示信息
2026-05-12 09:48:17,762 - INFO -     ✅ 找到错误提示信息: Incorrect account or password. Please check and try again.
2026-05-12 09:48:17,762 - INFO - ✅ 步骤8: 断言页面显示错误提示信息 - 完成，错误提示信息已显示
2026-05-12 09:48:17,762 - INFO - 🎉 测试用例102651执行成功！
2026-05-12 09:48:17,795 - INFO - ✅ 报告已生成: /Users/ambrose.chen/Desktop/iot/project/APP外壳/2测试报告/platform/ios_20260512_094620/ios_20260512_094620_report.xlsx
