2026-05-08 20:58:14,685 - INFO - 🔄 步骤0: 登出，确保从登出状态开始测试
2026-05-08 20:58:14,686 - INFO - 开始登出流程...
2026-05-08 20:58:45,591 - INFO - 未检测到home sel/mine sel/mine，跳过登出流程
2026-05-08 20:58:45,591 - INFO - ✅ 步骤0: 登出，确保从登出状态开始测试 - 完成
2026-05-08 20:58:47,600 - INFO - 🔄 步骤1: 验证在APP首页（登录页面）
2026-05-08 20:58:47,748 - INFO - ✅ 步骤1: 验证在APP首页（登录页面） - 完成，确认在APP首页（登录页面）
2026-05-08 20:58:49,757 - INFO - 🔄 步骤2: 点击Sign Up按钮进入注册页面
2026-05-08 20:58:50,715 - INFO - ✅ 步骤2: 点击Sign Up按钮进入注册页面 - 完成
2026-05-08 20:58:53,722 - INFO - 🔄 步骤3: 验证进入Sign Up页面
2026-05-08 20:58:53,956 - INFO - ✅ 步骤3: 验证进入Sign Up页面 - 完成，确认已进入Sign Up注册页面
2026-05-08 20:58:55,965 - INFO - 🔄 步骤4: 邮箱输入错误格式
2026-05-08 20:58:57,721 - INFO - ✅ 步骤4: 邮箱输入错误格式 - 完成，输入错误邮箱: asd@gmail..
2026-05-08 20:58:59,725 - INFO - 🔄 步骤5: 勾选隐私政策和用户协议
2026-05-08 20:59:05,832 - INFO - ✅ 隐私政策复选框已勾选
2026-05-08 20:59:07,336 - INFO - 🔄 步骤5.1: 收起键盘（Done）
2026-05-08 20:59:08,603 - INFO - ✅ 已点击Done收起键盘
2026-05-08 20:59:09,611 - INFO - 🔄 步骤6: 点击Next按钮
2026-05-08 20:59:10,257 - INFO - ✅ 步骤6: 点击Next按钮 - 完成，已点击Next按钮
2026-05-08 20:59:12,266 - INFO - 🔄 步骤7: 验证停留当前页面并出现提示
2026-05-08 20:59:23,183 - INFO - ✅ 找到提示信息元素，选择器: //XCUIElementTypeStaticText[@name="Please sign up using your email address"]
2026-05-08 20:59:23,184 - INFO - ✅ 步骤7: 验证停留当前页面并出现提示 - 完成，提示信息: Please sign up using your email address
2026-05-08 20:59:25,191 - INFO - 🎉 测试用例102217执行成功！
2026-05-08 20:59:25,191 - INFO - ✅ 验证错误邮箱 asd@gmail.. 勾选隐私后点击Next，停留当前页并提示“Please sign up using your email address”
2026-05-08 20:59:27,229 - INFO - ✅ 报告已生成: /Users/ambrose.chen/Desktop/iot/project/APP外壳/2测试报告/platform/ios_20260508_205812/ios_20260508_205812_report.xlsx
