2026-05-08 21:05:37,830 - INFO - 🔄 步骤0: 登出，确保从登出状态开始测试
2026-05-08 21:05:37,831 - INFO - 开始登出流程...
2026-05-08 21:06:08,722 - INFO - 未检测到home sel/mine sel/mine，跳过登出流程
2026-05-08 21:06:08,723 - INFO - ✅ 步骤0: 登出，确保从登出状态开始测试 - 完成
2026-05-08 21:06:10,732 - INFO - 🔄 步骤1: 验证在APP首页（登录页面）
2026-05-08 21:06:10,886 - INFO - ✅ 步骤1: 验证在APP首页（登录页面） - 完成，确认在APP首页（登录页面）
2026-05-08 21:06:12,893 - INFO - 🔄 步骤2: 点击Sign Up按钮进入注册页面
2026-05-08 21:06:13,854 - INFO - ✅ 步骤2: 点击Sign Up按钮进入注册页面 - 完成
2026-05-08 21:06:16,861 - INFO - 🔄 步骤3: 验证进入Sign Up页面
2026-05-08 21:06:17,088 - INFO - ✅ 步骤3: 验证进入Sign Up页面 - 完成，确认已进入Sign Up注册页面
2026-05-08 21:06:19,092 - INFO - 🔄 步骤4: 输入邮箱
2026-05-08 21:06:19,096 - INFO - 📧 生成简单邮箱地址: testuser161@163.com
2026-05-08 21:06:21,069 - INFO - ✅ 步骤4: 输入邮箱 - 完成，邮箱: testuser161@163.com
2026-05-08 21:06:23,080 - INFO - 🔄 步骤5: 勾选隐私政策和用户协议
2026-05-08 21:06:29,206 - INFO - ✅ 隐私政策复选框已勾选
2026-05-08 21:06:30,716 - INFO - 🔄 步骤5.1: 收起键盘（Done）
2026-05-08 21:06:31,974 - INFO - ✅ 已点击Done收起键盘
2026-05-08 21:06:32,979 - INFO - 🔄 步骤6: 点击Next进入set password页面
2026-05-08 21:06:33,683 - INFO - ✅ 步骤6: 点击Next进入set password页面 - 完成，已点击Next按钮
2026-05-08 21:06:36,688 - INFO - 🔄 步骤7: 验证进入set password页面
2026-05-08 21:06:36,965 - INFO - ✅ 成功进入set password页面
2026-05-08 21:06:38,470 - INFO - 🔄 步骤8: 不输入密码验证Next不可点击，点击后仍停留本页
2026-05-08 21:06:38,651 - INFO - 📝 密码页Next按钮enabled状态: False
2026-05-08 21:06:39,047 - INFO - ✅ 已尝试点击密码页Next按钮
2026-05-08 21:06:41,329 - INFO - ✅ 点击后仍停留在set password页面，Next按钮视为禁用/无效状态
2026-05-08 21:06:42,333 - INFO - 🎉 测试用例102222执行成功！
2026-05-08 21:06:42,333 - INFO - ✅ 验证进入设置密码页面：不填密码时Next为浅色/无效，点击后仍停留在当前页面
2026-05-08 21:06:44,371 - INFO - ✅ 报告已生成: /Users/ambrose.chen/Desktop/iot/project/APP外壳/2测试报告/platform/ios_20260508_210536/ios_20260508_210536_report.xlsx
