2026-05-08 21:08:01,359 - INFO - 🔄 步骤0: 登出，确保从登出状态开始测试
2026-05-08 21:08:01,360 - INFO - 开始登出流程...
2026-05-08 21:08:32,245 - INFO - 未检测到home sel/mine sel/mine，跳过登出流程
2026-05-08 21:08:32,245 - INFO - ✅ 步骤0: 登出，确保从登出状态开始测试 - 完成
2026-05-08 21:08:34,255 - INFO - 🔄 步骤1: 验证在APP首页（登录页面）
2026-05-08 21:08:34,422 - INFO - ✅ 步骤1: 验证在APP首页（登录页面） - 完成，确认在APP首页（登录页面）
2026-05-08 21:08:36,432 - INFO - 🔄 步骤2: 点击Sign Up按钮进入注册页面
2026-05-08 21:08:37,398 - INFO - ✅ 步骤2: 点击Sign Up按钮进入注册页面 - 完成
2026-05-08 21:08:40,401 - INFO - 🔄 步骤3: 验证进入Sign Up页面
2026-05-08 21:08:40,636 - INFO - ✅ 步骤3: 验证进入Sign Up页面 - 完成，确认已进入Sign Up注册页面
2026-05-08 21:08:42,642 - INFO - 🔄 步骤4: 输入邮箱
2026-05-08 21:08:42,645 - INFO - 📧 生成简单邮箱地址: testuser163@163.com
2026-05-08 21:08:44,530 - INFO - ✅ 步骤4: 输入邮箱 - 完成，邮箱: testuser163@163.com
2026-05-08 21:08:46,540 - INFO - 🔄 步骤5: 勾选隐私政策和用户协议
2026-05-08 21:08:52,658 - INFO - ✅ 隐私政策复选框已勾选
2026-05-08 21:08:54,162 - INFO - 🔄 步骤5.1: 收起键盘（Done）
2026-05-08 21:08:55,423 - INFO - ✅ 已点击Done收起键盘
2026-05-08 21:08:56,432 - INFO - 🔄 步骤6: 点击Next进入set password页面
2026-05-08 21:08:57,132 - INFO - ✅ 步骤6: 点击Next进入set password页面 - 完成，已点击Next按钮
2026-05-08 21:09:00,142 - INFO - 🔄 步骤7: 验证进入set password页面
2026-05-08 21:09:00,416 - INFO - ✅ 成功进入set password页面
2026-05-08 21:09:01,923 - INFO - 🔄 步骤8: 输入小于6位密码并验证规则颜色
2026-05-08 21:09:03,422 - INFO - ✅ 已输入密码: Csx15
2026-05-08 21:09:05,315 - INFO - 📝 规则提示: • 6-20 characters 颜色: None
2026-05-08 21:09:05,701 - INFO - 📝 规则提示: • contains letters 颜色: None
2026-05-08 21:09:06,078 - INFO - 📝 规则提示: • contains numbers 颜色: None
2026-05-08 21:09:06,447 - INFO - 📝 规则提示: • Supports special characters:! @ # $ % ^ & * ( ) - _ = + \ | [ ] { } ; : / ? . , ~ > < ` 颜色: None
2026-05-08 21:09:06,447 - INFO - ✅ 规则颜色检查完成（无法获取颜色时已记录）
2026-05-08 21:09:07,452 - INFO - 🔄 步骤9: 收起键盘并点击Next，验证停留当前页面
2026-05-08 21:09:08,621 - INFO - ✅ 已点击Done收起键盘
2026-05-08 21:09:10,191 - INFO - ✅ 已尝试点击密码页Next按钮
2026-05-08 21:09:12,499 - INFO - ✅ 点击后仍停留在set password页面，Next按钮不可使页面跳转
2026-05-08 21:09:13,509 - INFO - 🎉 测试用例102224执行成功！
2026-05-08 21:09:13,509 - INFO - ✅ 密码小于6位时规则颜色符合预期，Next按钮不可跳转
2026-05-08 21:09:15,542 - INFO - ✅ 报告已生成: /Users/ambrose.chen/Desktop/iot/project/APP外壳/2测试报告/platform/ios_20260508_210759/ios_20260508_210759_report.xlsx
