2026-05-12 11:46:03,285 - INFO - 🔄 步骤0: 登出，确保从登出状态开始测试
2026-05-12 11:46:03,285 - INFO - 开始登出流程...
2026-05-12 11:46:34,200 - INFO - 未检测到home sel/mine sel/mine，跳过登出流程
2026-05-12 11:46:34,201 - INFO - ✅ 步骤0: 登出，确保从登出状态开始测试 - 完成
2026-05-12 11:46:36,209 - INFO - 🔄 步骤1: 验证在APP首页（登录页面）
2026-05-12 11:46:36,374 - INFO - ✅ 步骤1: 验证在APP首页（登录页面） - 完成，确认在APP首页（登录页面）
2026-05-12 11:46:38,378 - INFO - 🔄 步骤2: 点击Sign Up按钮进入注册页面
2026-05-12 11:46:39,336 - INFO - ✅ 步骤2: 点击Sign Up按钮进入注册页面 - 完成
2026-05-12 11:46:42,339 - INFO - 🔄 步骤3: 验证进入Sign Up页面
2026-05-12 11:46:42,579 - INFO - ✅ 步骤3: 验证进入Sign Up页面 - 完成，确认已进入Sign Up注册页面
2026-05-12 11:46:44,580 - INFO - 🔄 步骤4: 输入邮箱
2026-05-12 11:46:44,583 - INFO - 📧 生成简单邮箱地址: testuser287@163.com
2026-05-12 11:46:46,493 - INFO - ✅ 步骤4: 输入邮箱 - 完成，邮箱: testuser287@163.com
2026-05-12 11:46:48,496 - INFO - 🔄 步骤5: 勾选隐私政策和用户协议
2026-05-12 11:46:54,456 - INFO - ✅ 隐私政策复选框已勾选
2026-05-12 11:46:55,960 - INFO - 🔄 步骤5.1: 收起键盘（Done）
2026-05-12 11:46:57,225 - INFO - ✅ 已点击Done收起键盘
2026-05-12 11:46:58,226 - INFO - 🔄 步骤6: 点击Next进入set password页面
2026-05-12 11:46:58,973 - INFO - ✅ 步骤6: 点击Next进入set password页面 - 完成，已点击Next按钮
2026-05-12 11:47:01,977 - INFO - 🔄 步骤7: 验证进入set password页面
2026-05-12 11:47:02,289 - INFO - ✅ 成功进入set password页面
2026-05-12 11:47:03,792 - INFO - 🔄 步骤8: 输入密码并切换明文显示
2026-05-12 11:47:05,424 - INFO - ✅ 已输入密码: Csx150128
2026-05-12 11:47:07,389 - INFO - ✅ 已点击显示密码按钮（login pwd hide）
2026-05-12 11:47:08,721 - INFO - 📝 显示后密码框value: 'Csx150128', type: 'XCUIElementTypeTextField'
2026-05-12 11:47:08,721 - INFO - ✅ 密码已明文显示
2026-05-12 11:47:09,722 - INFO - 🎉 测试用例102241执行成功！
2026-05-12 11:47:09,723 - INFO - ✅ 密码可切换为明文显示校验通过
2026-05-12 11:47:11,760 - INFO - ✅ 报告已生成: /Users/ambrose.chen/Desktop/iot/project/APP外壳/2测试报告/platform/ios_20260512_114601/ios_20260512_114601_report.xlsx
