2026-05-12 11:18:28,207 - INFO - 🔄 步骤0: 登出，确保从登出状态开始测试
2026-05-12 11:18:28,208 - INFO - 开始登出流程...
2026-05-12 11:18:59,123 - INFO - 未检测到home sel/mine sel/mine，跳过登出流程
2026-05-12 11:18:59,124 - INFO - ✅ 步骤0: 登出，确保从登出状态开始测试 - 完成
2026-05-12 11:19:01,129 - INFO - 🔄 步骤1: 验证在APP首页（登录页面）
2026-05-12 11:19:01,294 - INFO - ✅ 步骤1: 验证在APP首页（登录页面） - 完成，确认在APP首页（登录页面）
2026-05-12 11:19:03,303 - INFO - 🔄 步骤2: 点击Sign Up按钮进入注册页面
2026-05-12 11:19:04,277 - INFO - ✅ 步骤2: 点击Sign Up按钮进入注册页面 - 完成
2026-05-12 11:19:07,286 - INFO - 🔄 步骤3: 验证进入Sign Up页面
2026-05-12 11:19:07,537 - INFO - ✅ 步骤3: 验证进入Sign Up页面 - 完成，确认已进入Sign Up注册页面
2026-05-12 11:19:09,540 - INFO - 🔄 步骤4: 国家切换至France
2026-05-12 11:20:33,491 - INFO - ✅ 步骤4: 国家切换至France - 完成，已切换国家为France
2026-05-12 11:20:34,500 - INFO - 🔄 步骤5: 输入已注册邮箱
2026-05-12 11:20:36,398 - INFO - ✅ 步骤5: 输入已注册邮箱 - 完成，输入邮箱: haoc51888@gmail.com
2026-05-12 11:20:38,405 - INFO - 🔄 步骤6: 勾选隐私政策和用户协议
2026-05-12 11:20:44,541 - INFO - ✅ 隐私政策复选框已勾选
2026-05-12 11:20:46,046 - INFO - 🔄 步骤6.1: 收起键盘（Done）
2026-05-12 11:20:47,316 - INFO - ✅ 已点击Done收起键盘
2026-05-12 11:20:48,323 - INFO - 🔄 步骤7: 点击Next按钮
2026-05-12 11:20:49,049 - INFO - ✅ 步骤7: 点击Next按钮 - 完成，已点击Next按钮
2026-05-12 11:20:51,051 - INFO - 🔄 步骤8: 验证已注册提示弹框
2026-05-12 11:20:51,878 - INFO - ✅ 弹框提示已注册: This email is already registered. Ready to sign in now?
2026-05-12 11:20:52,888 - INFO - 🎉 测试用例102221执行成功！
2026-05-12 11:20:52,889 - INFO - ✅ 已注册邮箱在France再次注册，弹出已注册提示（未继续下一步）
2026-05-12 11:20:54,933 - INFO - ✅ 报告已生成: /Users/ambrose.chen/Desktop/iot/project/APP外壳/2测试报告/platform/ios_20260512_111826/ios_20260512_111826_report.xlsx
