2026-05-08 20:56:58,417 - INFO - 🔄 步骤0: 登出，确保从登出状态开始测试
2026-05-08 20:56:58,418 - INFO - 开始登出流程...
2026-05-08 20:57:29,320 - INFO - 未检测到home sel/mine sel/mine，跳过登出流程
2026-05-08 20:57:29,321 - INFO - ✅ 步骤0: 登出，确保从登出状态开始测试 - 完成
2026-05-08 20:57:31,323 - INFO - 🔄 步骤1: 验证在APP首页（登录页面）
2026-05-08 20:57:31,491 - INFO - ✅ 步骤1: 验证在APP首页（登录页面） - 完成，确认在APP首页（登录页面）
2026-05-08 20:57:33,491 - INFO - 🔄 步骤2: 点击Sign Up按钮进入注册页面
2026-05-08 20:57:34,461 - INFO - ✅ 步骤2: 点击Sign Up按钮进入注册页面 - 完成
2026-05-08 20:57:37,471 - INFO - 🔄 步骤3: 验证进入Sign Up页面
2026-05-08 20:57:37,699 - INFO - ✅ 步骤3: 验证进入Sign Up页面 - 完成，确认已进入Sign Up注册页面
2026-05-08 20:57:39,701 - INFO - 🔄 步骤4: 邮箱输入错误格式
2026-05-08 20:57:41,581 - INFO - ✅ 步骤4: 邮箱输入错误格式 - 完成，输入错误邮箱: asd.gmail.com
2026-05-08 20:57:43,591 - INFO - 🔄 步骤5: 勾选隐私政策和用户协议
2026-05-08 20:57:49,696 - INFO - ✅ 隐私政策复选框已勾选
2026-05-08 20:57:51,198 - INFO - 🔄 步骤5.1: 收起键盘（Done）
2026-05-08 20:57:52,433 - INFO - ✅ 已点击Done收起键盘
2026-05-08 20:57:53,444 - INFO - 🔄 步骤6: 点击Next按钮
2026-05-08 20:57:54,090 - INFO - ✅ 步骤6: 点击Next按钮 - 完成，已点击Next按钮
2026-05-08 20:57:56,093 - INFO - 🔄 步骤7: 验证停留当前页面并出现提示
2026-05-08 20:58:07,025 - INFO - ✅ 找到提示信息元素，选择器: //XCUIElementTypeStaticText[@name="Please sign up using your email address"]
2026-05-08 20:58:07,026 - INFO - ✅ 步骤7: 验证停留当前页面并出现提示 - 完成，提示信息: Please sign up using your email address
2026-05-08 20:58:09,036 - INFO - 🎉 测试用例102216执行成功！
2026-05-08 20:58:09,036 - INFO - ✅ 验证错误邮箱（只有点）勾选隐私后点击Next，停留当前页并提示“Please sign up using your email address”
2026-05-08 20:58:11,052 - INFO - ✅ 报告已生成: /Users/ambrose.chen/Desktop/iot/project/APP外壳/2测试报告/platform/ios_20260508_205656/ios_20260508_205656_report.xlsx
