2026-05-11 09:28:36,900 - INFO - 🔄 步骤1: 重置APP，检测登录状态并登出
2026-05-11 09:28:42,799 - INFO -     ✅ APP已重置
2026-05-11 09:28:58,034 - INFO -     ℹ️ 未检测到登录状态，已在登录页面
2026-05-11 09:28:58,034 - INFO - ✅ 步骤1: 重置APP，检测登录状态并登出 - 完成
2026-05-11 09:28:58,035 - INFO - 🔄 步骤3: 点击登录按钮进入Sign in页面
2026-05-11 09:28:59,028 - INFO - ✅ 步骤3: 点击登录按钮进入Sign in页面 - 完成
2026-05-11 09:29:00,528 - INFO - 🔄 步骤4: 点击邮箱框，输入邮箱
2026-05-11 09:29:41,345 - INFO -     ✅ 邮箱输入完成: haoc51888@gmail.com
2026-05-11 09:29:42,348 - INFO - ✅ 步骤4: 点击邮箱框，输入邮箱 - 完成
2026-05-11 09:29:42,349 - INFO - 🔄 步骤5: 点击密码框，输入密码
2026-05-11 09:30:23,740 - INFO -     ✅ 密码输入完成
2026-05-11 09:30:24,745 - INFO - ✅ 步骤5: 点击密码框，输入密码 - 完成
2026-05-11 09:30:24,745 - INFO - 🔄 步骤6: 点击键盘Done，收起键盘
2026-05-11 09:30:26,091 - INFO - ✅ 步骤6: 点击键盘Done，收起键盘 - 完成
2026-05-11 09:30:27,096 - INFO - 🔄 步骤7: 点击协议勾选框
2026-05-11 09:30:27,854 - INFO - ✅ 步骤7: 点击协议勾选框 - 完成
2026-05-11 09:30:28,857 - INFO - 🔄 步骤8: 点击登录按钮
2026-05-11 09:30:29,671 - INFO - ✅ 步骤8: 点击登录按钮 - 完成
2026-05-11 09:30:29,672 - INFO -     ⏳ 等待登录跳转（4.0s）…
2026-05-11 09:30:33,673 - INFO - 🔄 步骤9: 断言登录成功
2026-05-11 09:30:34,366 - INFO -     ✅ 已检测到底部 Mine Tab，登录成功
2026-05-11 09:30:34,366 - INFO - ✅ 步骤9: 断言登录成功 - 完成，登录成功
2026-05-11 09:30:34,366 - INFO - 🎉 测试用例102667执行成功！
2026-05-11 09:30:34,390 - INFO - ✅ 报告已生成: /Users/ambrose.chen/Desktop/iot/project/APP外壳/2测试报告/platform/ios_20260511_092835/ios_20260511_092835_report.xlsx
