2026-05-19 16:36:55,148 - INFO - 🔄 步骤1: 重启APP
2026-05-19 16:37:00,068 - INFO - ✅ 步骤1: 重启APP - 完成
2026-05-19 16:37:00,069 - INFO - 🔄 步骤2: 检测登录状态并确保在登录/注册入口页
2026-05-19 16:37:01,326 - INFO - ✅ 步骤2: 检测登录状态并确保在登录/注册入口页 - 完成
2026-05-19 16:37:01,327 - INFO - 🔄 步骤3: 点击 Sign Up 进入注册页
2026-05-19 16:37:03,596 - INFO - ✅ 步骤3: 点击 Sign Up 进入注册页 - 完成
2026-05-19 16:37:03,597 - INFO - 🔄 步骤4: 输入过长邮箱
2026-05-19 16:37:52,198 - INFO - 
============================================================
2026-05-19 16:37:52,199 - INFO - ❌ 测试失败
2026-05-19 16:37:52,199 - INFO - 📍 失败步骤: 步骤4: 输入过长邮箱
2026-05-19 16:37:52,200 - INFO - 📝 失败原因: 步骤4: 输入过长邮箱失败: Message: 
Stacktrace:
NoSuchElementError: An element could not be located on the page using the given search parameters.
    at AndroidUiautomator2Driver.findElOrEls (/Users/ambrose.chen/.appium/node_modules/appium-uiautomator2-driver/node_modules/appium-android-driver/lib/commands/find.ts:86:11)
    at processTicksAndRejections (node:internal/process/task_queues:103:5)
    at AndroidUiautomator2Driver.findElOrElsWithProcessing (/Users/ambrose.chen/.appium/node_modules/appium-uiautomator2-driver/node_modules/@appium/base-driver/lib/basedriver/commands/find.ts:60:12)
    at AndroidUiautomator2Driver.findElement (/Users/ambrose.chen/.appium/node_modules/appium-uiautomator2-driver/node_modules/@appium/base-driver/lib/basedriver/commands/find.ts:75:12)
2026-05-19 16:37:52,200 - INFO - ============================================================
2026-05-19 16:37:52,204 - INFO - Traceback (most recent call last):

2026-05-19 16:37:52,204 - INFO -   File "/Users/ambrose.chen/Desktop/iot/project/APP外壳/3功能/1平台/Android/2注册/200037验证注册时，邮箱名称过长.py", line 240, in test_200037
    step_assert_still_on_signup_page(driver)

2026-05-19 16:37:52,204 - INFO -   File "/Users/ambrose.chen/Desktop/iot/project/APP外壳/3功能/1平台/Android/2注册/register_case_base.py", line 89, in step_assert_still_on_signup_page
    el = WebDriverWait(driver, timeout_s).until(
         ^^^^^^^^^^^^^^^^^^^^^^^^^^^^^^^^^^^^^^^

2026-05-19 16:37:52,205 - INFO -   File "/Library/Frameworks/Python.framework/Versions/3.11/lib/python3.11/site-packages/selenium/webdriver/support/wait.py", line 138, in until
    raise TimeoutException(message, screen, stacktrace)

2026-05-19 16:37:52,205 - INFO - selenium.common.exceptions.TimeoutException: Message: 
Stacktrace:
NoSuchElementError: An element could not be located on the page using the given search parameters.
    at AndroidUiautomator2Driver.findElOrEls (/Users/ambrose.chen/.appium/node_modules/appium-uiautomator2-driver/node_modules/appium-android-driver/lib/commands/find.ts:86:11)
    at processTicksAndRejections (node:internal/process/task_queues:103:5)
    at AndroidUiautomator2Driver.findElOrElsWithProcessing (/Users/ambrose.chen/.appium/node_modules/appium-uiautomator2-driver/node_modules/@appium/base-driver/lib/basedriver/commands/find.ts:60:12)
    at AndroidUiautomator2Driver.findElement (/Users/ambrose.chen/.appium/node_modules/appium-uiautomator2-driver/node_modules/@appium/base-driver/lib/basedriver/commands/find.ts:75:12)

2026-05-19 16:37:52,717 - INFO - 已保存test_200037_failed失败截图: screenshots/test_200037_failed_1779179872.png
2026-05-19 16:37:52,738 - INFO - ✅ 报告已生成: /Users/ambrose.chen/Desktop/iot/project/APP外壳/2测试报告/platform/android_20260519_163652/android_20260519_163652_report.xlsx
