2026-05-11 20:08:20,816 - INFO - 🔄 步骤0: 登出，确保从登出状态开始测试
2026-05-11 20:08:20,816 - INFO - 开始登出流程...
2026-05-11 20:08:51,755 - INFO - 未检测到home sel/mine sel/mine，跳过登出流程
2026-05-11 20:08:51,756 - INFO - ✅ 步骤0: 登出，确保从登出状态开始测试 - 完成
2026-05-11 20:08:53,758 - INFO - 🔄 步骤1: 验证在APP首页（登录页面）
2026-05-11 20:08:53,921 - INFO - ✅ 步骤1: 验证在APP首页（登录页面） - 完成，确认在APP首页（登录页面）
2026-05-11 20:08:55,925 - INFO - 🔄 步骤2: 点击Sign Up按钮进入注册页面
2026-05-11 20:08:56,891 - INFO - ✅ 步骤2: 点击Sign Up按钮进入注册页面 - 完成
2026-05-11 20:08:59,893 - INFO - 🔄 步骤3: 验证进入Sign Up页面
2026-05-11 20:09:00,125 - INFO - ✅ 步骤3: 验证进入Sign Up页面 - 完成，确认已进入Sign Up注册页面
2026-05-11 20:09:02,134 - INFO - 🔄 步骤4: 点击国家栏下拉按钮
2026-05-11 20:09:03,220 - INFO - ✅ 步骤4: 点击国家栏下拉按钮 - 完成，已点击国家栏下拉按钮
2026-05-11 20:09:06,225 - INFO - 🔄 步骤5: 验证跳转至国家选择页面
2026-05-11 20:10:39,645 - INFO - 📝 国家页默认可见国家（前10个）: ['Afghanistan', 'Albania', 'Algeria', 'American Samoa', 'Andorra', 'Angola', 'Anguilla', 'Antigua and Barbuda', 'Argentina', 'Armenia']
2026-05-11 20:10:39,647 - INFO - ✅ 步骤5: 验证跳转至国家选择页面 - 完成，确认已跳转至国家选择页面
2026-05-11 20:10:41,656 - INFO - 🔄 步骤6: 点击搜索框并输入Z
2026-05-11 20:11:17,878 - INFO - ✅ 步骤6: 点击搜索框并输入Z - 完成，已输入Z
2026-05-11 20:11:20,885 - INFO - 🔄 步骤7: 验证搜索到Z相关的所有国家（模糊搜索）
2026-05-11 20:11:45,150 - INFO - 📝 搜索关键词: Z
2026-05-11 20:11:45,150 - INFO - 📝 找到的国家数量: 7
2026-05-11 20:11:45,150 - INFO - 📝 找到的国家（前20个）: ['Azerbaijan', 'Belize', 'Bosnia and Herzegovina', 'Brazil', 'Congo - Brazzaville', 'Czech Republic', 'Kazakstan']
2026-05-11 20:11:45,150 - INFO - ✅ 步骤7: 验证搜索到Z相关的所有国家（模糊搜索） - 完成，找到 7 个匹配的国家
2026-05-11 20:11:45,150 - INFO - ✅ 所有找到的国家都包含字母'Z'，模糊搜索验证通过
2026-05-11 20:11:47,159 - INFO - 🎉 测试用例102188执行成功！
2026-05-11 20:11:47,159 - INFO - ✅ 注册页面国家切换-搜索框根据首字母搜索国家
2026-05-11 20:11:49,193 - INFO - ✅ 报告已生成: /Users/ambrose.chen/Desktop/iot/project/APP外壳/2测试报告/platform/ios_20260511_200819/ios_20260511_200819_report.xlsx
