2026-05-08 19:31:55,892 - INFO - 🔄 步骤1: 重置APP，检测登录状态并登出
2026-05-08 19:32:01,845 - INFO -     ✅ APP已重置
2026-05-08 19:32:17,066 - INFO -     ℹ️ 未检测到登录状态，已在登录页面
2026-05-08 19:32:17,066 - INFO - ✅ 步骤1: 重置APP，检测登录状态并登出 - 完成
2026-05-08 19:32:17,066 - INFO - 🔄 步骤2: 点击登录按钮进入Sign in页面
2026-05-08 19:32:18,030 - INFO - ✅ 步骤2: 点击登录按钮进入Sign in页面 - 完成
2026-05-08 19:32:19,539 - INFO - 🔄 步骤3: 点击邮箱框，输入邮箱（正确的邮箱）
2026-05-08 19:33:00,435 - INFO -     ✅ 邮箱输入完成: haoc51888@gmail.com
2026-05-08 19:33:01,443 - INFO - ✅ 步骤3: 点击邮箱框，输入邮箱（正确的邮箱） - 完成
2026-05-08 19:33:01,444 - INFO - 🔄 步骤4: 点击密码框，输入密码（错误的密码）
2026-05-08 19:33:42,900 - INFO -     ✅ 密码输入完成（错误密码）
2026-05-08 19:33:43,906 - INFO - ✅ 步骤4: 点击密码框，输入密码（错误的密码） - 完成
2026-05-08 19:33:43,907 - INFO - 🔄 步骤5: 点击键盘Done，收起键盘
2026-05-08 19:33:45,142 - INFO - ✅ 步骤5: 点击键盘Done，收起键盘 - 完成
2026-05-08 19:33:46,152 - INFO - 🔄 步骤6: 点击协议勾选框
2026-05-08 19:33:46,903 - INFO - ✅ 步骤6: 点击协议勾选框 - 完成
2026-05-08 19:33:47,910 - INFO - 🔄 步骤7: 点击登录按钮
2026-05-08 19:33:48,747 - INFO - ✅ 步骤7: 点击登录按钮 - 完成
2026-05-08 19:33:50,751 - INFO - 🔄 步骤8: 断言页面显示错误提示信息
2026-05-08 19:33:51,085 - INFO -     ✅ 找到错误提示信息: Incorrect account or password. Please check and try again.
2026-05-08 19:33:51,085 - INFO - ✅ 步骤8: 断言页面显示错误提示信息 - 完成，错误提示信息已显示
2026-05-08 19:33:51,085 - INFO - 🎉 测试用例102651执行成功！
2026-05-08 19:33:51,109 - INFO - ✅ 报告已生成: /Users/ambrose.chen/Desktop/iot/project/APP外壳/2测试报告/platform/ios_20260508_193154/ios_20260508_193154_report.xlsx
