2026-05-08 20:45:43,555 - INFO - 🔄 步骤0: 登出，确保从登出状态开始测试
2026-05-08 20:45:43,555 - INFO - 开始登出流程...
2026-05-08 20:46:14,466 - INFO - 未检测到home sel/mine sel/mine，跳过登出流程
2026-05-08 20:46:14,466 - INFO - ✅ 步骤0: 登出，确保从登出状态开始测试 - 完成
2026-05-08 20:46:16,475 - INFO - 🔄 步骤1: 验证在APP首页（登录页面）
2026-05-08 20:46:16,631 - INFO - ✅ 步骤1: 验证在APP首页（登录页面） - 完成，确认在APP首页（登录页面）
2026-05-08 20:46:18,633 - INFO - 🔄 步骤2: 点击Sign Up按钮进入注册页面
2026-05-08 20:46:19,594 - INFO - ✅ 步骤2: 点击Sign Up按钮进入注册页面 - 完成
2026-05-08 20:46:22,603 - INFO - 🔄 步骤3: 验证进入Sign Up页面
2026-05-08 20:46:22,831 - INFO - ✅ 步骤3: 验证进入Sign Up页面 - 完成，确认已进入Sign Up注册页面
2026-05-08 20:46:24,837 - INFO - 🔄 步骤4: 邮箱输入纯数字
2026-05-08 20:46:26,616 - INFO - ✅ 步骤4: 邮箱输入纯数字 - 完成，输入纯数字邮箱: 1234567890
2026-05-08 20:46:28,620 - INFO - 🔄 步骤5: 勾选隐私政策和用户协议
2026-05-08 20:46:34,717 - INFO - ✅ 隐私政策复选框已勾选
2026-05-08 20:46:36,221 - INFO - 🔄 步骤5.1: 收起键盘（Done）
2026-05-08 20:46:37,507 - INFO - ✅ 已点击Done收起键盘
2026-05-08 20:46:38,518 - INFO - 🔄 步骤6: 点击Next按钮
2026-05-08 20:46:39,171 - INFO - ✅ 步骤6: 点击Next按钮 - 完成，已尝试点击Next按钮
2026-05-08 20:46:41,172 - INFO - 🔄 步骤7: 验证停留当前页面并出现提示
2026-05-08 20:46:52,097 - INFO - ✅ 找到提示信息元素，选择器: //XCUIElementTypeStaticText[@name="Please sign up using your email address"]
2026-05-08 20:46:52,097 - INFO - ✅ 步骤7: 验证停留当前页面并出现提示 - 完成，提示信息: Please sign up using your email address
2026-05-08 20:46:54,103 - INFO - 🎉 测试用例102206执行成功！
2026-05-08 20:46:54,103 - INFO - ✅ 验证输入纯数字邮箱，勾选隐私政策后点击Next，停留当前页并提示“Please sign up using your email address”
2026-05-08 20:46:56,143 - INFO - ✅ 报告已生成: /Users/ambrose.chen/Desktop/iot/project/APP外壳/2测试报告/platform/ios_20260508_204541/ios_20260508_204541_report.xlsx
