2026-05-12 12:01:29,232 - INFO - 🔄 步骤1: 重启APP并处理登录状态
2026-05-12 12:01:50,402 - INFO - ✅ 步骤1: 重启APP并处理登录状态 - 完成
2026-05-12 12:01:50,404 - INFO - 🔄 步骤2: 点击Sign In进入登录页
2026-05-12 12:01:53,439 - INFO - ✅ 步骤2: 点击Sign In进入登录页 - 完成
2026-05-12 12:01:53,440 - INFO - 🔄 步骤3: 点击Forgot password进入忘记密码页
2026-05-12 12:01:56,479 - INFO - ✅ 步骤3: 点击Forgot password进入忘记密码页 - 完成
2026-05-12 12:01:56,479 - INFO - 🔄 步骤4: 输入邮箱
2026-05-12 12:02:00,719 - INFO - ✅ 步骤4: 输入邮箱 - 完成，邮箱: haoc51888@gmail.com
2026-05-12 12:02:00,720 - INFO - 🔄 步骤5: 点击Next进入验证码页并触发发码
2026-05-12 12:02:08,946 - INFO - ✅ 步骤5: 点击Next进入验证码页并触发发码 - 完成
2026-05-12 12:02:08,947 - INFO - 🔄 步骤6: Gmail获取最新验证码code1
2026-05-12 12:03:22,091 - INFO - ✅ 步骤6: Gmail获取最新验证码code1 - 完成，code1: 017880
2026-05-12 12:03:22,092 - INFO - 🔄 步骤7: 等待Resend可用并点击
2026-05-12 12:03:43,762 - INFO - ✅ 步骤7: 等待Resend可用并点击 - 完成
2026-05-12 12:03:43,763 - INFO - 🔄 步骤8: 输入旧验证码并触发校验
2026-05-12 12:05:06,238 - INFO -     ✅ 命中错误提示元素: name="Verification code error, please re-enter" label="Verification code error, please re-enter" value="Verification code error, please re-enter"
2026-05-12 12:05:07,745 - INFO - ✅ 步骤8: 输入旧验证码并触发校验 - 完成（已出现错误提示）
2026-05-12 12:05:07,745 - INFO - 🎉 测试用例102135执行成功！
2026-05-12 12:05:07,745 - INFO - ✅ 重新发送验证码后，旧验证码失效并提示重填
2026-05-12 12:05:07,775 - INFO - ✅ 报告已生成: /Users/ambrose.chen/Desktop/iot/project/APP外壳/2测试报告/platform/ios_20260512_120127/ios_20260512_120127_report.xlsx
