2026-05-20 11:14:19,443 - INFO - 🔄 步骤1: 重启APP
2026-05-20 11:14:19,443 - INFO -     🔄 driver.terminate_app / activate_app: com.xingmai.tech
2026-05-20 11:14:24,306 - INFO -     ✅ APP 已重启
2026-05-20 11:14:24,306 - INFO - ✅ 步骤1: 重启APP - 完成
2026-05-20 11:14:24,306 - INFO - 🔄 步骤2: 检测登录状态并确保在登录/注册入口页
2026-05-20 11:14:24,310 - INFO -     🔄 检测已登录元素: //android.view.View[@content-desc="More"]
2026-05-20 11:14:24,432 - INFO -     🔄 检测已登录元素: //*[@content-desc="More"]
2026-05-20 11:14:25,041 - INFO -     ℹ️ 未检测到 More，判定未登录
2026-05-20 11:14:25,041 - INFO -     🔄 等待登录/注册入口页: //*[(@text="Sign In" or @text="Sign Up") or contains(@text,"Sign In") or contains(@text,"Sign Up") or @content-desc="Sign In" or @content-desc="Sign Up"]
2026-05-20 11:14:25,091 - INFO -     ✅ 已处于登录/注册入口页
2026-05-20 11:14:25,091 - INFO - ✅ 步骤2: 检测登录状态并确保在登录/注册入口页 - 完成
2026-05-20 11:14:25,091 - INFO - 🔄 步骤3: 点击 Sign In 进入登录页
2026-05-20 11:14:25,091 - INFO -     🔄 定位 Sign In: //android.widget.TextView[@text="Sign In"]
2026-05-20 11:14:25,149 - INFO -     ✅ 找到 Sign In: //android.widget.TextView[@text="Sign In"]
2026-05-20 11:14:25,787 - INFO - ✅ 步骤3: 点击 Sign In 进入登录页 - 完成
2026-05-20 11:14:27,291 - INFO - 🔄 步骤4: 输入密码
2026-05-20 11:14:27,292 - INFO -     🔄 密码已填入（长度 9）
2026-05-20 11:14:28,151 - INFO -     🔄 定位: //android.widget.ScrollView/android.widget.EditText[2]
2026-05-20 11:14:28,531 - INFO - ✅ 步骤4: 输入密码 - 完成
2026-05-20 11:14:28,532 - INFO - 🔄 步骤5: 收起输入键盘
2026-05-20 11:14:29,923 - INFO -     ✅ hide_keyboard 成功
2026-05-20 11:14:30,328 - INFO - ✅ 步骤5: 收起输入键盘 - 完成
2026-05-20 11:14:30,328 - INFO - 🔄 步骤6: 勾选用户协议与隐私政策
2026-05-20 11:14:30,328 - INFO -     🔄 定位: //android.widget.ImageView[@content-desc="checkbox"]
2026-05-20 11:14:31,232 - INFO - ✅ 步骤6: 勾选用户协议与隐私政策 - 完成
2026-05-20 11:14:31,233 - INFO - 🔄 步骤7: 点击 Next 登录
2026-05-20 11:14:31,233 - INFO -     🔄 定位: //android.widget.ImageView[@content-desc="next"]
2026-05-20 11:14:32,572 - INFO - ✅ 步骤7: 点击 Next 登录 - 完成
2026-05-20 11:14:32,572 - INFO - 🔄 步骤8: 断言提示文案
2026-05-20 11:14:32,572 - INFO -     🔄 期望文案: Please enter a valid email address.
2026-05-20 11:14:32,647 - INFO -     ✅ 已显示提示
2026-05-20 11:14:32,648 - INFO - ✅ 步骤8: 断言提示文案 - 完成
2026-05-20 11:14:32,648 - INFO - 🎉 测试用例 200004 执行成功！
2026-05-20 11:14:32,672 - INFO - ✅ 报告已生成: /Users/ambrose.chen/Desktop/iot/project/APP外壳/2测试报告/platform/android_20260520_111416/android_20260520_111416_report.xlsx
