2026-05-12 10:18:30,089 - INFO - 🔄 步骤0: 登出，确保从登出状态开始测试
2026-05-12 10:18:30,090 - INFO - 开始登出流程...
2026-05-12 10:19:01,012 - INFO - 未检测到home sel/mine sel/mine，跳过登出流程
2026-05-12 10:19:01,013 - INFO - ✅ 步骤0: 登出，确保从登出状态开始测试 - 完成
2026-05-12 10:19:03,017 - INFO - 🔄 步骤1: 验证在APP首页（登录页面）
2026-05-12 10:19:03,171 - INFO - ✅ 步骤1: 验证在APP首页（登录页面） - 完成，确认在APP首页（登录页面）
2026-05-12 10:19:05,172 - INFO - 🔄 步骤2: 点击Sign Up按钮
2026-05-12 10:19:06,121 - INFO - ✅ 步骤2: 点击Sign Up按钮 - 完成
2026-05-12 10:19:09,123 - INFO - 🔄 步骤3: 验证跳转到Sign Up页面 - 验证'Sign Up'文本元素
2026-05-12 10:19:09,407 - INFO - ✅ 步骤3: 验证跳转到Sign Up页面 - 验证'Sign Up'文本元素 - 完成，找到Sign Up文本元素: Sign Up
2026-05-12 10:19:10,411 - INFO - 🔄 步骤4: 验证隐私政策文本元素
2026-05-12 10:19:10,694 - INFO - ✅ 步骤4: 验证隐私政策文本元素 - 完成，找到隐私政策文本元素
2026-05-12 10:19:10,695 - INFO - 📝 隐私政策文本内容: I have read and understood the Privacy Policy and agree to the User Agreement.
2026-05-12 10:19:11,698 - INFO - 🔄 步骤5: 验证页面跳转成功（综合验证）
2026-05-12 10:19:12,125 - INFO - ✅ 步骤5: 验证页面跳转成功（综合验证） - 完成
2026-05-12 10:19:12,125 - INFO - ✅ 确认已成功跳转到Sign Up注册页面
2026-05-12 10:19:12,125 - INFO - ✅ 页面包含以下关键元素：
2026-05-12 10:19:12,176 - INFO -    - Sign Up文本: Sign Up
2026-05-12 10:19:12,232 - INFO -    - 隐私政策文本: I have read and understood the Privacy Policy and agree to the User Agreement.
2026-05-12 10:19:13,235 - INFO - 🎉 测试用例102181执行成功！
2026-05-12 10:19:13,236 - INFO - ✅ 点击Sign Up按钮后能够正常跳转到注册页面
2026-05-12 10:19:15,263 - INFO - ✅ 报告已生成: /Users/ambrose.chen/Desktop/iot/project/APP外壳/2测试报告/platform/ios_20260512_101828/ios_20260512_101828_report.xlsx
