2026-05-09 19:57:24,323 - INFO - 🔄 步骤0: 登出，确保从登出状态开始测试
2026-05-09 19:57:24,324 - INFO - 开始登出流程...
2026-05-09 19:57:55,230 - INFO - 未检测到home sel/mine sel/mine，跳过登出流程
2026-05-09 19:57:55,230 - INFO - ✅ 步骤0: 登出，确保从登出状态开始测试 - 完成
2026-05-09 19:57:57,231 - INFO - 🔄 步骤1: 验证在APP首页（登录页面）
2026-05-09 19:57:57,407 - INFO - ✅ 步骤1: 验证在APP首页（登录页面） - 完成，确认在APP首页（登录页面）
2026-05-09 19:57:59,418 - INFO - 🔄 步骤2: 点击Sign Up按钮进入注册页面
2026-05-09 19:58:00,388 - INFO - ✅ 步骤2: 点击Sign Up按钮进入注册页面 - 完成
2026-05-09 19:58:03,393 - INFO - 🔄 步骤3: 验证进入Sign Up页面
2026-05-09 19:58:03,630 - INFO - ✅ 步骤3: 验证进入Sign Up页面 - 完成，确认已进入Sign Up注册页面
2026-05-09 19:58:05,632 - INFO - 🔄 步骤4: 输入邮箱
2026-05-09 19:58:05,635 - INFO - 📧 生成简单邮箱地址: testuser205@163.com
2026-05-09 19:58:07,620 - INFO - ✅ 步骤4: 输入邮箱 - 完成，邮箱: testuser205@163.com
2026-05-09 19:58:09,628 - INFO - 🔄 步骤5: 勾选隐私政策和用户协议
2026-05-09 19:58:15,747 - INFO - ✅ 隐私政策复选框已勾选
2026-05-09 19:58:17,249 - INFO - 🔄 步骤5.1: 收起键盘（Done）
2026-05-09 19:58:18,519 - INFO - ✅ 已点击Done收起键盘
2026-05-09 19:58:19,520 - INFO - 🔄 步骤6: 点击Next进入set password页面
2026-05-09 19:58:20,230 - INFO - ✅ 步骤6: 点击Next进入set password页面 - 完成，已点击Next按钮
2026-05-09 19:58:23,233 - INFO - 🔄 步骤7: 验证进入set password页面
2026-05-09 19:58:23,508 - INFO - ✅ 成功进入set password页面
2026-05-09 19:58:25,018 - INFO - 🔄 步骤8: 输入纯特殊字符密码并验证规则颜色
2026-05-09 19:58:27,266 - INFO - ✅ 已输入密码: !@#$%^&*()-==+\'l[};:/?...~><`
2026-05-09 19:58:29,559 - INFO - ✅ 已输入确认密码: !@#$%^&*()-==+\'l[};:/?...~><`
2026-05-09 19:58:30,963 - INFO - 📝 规则提示: • 6-20 characters 颜色: None
2026-05-09 19:58:31,350 - INFO - 📝 规则提示: • contains letters 颜色: None
2026-05-09 19:58:31,747 - INFO - 📝 规则提示: • contains numbers 颜色: None
2026-05-09 19:58:32,137 - INFO - 📝 规则提示: • Supports special characters:! @ # $ % ^ & * ( ) - _ = + \ | [ ] { } ; : / ? . , ~ > < ` 颜色: None
2026-05-09 19:58:33,324 - INFO - ✅ 密码页已点击Done收起键盘
2026-05-09 19:58:34,327 - INFO - 🔄 步骤9: 点击Next验证仍停留在set password页面
2026-05-09 19:58:34,918 - INFO - ✅ 已尝试点击密码页Next按钮（应无跳转）
2026-05-09 19:58:37,237 - INFO - ✅ 点击后仍停留在set password页面，Next按钮不可使页面跳转
2026-05-09 19:58:38,247 - INFO - 🎉 测试用例102231执行成功！
2026-05-09 19:58:38,247 - INFO - ✅ 纯字符密码规则提示符合预期，Next不可跳转
2026-05-09 19:58:40,284 - INFO - ✅ 报告已生成: /Users/ambrose.chen/Desktop/iot/project/APP外壳/2测试报告/platform/ios_20260509_195722/ios_20260509_195722_report.xlsx
