2026-05-07 20:47:24,523 - INFO - 🔄 步骤0: 登出，确保从登出状态开始测试
2026-05-07 20:47:24,524 - INFO - 开始登出流程...
2026-05-07 20:47:55,432 - INFO - 未检测到home sel/mine sel/mine，跳过登出流程
2026-05-07 20:47:55,433 - INFO - ✅ 步骤0: 登出，确保从登出状态开始测试 - 完成
2026-05-07 20:47:57,443 - INFO - 🔄 步骤1: 点击Sign Up按钮进入注册页面
2026-05-07 20:47:58,403 - INFO - ✅ 步骤1: 点击Sign Up按钮进入注册页面 - 完成
2026-05-07 20:48:00,414 - INFO - 🔄 步骤2-5: 输入邮箱并进入设置密码页面
2026-05-07 20:48:00,418 - INFO - 📧 生成未使用过的特殊字符邮箱: 1+2-3.4%5_683498@163.com
2026-05-07 20:48:02,437 - INFO - ✅ 步骤2: 输入邮箱 - 完成（第1次尝试），邮箱: 1+2-3.4%5_683498@163.com
2026-05-07 20:48:09,725 - INFO - ✅ 步骤3: 同意隐私政策 - 完成
2026-05-07 20:48:11,825 - INFO - ✅ 步骤4: Done收起键盘 - 完成
2026-05-07 20:48:13,349 - INFO - ✅ 步骤5: 点击Next - 完成
2026-05-07 20:48:15,346 - INFO - ✅ 已进入set password页面
2026-05-07 20:48:15,346 - INFO - 🔄 步骤6: 设置密码
2026-05-07 20:48:20,681 - INFO - ✅ 步骤6: 设置密码 - 完成
2026-05-07 20:48:22,691 - INFO - 🔄 步骤7: 点击Done按钮（收起键盘）
2026-05-07 20:48:23,930 - INFO - ✅ 步骤7: 点击Done按钮（收起键盘） - 完成
2026-05-07 20:48:25,936 - INFO - 🔄 步骤8: 点击Next按钮进入个人信息页面
2026-05-07 20:48:26,900 - INFO - ✅ 步骤8: 点击Next按钮进入个人信息页面 - 完成
2026-05-07 20:48:28,901 - INFO - 🔄 步骤9: 设置超过50个字符的用户名
2026-05-07 20:48:28,902 - INFO - 📝 生成的用户名长度: 60 个字符
2026-05-07 20:48:31,788 - INFO - ✅ 已点击用户名区域: //XCUIElementTypeTextField[@value="Username"]
2026-05-07 20:48:32,810 - INFO - ✅ 命中用户名输入框定位: //XCUIElementTypeTextField[@value="Username"]
2026-05-07 20:48:34,390 - INFO - ✅ 步骤9: 设置超过50个字符的用户名 - 完成，输入的用户名长度: 60 个字符
2026-05-07 20:48:34,390 - INFO - 📝 输入的用户名前50个字符: rEPsPqwzJYBwtnCTAQRPKmberwChriysYrdSCgKmxZafxfKBDx
2026-05-07 20:48:37,396 - INFO - 🔄 步骤10: 点击Done按钮收起键盘
2026-05-07 20:48:38,667 - INFO - ✅ 步骤10: 点击Done按钮收起键盘 - 完成
2026-05-07 20:48:40,672 - INFO - 🔄 步骤11: 点击submit
2026-05-07 20:48:41,332 - INFO - ✅ 步骤11: 点击submit - 完成
2026-05-07 20:48:44,335 - INFO - 🔄 步骤12: 验证跳转到APP主页面
2026-05-07 20:48:44,797 - INFO - ✅ 步骤12: 验证跳转到APP主页面 - 完成
2026-05-07 20:48:44,797 - INFO - 🔄 步骤13: 验证用户名只保留50个字符
2026-05-07 20:48:45,088 - INFO - ✅ 找到用户名元素，使用选择器: //XCUIElementTypeStaticText[contains(@name, "Hi")]
2026-05-07 20:48:45,143 - INFO - 📝 用户名显示内容: Hi, rEPsPqwzJYBwtnCTAQRPKmberwChriysYrdSCgKmxZafxfKBDx
2026-05-07 20:48:45,144 - INFO - ✅ 步骤13: 验证用户名只保留50个字符 - 完成
2026-05-07 20:48:45,144 - INFO - 📝 输入的用户名长度: 60 个字符
2026-05-07 20:48:45,144 - INFO - 📝 显示的用户名长度: 50 个字符（已截断为50个字符）
2026-05-07 20:48:45,144 - INFO - 📝 显示的用户名: rEPsPqwzJYBwtnCTAQRPKmberwChriysYrdSCgKmxZafxfKBDx
2026-05-07 20:48:45,144 - INFO - 🎉 测试用例102179执行成功！
2026-05-07 20:48:47,176 - INFO - ✅ 报告已生成: /Users/ambrose.chen/Desktop/iot/project/APP外壳/2测试报告/platform/ios_20260507_204722/ios_20260507_204722_report.xlsx
