2026-05-11 21:16:30,228 - INFO - 🔄 步骤0: 登出，确保从登出状态开始测试
2026-05-11 21:16:30,229 - INFO - 开始登出流程...
2026-05-11 21:17:01,138 - INFO - 未检测到home sel/mine sel/mine，跳过登出流程
2026-05-11 21:17:01,141 - INFO - ✅ 步骤0: 登出，确保从登出状态开始测试 - 完成
2026-05-11 21:17:03,152 - INFO - 🔄 步骤1: 验证在APP首页（登录页面）
2026-05-11 21:17:03,314 - INFO - ✅ 步骤1: 验证在APP首页（登录页面） - 完成，确认在APP首页（登录页面）
2026-05-11 21:17:05,317 - INFO - 🔄 步骤2: 点击Sign Up按钮进入注册页面
2026-05-11 21:17:06,271 - INFO - ✅ 步骤2: 点击Sign Up按钮进入注册页面 - 完成
2026-05-11 21:17:09,279 - INFO - 🔄 步骤3: 验证进入Sign Up页面
2026-05-11 21:17:09,515 - INFO - ✅ 步骤3: 验证进入Sign Up页面 - 完成，确认已进入Sign Up注册页面
2026-05-11 21:17:11,522 - INFO - 🔄 步骤4: 输入邮箱
2026-05-11 21:17:11,526 - INFO - 📧 生成简单邮箱地址: testuser248@163.com
2026-05-11 21:17:13,501 - INFO - ✅ 步骤4: 输入邮箱 - 完成，邮箱: testuser248@163.com
2026-05-11 21:17:15,510 - INFO - 🔄 步骤5: 勾选隐私政策和用户协议
2026-05-11 21:17:21,437 - INFO - ✅ 隐私政策复选框已勾选
2026-05-11 21:17:22,942 - INFO - 🔄 步骤5.1: 收起键盘（Done）
2026-05-11 21:17:24,211 - INFO - ✅ 已点击Done收起键盘
2026-05-11 21:17:25,219 - INFO - 🔄 步骤6: 点击Next进入set password页面
2026-05-11 21:17:25,927 - INFO - ✅ 步骤6: 点击Next进入set password页面 - 完成，已点击Next按钮
2026-05-11 21:17:28,931 - INFO - 🔄 步骤7: 验证进入set password页面
2026-05-11 21:17:29,218 - INFO - ✅ 成功进入set password页面
2026-05-11 21:17:30,720 - INFO - 🔄 步骤8: 输入小写+特殊字符密码并验证规则颜色
2026-05-11 21:17:32,508 - INFO - ✅ 已输入密码: !@#&xingmai
2026-05-11 21:17:34,478 - INFO - ✅ 已输入确认密码: !@#&xingmai
2026-05-11 21:17:35,886 - INFO - 📝 规则提示: • 6-20 characters 颜色: None
2026-05-11 21:17:36,270 - INFO - 📝 规则提示: • contains letters 颜色: None
2026-05-11 21:17:36,657 - INFO - 📝 规则提示: • contains numbers 颜色: None
2026-05-11 21:17:37,049 - INFO - 📝 规则提示: • Supports special characters:! @ # $ % ^ & * ( ) - _ = + \ | [ ] { } ; : / ? . , ~ > < ` 颜色: None
2026-05-11 21:17:38,220 - INFO - ✅ 密码页已点击Done收起键盘
2026-05-11 21:17:39,225 - INFO - 🔄 步骤9: 点击Next验证仍停留在set password页面
2026-05-11 21:17:39,804 - INFO - ✅ 已尝试点击密码页Next按钮（应无跳转）
2026-05-11 21:17:42,115 - INFO - ✅ 点击后仍停留在set password页面，Next按钮不可使页面跳转
2026-05-11 21:17:43,124 - INFO - 🎉 测试用例102237执行成功！
2026-05-11 21:17:43,125 - INFO - ✅ 小写+特殊字符密码规则提示符合预期，Next不可跳转
2026-05-11 21:17:45,166 - INFO - ✅ 报告已生成: /Users/ambrose.chen/Desktop/iot/project/APP外壳/2测试报告/platform/ios_20260511_211628/ios_20260511_211628_report.xlsx
