2026-05-12 10:22:36,463 - INFO - 🔄 步骤0: 登出，确保从登出状态开始测试
2026-05-12 10:22:36,463 - INFO - 开始登出流程...
2026-05-12 10:23:07,376 - INFO - 未检测到home sel/mine sel/mine，跳过登出流程
2026-05-12 10:23:07,377 - INFO - ✅ 步骤0: 登出，确保从登出状态开始测试 - 完成
2026-05-12 10:23:09,382 - INFO - 🔄 步骤1: 验证在APP首页（登录页面）
2026-05-12 10:23:09,550 - INFO - ✅ 步骤1: 验证在APP首页（登录页面） - 完成，确认在APP首页（登录页面）
2026-05-12 10:23:11,555 - INFO - 🔄 步骤2: 点击Sign Up按钮进入注册页面
2026-05-12 10:23:12,528 - INFO - ✅ 步骤2: 点击Sign Up按钮进入注册页面 - 完成
2026-05-12 10:23:15,531 - INFO - 🔄 步骤3: 验证进入Sign Up页面
2026-05-12 10:23:15,768 - INFO - ✅ 步骤3: 验证进入Sign Up页面 - 完成，确认已进入Sign Up注册页面
2026-05-12 10:23:17,774 - INFO - 🔄 步骤4: 点击国家栏下拉按钮
2026-05-12 10:23:18,894 - INFO - ✅ 步骤4: 点击国家栏下拉按钮 - 完成，已点击国家栏下拉按钮
2026-05-12 10:23:21,897 - INFO - 🔄 步骤5: 验证跳转至国家选择页面
2026-05-12 10:23:55,061 - INFO - ✅ 步骤5: 验证跳转至国家选择页面 - 完成，确认已跳转至国家选择页面
2026-05-12 10:23:57,065 - INFO - 🔄 步骤6: 点击搜索框并输入america
2026-05-12 10:24:33,332 - INFO - ✅ 步骤6: 点击搜索框并输入america - 完成，已输入america
2026-05-12 10:24:35,333 - INFO - 🔄 步骤7: 选择United States of America
2026-05-12 10:24:41,792 - INFO - ✅ 步骤7: 选择United States of America - 完成，已选择国家项: United States of America
2026-05-12 10:24:44,796 - INFO - 🔄 步骤8: 验证注册页面显示的国家与选择的一致
2026-05-12 10:24:45,111 - INFO - ✅ 找到国家显示元素，使用选择器: //XCUIElementTypeStaticText[@name="United States of America"]
2026-05-12 10:24:45,112 - INFO - 📝 注册页面显示的国家: United States of America
2026-05-12 10:24:45,112 - INFO - ✅ 步骤8: 验证注册页面显示的国家与选择的一致 - 完成
2026-05-12 10:24:45,112 - INFO - ✅ 注册页面显示的国家与选择的一致: United States of America
2026-05-12 10:24:47,114 - INFO - 🎉 测试用例102184执行成功！
2026-05-12 10:24:47,114 - INFO - ✅ 注册页面国家切换功能正常，选择的国家已正确显示
2026-05-12 10:24:49,143 - INFO - ✅ 报告已生成: /Users/ambrose.chen/Desktop/iot/project/APP外壳/2测试报告/platform/ios_20260512_102234/ios_20260512_102234_report.xlsx
