2026-05-18 10:23:00,535 - INFO - 🔄 步骤1: 重启APP
2026-05-18 10:23:03,925 - INFO - ✅ 步骤1: 重启APP - 完成
2026-05-18 10:23:03,925 - INFO - 🔄 步骤2: 检测是否已登录（如已登录先登出）
2026-05-18 10:23:14,018 - INFO - ✅ 步骤2: 检测是否已登录（如已登录先登出） - 完成
2026-05-18 10:23:14,020 - INFO - 🔄 步骤3: 点击 Sign In 进入登录页
2026-05-18 10:23:35,739 - INFO - Traceback (most recent call last):

2026-05-18 10:23:35,741 - INFO -   File "/Users/ambrose.chen/Desktop/iot/project/APP外壳/3功能/1平台/Android/1登录/200007验证输入邮箱，不输入密码，不勾选用户协议和隐私政策，点击登录.py", line 200, in test_200007
    _click_sign_in(driver)

2026-05-18 10:23:35,742 - INFO -   File "/Users/ambrose.chen/Desktop/iot/project/APP外壳/3功能/1平台/Android/1登录/200007验证输入邮箱，不输入密码，不勾选用户协议和隐私政策，点击登录.py", line 108, in _click_sign_in
    WebDriverWait(driver, 18).until(EC.element_to_be_clickable((AppiumBy.XPATH, '//*[@text="Sign In"]'))).click()
    ^^^^^^^^^^^^^^^^^^^^^^^^^^^^^^^^^^^^^^^^^^^^^^^^^^^^^^^^^^^^^^^^^^^^^^^^^^^^^^^^^^^^^^^^^^^^^^^^^^^^^

2026-05-18 10:23:35,742 - INFO -   File "/Library/Frameworks/Python.framework/Versions/3.11/lib/python3.11/site-packages/selenium/webdriver/support/wait.py", line 138, in until
    raise TimeoutException(message, screen, stacktrace)

2026-05-18 10:23:35,742 - INFO - selenium.common.exceptions.TimeoutException: Message: 
Stacktrace:
NoSuchElementError: An element could not be located on the page using the given search parameters.
    at AndroidUiautomator2Driver.findElOrEls (/Users/ambrose.chen/.appium/node_modules/appium-uiautomator2-driver/node_modules/appium-android-driver/lib/commands/find.ts:86:11)
    at processTicksAndRejections (node:internal/process/task_queues:103:5)
    at AndroidUiautomator2Driver.findElOrElsWithProcessing (/Users/ambrose.chen/.appium/node_modules/appium-uiautomator2-driver/node_modules/@appium/base-driver/lib/basedriver/commands/find.ts:60:12)
    at AndroidUiautomator2Driver.findElement (/Users/ambrose.chen/.appium/node_modules/appium-uiautomator2-driver/node_modules/@appium/base-driver/lib/basedriver/commands/find.ts:75:12)

2026-05-18 10:23:36,374 - INFO - 已保存test_200007_failed失败截图: screenshots/test_200007_failed_1779071015.png
2026-05-18 10:23:36,397 - INFO - ✅ 报告已生成: /Users/ambrose.chen/Desktop/iot/project/APP外壳/2测试报告/platform/android_20260518_102257/android_20260518_102257_report.xlsx
