2026-05-07 20:25:24,812 - INFO - 🔄 步骤1: 重置APP，检测登录状态并登出
2026-05-07 20:25:30,759 - INFO -     ✅ APP已重置
2026-05-07 20:25:45,962 - INFO -     ℹ️ 未检测到登录状态，已在登录页面
2026-05-07 20:25:45,963 - INFO - ✅ 步骤1: 重置APP，检测登录状态并登出 - 完成
2026-05-07 20:25:45,963 - INFO - 🔄 步骤2: 点击登录按钮进入Sign in页面
2026-05-07 20:25:46,920 - INFO - ✅ 步骤2: 点击登录按钮进入Sign in页面 - 完成
2026-05-07 20:25:48,427 - INFO - 🔄 步骤3: 点击邮箱框，输入邮箱
2026-05-07 20:26:29,200 - INFO -     ✅ 邮箱输入完成: haoc51888@gmail.com
2026-05-07 20:26:30,205 - INFO - ✅ 步骤3: 点击邮箱框，输入邮箱 - 完成
2026-05-07 20:26:30,205 - INFO - 🔄 步骤4: 点击键盘Done，收起键盘
2026-05-07 20:26:31,502 - INFO - ✅ 步骤4: 点击键盘Done，收起键盘 - 完成
2026-05-07 20:26:32,508 - INFO - 🔄 步骤5: 验证密码输入框为空（不输入密码）
2026-05-07 20:26:32,761 - INFO -     ✅ 密码输入框为空
2026-05-07 20:26:32,762 - INFO - ✅ 步骤5: 验证密码输入框为空（不输入密码） - 完成，密码输入框为空
2026-05-07 20:26:32,762 - INFO - 🔄 步骤6: 点击登录按钮（不勾选用户协议和隐私政策，不输入密码）
2026-05-07 20:26:33,575 - INFO - ✅ 步骤6: 点击登录按钮（不勾选用户协议和隐私政策，不输入密码） - 完成
2026-05-07 20:26:35,581 - INFO - 🔄 步骤7: 断言页面显示错误提示信息
2026-05-07 20:26:35,915 - INFO -     ✅ 找到错误提示信息: Incorrect password. Please confirm and try again.
2026-05-07 20:26:35,916 - INFO - ✅ 步骤7: 断言页面显示错误提示信息 - 完成，错误提示信息已显示
2026-05-07 20:26:35,916 - INFO - 🎉 测试用例102656执行成功！
2026-05-07 20:26:35,937 - INFO - ✅ 报告已生成: /Users/ambrose.chen/Desktop/iot/project/APP外壳/2测试报告/platform/ios_20260507_202523/ios_20260507_202523_report.xlsx
