2026-05-08 20:48:04,047 - INFO - 🔄 步骤0: 登出，确保从登出状态开始测试
2026-05-08 20:48:04,047 - INFO - 开始登出流程...
2026-05-08 20:48:34,954 - INFO - 未检测到home sel/mine sel/mine，跳过登出流程
2026-05-08 20:48:34,955 - INFO - ✅ 步骤0: 登出，确保从登出状态开始测试 - 完成
2026-05-08 20:48:36,960 - INFO - 🔄 步骤1: 验证在APP首页（登录页面）
2026-05-08 20:48:37,215 - INFO - ✅ 步骤1: 验证在APP首页（登录页面） - 完成，确认在APP首页（登录页面）
2026-05-08 20:48:39,223 - INFO - 🔄 步骤2: 点击Sign Up按钮进入注册页面
2026-05-08 20:48:40,282 - INFO - ✅ 步骤2: 点击Sign Up按钮进入注册页面 - 完成
2026-05-08 20:48:43,288 - INFO - 🔄 步骤3: 验证进入Sign Up页面
2026-05-08 20:48:43,500 - INFO - ✅ 步骤3: 验证进入Sign Up页面 - 完成，确认已进入Sign Up注册页面
2026-05-08 20:48:45,508 - INFO - 🔄 步骤4: 邮箱保持为空
2026-05-08 20:48:45,850 - INFO - ✅ 步骤4: 邮箱保持为空 - 完成，邮箱保持为空
2026-05-08 20:48:47,853 - INFO - 🔄 步骤5: 勾选隐私政策和用户协议
2026-05-08 20:48:53,564 - INFO - ✅ 隐私政策复选框已勾选
2026-05-08 20:48:55,074 - INFO - 🔄 步骤5.1: 收起键盘（Done）
2026-05-08 20:49:00,171 - INFO - ℹ️ 步骤5.1: 收起键盘（Done） - 未找到Done按钮，可能键盘已收起: Message: 
Stacktrace:
NoSuchElementError: An element could not be located on the page using the given search parameters.
    at XCUITestDriver.doNativeFind (/Users/ambrose.chen/.appium/node_modules/appium-xcuitest-driver/lib/commands/find.js:116:11)
    at processTicksAndRejections (node:internal/process/task_queues:103:5)
    at XCUITestDriver.findNativeElementOrElements (/Users/ambrose.chen/.appium/node_modules/appium-xcuitest-driver/lib/commands/find.js:69:10)
    at XCUITestDriver.findElOrEls (/Users/ambrose.chen/.appium/node_modules/appium-xcuitest-driver/lib/commands/find.js:13:12)
    at XCUITestDriver.findElOrElsWithProcessing (/Users/ambrose.chen/.appium/node_modules/appium-xcuitest-driver/node_modules/@appium/base-driver/lib/basedriver/commands/find.ts:60:12)
    at XCUITestDriver.findElement (/Users/ambrose.chen/.appium/node_modules/appium-xcuitest-driver/node_modules/@appium/base-driver/lib/basedriver/commands/find.ts:75:12)
2026-05-08 20:49:00,671 - INFO - 🔄 步骤6: 点击Next按钮
2026-05-08 20:49:01,351 - INFO - ✅ 步骤6: 点击Next按钮 - 完成，已点击Next按钮
2026-05-08 20:49:03,362 - INFO - 🔄 步骤7: 验证停留当前页面并出现提示
2026-05-08 20:49:03,853 - INFO - ✅ 找到提示信息元素，选择器: //XCUIElementTypeStaticText[@name="Please sign up using your email address"]
2026-05-08 20:49:03,853 - INFO - ✅ 步骤7: 验证停留当前页面并出现提示 - 完成，提示信息: Please sign up using your email address
2026-05-08 20:49:05,862 - INFO - 🎉 测试用例102208执行成功！
2026-05-08 20:49:05,863 - INFO - ✅ 验证邮箱为空，勾选隐私政策后点击Next，停留当前页并提示“Please sign up using your email address”
2026-05-08 20:49:07,900 - INFO - ✅ 报告已生成: /Users/ambrose.chen/Desktop/iot/project/APP外壳/2测试报告/platform/ios_20260508_204802/ios_20260508_204802_report.xlsx
