2026-05-18 17:32:58,268 - INFO - 🔄 步骤1: 重启APP
2026-05-18 17:32:58,269 - INFO -     🔄 driver.terminate_app / activate_app: com.xingmai.tech
2026-05-18 17:33:03,198 - INFO -     ✅ APP 已重启
2026-05-18 17:33:03,198 - INFO - ✅ 步骤1: 重启APP - 完成
2026-05-18 17:33:03,198 - INFO - 🔄 步骤2: 检测登录状态并确保在登录/注册入口页
2026-05-18 17:33:03,206 - INFO -     🔄 检测已登录元素: //android.view.View[@content-desc="More"]
2026-05-18 17:33:03,337 - INFO -     🔄 检测已登录元素: //*[@content-desc="More"]
2026-05-18 17:33:03,960 - INFO -     ℹ️ 未检测到 More，判定未登录
2026-05-18 17:33:03,960 - INFO -     🔄 等待登录/注册入口页: //*[(@text="Sign In" or @text="Sign Up") or contains(@text,"Sign In") or contains(@text,"Sign Up") or @content-desc="Sign In" or @content-desc="Sign Up"]
2026-05-18 17:33:04,004 - INFO -     ✅ 已处于登录/注册入口页
2026-05-18 17:33:04,004 - INFO - ✅ 步骤2: 检测登录状态并确保在登录/注册入口页 - 完成
2026-05-18 17:33:04,004 - INFO - 🔄 步骤3: 点击 Sign In 进入登录页
2026-05-18 17:33:04,004 - INFO -     🔄 定位 Sign In: //android.widget.TextView[@text="Sign In"]
2026-05-18 17:33:04,089 - INFO -     ✅ 找到 Sign In: //android.widget.TextView[@text="Sign In"]
2026-05-18 17:33:04,730 - INFO - ✅ 步骤3: 点击 Sign In 进入登录页 - 完成
2026-05-18 17:33:06,235 - INFO - 🔄 步骤4: 输入密码
2026-05-18 17:33:06,236 - INFO -     🔄 密码已填入（长度 9）
2026-05-18 17:33:06,337 - INFO -     🔄 定位: //android.widget.ScrollView/android.widget.EditText[2]
2026-05-18 17:33:07,481 - INFO - ✅ 步骤4: 输入密码 - 完成
2026-05-18 17:33:07,482 - INFO - 🔄 步骤5: 收起输入键盘
2026-05-18 17:33:08,888 - INFO -     ✅ hide_keyboard 成功
2026-05-18 17:33:09,293 - INFO - ✅ 步骤5: 收起输入键盘 - 完成
2026-05-18 17:33:09,293 - INFO - 🔄 步骤6: 点击 Next 登录
2026-05-18 17:33:09,293 - INFO -     🔄 定位: //android.widget.ImageView[@content-desc="next"]
2026-05-18 17:33:10,983 - INFO - ✅ 步骤6: 点击 Next 登录 - 完成
2026-05-18 17:33:10,983 - INFO - 🔄 步骤7: 断言提示文案
2026-05-18 17:33:10,983 - INFO -     🔄 期望文案: Please enter a valid email address.
2026-05-18 17:33:11,070 - INFO -     ✅ 已显示提示
2026-05-18 17:33:11,070 - INFO - ✅ 步骤7: 断言提示文案 - 完成
2026-05-18 17:33:11,070 - INFO - 🎉 测试用例 200005 执行成功！
2026-05-18 17:33:11,101 - INFO - ✅ 报告已生成: /Users/ambrose.chen/Desktop/iot/project/APP外壳/2测试报告/platform/android_20260518_173255/android_20260518_173255_report.xlsx
