2026-05-09 20:20:59,079 - INFO - 🔄 步骤0: 登出，确保从登出状态开始测试
2026-05-09 20:20:59,079 - INFO - 开始登出流程...
2026-05-09 20:20:59,333 - INFO - 检测到home sel元素
2026-05-09 20:21:10,700 - INFO - ✅ 点击mine按钮: //XCUIElementTypeButton[@name="mine"]
2026-05-09 20:21:12,886 - INFO - ✅ 点击CommonEdit编辑按钮: //XCUIElementTypeButton[@name="CommonEdit"]
2026-05-09 20:21:15,084 - INFO - ✅ 点击Log Out: //XCUIElementTypeButton[@name="Log Out"]
2026-05-09 20:21:17,250 - INFO - ✅ 点击Confirm: //XCUIElementTypeButton[@name="Confirm"]
2026-05-09 20:21:18,760 - INFO - 登出操作完成
2026-05-09 20:21:19,057 - INFO - ✅ 成功回到登录页面
2026-05-09 20:21:19,058 - INFO - ✅ 步骤0: 登出，确保从登出状态开始测试 - 完成
2026-05-09 20:21:21,062 - INFO - 🔄 步骤1: 验证在APP首页（登录页面）
2026-05-09 20:21:21,217 - INFO - ✅ 步骤1: 验证在APP首页（登录页面） - 完成，确认在APP首页（登录页面）
2026-05-09 20:21:23,219 - INFO - 🔄 步骤2: 点击Sign Up按钮进入注册页面
2026-05-09 20:21:24,171 - INFO - ✅ 步骤2: 点击Sign Up按钮进入注册页面 - 完成
2026-05-09 20:21:27,174 - INFO - 🔄 步骤3: 验证进入Sign Up页面
2026-05-09 20:21:27,397 - INFO - ✅ 步骤3: 验证进入Sign Up页面 - 完成，确认已进入Sign Up注册页面
2026-05-09 20:21:29,407 - INFO - 🔄 步骤4: 邮箱输入错误格式
2026-05-09 20:21:31,295 - INFO - ✅ 步骤4: 邮箱输入错误格式 - 完成，输入错误邮箱: adn只s@163.com
2026-05-09 20:21:33,303 - INFO - 🔄 步骤5: 勾选隐私政策和用户协议
2026-05-09 20:21:39,417 - INFO - ✅ 隐私政策复选框已勾选
2026-05-09 20:21:40,918 - INFO - 🔄 步骤5.1: 收起键盘（Done）
2026-05-09 20:21:42,169 - INFO - ✅ 已点击Done收起键盘
2026-05-09 20:21:43,171 - INFO - 🔄 步骤6: 点击Next按钮
2026-05-09 20:21:43,815 - INFO - ✅ 步骤6: 点击Next按钮 - 完成，已点击Next按钮
2026-05-09 20:21:45,820 - INFO - 🔄 步骤7: 验证停留当前页面并出现提示
2026-05-09 20:21:56,742 - INFO - ✅ 找到提示信息元素，选择器: //XCUIElementTypeStaticText[@name="Please sign up using your email address"]
2026-05-09 20:21:56,742 - INFO - ✅ 步骤7: 验证停留当前页面并出现提示 - 完成，提示信息: Please sign up using your email address
2026-05-09 20:21:58,746 - INFO - 🎉 测试用例102672执行成功！
2026-05-09 20:21:58,747 - INFO - ✅ 验证输入邮箱格式不正确：勾选隐私后点击Next，停留当前页并提示“Please sign up using your email address”
2026-05-09 20:22:00,777 - INFO - ✅ 报告已生成: /Users/ambrose.chen/Desktop/iot/project/APP外壳/2测试报告/platform/ios_20260509_202057/ios_20260509_202057_report.xlsx
