2026-05-11 19:50:08,537 - INFO - 🔄 步骤0: 登出，确保从登出状态开始测试
2026-05-11 19:50:08,538 - INFO - 开始登出流程...
2026-05-11 19:50:39,465 - INFO - 未检测到home sel/mine sel/mine，跳过登出流程
2026-05-11 19:50:39,468 - INFO - ✅ 步骤0: 登出，确保从登出状态开始测试 - 完成
2026-05-11 19:50:41,469 - INFO - 🔄 步骤1: 点击Sign Up按钮进入注册页面
2026-05-11 19:50:42,441 - INFO - ✅ 步骤1: 点击Sign Up按钮进入注册页面 - 完成
2026-05-11 19:50:44,448 - INFO - 🔄 步骤2-5: 输入邮箱并进入设置密码页面
2026-05-11 19:50:44,453 - INFO - 📧 生成未使用过的特殊字符邮箱: 1+2-3.4%5_630080@163.com
2026-05-11 19:50:46,468 - INFO - ✅ 步骤2: 输入邮箱 - 完成（第1次尝试），邮箱: 1+2-3.4%5_630080@163.com
2026-05-11 19:50:53,891 - INFO - ✅ 步骤3: 同意隐私政策 - 完成
2026-05-11 19:50:55,966 - INFO - ✅ 步骤4: Done收起键盘 - 完成
2026-05-11 19:50:57,502 - INFO - ✅ 步骤5: 点击Next - 完成
2026-05-11 19:50:59,489 - INFO - ✅ 已进入set password页面
2026-05-11 19:50:59,490 - INFO - 🔄 步骤6: 设置密码
2026-05-11 19:51:04,502 - INFO - ✅ 步骤6: 设置密码 - 完成
2026-05-11 19:51:06,508 - INFO - 🔄 步骤7: 点击Done按钮（收起键盘）
2026-05-11 19:51:07,720 - INFO - ✅ 步骤7: 点击Done按钮（收起键盘） - 完成
2026-05-11 19:51:09,721 - INFO - 🔄 步骤8: 点击Next按钮进入个人信息页面
2026-05-11 19:51:10,680 - INFO - ✅ 步骤8: 点击Next按钮进入个人信息页面 - 完成
2026-05-11 19:51:12,682 - INFO - 🔄 步骤9: 设置超过50个字符的用户名
2026-05-11 19:51:12,683 - INFO - 📝 生成的用户名长度: 60 个字符
2026-05-11 19:51:26,035 - INFO - ℹ️ 未命中用户名区域专用定位，直接尝试输入框定位
2026-05-11 19:51:29,434 - INFO - ✅ 命中用户名输入框定位: //XCUIElementTypeTextField[@value="Username"]
2026-05-11 19:51:31,581 - INFO - ✅ 步骤9: 设置超过50个字符的用户名 - 完成，输入的用户名长度: 60 个字符
2026-05-11 19:51:31,581 - INFO - 📝 输入的用户名前50个字符: wjTxuCmfrLUxTEVriFvrbVNcdOUBSQWxgOcGFLQjmbvxdzMJwb
2026-05-11 19:51:34,589 - INFO - 🔄 步骤10: 点击Done按钮收起键盘
2026-05-11 19:51:35,829 - INFO - ✅ 步骤10: 点击Done按钮收起键盘 - 完成
2026-05-11 19:51:37,836 - INFO - 🔄 步骤11: 点击submit
2026-05-11 19:51:38,468 - INFO - ✅ 步骤11: 点击submit - 完成
2026-05-11 19:51:41,474 - INFO - 🔄 步骤12: 验证跳转到APP主页面
2026-05-11 19:51:41,903 - INFO - ✅ 步骤12: 验证跳转到APP主页面 - 完成
2026-05-11 19:51:41,903 - INFO - 🔄 步骤13: 验证用户名只保留50个字符
2026-05-11 19:51:42,038 - INFO - ✅ 找到用户名元素，使用选择器: //XCUIElementTypeStaticText[contains(@name, "Hi")]
2026-05-11 19:51:42,089 - INFO - 📝 用户名显示内容: Hi, wjTxuCmfrLUxTEVriFvrbVNcdOUBSQWxgOcGFLQjmbvxdzMJwb
2026-05-11 19:51:42,089 - INFO - ✅ 步骤13: 验证用户名只保留50个字符 - 完成
2026-05-11 19:51:42,089 - INFO - 📝 输入的用户名长度: 60 个字符
2026-05-11 19:51:42,089 - INFO - 📝 显示的用户名长度: 50 个字符（已截断为50个字符）
2026-05-11 19:51:42,089 - INFO - 📝 显示的用户名: wjTxuCmfrLUxTEVriFvrbVNcdOUBSQWxgOcGFLQjmbvxdzMJwb
2026-05-11 19:51:42,089 - INFO - 🎉 测试用例102179执行成功！
2026-05-11 19:51:44,124 - INFO - ✅ 报告已生成: /Users/ambrose.chen/Desktop/iot/project/APP外壳/2测试报告/platform/ios_20260511_195006/ios_20260511_195006_report.xlsx
