2026-05-07 23:12:29,406 - INFO - 🔄 步骤1: 重启APP并处理登录状态
2026-05-07 23:12:50,644 - INFO - ✅ 步骤1: 重启APP并处理登录状态 - 完成
2026-05-07 23:12:50,645 - INFO - 🔄 步骤2: 点击Sign In进入登录页
2026-05-07 23:12:53,572 - INFO - ✅ 步骤2: 点击Sign In进入登录页 - 完成
2026-05-07 23:12:53,572 - INFO - 🔄 步骤3: 点击Forgot password进入忘记密码页
2026-05-07 23:12:56,604 - INFO - ✅ 步骤3: 点击Forgot password进入忘记密码页 - 完成
2026-05-07 23:12:56,605 - INFO - 🔄 步骤4: 输入邮箱并点击Next进入验证码页
2026-05-07 23:13:07,364 - INFO - ✅ 步骤4: 输入邮箱并点击Next进入验证码页 - 完成，邮箱: haoc51888@gmail.com
2026-05-07 23:13:07,366 - INFO - 🔄 步骤5: Gmail获取最新验证码code
2026-05-07 23:14:51,916 - INFO - ✅ 步骤5: Gmail获取最新验证码code - 完成，code: 940978
2026-05-07 23:14:51,918 - INFO - 🔄 步骤6: 输入验证码进入Set Password页
2026-05-07 23:15:01,248 - INFO - ✅ 步骤6: 输入验证码进入Set Password页 - 完成
2026-05-07 23:15:01,248 - INFO - 🔄 步骤7: 输入大于20位密码(两次)
2026-05-07 23:15:07,373 - INFO - ✅ 步骤7: 输入大于20位密码(两次) - 完成，密码: Csx123456789012345678
2026-05-07 23:15:07,374 - INFO - 🔄 步骤8: 校验密码规则颜色（超长场景）
2026-05-07 23:15:07,604 - INFO - 📝 规则提示: • 6-20 characters 颜色: None
2026-05-07 23:15:07,827 - INFO - 📝 规则提示: • contains letters 颜色: None
2026-05-07 23:15:08,050 - INFO - 📝 规则提示: • contains numbers 颜色: None
2026-05-07 23:15:08,264 - INFO - 📝 规则提示: • Supports special characters:! @ # $ % ^ & * ( ) - _ = + \ | [ ] { } ; : / ? . , ~ > < ` 颜色: None
2026-05-07 23:15:08,264 - INFO - ✅ 步骤8: 校验密码规则颜色（超长场景） - 完成
2026-05-07 23:15:08,264 - INFO - 🔄 步骤9: 点击Submit并断言不可生效
2026-05-07 23:15:08,541 - INFO - ✅ 步骤9: 点击Submit并断言不可生效 - 完成
2026-05-07 23:15:08,541 - INFO - 🎉 测试用例102147执行成功！
2026-05-07 23:15:08,566 - INFO - ✅ 报告已生成: /Users/ambrose.chen/Desktop/iot/project/APP外壳/2测试报告/platform/ios_20260507_231227/ios_20260507_231227_report.xlsx
