2026-05-08 14:03:22,871 - INFO - 🔄 步骤0: 登出，确保从登出状态开始测试
2026-05-08 14:03:22,871 - INFO - 开始登出流程...
2026-05-08 14:03:23,122 - INFO - 检测到home sel元素
2026-05-08 14:03:34,500 - INFO - ✅ 点击mine按钮: //XCUIElementTypeButton[@name="mine"]
2026-05-08 14:03:36,689 - INFO - ✅ 点击CommonEdit编辑按钮: //XCUIElementTypeButton[@name="CommonEdit"]
2026-05-08 14:03:38,868 - INFO - ✅ 点击Log Out: //XCUIElementTypeButton[@name="Log Out"]
2026-05-08 14:03:41,030 - INFO - ✅ 点击Confirm: //XCUIElementTypeButton[@name="Confirm"]
2026-05-08 14:03:42,532 - INFO - 登出操作完成
2026-05-08 14:03:42,870 - INFO - ✅ 成功回到登录页面
2026-05-08 14:03:42,871 - INFO - ✅ 步骤0: 登出，确保从登出状态开始测试 - 完成
2026-05-08 14:03:44,876 - INFO - 🔄 步骤1: 验证在APP首页（登录页面）
2026-05-08 14:03:45,041 - INFO - ✅ 步骤1: 验证在APP首页（登录页面） - 完成，确认在APP首页（登录页面）
2026-05-08 14:03:47,044 - INFO - 🔄 步骤2: 点击Sign Up按钮进入注册页面
2026-05-08 14:03:48,004 - INFO - ✅ 步骤2: 点击Sign Up按钮进入注册页面 - 完成
2026-05-08 14:03:51,010 - INFO - 🔄 步骤3: 验证进入Sign Up页面
2026-05-08 14:03:51,255 - INFO - ✅ 步骤3: 验证进入Sign Up页面 - 完成，确认已进入Sign Up注册页面
2026-05-08 14:03:53,256 - INFO - 🔄 步骤4: 国家切为France（中国以外地区）
2026-05-08 14:03:54,347 - INFO - ✅ 已点击国家栏下拉按钮
2026-05-08 14:05:06,675 - INFO - ✅ 已输入搜索关键词: France
2026-05-08 14:05:15,149 - INFO - ✅ 已选择国家: France，命中的元素: France
2026-05-08 14:05:18,151 - INFO - ✅ 步骤4: 国家切为France（中国以外地区） - 完成，已切换国家为France
2026-05-08 14:05:20,156 - INFO - 🔄 步骤5: 输入邮箱（value="Email"）
2026-05-08 14:05:20,159 - INFO - 📧 生成简单邮箱地址: testuser137@163.com
2026-05-08 14:05:22,023 - INFO - ✅ 步骤5: 输入邮箱（value="Email"） - 完成，邮箱: testuser137@163.com
2026-05-08 14:05:24,029 - INFO - 🔄 步骤6: 点击Done按钮收起键盘
2026-05-08 14:05:25,290 - INFO - ✅ 步骤6: 点击Done按钮收起键盘 - 完成
2026-05-08 14:05:27,293 - INFO - 🔄 步骤7: 勾选隐私政策和用户协议
2026-05-08 14:05:33,065 - INFO - ✅ 隐私政策复选框已勾选
2026-05-08 14:05:34,067 - INFO - ✅ 步骤7: 勾选隐私政策和用户协议 - 完成
2026-05-08 14:05:36,071 - INFO - 🔄 步骤8: 点击Next按钮进入密码设置
2026-05-08 14:05:36,860 - INFO - ✅ 步骤8: 点击Next按钮进入密码设置 - 完成
2026-05-08 14:05:39,865 - INFO - 🔄 步骤9: 设置密码
2026-05-08 14:05:45,232 - INFO - ✅ 步骤9: 设置密码 - 完成
2026-05-08 14:05:47,234 - INFO - 🔄 步骤10: 点击Done按钮收起键盘
2026-05-08 14:05:48,451 - INFO - ✅ 步骤10: 点击Done按钮收起键盘 - 完成
2026-05-08 14:05:50,456 - INFO - 🔄 步骤11: 点击Next按钮进入用户名设置页面
2026-05-08 14:05:51,420 - INFO - ✅ 步骤11: 点击Next按钮进入用户名设置页面 - 完成
2026-05-08 14:05:54,425 - INFO - 🔄 步骤12: 输入用户名（value="Username"）
2026-05-08 14:05:57,206 - INFO - ✅ 步骤12: 输入用户名（value="Username"） - 完成
2026-05-08 14:05:58,211 - INFO - 🔄 步骤13: 点击Done按钮收起键盘
2026-05-08 14:05:59,439 - INFO - ✅ 步骤13: 点击Done按钮收起键盘 - 完成
2026-05-08 14:06:00,443 - INFO - 🔄 步骤14: 点击Submit按钮完成注册
2026-05-08 14:06:01,104 - INFO - ✅ 步骤14: 点击Submit按钮完成注册 - 完成
2026-05-08 14:06:06,106 - INFO - 🔄 步骤15: 验证注册成功，跳转到APP主页面
2026-05-08 14:06:06,266 - INFO - ✅ 步骤15: 验证注册成功，跳转到APP主页面 - 完成
2026-05-08 14:06:06,266 - INFO - ✅ 验证通过：注册成功，已跳转到APP主页面
2026-05-08 14:06:08,271 - INFO - 🎉 测试用例102196执行成功！
2026-05-08 14:06:08,271 - INFO - ✅ 验证注册地为"中国"以外地区，正确邮箱，可以注册：注册成功并跳转到主页面
2026-05-08 14:06:10,297 - INFO - ✅ 报告已生成: /Users/ambrose.chen/Desktop/iot/project/APP外壳/2测试报告/platform/ios_20260508_140319/ios_20260508_140319_report.xlsx
