2026-05-11 20:55:23,445 - INFO - 🔄 步骤0: 登出，确保从登出状态开始测试
2026-05-11 20:55:23,445 - INFO - 开始登出流程...
2026-05-11 20:55:54,369 - INFO - 未检测到home sel/mine sel/mine，跳过登出流程
2026-05-11 20:55:54,370 - INFO - ✅ 步骤0: 登出，确保从登出状态开始测试 - 完成
2026-05-11 20:55:56,371 - INFO - 🔄 步骤1: 验证在APP首页（登录页面）
2026-05-11 20:55:56,532 - INFO - ✅ 步骤1: 验证在APP首页（登录页面） - 完成，确认在APP首页（登录页面）
2026-05-11 20:55:58,541 - INFO - 🔄 步骤2: 点击Sign Up按钮进入注册页面
2026-05-11 20:55:59,482 - INFO - ✅ 步骤2: 点击Sign Up按钮进入注册页面 - 完成
2026-05-11 20:56:02,489 - INFO - 🔄 步骤3: 验证进入Sign Up页面
2026-05-11 20:56:02,742 - INFO - ✅ 步骤3: 验证进入Sign Up页面 - 完成，确认已进入Sign Up注册页面
2026-05-11 20:56:04,749 - INFO - 🔄 步骤4: 输入邮箱
2026-05-11 20:56:04,753 - INFO - 📧 生成简单邮箱地址: testuser233@163.com
2026-05-11 20:56:06,638 - INFO - ✅ 步骤4: 输入邮箱 - 完成，邮箱: testuser233@163.com
2026-05-11 20:56:08,641 - INFO - 🔄 步骤5: 勾选隐私政策和用户协议
2026-05-11 20:56:14,763 - INFO - ✅ 隐私政策复选框已勾选
2026-05-11 20:56:16,273 - INFO - 🔄 步骤5.1: 收起键盘（Done）
2026-05-11 20:56:17,535 - INFO - ✅ 已点击Done收起键盘
2026-05-11 20:56:18,545 - INFO - 🔄 步骤6: 点击Next进入set password页面
2026-05-11 20:56:19,241 - INFO - ✅ 步骤6: 点击Next进入set password页面 - 完成，已点击Next按钮
2026-05-11 20:56:22,246 - INFO - 🔄 步骤7: 验证进入set password页面
2026-05-11 20:56:22,532 - INFO - ✅ 成功进入set password页面
2026-05-11 20:56:24,041 - INFO - 🔄 步骤8: 不输入密码验证Next不可点击，点击后仍停留本页
2026-05-11 20:56:24,230 - INFO - 📝 密码页Next按钮enabled状态: False
2026-05-11 20:56:24,635 - INFO - ✅ 已尝试点击密码页Next按钮
2026-05-11 20:56:26,931 - INFO - ✅ 点击后仍停留在set password页面，Next按钮视为禁用/无效状态
2026-05-11 20:56:27,933 - INFO - 🎉 测试用例102222执行成功！
2026-05-11 20:56:27,933 - INFO - ✅ 验证进入设置密码页面：不填密码时Next为浅色/无效，点击后仍停留在当前页面
2026-05-11 20:56:29,974 - INFO - ✅ 报告已生成: /Users/ambrose.chen/Desktop/iot/project/APP外壳/2测试报告/platform/ios_20260511_205521/ios_20260511_205521_report.xlsx
