2026-05-20 11:09:06,283 - INFO - 🔄 步骤1: 重启APP
2026-05-20 11:09:11,181 - INFO - ✅ 步骤1: 重启APP - 完成
2026-05-20 11:09:11,182 - INFO - 🔄 步骤2: 检测登录状态并确保在登录/注册入口页
2026-05-20 11:09:11,742 - INFO -     [登出] 开始登出流程...
2026-05-20 11:09:11,742 - INFO -     [登出] 步骤1: 检查页面是否有 More 按钮
2026-05-20 11:09:11,804 - INFO -     [登出] ✅ 检测到 More 按钮: //android.view.View[@content-desc="More"]
2026-05-20 11:09:11,805 - INFO -     [登出] 步骤2: 点击 More 按钮，进入 more 页面
2026-05-20 11:09:11,863 - INFO -     [登出] ✅ 已点击 More 按钮 (使用: //android.view.View[@content-desc="More"])
2026-05-20 11:09:13,868 - INFO -     [登出] 步骤3: 点击 edit 按钮
2026-05-20 11:09:14,033 - INFO -     [登出] ✅ 已点击 edit 按钮
2026-05-20 11:09:16,036 - INFO -     [登出] 步骤4: 点击 Log Out 按钮
2026-05-20 11:09:16,202 - INFO -     [登出] ✅ 已点击 Log Out 按钮
2026-05-20 11:09:17,707 - INFO -     [登出] 步骤5: 点击 Confirm 按钮，确认登出
2026-05-20 11:09:19,459 - INFO -     [登出] ✅ 已点击 Confirm 按钮
2026-05-20 11:09:27,479 - INFO -     [登出] ⚠️ 登出完成，但无法确认是否已返回登录页面
2026-05-20 11:09:27,479 - INFO -     [登出] ✅ 登出流程完成
2026-05-20 11:09:29,534 - INFO - ✅ 步骤2: 检测登录状态并确保在登录/注册入口页 - 完成
2026-05-20 11:09:29,535 - INFO - 🔄 步骤3: 点击 Sign Up 进入注册页
2026-05-20 11:09:31,811 - INFO - ✅ 步骤3: 点击 Sign Up 进入注册页 - 完成
2026-05-20 11:09:31,816 - INFO - 📧 生成简单邮箱地址: testuser342@163.com
2026-05-20 11:09:31,816 - INFO -     📧 邮箱: testuser342@163.com
2026-05-20 11:09:31,816 - INFO - 🔄 步骤4: 输入邮箱
2026-05-20 11:10:06,899 - INFO - ✅ 步骤4: 输入邮箱 - 完成
2026-05-20 11:10:06,901 - INFO - 🔄 步骤5: 勾选隐私政策
2026-05-20 11:10:07,791 - INFO - ✅ 步骤5: 勾选隐私政策 - 完成
2026-05-20 11:10:07,792 - INFO - 🔄 步骤6: 点击 Next 进入设置密码页
2026-05-20 11:10:10,663 - INFO - ✅ 步骤6: 点击 Next 进入设置密码页 - 完成
2026-05-20 11:10:10,663 - INFO - 🔄 步骤7: 设置密码
2026-05-20 11:10:17,210 - INFO -     🔑 密码: Csx150128
2026-05-20 11:10:17,210 - INFO - ✅ 步骤7: 设置密码 - 完成
2026-05-20 11:10:17,211 - INFO - 🔄 步骤8: 点击 Next 进入用户名页
2026-05-20 11:10:19,519 - INFO - ✅ 步骤8: 点击 Next 进入用户名页 - 完成
2026-05-20 11:10:19,520 - INFO - 🔄 步骤9: 验证用户名页且不输入用户名
2026-05-20 11:10:21,871 - INFO -     ✅ 已识别 Personal Information 标题
2026-05-20 11:10:21,963 - INFO -     📝 用户名框内容: ''（未输入）
2026-05-20 11:10:21,963 - INFO - ✅ 步骤9: 验证用户名页且不输入用户名 - 完成
2026-05-20 11:10:21,964 - INFO - 🔄 步骤10: 点击返回按钮
2026-05-20 11:10:21,964 - INFO -     🔄 定位返回: //android.widget.ImageView[@content-desc="back"]
2026-05-20 11:10:23,628 - INFO -     ✅ 已点击返回按钮
2026-05-20 11:10:23,628 - INFO - ✅ 步骤10: 点击返回按钮 - 完成
2026-05-20 11:10:23,628 - INFO - 🔄 步骤11: 断言跳转主页面（More 可见）
2026-05-20 11:10:23,700 - INFO -     ✅ 主页面 More 可见: //android.view.View[@content-desc="More"]
2026-05-20 11:10:23,701 - INFO - ✅ 步骤11: 断言跳转主页面（More 可见） - 完成
2026-05-20 11:10:23,701 - INFO - 🎉 测试用例 200088 执行成功！
2026-05-20 11:10:23,701 - INFO - ✅ 不输入用户名点击返回，已跳转主页面（More 可见）
2026-05-20 11:10:23,735 - INFO - ✅ 报告已生成: /Users/ambrose.chen/Desktop/iot/project/APP外壳/2测试报告/platform/android_20260520_110903/android_20260520_110903_report.xlsx
