2026-05-11 19:09:11,781 - INFO - 🔄 步骤1: 重启APP
2026-05-11 19:09:15,342 - INFO - ✅ 步骤1: 重启APP - 完成
2026-05-11 19:09:15,342 - INFO - 🔄 步骤2: 检测是否已登录（如已登录先登出）
2026-05-11 19:09:15,553 - INFO -     [登出] 开始登出流程...
2026-05-11 19:09:15,554 - INFO -     [登出] 步骤1: 检查页面是否有 More 按钮
2026-05-11 19:09:15,625 - INFO -     [登出] ✅ 检测到 More 按钮: //android.view.View[@content-desc="More"]
2026-05-11 19:09:15,625 - INFO -     [登出] 步骤2: 点击 More 按钮，进入 more 页面
2026-05-11 19:09:15,663 - INFO -     [登出] ✅ 已点击 More 按钮 (使用: //android.view.View[@content-desc="More"])
2026-05-11 19:09:17,670 - INFO -     [登出] 步骤3: 点击 edit 按钮
2026-05-11 19:09:17,852 - INFO -     [登出] ✅ 已点击 edit 按钮
2026-05-11 19:09:19,858 - INFO -     [登出] 步骤4: 点击 Log Out 按钮
2026-05-11 19:09:20,018 - INFO -     [登出] ✅ 已点击 Log Out 按钮
2026-05-11 19:09:21,522 - INFO -     [登出] 步骤5: 点击 Confirm 按钮，确认登出
2026-05-11 19:09:22,240 - INFO -     [登出] ✅ 已点击 Confirm 按钮
2026-05-11 19:09:30,288 - INFO -     [登出] ⚠️ 登出完成，但无法确认是否已返回登录页面
2026-05-11 19:09:30,288 - INFO -     [登出] ✅ 登出流程完成
2026-05-11 19:09:32,349 - INFO - ✅ 步骤2: 检测是否已登录（如已登录先登出） - 完成
2026-05-11 19:09:32,349 - INFO - 🔄 步骤3: 点击 Sign In 进入登录页
2026-05-11 19:09:34,546 - INFO - ✅ 步骤3: 点击 Sign In 进入登录页 - 完成
2026-05-11 19:09:34,547 - INFO - 🔄 步骤4: 点击左上角返回键
2026-05-11 19:09:35,834 - INFO - ✅ 步骤4: 点击左上角返回键 - 完成
2026-05-11 19:09:35,835 - INFO - 🔄 步骤5: 断言回到登录/注册首页，出现 Sign Up
2026-05-11 19:09:35,881 - INFO - 🎉 测试用例200001执行成功！
2026-05-11 19:09:35,904 - INFO - ✅ 报告已生成: /Users/ambrose.chen/Desktop/iot/project/APP外壳/2测试报告/platform/android_20260511_190908/android_20260511_190908_report.xlsx
