2026-05-12 10:37:22,404 - INFO - 🔄 步骤0: 登出，确保从登出状态开始测试
2026-05-12 10:37:22,405 - INFO - 开始登出流程...
2026-05-12 10:37:53,297 - INFO - 未检测到home sel/mine sel/mine，跳过登出流程
2026-05-12 10:37:53,299 - INFO - ✅ 步骤0: 登出，确保从登出状态开始测试 - 完成
2026-05-12 10:37:55,300 - INFO - 🔄 步骤1: 验证在APP首页（登录页面）
2026-05-12 10:37:55,470 - INFO - ✅ 步骤1: 验证在APP首页（登录页面） - 完成，确认在APP首页（登录页面）
2026-05-12 10:37:57,476 - INFO - 🔄 步骤2: 点击Sign Up按钮进入注册页面
2026-05-12 10:37:58,425 - INFO - ✅ 步骤2: 点击Sign Up按钮进入注册页面 - 完成
2026-05-12 10:38:01,427 - INFO - 🔄 步骤3: 验证进入Sign Up页面
2026-05-12 10:38:01,672 - INFO - ✅ 步骤3: 验证进入Sign Up页面 - 完成，确认已进入Sign Up注册页面
2026-05-12 10:38:03,672 - INFO - 🔄 步骤4: 记录当前显示的国家（China）
2026-05-12 10:38:03,933 - INFO - ✅ 找到国家显示元素，使用选择器: //XCUIElementTypeStaticText[@name="China"]
2026-05-12 10:38:03,933 - INFO - 📝 进入国家选择页面前，注册页面显示的国家: China
2026-05-12 10:38:03,933 - INFO - ✅ 步骤4: 记录当前显示的国家（China） - 完成，记录的国家: China
2026-05-12 10:38:05,937 - INFO - 🔄 步骤5: 点击国家栏下拉按钮
2026-05-12 10:38:07,020 - INFO - ✅ 步骤5: 点击国家栏下拉按钮 - 完成，已点击国家栏下拉按钮
2026-05-12 10:38:10,020 - INFO - 🔄 步骤6: 验证跳转至国家选择页面
2026-05-12 10:38:43,352 - INFO - ✅ 步骤6: 验证跳转至国家选择页面 - 完成，确认已跳转至国家选择页面
2026-05-12 10:38:45,355 - INFO - 🔄 步骤7: 点击左上角返回按钮
2026-05-12 10:38:47,206 - INFO - ✅ 步骤7: 点击左上角返回按钮 - 完成，已点击左上角返回按钮
2026-05-12 10:38:50,207 - INFO - 🔄 步骤8: 验证返回注册主页面
2026-05-12 10:38:50,426 - INFO - ✅ 步骤8: 验证返回注册主页面 - 完成，确认已返回注册主页面
2026-05-12 10:38:52,429 - INFO - 🔄 步骤9: 验证国家没有变化，仍显示之前的国家（China）
2026-05-12 10:38:52,695 - INFO - ✅ 找到国家显示元素，使用选择器: //XCUIElementTypeStaticText[@name="China"]
2026-05-12 10:38:52,695 - INFO - 📝 返回注册主页面后，显示的国家: China
2026-05-12 10:38:52,695 - INFO - 📝 进入国家选择页面前，显示的国家: China
2026-05-12 10:38:52,695 - INFO - ✅ 步骤9: 验证国家没有变化，仍显示之前的国家（China） - 完成
2026-05-12 10:38:52,695 - INFO - ✅ 验证通过：国家没有变化，仍显示之前的国家（China）
2026-05-12 10:38:54,699 - INFO - 🎉 测试用例102189执行成功！
2026-05-12 10:38:54,700 - INFO - ✅ 验证从国家列表"取消"，返回注册主页面：国家没有变化，仍显示之前的国家
2026-05-12 10:38:56,725 - INFO - ✅ 报告已生成: /Users/ambrose.chen/Desktop/iot/project/APP外壳/2测试报告/platform/ios_20260512_103720/ios_20260512_103720_report.xlsx
