2026-05-08 20:42:42,399 - INFO - 🔄 步骤0: 登出，确保从登出状态开始测试
2026-05-08 20:42:42,400 - INFO - 开始登出流程...
2026-05-08 20:43:13,296 - INFO - 未检测到home sel/mine sel/mine，跳过登出流程
2026-05-08 20:43:13,297 - INFO - ✅ 步骤0: 登出，确保从登出状态开始测试 - 完成
2026-05-08 20:43:15,299 - INFO - 🔄 步骤1: 验证在APP首页（登录页面）
2026-05-08 20:43:15,451 - INFO - ✅ 步骤1: 验证在APP首页（登录页面） - 完成，确认在APP首页（登录页面）
2026-05-08 20:43:17,460 - INFO - 🔄 步骤2: 点击Sign Up按钮进入注册页面
2026-05-08 20:43:18,545 - INFO - ✅ 步骤2: 点击Sign Up按钮进入注册页面 - 完成
2026-05-08 20:43:21,550 - INFO - 🔄 步骤4: 点击Next（未输入邮箱、未勾选协议）
2026-05-08 20:43:22,436 - INFO - ✅ 已出现提示：Please sign up using your email address
2026-05-08 20:43:22,637 - INFO - ✅ 步骤4: 点击Next（未输入邮箱、未勾选协议） - 完成
2026-05-08 20:43:23,647 - INFO - 🔄 步骤5: 输入邮箱（value="Email"）
2026-05-08 20:43:23,651 - INFO - 📧 生成简单邮箱地址: testuser157@163.com
2026-05-08 20:43:25,418 - INFO - ✅ 步骤5: 输入邮箱（value="Email"） - 完成，邮箱: testuser157@163.com
2026-05-08 20:43:27,567 - INFO - 🔄 步骤6: 再次点击Next（仍应提示）
2026-05-08 20:43:28,628 - INFO - ✅ 步骤6: 再次点击Next（仍应提示） - 完成
2026-05-08 20:43:29,632 - INFO - 🔄 步骤7: 勾选协议（login check normal）
2026-05-08 20:43:30,268 - INFO - ✅ 步骤7: 勾选协议（login check normal） - 完成（后续以进入 Set Password 判定是否勾选成功）
2026-05-08 20:43:31,276 - INFO - 🔄 步骤8: 点击Next进入Set Password页面
2026-05-08 20:43:33,403 - INFO - ✅ 步骤8: 点击Next进入Set Password页面 - 完成
2026-05-08 20:43:34,406 - INFO - 🎉 测试用例102203执行成功！
2026-05-08 20:43:34,407 - INFO - ✅ 102203：只填写正确邮箱时 Next 不可进入 Set Password；勾选协议后可进入 Set Password
2026-05-08 20:43:36,444 - INFO - ✅ 报告已生成: /Users/ambrose.chen/Desktop/iot/project/APP外壳/2测试报告/platform/ios_20260508_204240/ios_20260508_204240_report.xlsx
