2026-05-08 19:58:54,299 - INFO - 🔄 步骤0: 登出，确保从登出状态开始测试
2026-05-08 19:58:54,299 - INFO - 开始登出流程...
2026-05-08 19:59:25,205 - INFO - 未检测到home sel/mine sel/mine，跳过登出流程
2026-05-08 19:59:25,206 - INFO - ✅ 步骤0: 登出，确保从登出状态开始测试 - 完成
2026-05-08 19:59:27,208 - INFO - 🔄 步骤1: 点击Sign Up按钮进入注册页面
2026-05-08 19:59:28,190 - INFO - ✅ 步骤1: 点击Sign Up按钮进入注册页面 - 完成
2026-05-08 19:59:30,195 - INFO - 🔄 步骤2: 输入包含不支持特殊字符的邮箱地址
2026-05-08 19:59:30,200 - INFO - 📧 生成不支持特殊字符邮箱地址: 1/2-3；4*5_612@163.com
2026-05-08 19:59:32,238 - INFO - ✅ 步骤2: 输入包含不支持特殊字符的邮箱地址 - 完成，邮箱: 1/2-3；4*5_612@163.com
2026-05-08 19:59:34,246 - INFO - 🔄 步骤3: 点击Done按钮收起键盘
2026-05-08 19:59:35,506 - INFO - ✅ 步骤3: 点击Done按钮收起键盘 - 完成
2026-05-08 19:59:37,509 - INFO - 🔄 步骤4: 勾选隐私政策和用户协议
2026-05-08 19:59:38,218 - INFO - ✅ 步骤4: 勾选隐私政策和用户协议 - 完成
2026-05-08 19:59:40,226 - INFO - 🔄 步骤5: 验证Next按钮不可点击，且仍停留在当前页面
2026-05-08 19:59:40,458 - INFO - ✅ 点击前确认在注册页面（邮箱输入框存在）
2026-05-08 19:59:40,751 - INFO - ℹ️ Next按钮 enabled 属性: false
2026-05-08 19:59:41,176 - INFO - 🖱️ 已尝试点击Next按钮
2026-05-08 19:59:43,398 - INFO - ✅ 点击后邮箱输入框仍在，确认停留在注册页面
2026-05-08 19:59:53,609 - INFO - ✅ Next按钮为禁用态（预期行为）
2026-05-08 19:59:53,609 - INFO - ✅ 步骤5: 验证Next按钮不可点击，且仍停留在当前页面 - 完成，仍停留在注册页面
2026-05-08 19:59:53,610 - INFO - 🔄 步骤6: 验证页面显示提示信息
2026-05-08 19:59:53,894 - INFO - 📝 提示信息内容: Please sign up using your email address
2026-05-08 19:59:53,894 - INFO - ✅ 步骤6: 验证页面显示提示信息 - 完成，提示信息显示正确: Please sign up using your email address
2026-05-08 19:59:53,894 - INFO - 🎉 测试用例102025执行成功！
2026-05-08 19:59:55,927 - INFO - ✅ 报告已生成: /Users/ambrose.chen/Desktop/iot/project/APP外壳/2测试报告/platform/ios_20260508_195852/ios_20260508_195852_report.xlsx
