2026-05-08 15:02:53,396 - INFO - 🔄 步骤0: 登出，确保从登出状态开始测试
2026-05-08 15:02:53,396 - INFO - 开始登出流程...
2026-05-08 15:03:24,311 - INFO - 未检测到home sel/mine sel/mine，跳过登出流程
2026-05-08 15:03:24,313 - INFO - ✅ 步骤0: 登出，确保从登出状态开始测试 - 完成
2026-05-08 15:03:26,315 - INFO - 🔄 步骤1: 验证在APP首页（登录页面）
2026-05-08 15:03:26,491 - INFO - ✅ 步骤1: 验证在APP首页（登录页面） - 完成，确认在APP首页（登录页面）
2026-05-08 15:03:28,492 - INFO - 🔄 步骤2: 点击Sign Up按钮进入注册页面
2026-05-08 15:03:29,452 - INFO - ✅ 步骤2: 点击Sign Up按钮进入注册页面 - 完成
2026-05-08 15:03:32,458 - INFO - 🔄 步骤3: 验证进入Sign Up页面
2026-05-08 15:03:32,699 - INFO - ✅ 步骤3: 验证进入Sign Up页面 - 完成，确认已进入Sign Up注册页面
2026-05-08 15:03:34,702 - INFO - 🔄 步骤4: 输入邮箱（value="Email"）
2026-05-08 15:03:34,706 - INFO - 📧 生成简单邮箱地址: testuser139@163.com
2026-05-08 15:03:36,604 - INFO - ✅ 步骤4: 输入邮箱（value="Email"） - 完成，邮箱: testuser139@163.com
2026-05-08 15:03:38,609 - INFO - 🔄 步骤5: 点击Done按钮收起键盘
2026-05-08 15:03:39,877 - INFO - ✅ 步骤5: 点击Done按钮收起键盘 - 完成
2026-05-08 15:03:41,882 - INFO - 🔄 步骤6: 验证隐私政策和用户协议默认不勾选
2026-05-08 15:03:47,212 - INFO - ✅ 步骤6: 验证隐私政策和用户协议默认不勾选 - 完成（默认未勾选）
2026-05-08 15:03:49,216 - INFO - 🔄 步骤7: 点击Next按钮（不勾选隐私协议）
2026-05-08 15:03:57,456 - INFO - ❌ 步骤7: 点击Next按钮（不勾选隐私协议）失败: Message: 

2026-05-08 15:03:57,457 - INFO - 
============================================================
2026-05-08 15:03:57,457 - INFO - ❌ 测试失败
2026-05-08 15:03:57,457 - INFO - 📍 失败步骤: 步骤7: 点击Next按钮（不勾选隐私协议）
2026-05-08 15:03:57,457 - INFO - 📝 失败原因: 步骤7: 点击Next按钮（不勾选隐私协议）失败: Message: 

2026-05-08 15:03:57,457 - INFO - ============================================================
2026-05-08 15:03:57,461 - INFO - Traceback (most recent call last):

2026-05-08 15:03:57,463 - INFO -   File "/Users/ambrose.chen/Desktop/iot/project/APP外壳/3功能/1平台/IOS/2注册/102197 验证“隐私政策、用户协议”默认不勾选.py", line 229, in test_102197
    next_btn = WebDriverWait(driver, 8).until(
               ^^^^^^^^^^^^^^^^^^^^^^^^^^^^^^^

2026-05-08 15:03:57,464 - INFO -   File "/Library/Frameworks/Python.framework/Versions/3.11/lib/python3.11/site-packages/selenium/webdriver/support/wait.py", line 138, in until
    raise TimeoutException(message, screen, stacktrace)

2026-05-08 15:03:57,464 - INFO - selenium.common.exceptions.TimeoutException: Message: 


2026-05-08 15:03:57,763 - INFO - 已保存test_102197_failed失败截图: screenshots/test_102197_failed_1778223837.png
2026-05-08 15:03:57,780 - INFO - ✅ 报告已生成: /Users/ambrose.chen/Desktop/iot/project/APP外壳/2测试报告/platform/ios_20260508_150250/ios_20260508_150250_report.xlsx
