2026-05-20 11:03:05,200 - INFO - 🔄 步骤1: 重启APP
2026-05-20 11:03:10,109 - INFO - ✅ 步骤1: 重启APP - 完成
2026-05-20 11:03:10,111 - INFO - 🔄 步骤2: 检测登录状态并确保在登录/注册入口页
2026-05-20 11:03:10,891 - INFO - ✅ 步骤2: 检测登录状态并确保在登录/注册入口页 - 完成
2026-05-20 11:03:10,892 - INFO - 🔄 步骤3: 点击 Sign Up 进入注册页
2026-05-20 11:03:13,134 - INFO - ✅ 步骤3: 点击 Sign Up 进入注册页 - 完成
2026-05-20 11:03:13,136 - INFO - 📧 生成简单邮箱地址: testuser341@163.com
2026-05-20 11:03:13,136 - INFO -     📧 邮箱: testuser341@163.com
2026-05-20 11:03:13,136 - INFO - 🔄 步骤4: 输入邮箱
2026-05-20 11:03:48,269 - INFO - ✅ 步骤4: 输入邮箱 - 完成
2026-05-20 11:03:48,270 - INFO - 🔄 步骤5: 勾选隐私政策
2026-05-20 11:03:49,128 - INFO - ✅ 步骤5: 勾选隐私政策 - 完成
2026-05-20 11:03:49,128 - INFO - 🔄 步骤6: 点击 Next 进入设置密码页
2026-05-20 11:03:52,003 - INFO - ✅ 步骤6: 点击 Next 进入设置密码页 - 完成
2026-05-20 11:03:52,004 - INFO - 🔄 步骤7: 设置密码
2026-05-20 11:03:58,160 - INFO -     🔑 密码: Csx150128
2026-05-20 11:03:58,165 - INFO - ✅ 步骤7: 设置密码 - 完成
2026-05-20 11:03:58,166 - INFO - 🔄 步骤8: 点击 Next 进入用户名页
2026-05-20 11:04:00,482 - INFO - ✅ 步骤8: 点击 Next 进入用户名页 - 完成
2026-05-20 11:04:00,483 - INFO - 🔄 步骤9: 验证用户名页且不输入用户名
2026-05-20 11:04:03,617 - INFO -     ✅ 已识别 Personal Information 标题
2026-05-20 11:04:03,697 - INFO -     📝 用户名框内容: ''（未输入）
2026-05-20 11:04:03,697 - INFO - ✅ 步骤9: 验证用户名页且不输入用户名 - 完成
2026-05-20 11:04:03,697 - INFO - 🔄 步骤10: 点击返回按钮
2026-05-20 11:04:03,697 - INFO -     🔄 定位返回: //android.widget.ImageView[@content-desc="back"]
2026-05-20 11:04:05,290 - INFO -     ✅ 已点击返回按钮
2026-05-20 11:04:05,291 - INFO - ✅ 步骤10: 点击返回按钮 - 完成
2026-05-20 11:04:05,291 - INFO - 🔄 步骤11: 断言回到设置密码页
2026-05-20 11:04:21,615 - INFO - 
============================================================
2026-05-20 11:04:21,616 - INFO - ❌ 测试失败
2026-05-20 11:04:21,616 - INFO - 📍 失败步骤: 步骤11: 断言回到设置密码页
2026-05-20 11:04:21,616 - INFO - 📝 失败原因: 步骤11: 断言回到设置密码页失败: Message: 未进入设置密码页（需要至少 2 个 EditText）

2026-05-20 11:04:21,616 - INFO - ============================================================
2026-05-20 11:04:21,621 - INFO - Traceback (most recent call last):

2026-05-20 11:04:21,621 - INFO -   File "/Users/ambrose.chen/Desktop/iot/project/APP外壳/3功能/1平台/Android/2注册/200088验证不输入用户名，点击返回按钮.py", line 306, in test_200088
    _assert_back_to_password_page(driver)

2026-05-20 11:04:21,622 - INFO -   File "/Users/ambrose.chen/Desktop/iot/project/APP外壳/3功能/1平台/Android/2注册/200088验证不输入用户名，点击返回按钮.py", line 149, in _assert_back_to_password_page
    step_assert_on_password_page(driver, timeout_s=timeout_s)

2026-05-20 11:04:21,622 - INFO -   File "/Users/ambrose.chen/Desktop/iot/project/APP外壳/3功能/1平台/Android/2注册/register_case_base.py", line 540, in step_assert_on_password_page
    raise TimeoutException("未进入设置密码页（需要至少 2 个 EditText）")

2026-05-20 11:04:21,622 - INFO - selenium.common.exceptions.TimeoutException: Message: 未进入设置密码页（需要至少 2 个 EditText）


2026-05-20 11:04:22,238 - INFO - 已保存test_200088_failed失败截图: screenshots/test_200088_failed_1779246261.png
2026-05-20 11:04:22,272 - INFO - ✅ 报告已生成: /Users/ambrose.chen/Desktop/iot/project/APP外壳/2测试报告/platform/android_20260520_110300/android_20260520_110300_report.xlsx
