2026-05-09 20:09:28,551 - INFO - 🔄 步骤0: 登出，确保从登出状态开始测试
2026-05-09 20:09:28,551 - INFO - 开始登出流程...
2026-05-09 20:09:59,451 - INFO - 未检测到home sel/mine sel/mine，跳过登出流程
2026-05-09 20:09:59,452 - INFO - ✅ 步骤0: 登出，确保从登出状态开始测试 - 完成
2026-05-09 20:10:01,460 - INFO - 🔄 步骤1: 验证在APP首页（登录页面）
2026-05-09 20:10:01,621 - INFO - ✅ 步骤1: 验证在APP首页（登录页面） - 完成，确认在APP首页（登录页面）
2026-05-09 20:10:03,628 - INFO - 🔄 步骤2: 点击Sign Up按钮进入注册页面
2026-05-09 20:10:04,603 - INFO - ✅ 步骤2: 点击Sign Up按钮进入注册页面 - 完成
2026-05-09 20:10:07,613 - INFO - 🔄 步骤3: 验证进入Sign Up页面
2026-05-09 20:10:07,853 - INFO - ✅ 步骤3: 验证进入Sign Up页面 - 完成，确认已进入Sign Up注册页面
2026-05-09 20:10:09,863 - INFO - 🔄 步骤4: 输入邮箱
2026-05-09 20:10:09,866 - INFO - 📧 生成简单邮箱地址: testuser214@163.com
2026-05-09 20:10:11,858 - INFO - ✅ 步骤4: 输入邮箱 - 完成，邮箱: testuser214@163.com
2026-05-09 20:10:13,867 - INFO - 🔄 步骤5: 勾选隐私政策和用户协议
2026-05-09 20:10:20,082 - INFO - ✅ 隐私政策复选框已勾选
2026-05-09 20:10:21,592 - INFO - 🔄 步骤5.1: 收起键盘（Done）
2026-05-09 20:10:22,855 - INFO - ✅ 已点击Done收起键盘
2026-05-09 20:10:23,861 - INFO - 🔄 步骤6: 点击Next进入set password页面
2026-05-09 20:10:24,578 - INFO - ✅ 步骤6: 点击Next进入set password页面 - 完成，已点击Next按钮
2026-05-09 20:10:27,585 - INFO - 🔄 步骤7: 验证进入set password页面
2026-05-09 20:10:27,976 - INFO - ✅ 成功进入set password页面
2026-05-09 20:10:29,480 - INFO - 🔄 步骤8: 输入密码并验证默认密文
2026-05-09 20:10:31,122 - INFO - ✅ 已输入密码: Csx150128
2026-05-09 20:10:32,301 - INFO - 📝 默认状态 value: '•••••••••', type: 'XCUIElementTypeSecureTextField'
2026-05-09 20:10:32,301 - INFO - ✅ 默认为密文显示
2026-05-09 20:10:33,311 - INFO - 🔄 步骤9: 点击眼睛切换明文
2026-05-09 20:10:35,598 - INFO - 📝 明文状态 value: 'Csx150128', type: 'XCUIElementTypeTextField'
2026-05-09 20:10:35,599 - INFO - ✅ 点击一次眼睛后显示明文
2026-05-09 20:10:36,604 - INFO - 🔄 步骤10: 再次点击眼睛切回密文
2026-05-09 20:10:38,903 - INFO - 📝 再次密文状态 value: '•••••••••', type: 'XCUIElementTypeSecureTextField'
2026-05-09 20:10:38,903 - INFO - ✅ 再点击一次眼睛后恢复密文显示
2026-05-09 20:10:39,912 - INFO - 🎉 测试用例102240执行成功！
2026-05-09 20:10:39,912 - INFO - ✅ 密码默认密文，点击眼睛切换明文，再点击恢复密文
2026-05-09 20:10:41,952 - INFO - ✅ 报告已生成: /Users/ambrose.chen/Desktop/iot/project/APP外壳/2测试报告/platform/ios_20260509_200926/ios_20260509_200926_report.xlsx
