2026-05-09 21:00:50,254 - INFO - 🔄 步骤1: 重启APP并处理登录状态
2026-05-09 21:01:11,529 - INFO - ✅ 步骤1: 重启APP并处理登录状态 - 完成
2026-05-09 21:01:11,531 - INFO - 🔄 步骤2: 点击Sign In进入登录页
2026-05-09 21:01:14,474 - INFO - ✅ 步骤2: 点击Sign In进入登录页 - 完成
2026-05-09 21:01:14,475 - INFO - 🔄 步骤3: 点击Forgot password进入忘记密码页
2026-05-09 21:01:17,532 - INFO - ✅ 步骤3: 点击Forgot password进入忘记密码页 - 完成
2026-05-09 21:01:17,532 - INFO - 🔄 步骤4: 输入邮箱并点击Next进入验证码页
2026-05-09 21:01:25,633 - INFO - ✅ 步骤4: 输入邮箱并点击Next进入验证码页 - 完成，邮箱: haoc51888@gmail.com
2026-05-09 21:01:25,633 - INFO - 🔄 步骤5: Gmail获取最新验证码code
2026-05-09 21:03:37,347 - INFO - ✅ 步骤5: Gmail获取最新验证码code - 完成，code: 937927
2026-05-09 21:03:37,348 - INFO - 🔄 步骤6: 输入验证码进入Set Password页
2026-05-09 21:03:46,653 - INFO - ✅ 步骤6: 输入验证码进入Set Password页 - 完成
2026-05-09 21:03:46,653 - INFO - 🔄 步骤7: 输入大于20位密码(两次)
2026-05-09 21:03:52,657 - INFO - ✅ 步骤7: 输入大于20位密码(两次) - 完成，密码: Csx123456789012345678
2026-05-09 21:03:52,658 - INFO - 🔄 步骤8: 校验密码规则颜色（超长场景）
2026-05-09 21:03:52,886 - INFO - 📝 规则提示: • 6-20 characters 颜色: None
2026-05-09 21:03:53,112 - INFO - 📝 规则提示: • contains letters 颜色: None
2026-05-09 21:03:53,333 - INFO - 📝 规则提示: • contains numbers 颜色: None
2026-05-09 21:03:53,548 - INFO - 📝 规则提示: • Supports special characters:! @ # $ % ^ & * ( ) - _ = + \ | [ ] { } ; : / ? . , ~ > < ` 颜色: None
2026-05-09 21:03:53,548 - INFO - ✅ 步骤8: 校验密码规则颜色（超长场景） - 完成
2026-05-09 21:03:53,549 - INFO - 🔄 步骤9: 点击Submit并断言不可生效
2026-05-09 21:03:53,809 - INFO - ✅ 步骤9: 点击Submit并断言不可生效 - 完成
2026-05-09 21:03:53,809 - INFO - 🎉 测试用例102147执行成功！
2026-05-09 21:03:53,837 - INFO - ✅ 报告已生成: /Users/ambrose.chen/Desktop/iot/project/APP外壳/2测试报告/platform/ios_20260509_210048/ios_20260509_210048_report.xlsx
