2026-04-29 17:51:08,317 - INFO - 🔄 步骤0: 登出，确保从登出状态开始测试
2026-04-29 17:51:08,318 - INFO - 开始登出流程...
2026-04-29 17:51:08,537 - INFO - 检测到home sel元素
2026-04-29 17:51:19,944 - INFO - ✅ 点击mine按钮: //XCUIElementTypeButton[@name="mine"]
2026-04-29 17:51:22,154 - INFO - ✅ 点击CommonEdit编辑按钮: //XCUIElementTypeButton[@name="CommonEdit"]
2026-04-29 17:51:24,333 - INFO - ✅ 点击Log Out: //XCUIElementTypeButton[@name="Log Out"]
2026-04-29 17:51:26,544 - INFO - ✅ 点击Confirm: //XCUIElementTypeButton[@name="Confirm"]
2026-04-29 17:51:28,051 - INFO - 登出操作完成
2026-04-29 17:51:28,416 - INFO - ✅ 成功回到登录页面
2026-04-29 17:51:28,416 - INFO - ✅ 步骤0: 登出，确保从登出状态开始测试 - 完成
2026-04-29 17:51:30,418 - INFO - 🔄 步骤1: 验证在APP首页（登录页面）
2026-04-29 17:51:30,602 - INFO - ✅ 步骤1: 验证在APP首页（登录页面） - 完成，确认在APP首页（登录页面）
2026-04-29 17:51:32,606 - INFO - 🔄 步骤2: 点击Sign Up按钮进入注册页面
2026-04-29 17:51:33,600 - INFO - ✅ 步骤2: 点击Sign Up按钮进入注册页面 - 完成
2026-04-29 17:51:36,602 - INFO - 🔄 步骤3: 验证进入Sign Up页面
2026-04-29 17:51:36,852 - INFO - ✅ 步骤3: 验证进入Sign Up页面 - 完成，确认已进入Sign Up注册页面
2026-04-29 17:51:38,855 - INFO - 🔄 步骤4: 输入邮箱
2026-04-29 17:51:38,861 - INFO - 📧 生成简单邮箱地址: testuser96@163.com
2026-04-29 17:51:40,795 - INFO - ✅ 步骤4: 输入邮箱 - 完成，邮箱: testuser96@163.com
2026-04-29 17:51:42,799 - INFO - 🔄 步骤5: 勾选隐私政策和用户协议
2026-04-29 17:51:48,848 - INFO - ✅ 隐私政策复选框已勾选
2026-04-29 17:51:50,353 - INFO - 🔄 步骤5.1: 收起键盘（Done）
2026-04-29 17:51:51,678 - INFO - ✅ 已点击Done收起键盘
2026-04-29 17:51:52,681 - INFO - 🔄 步骤6: 点击Next进入set password页面
2026-04-29 17:51:53,424 - INFO - ✅ 步骤6: 点击Next进入set password页面 - 完成，已点击Next按钮
2026-04-29 17:51:56,428 - INFO - 🔄 步骤7: 验证进入set password页面
2026-04-29 17:51:59,639 - INFO - ✅ 成功进入set password页面
2026-04-29 17:52:01,143 - INFO - 🔄 步骤8: 输入密码并确认
2026-04-29 17:52:03,149 - INFO - ✅ 已输入密码: Csx150128
2026-04-29 17:52:05,154 - INFO - ✅ 已输入确认密码: Csx150128
2026-04-29 17:52:07,437 - INFO - ✅ 密码页已点击Done收起键盘
2026-04-29 17:52:08,441 - INFO - 🔄 步骤9: 点击Next进入Personal Information页面
2026-04-29 17:52:09,459 - INFO - ✅ 已点击密码页Next按钮
2026-04-29 17:52:12,464 - INFO - 🔄 步骤10: 输入用户名，点击Skip，验证跳转主界面
2026-04-29 17:52:13,086 - INFO - ✅ 确认已进入Personal Information页面
2026-04-29 17:52:24,772 - INFO - ❌ 步骤10: 输入用户名，点击Skip，验证跳转主界面失败: Message: 
Stacktrace:
NoSuchElementError: An element could not be located on the page using the given search parameters.
    at XCUITestDriver.doNativeFind (/Users/ambrose.chen/.appium/node_modules/appium-xcuitest-driver/lib/commands/find.js:116:11)
    at processTicksAndRejections (node:internal/process/task_queues:103:5)
    at XCUITestDriver.findNativeElementOrElements (/Users/ambrose.chen/.appium/node_modules/appium-xcuitest-driver/lib/commands/find.js:69:10)
    at XCUITestDriver.findElOrEls (/Users/ambrose.chen/.appium/node_modules/appium-xcuitest-driver/lib/commands/find.js:13:12)
    at XCUITestDriver.findElOrElsWithProcessing (/Users/ambrose.chen/.appium/node_modules/appium-xcuitest-driver/node_modules/@appium/base-driver/lib/basedriver/commands/find.ts:60:12)
    at XCUITestDriver.findElement (/Users/ambrose.chen/.appium/node_modules/appium-xcuitest-driver/node_modules/@appium/base-driver/lib/basedriver/commands/find.ts:75:12)
2026-04-29 17:52:24,773 - INFO - 
============================================================
2026-04-29 17:52:24,773 - INFO - ❌ 测试失败
2026-04-29 17:52:24,773 - INFO - 📍 失败步骤: 步骤10: 输入用户名，点击Skip，验证跳转主界面
2026-04-29 17:52:24,774 - INFO - 📝 失败原因: 步骤10: 输入用户名，点击Skip，验证跳转主界面失败: Message: 
Stacktrace:
NoSuchElementError: An element could not be located on the page using the given search parameters.
    at XCUITestDriver.doNativeFind (/Users/ambrose.chen/.appium/node_modules/appium-xcuitest-driver/lib/commands/find.js:116:11)
    at processTicksAndRejections (node:internal/process/task_queues:103:5)
    at XCUITestDriver.findNativeElementOrElements (/Users/ambrose.chen/.appium/node_modules/appium-xcuitest-driver/lib/commands/find.js:69:10)
    at XCUITestDriver.findElOrEls (/Users/ambrose.chen/.appium/node_modules/appium-xcuitest-driver/lib/commands/find.js:13:12)
    at XCUITestDriver.findElOrElsWithProcessing (/Users/ambrose.chen/.appium/node_modules/appium-xcuitest-driver/node_modules/@appium/base-driver/lib/basedriver/commands/find.ts:60:12)
    at XCUITestDriver.findElement (/Users/ambrose.chen/.appium/node_modules/appium-xcuitest-driver/node_modules/@appium/base-driver/lib/basedriver/commands/find.ts:75:12)
2026-04-29 17:52:24,774 - INFO - ============================================================
2026-04-29 17:52:24,779 - INFO - Traceback (most recent call last):

2026-04-29 17:52:24,781 - INFO -   File "/Users/ambrose.chen/Desktop/iot/project/APP外壳/3功能/1平台/IOS/2注册/102246 验证输入用户名，点击"Skip"按钮.py", line 317, in test_102246
    username_input = WebDriverWait(driver, 8).until(
                     ^^^^^^^^^^^^^^^^^^^^^^^^^^^^^^^

2026-04-29 17:52:24,781 - INFO -   File "/Library/Frameworks/Python.framework/Versions/3.11/lib/python3.11/site-packages/selenium/webdriver/support/wait.py", line 138, in until
    raise TimeoutException(message, screen, stacktrace)

2026-04-29 17:52:24,781 - INFO - selenium.common.exceptions.TimeoutException: Message: 
Stacktrace:
NoSuchElementError: An element could not be located on the page using the given search parameters.
    at XCUITestDriver.doNativeFind (/Users/ambrose.chen/.appium/node_modules/appium-xcuitest-driver/lib/commands/find.js:116:11)
    at processTicksAndRejections (node:internal/process/task_queues:103:5)
    at XCUITestDriver.findNativeElementOrElements (/Users/ambrose.chen/.appium/node_modules/appium-xcuitest-driver/lib/commands/find.js:69:10)
    at XCUITestDriver.findElOrEls (/Users/ambrose.chen/.appium/node_modules/appium-xcuitest-driver/lib/commands/find.js:13:12)
    at XCUITestDriver.findElOrElsWithProcessing (/Users/ambrose.chen/.appium/node_modules/appium-xcuitest-driver/node_modules/@appium/base-driver/lib/basedriver/commands/find.ts:60:12)
    at XCUITestDriver.findElement (/Users/ambrose.chen/.appium/node_modules/appium-xcuitest-driver/node_modules/@appium/base-driver/lib/basedriver/commands/find.ts:75:12)

2026-04-29 17:52:25,075 - INFO - 已保存test_102246_failed失败截图: screenshots/test_102246_failed_1777456344.png
2026-04-29 17:52:25,097 - INFO - ✅ 报告已生成: /Users/ambrose.chen/Desktop/iot/project/APP外壳/2测试报告/platform/ios_20260429_175105/ios_20260429_175105_report.xlsx
