2026-05-09 20:03:07,765 - INFO - 🔄 步骤0: 登出，确保从登出状态开始测试
2026-05-09 20:03:07,765 - INFO - 开始登出流程...
2026-05-09 20:03:08,014 - INFO - 检测到home sel元素
2026-05-09 20:03:19,493 - INFO - ✅ 点击mine按钮: //XCUIElementTypeButton[@name="mine"]
2026-05-09 20:03:21,680 - INFO - ✅ 点击CommonEdit编辑按钮: //XCUIElementTypeButton[@name="CommonEdit"]
2026-05-09 20:03:23,877 - INFO - ✅ 点击Log Out: //XCUIElementTypeButton[@name="Log Out"]
2026-05-09 20:03:26,074 - INFO - ✅ 点击Confirm: //XCUIElementTypeButton[@name="Confirm"]
2026-05-09 20:03:27,583 - INFO - 登出操作完成
2026-05-09 20:03:27,879 - INFO - ✅ 成功回到登录页面
2026-05-09 20:03:27,880 - INFO - ✅ 步骤0: 登出，确保从登出状态开始测试 - 完成
2026-05-09 20:03:29,887 - INFO - 🔄 步骤1: 验证在APP首页（登录页面）
2026-05-09 20:03:30,048 - INFO - ✅ 步骤1: 验证在APP首页（登录页面） - 完成，确认在APP首页（登录页面）
2026-05-09 20:03:32,058 - INFO - 🔄 步骤2: 点击Sign Up按钮进入注册页面
2026-05-09 20:03:33,033 - INFO - ✅ 步骤2: 点击Sign Up按钮进入注册页面 - 完成
2026-05-09 20:03:36,043 - INFO - 🔄 步骤3: 验证进入Sign Up页面
2026-05-09 20:03:36,281 - INFO - ✅ 步骤3: 验证进入Sign Up页面 - 完成，确认已进入Sign Up注册页面
2026-05-09 20:03:38,290 - INFO - 🔄 步骤4: 输入邮箱
2026-05-09 20:03:38,293 - INFO - 📧 生成简单邮箱地址: testuser209@163.com
2026-05-09 20:03:40,217 - INFO - ✅ 步骤4: 输入邮箱 - 完成，邮箱: testuser209@163.com
2026-05-09 20:03:42,227 - INFO - 🔄 步骤5: 勾选隐私政策和用户协议
2026-05-09 20:03:48,359 - INFO - ✅ 隐私政策复选框已勾选
2026-05-09 20:03:49,862 - INFO - 🔄 步骤5.1: 收起键盘（Done）
2026-05-09 20:03:51,139 - INFO - ✅ 已点击Done收起键盘
2026-05-09 20:03:52,146 - INFO - 🔄 步骤6: 点击Next进入set password页面
2026-05-09 20:03:52,881 - INFO - ✅ 步骤6: 点击Next进入set password页面 - 完成，已点击Next按钮
2026-05-09 20:03:55,889 - INFO - 🔄 步骤7: 验证进入set password页面
2026-05-09 20:03:56,196 - INFO - ✅ 成功进入set password页面
2026-05-09 20:03:57,702 - INFO - 🔄 步骤8: 输入数字+字符密码并验证规则颜色
2026-05-09 20:03:59,958 - INFO - ✅ 已输入密码: !@#$%^&*()-==+\'l[};:/?...~><`12
2026-05-09 20:04:02,331 - INFO - ✅ 已输入确认密码: !@#$%^&*()-==+\'l[};:/?...~><`12
2026-05-09 20:04:03,722 - INFO - 📝 规则提示: • 6-20 characters 颜色: None
2026-05-09 20:04:04,124 - INFO - 📝 规则提示: • contains letters 颜色: None
2026-05-09 20:04:04,513 - INFO - 📝 规则提示: • contains numbers 颜色: None
2026-05-09 20:04:04,906 - INFO - 📝 规则提示: • Supports special characters:! @ # $ % ^ & * ( ) - _ = + \ | [ ] { } ; : / ? . , ~ > < ` 颜色: None
2026-05-09 20:04:06,124 - INFO - ✅ 密码页已点击Done收起键盘
2026-05-09 20:04:07,127 - INFO - 🔄 步骤9: 点击Next验证仍停留在set password页面
2026-05-09 20:04:07,716 - INFO - ✅ 已尝试点击密码页Next按钮（应无跳转）
2026-05-09 20:04:10,047 - INFO - ✅ 点击后仍停留在set password页面，Next按钮不可使页面跳转
2026-05-09 20:04:11,055 - INFO - 🎉 测试用例102235执行成功！
2026-05-09 20:04:11,055 - INFO - ✅ 数字+特殊字符密码规则提示符合预期，Next不可跳转
2026-05-09 20:04:13,090 - INFO - ✅ 报告已生成: /Users/ambrose.chen/Desktop/iot/project/APP外壳/2测试报告/platform/ios_20260509_200305/ios_20260509_200305_report.xlsx
