2026-05-11 20:14:25,315 - INFO - 🔄 步骤0: 登出，确保从登出状态开始测试
2026-05-11 20:14:25,315 - INFO - 开始登出流程...
2026-05-11 20:14:56,220 - INFO - 未检测到home sel/mine sel/mine，跳过登出流程
2026-05-11 20:14:56,222 - INFO - ✅ 步骤0: 登出，确保从登出状态开始测试 - 完成
2026-05-11 20:14:58,229 - INFO - 🔄 步骤1: 验证在APP首页（登录页面）
2026-05-11 20:14:58,403 - INFO - ✅ 步骤1: 验证在APP首页（登录页面） - 完成，确认在APP首页（登录页面）
2026-05-11 20:15:00,410 - INFO - 🔄 步骤2: 点击Sign Up按钮进入注册页面
2026-05-11 20:15:01,372 - INFO - ✅ 步骤2: 点击Sign Up按钮进入注册页面 - 完成
2026-05-11 20:15:04,375 - INFO - 🔄 步骤3: 验证进入Sign Up页面
2026-05-11 20:15:04,610 - INFO - ✅ 步骤3: 验证进入Sign Up页面 - 完成，确认已进入Sign Up注册页面
2026-05-11 20:15:06,619 - INFO - 🔄 步骤5: 输入邮箱
2026-05-11 20:15:06,624 - INFO - 📧 生成简单邮箱地址: testuser223@163.com
2026-05-11 20:15:08,536 - INFO - ✅ 步骤5: 输入邮箱 - 完成，邮箱: testuser223@163.com
2026-05-11 20:15:10,547 - INFO - 🔄 步骤6: 点击Done按钮收起键盘
2026-05-11 20:15:11,811 - INFO - ✅ 步骤6: 点击Done按钮收起键盘 - 完成
2026-05-11 20:15:13,821 - INFO - 🔄 步骤7: 验证不勾选隐私政策和用户协议
2026-05-11 20:15:19,174 - INFO - ✅ 隐私政策复选框未勾选（预期状态）
2026-05-11 20:15:19,175 - INFO - ✅ 步骤7: 验证不勾选隐私政策和用户协议 - 完成，隐私政策复选框未勾选
2026-05-11 20:15:21,182 - INFO - 🔄 步骤8: 验证Next按钮置灰不可点击
2026-05-11 20:15:21,468 - INFO - 📝 Next按钮 enabled 属性: false
2026-05-11 20:15:21,468 - INFO - ✅ 步骤8: 验证Next按钮置灰不可点击 - 完成，确认Next按钮置灰不可点击
2026-05-11 20:15:23,469 - INFO - 🔄 步骤9: 验证仍停留在注册页面
2026-05-11 20:15:24,127 - INFO - 📝 当前邮箱输入框内容: testuser223@163.com
2026-05-11 20:15:24,127 - INFO - ✅ 步骤9: 验证仍停留在注册页面 - 完成，点击无效果，仍停留在注册页面
2026-05-11 20:15:26,136 - INFO - 🎉 测试用例102191执行成功！
2026-05-11 20:15:26,137 - INFO - ✅ 验证注册，不选择"用户政策、隐私协议"，点击"下一步"：Next按钮置灰且仍停留在当前页面
2026-05-11 20:15:28,186 - INFO - ✅ 报告已生成: /Users/ambrose.chen/Desktop/iot/project/APP外壳/2测试报告/platform/ios_20260511_201423/ios_20260511_201423_report.xlsx
