2026-05-12 11:24:39,937 - INFO - 🔄 步骤0: 登出，确保从登出状态开始测试
2026-05-12 11:24:39,937 - INFO - 开始登出流程...
2026-05-12 11:25:10,859 - INFO - 未检测到home sel/mine sel/mine，跳过登出流程
2026-05-12 11:25:10,860 - INFO - ✅ 步骤0: 登出，确保从登出状态开始测试 - 完成
2026-05-12 11:25:12,862 - INFO - 🔄 步骤1: 验证在APP首页（登录页面）
2026-05-12 11:25:13,023 - INFO - ✅ 步骤1: 验证在APP首页（登录页面） - 完成，确认在APP首页（登录页面）
2026-05-12 11:25:15,032 - INFO - 🔄 步骤2: 点击Sign Up按钮进入注册页面
2026-05-12 11:25:16,007 - INFO - ✅ 步骤2: 点击Sign Up按钮进入注册页面 - 完成
2026-05-12 11:25:19,011 - INFO - 🔄 步骤3: 验证进入Sign Up页面
2026-05-12 11:25:19,250 - INFO - ✅ 步骤3: 验证进入Sign Up页面 - 完成，确认已进入Sign Up注册页面
2026-05-12 11:25:21,255 - INFO - 🔄 步骤4: 输入邮箱
2026-05-12 11:25:21,257 - INFO - 📧 生成简单邮箱地址: testuser271@163.com
2026-05-12 11:25:23,175 - INFO - ✅ 步骤4: 输入邮箱 - 完成，邮箱: testuser271@163.com
2026-05-12 11:25:25,184 - INFO - 🔄 步骤5: 勾选隐私政策和用户协议
2026-05-12 11:25:31,333 - INFO - ✅ 隐私政策复选框已勾选
2026-05-12 11:25:32,843 - INFO - 🔄 步骤5.1: 收起键盘（Done）
2026-05-12 11:25:34,101 - INFO - ✅ 已点击Done收起键盘
2026-05-12 11:25:35,111 - INFO - 🔄 步骤6: 点击Next进入set password页面
2026-05-12 11:25:35,829 - INFO - ✅ 步骤6: 点击Next进入set password页面 - 完成，已点击Next按钮
2026-05-12 11:25:38,838 - INFO - 🔄 步骤7: 验证进入set password页面
2026-05-12 11:25:39,148 - INFO - ✅ 成功进入set password页面
2026-05-12 11:25:40,657 - INFO - 🔄 步骤8: 输入超长密码并验证规则颜色
2026-05-12 11:25:42,494 - INFO - ✅ 已输入密码: Csx123456789012345678
2026-05-12 11:25:44,403 - INFO - 📝 规则提示: • 6-20 characters 颜色: None
2026-05-12 11:25:44,791 - INFO - 📝 规则提示: • contains letters 颜色: None
2026-05-12 11:25:45,167 - INFO - 📝 规则提示: • contains numbers 颜色: None
2026-05-12 11:25:45,555 - INFO - 📝 规则提示: • Supports special characters:! @ # $ % ^ & * ( ) - _ = + \ | [ ] { } ; : / ? . , ~ > < ` 颜色: None
2026-05-12 11:25:45,555 - INFO - ✅ 规则颜色检查完成（无法获取颜色时已记录）
2026-05-12 11:25:46,559 - INFO - 🔄 步骤9: 收起键盘并点击Next，验证停留当前页面
2026-05-12 11:25:47,748 - INFO - ✅ 已点击Done收起键盘
2026-05-12 11:25:49,324 - INFO - ✅ 已尝试点击密码页Next按钮
2026-05-12 11:25:51,637 - INFO - ✅ 点击后仍停留在set password页面，Next按钮不可使页面跳转
2026-05-12 11:25:52,647 - INFO - 🎉 测试用例102225执行成功！
2026-05-12 11:25:52,647 - INFO - ✅ 密码大于20位时规则颜色符合预期，Next按钮不可跳转
2026-05-12 11:25:54,684 - INFO - ✅ 报告已生成: /Users/ambrose.chen/Desktop/iot/project/APP外壳/2测试报告/platform/ios_20260512_112438/ios_20260512_112438_report.xlsx
