2026-05-09 20:19:41,874 - INFO - 🔄 步骤0: 登出，确保从登出状态开始测试
2026-05-09 20:19:41,874 - INFO - 开始登出流程...
2026-05-09 20:19:42,115 - INFO - 检测到home sel元素
2026-05-09 20:19:53,616 - INFO - ✅ 点击mine按钮: //XCUIElementTypeButton[@name="mine"]
2026-05-09 20:19:55,817 - INFO - ✅ 点击CommonEdit编辑按钮: //XCUIElementTypeButton[@name="CommonEdit"]
2026-05-09 20:19:58,051 - INFO - ✅ 点击Log Out: //XCUIElementTypeButton[@name="Log Out"]
2026-05-09 20:20:00,398 - INFO - ✅ 点击Confirm: //XCUIElementTypeButton[@name="Confirm"]
2026-05-09 20:20:01,899 - INFO - 登出操作完成
2026-05-09 20:20:02,262 - INFO - ✅ 成功回到登录页面
2026-05-09 20:20:02,262 - INFO - ✅ 步骤0: 登出，确保从登出状态开始测试 - 完成
2026-05-09 20:20:04,270 - INFO - 🔄 步骤1: 点击Sign Up按钮进入注册页面
2026-05-09 20:20:05,257 - INFO - ✅ 步骤1: 点击Sign Up按钮进入注册页面 - 完成
2026-05-09 20:20:07,263 - INFO - 🔄 步骤2: 输入邮箱地址
2026-05-09 20:20:07,267 - INFO - 📧 生成邮箱地址: 1+2-3.4%5_635@163.com
2026-05-09 20:20:09,355 - INFO - ✅ 步骤2: 输入邮箱地址 - 完成，邮箱: 1+2-3.4%5_635@163.com
2026-05-09 20:20:11,360 - INFO - 🔄 步骤3: 同意隐私政策
2026-05-09 20:20:12,423 - INFO - ✅ 步骤3: 同意隐私政策 - 完成
2026-05-09 20:20:14,433 - INFO - 🔄 步骤4: 点击Done按钮（收起键盘）
2026-05-09 20:20:15,765 - INFO - ✅ 步骤4: 点击Done按钮（收起键盘） - 完成
2026-05-09 20:20:17,773 - INFO - 🔄 步骤5: 点击Next按钮进入密码设置
2026-05-09 20:20:18,543 - INFO - ✅ 步骤5: 点击Next按钮进入密码设置 - 完成
2026-05-09 20:20:20,550 - INFO - 🔄 步骤6: 设置密码
2026-05-09 20:20:25,707 - INFO - ✅ 步骤6: 设置密码 - 完成
2026-05-09 20:20:27,709 - INFO - 🔄 步骤7: 点击Done按钮（收起键盘）
2026-05-09 20:20:28,949 - INFO - ✅ 步骤7: 点击Done按钮（收起键盘） - 完成
2026-05-09 20:20:30,956 - INFO - 🔄 步骤8: 点击Next按钮进入个人信息页面
2026-05-09 20:20:31,940 - INFO - ✅ 步骤8: 点击Next按钮进入个人信息页面 - 完成
2026-05-09 20:20:33,941 - INFO - 🔄 步骤9: 设置用户名
2026-05-09 20:20:37,652 - INFO - ✅ 步骤9: 设置用户名 - 完成，用户名: hzavAZhpEwTeQabLOvObmMdAVdkJsRwTpDVhcovrScDClibWjlIpQJMHdmtl
2026-05-09 20:20:40,662 - INFO - 🔄 步骤10: 点击Done按钮收起键盘
2026-05-09 20:20:41,912 - INFO - ✅ 步骤10: 点击Done按钮收起键盘 - 完成
2026-05-09 20:20:43,920 - INFO - 🔄 步骤11: 点击左上角返回按钮
2026-05-09 20:20:44,572 - INFO - ✅ 步骤11: 点击左上角返回按钮 - 完成
2026-05-09 20:20:47,581 - INFO - 🔄 步骤12: 验证跳转到APP主页面
2026-05-09 20:20:47,988 - INFO - ✅ 步骤12: 验证跳转到APP主页面 - 完成
2026-05-09 20:20:47,988 - INFO - 🔄 步骤13: 验证用户名显示为默认的'Username'
2026-05-09 20:20:53,230 - INFO - ✅ 找到用户名元素，使用选择器: //XCUIElementTypeStaticText[contains(@name, "Username")]
2026-05-09 20:20:53,278 - INFO - 📝 用户名显示内容: Hi, Username
2026-05-09 20:20:53,278 - INFO - ✅ 步骤13: 验证用户名显示为默认的'Username' - 完成，用户名显示为默认值: Hi, Username
2026-05-09 20:20:53,278 - INFO - 🎉 测试用例102248执行成功！
2026-05-09 20:20:55,307 - INFO - ✅ 报告已生成: /Users/ambrose.chen/Desktop/iot/project/APP外壳/2测试报告/platform/ios_20260509_201940/ios_20260509_201940_report.xlsx
