2026-05-11 21:14:02,631 - INFO - 🔄 步骤0: 登出，确保从登出状态开始测试
2026-05-11 21:14:02,632 - INFO - 开始登出流程...
2026-05-11 21:14:02,910 - INFO - 检测到home sel元素
2026-05-11 21:14:14,309 - INFO - ✅ 点击mine按钮: //XCUIElementTypeButton[@name="mine"]
2026-05-11 21:14:16,507 - INFO - ✅ 点击CommonEdit编辑按钮: //XCUIElementTypeButton[@name="CommonEdit"]
2026-05-11 21:14:18,720 - INFO - ✅ 点击Log Out: //XCUIElementTypeButton[@name="Log Out"]
2026-05-11 21:14:20,896 - INFO - ✅ 点击Confirm: //XCUIElementTypeButton[@name="Confirm"]
2026-05-11 21:14:22,404 - INFO - 登出操作完成
2026-05-11 21:14:22,890 - INFO - ✅ 成功回到登录页面（通过等待）
2026-05-11 21:14:22,891 - INFO - ✅ 步骤0: 登出，确保从登出状态开始测试 - 完成
2026-05-11 21:14:24,896 - INFO - 🔄 步骤1: 验证在APP首页（登录页面）
2026-05-11 21:14:25,069 - INFO - ✅ 步骤1: 验证在APP首页（登录页面） - 完成，确认在APP首页（登录页面）
2026-05-11 21:14:27,078 - INFO - 🔄 步骤2: 点击Sign Up按钮进入注册页面
2026-05-11 21:14:28,046 - INFO - ✅ 步骤2: 点击Sign Up按钮进入注册页面 - 完成
2026-05-11 21:14:31,056 - INFO - 🔄 步骤3: 验证进入Sign Up页面
2026-05-11 21:14:31,298 - INFO - ✅ 步骤3: 验证进入Sign Up页面 - 完成，确认已进入Sign Up注册页面
2026-05-11 21:14:33,307 - INFO - 🔄 步骤4: 输入邮箱
2026-05-11 21:14:33,310 - INFO - 📧 生成简单邮箱地址: testuser246@163.com
2026-05-11 21:14:35,261 - INFO - ✅ 步骤4: 输入邮箱 - 完成，邮箱: testuser246@163.com
2026-05-11 21:14:37,270 - INFO - 🔄 步骤5: 勾选隐私政策和用户协议
2026-05-11 21:14:43,218 - INFO - ✅ 隐私政策复选框已勾选
2026-05-11 21:14:44,719 - INFO - 🔄 步骤5.1: 收起键盘（Done）
2026-05-11 21:14:45,996 - INFO - ✅ 已点击Done收起键盘
2026-05-11 21:14:47,001 - INFO - 🔄 步骤6: 点击Next进入set password页面
2026-05-11 21:14:47,741 - INFO - ✅ 步骤6: 点击Next进入set password页面 - 完成，已点击Next按钮
2026-05-11 21:14:50,746 - INFO - 🔄 步骤7: 验证进入set password页面
2026-05-11 21:14:51,046 - INFO - ✅ 成功进入set password页面
2026-05-11 21:14:52,556 - INFO - 🔄 步骤8: 输入数字+字符密码并验证规则颜色
2026-05-11 21:14:54,802 - INFO - ✅ 已输入密码: !@#$%^&*()-==+\'l[};:/?...~><`12
2026-05-11 21:14:57,191 - INFO - ✅ 已输入确认密码: !@#$%^&*()-==+\'l[};:/?...~><`12
2026-05-11 21:14:58,603 - INFO - 📝 规则提示: • 6-20 characters 颜色: None
2026-05-11 21:14:59,021 - INFO - 📝 规则提示: • contains letters 颜色: None
2026-05-11 21:14:59,424 - INFO - 📝 规则提示: • contains numbers 颜色: None
2026-05-11 21:14:59,822 - INFO - 📝 规则提示: • Supports special characters:! @ # $ % ^ & * ( ) - _ = + \ | [ ] { } ; : / ? . , ~ > < ` 颜色: None
2026-05-11 21:15:01,033 - INFO - ✅ 密码页已点击Done收起键盘
2026-05-11 21:15:02,043 - INFO - 🔄 步骤9: 点击Next验证仍停留在set password页面
2026-05-11 21:15:02,630 - INFO - ✅ 已尝试点击密码页Next按钮（应无跳转）
2026-05-11 21:15:04,953 - INFO - ✅ 点击后仍停留在set password页面，Next按钮不可使页面跳转
2026-05-11 21:15:05,959 - INFO - 🎉 测试用例102235执行成功！
2026-05-11 21:15:05,960 - INFO - ✅ 数字+特殊字符密码规则提示符合预期，Next不可跳转
2026-05-11 21:15:07,998 - INFO - ✅ 报告已生成: /Users/ambrose.chen/Desktop/iot/project/APP外壳/2测试报告/platform/ios_20260511_211400/ios_20260511_211400_report.xlsx
