2026-05-08 19:07:27,365 - INFO - 🔄 步骤1: 重启APP并处理登录状态
2026-05-08 19:07:48,617 - INFO - ✅ 步骤1: 重启APP并处理登录状态 - 完成
2026-05-08 19:07:48,617 - INFO - 🔄 步骤2: 点击Sign In进入登录页
2026-05-08 19:07:51,542 - INFO - ✅ 步骤2: 点击Sign In进入登录页 - 完成
2026-05-08 19:07:51,543 - INFO - 🔄 步骤3: 点击Forgot password进入忘记密码页
2026-05-08 19:07:54,576 - INFO - ✅ 步骤3: 点击Forgot password进入忘记密码页 - 完成
2026-05-08 19:07:54,577 - INFO - 🔄 步骤4: 输入邮箱并点击Next进入验证码页
2026-05-08 19:08:02,766 - INFO - ✅ 步骤4: 输入邮箱并点击Next进入验证码页 - 完成，邮箱: haoc51888@gmail.com
2026-05-08 19:08:02,766 - INFO - 🔄 步骤5: Gmail获取最新验证码code
2026-05-08 19:09:46,970 - INFO - ✅ 步骤5: Gmail获取最新验证码code - 完成，code: 078482
2026-05-08 19:09:46,971 - INFO - 🔄 步骤6: 输入验证码进入Set Password页
2026-05-08 19:09:56,255 - INFO - ✅ 步骤6: 输入验证码进入Set Password页 - 完成
2026-05-08 19:09:56,255 - INFO - 🔄 步骤7: 输入大于20位密码(两次)
2026-05-08 19:10:02,224 - INFO - ✅ 步骤7: 输入大于20位密码(两次) - 完成，密码: Csx123456789012345678
2026-05-08 19:10:02,224 - INFO - 🔄 步骤8: 校验密码规则颜色（超长场景）
2026-05-08 19:10:02,454 - INFO - 📝 规则提示: • 6-20 characters 颜色: None
2026-05-08 19:10:02,663 - INFO - 📝 规则提示: • contains letters 颜色: None
2026-05-08 19:10:02,877 - INFO - 📝 规则提示: • contains numbers 颜色: None
2026-05-08 19:10:03,102 - INFO - 📝 规则提示: • Supports special characters:! @ # $ % ^ & * ( ) - _ = + \ | [ ] { } ; : / ? . , ~ > < ` 颜色: None
2026-05-08 19:10:03,102 - INFO - ✅ 步骤8: 校验密码规则颜色（超长场景） - 完成
2026-05-08 19:10:03,102 - INFO - 🔄 步骤9: 点击Submit并断言不可生效
2026-05-08 19:10:03,387 - INFO - ✅ 步骤9: 点击Submit并断言不可生效 - 完成
2026-05-08 19:10:03,387 - INFO - 🎉 测试用例102147执行成功！
2026-05-08 19:10:03,412 - INFO - ✅ 报告已生成: /Users/ambrose.chen/Desktop/iot/project/APP外壳/2测试报告/platform/ios_20260508_190725/ios_20260508_190725_report.xlsx
