2026-05-08 15:37:38,115 - INFO - 🔄 步骤0: 登出，确保从登出状态开始测试
2026-05-08 15:37:38,115 - INFO - 开始登出流程...
2026-05-08 15:38:09,005 - INFO - 未检测到home sel/mine sel/mine，跳过登出流程
2026-05-08 15:38:09,007 - INFO - ✅ 步骤0: 登出，确保从登出状态开始测试 - 完成
2026-05-08 15:38:11,010 - INFO - 🔄 步骤1: 验证在APP首页（登录页面）
2026-05-08 15:38:11,164 - INFO - ✅ 步骤1: 验证在APP首页（登录页面） - 完成，确认在APP首页（登录页面）
2026-05-08 15:38:13,166 - INFO - 🔄 步骤2: 点击Sign Up按钮进入注册页面
2026-05-08 15:38:14,129 - INFO - ✅ 步骤2: 点击Sign Up按钮进入注册页面 - 完成
2026-05-08 15:38:17,133 - INFO - 🔄 步骤4: 点击Next（未输入邮箱、未勾选协议）
2026-05-08 15:38:18,041 - INFO - ✅ 已出现提示：Please sign up using your email address
2026-05-08 15:38:18,249 - INFO - ✅ 步骤4: 点击Next（未输入邮箱、未勾选协议） - 完成
2026-05-08 15:38:19,252 - INFO - 🔄 步骤5: 输入邮箱（value="Email"）
2026-05-08 15:38:19,256 - INFO - 📧 生成简单邮箱地址: testuser146@163.com
2026-05-08 15:38:21,031 - INFO - ✅ 步骤5: 输入邮箱（value="Email"） - 完成，邮箱: testuser146@163.com
2026-05-08 15:38:22,034 - INFO - 🔄 步骤6: 再次点击Next（仍应提示）
2026-05-08 15:38:30,972 - INFO - ❌ 步骤6: 再次点击Next（仍应提示）失败: Message: 

2026-05-08 15:38:30,973 - INFO - 
============================================================
2026-05-08 15:38:30,973 - INFO - ❌ 测试失败
2026-05-08 15:38:30,973 - INFO - 📍 失败步骤: 步骤6: 再次点击Next（仍应提示）
2026-05-08 15:38:30,973 - INFO - 📝 失败原因: 步骤6: 再次点击Next（仍应提示）失败: Message: 

2026-05-08 15:38:30,973 - INFO - ============================================================
2026-05-08 15:38:30,976 - INFO - Traceback (most recent call last):

2026-05-08 15:38:30,977 - INFO -   File "/Users/ambrose.chen/Desktop/iot/project/APP外壳/3功能/1平台/IOS/2注册/102203 验证只填写正确邮箱，“Next”按钮还是浅色，不可点击.py", line 211, in test_102203
    WebDriverWait(driver, 8).until(

2026-05-08 15:38:30,977 - INFO -   File "/Library/Frameworks/Python.framework/Versions/3.11/lib/python3.11/site-packages/selenium/webdriver/support/wait.py", line 138, in until
    raise TimeoutException(message, screen, stacktrace)

2026-05-08 15:38:30,977 - INFO - selenium.common.exceptions.TimeoutException: Message: 


2026-05-08 15:38:31,222 - INFO - 已保存test_102203_failed失败截图: screenshots/test_102203_failed_1778225910.png
2026-05-08 15:38:31,238 - INFO - ✅ 报告已生成: /Users/ambrose.chen/Desktop/iot/project/APP外壳/2测试报告/platform/ios_20260508_153735/ios_20260508_153735_report.xlsx
