2026-05-18 17:37:30,986 - INFO - 🔄 步骤1: 重启APP
2026-05-18 17:37:30,986 - INFO -     🔄 driver.terminate_app / activate_app: com.xingmai.tech
2026-05-18 17:37:35,889 - INFO -     ✅ APP 已重启
2026-05-18 17:37:35,890 - INFO - ✅ 步骤1: 重启APP - 完成
2026-05-18 17:37:35,890 - INFO - 🔄 步骤2: 检测登录状态并确保在登录/注册入口页
2026-05-18 17:37:35,902 - INFO -     🔄 检测已登录元素: //android.view.View[@content-desc="More"]
2026-05-18 17:37:36,038 - INFO -     🔄 检测已登录元素: //*[@content-desc="More"]
2026-05-18 17:37:36,652 - INFO -     ℹ️ 未检测到 More，判定未登录
2026-05-18 17:37:36,652 - INFO -     🔄 等待登录/注册入口页: //*[(@text="Sign In" or @text="Sign Up") or contains(@text,"Sign In") or contains(@text,"Sign Up") or @content-desc="Sign In" or @content-desc="Sign Up"]
2026-05-18 17:37:36,694 - INFO -     ✅ 已处于登录/注册入口页
2026-05-18 17:37:36,694 - INFO - ✅ 步骤2: 检测登录状态并确保在登录/注册入口页 - 完成
2026-05-18 17:37:36,694 - INFO - 🔄 步骤3: 点击 Sign In 进入登录页
2026-05-18 17:37:36,694 - INFO -     🔄 定位 Sign In: //android.widget.TextView[@text="Sign In"]
2026-05-18 17:37:36,771 - INFO -     ✅ 找到 Sign In: //android.widget.TextView[@text="Sign In"]
2026-05-18 17:37:37,411 - INFO - ✅ 步骤3: 点击 Sign In 进入登录页 - 完成
2026-05-18 17:37:38,913 - INFO - 🔄 步骤4: 输入密码
2026-05-18 17:37:38,914 - INFO -     🔄 密码已填入（长度 9）
2026-05-18 17:37:39,010 - INFO -     🔄 定位: //android.widget.ScrollView/android.widget.EditText[2]
2026-05-18 17:37:40,162 - INFO - ✅ 步骤4: 输入密码 - 完成
2026-05-18 17:37:40,163 - INFO - 🔄 步骤5: 点击 lock 显示明文
2026-05-18 17:37:40,832 - INFO - ✅ 步骤5: 点击 lock 显示明文 - 完成
2026-05-18 17:37:40,832 - INFO - 🔄 步骤6: 再次点击 lock 隐藏密码
2026-05-18 17:37:41,571 - INFO - ✅ 步骤6: 再次点击 lock 隐藏密码 - 完成
2026-05-18 17:37:41,572 - INFO - 🎉 测试用例 200019 执行成功！
2026-05-18 17:37:41,604 - INFO - ✅ 报告已生成: /Users/ambrose.chen/Desktop/iot/project/APP外壳/2测试报告/platform/android_20260518_173728/android_20260518_173728_report.xlsx
