2026-05-08 21:25:30,568 - INFO - 🔄 步骤0: 登出，确保从登出状态开始测试
2026-05-08 21:25:30,568 - INFO - 开始登出流程...
2026-05-08 21:26:01,475 - INFO - 未检测到home sel/mine sel/mine，跳过登出流程
2026-05-08 21:26:01,476 - INFO - ✅ 步骤0: 登出，确保从登出状态开始测试 - 完成
2026-05-08 21:26:03,478 - INFO - 🔄 步骤1: 验证在APP首页（登录页面）
2026-05-08 21:26:03,631 - INFO - ✅ 步骤1: 验证在APP首页（登录页面） - 完成，确认在APP首页（登录页面）
2026-05-08 21:26:05,636 - INFO - 🔄 步骤2: 点击Sign Up按钮进入注册页面
2026-05-08 21:26:06,584 - INFO - ✅ 步骤2: 点击Sign Up按钮进入注册页面 - 完成
2026-05-08 21:26:09,594 - INFO - 🔄 步骤3: 验证进入Sign Up页面
2026-05-08 21:26:09,825 - INFO - ✅ 步骤3: 验证进入Sign Up页面 - 完成，确认已进入Sign Up注册页面
2026-05-08 21:26:11,835 - INFO - 🔄 步骤4: 输入邮箱
2026-05-08 21:26:11,837 - INFO - 📧 生成简单邮箱地址: testuser176@163.com
2026-05-08 21:26:13,818 - INFO - ✅ 步骤4: 输入邮箱 - 完成，邮箱: testuser176@163.com
2026-05-08 21:26:15,821 - INFO - 🔄 步骤5: 勾选隐私政策和用户协议
2026-05-08 21:26:21,913 - INFO - ✅ 隐私政策复选框已勾选
2026-05-08 21:26:23,416 - INFO - 🔄 步骤5.1: 收起键盘（Done）
2026-05-08 21:26:24,679 - INFO - ✅ 已点击Done收起键盘
2026-05-08 21:26:25,681 - INFO - 🔄 步骤6: 点击Next进入set password页面
2026-05-08 21:26:26,380 - INFO - ✅ 步骤6: 点击Next进入set password页面 - 完成，已点击Next按钮
2026-05-08 21:26:29,386 - INFO - 🔄 步骤7: 验证进入set password页面
2026-05-08 21:26:29,647 - INFO - ✅ 成功进入set password页面
2026-05-08 21:26:31,153 - INFO - 🔄 步骤8: 输入小写+特殊字符密码并验证规则颜色
2026-05-08 21:26:32,968 - INFO - ✅ 已输入密码: !@#&xingmai
2026-05-08 21:26:34,907 - INFO - ✅ 已输入确认密码: !@#&xingmai
2026-05-08 21:26:36,301 - INFO - 📝 规则提示: • 6-20 characters 颜色: None
2026-05-08 21:26:36,684 - INFO - 📝 规则提示: • contains letters 颜色: None
2026-05-08 21:26:37,069 - INFO - 📝 规则提示: • contains numbers 颜色: None
2026-05-08 21:26:37,466 - INFO - 📝 规则提示: • Supports special characters:! @ # $ % ^ & * ( ) - _ = + \ | [ ] { } ; : / ? . , ~ > < ` 颜色: None
2026-05-08 21:26:38,669 - INFO - ✅ 密码页已点击Done收起键盘
2026-05-08 21:26:39,672 - INFO - 🔄 步骤9: 点击Next验证仍停留在set password页面
2026-05-08 21:26:40,239 - INFO - ✅ 已尝试点击密码页Next按钮（应无跳转）
2026-05-08 21:26:42,551 - INFO - ✅ 点击后仍停留在set password页面，Next按钮不可使页面跳转
2026-05-08 21:26:43,562 - INFO - 🎉 测试用例102237执行成功！
2026-05-08 21:26:43,562 - INFO - ✅ 小写+特殊字符密码规则提示符合预期，Next不可跳转
2026-05-08 21:26:45,593 - INFO - ✅ 报告已生成: /Users/ambrose.chen/Desktop/iot/project/APP外壳/2测试报告/platform/ios_20260508_212528/ios_20260508_212528_report.xlsx
