2026-05-09 17:25:53,810 - INFO - 🔄 步骤1: 重启APP并处理登录状态
2026-05-09 17:26:15,050 - INFO - ✅ 步骤1: 重启APP并处理登录状态 - 完成
2026-05-09 17:26:15,051 - INFO - 🔄 步骤2: 点击Sign In进入登录页
2026-05-09 17:26:17,976 - INFO - ✅ 步骤2: 点击Sign In进入登录页 - 完成
2026-05-09 17:26:17,977 - INFO - 🔄 步骤3: 点击Forgot password进入忘记密码页
2026-05-09 17:26:21,002 - INFO - ✅ 步骤3: 点击Forgot password进入忘记密码页 - 完成
2026-05-09 17:26:21,002 - INFO - 🔄 步骤4: 输入邮箱并点击Next进入验证码页
2026-05-09 17:26:31,416 - INFO - ✅ 步骤4: 输入邮箱并点击Next进入验证码页 - 完成，邮箱: haoc51888@gmail.com
2026-05-09 17:26:31,417 - INFO - 🔄 步骤5: Gmail获取最新验证码code
2026-05-09 17:28:16,046 - INFO - ✅ 步骤5: Gmail获取最新验证码code - 完成，code: 080488
2026-05-09 17:28:16,049 - INFO - 🔄 步骤6: 输入验证码进入Set Password页
2026-05-09 17:28:25,496 - INFO - ✅ 步骤6: 输入验证码进入Set Password页 - 完成
2026-05-09 17:28:25,497 - INFO - 🔄 步骤7: 输入20位密码(两次)并收起键盘
2026-05-09 17:28:31,279 - INFO - ✅ 步骤7: 输入20位密码(两次)并收起键盘 - 完成，password: Csx1234567Csx1234567
2026-05-09 17:28:31,280 - INFO - 🔄 步骤8: 点击Submit/完成并断言可提交成功
2026-05-09 17:28:55,500 - INFO - 
============================================================
2026-05-09 17:28:55,502 - INFO - ❌ 测试失败
2026-05-09 17:28:55,502 - INFO - 📍 失败步骤: 步骤8: 点击Submit/完成并断言可提交成功
2026-05-09 17:28:55,502 - INFO - 📝 失败原因: 步骤8: 点击Submit/完成并断言可提交成功失败
2026-05-09 17:28:55,502 - INFO - ============================================================
2026-05-09 17:28:55,507 - INFO - Traceback (most recent call last):

2026-05-09 17:28:55,507 - INFO -   File "/Users/ambrose.chen/Desktop/iot/project/APP外壳/3功能/1平台/IOS/3忘记密码/102149验证密码等于20个字符时，“完成”按钮可点击.py", line 533, in test_102149
    _assert_submit_enabled_and_success(

2026-05-09 17:28:55,507 - INFO -   File "/Users/ambrose.chen/Desktop/iot/project/APP外壳/3功能/1平台/IOS/3忘记密码/102149验证密码等于20个字符时，“完成”按钮可点击.py", line 325, in _assert_submit_enabled_and_success
    WebDriverWait(driver, timeout_s).until(lambda d: _left_set_password(d))

2026-05-09 17:28:55,507 - INFO -   File "/Library/Frameworks/Python.framework/Versions/3.11/lib/python3.11/site-packages/selenium/webdriver/support/wait.py", line 138, in until
    raise TimeoutException(message, screen, stacktrace)

2026-05-09 17:28:55,508 - INFO - selenium.common.exceptions.TimeoutException: Message: 


2026-05-09 17:28:55,798 - INFO - 已保存test_102149_failed失败截图: screenshots/test_102149_failed_1778318935.png
2026-05-09 17:28:55,812 - INFO - ✅ 报告已生成: /Users/ambrose.chen/Desktop/iot/project/APP外壳/2测试报告/platform/ios_20260509_172551/ios_20260509_172551_report.xlsx
