2026-05-06 15:51:30,152 - INFO - 🔄 步骤1: 重启APP并处理登录状态
2026-05-06 15:51:51,375 - INFO - ✅ 步骤1: 重启APP并处理登录状态 - 完成
2026-05-06 15:51:51,376 - INFO - 🔄 步骤2: 点击Sign In进入登录页
2026-05-06 15:51:54,349 - INFO - ✅ 步骤2: 点击Sign In进入登录页 - 完成
2026-05-06 15:51:54,349 - INFO - 🔄 步骤3: 点击Forgot password进入忘记密码页
2026-05-06 15:51:57,392 - INFO - ✅ 步骤3: 点击Forgot password进入忘记密码页 - 完成
2026-05-06 15:51:57,393 - INFO - 🔄 步骤4: 输入邮箱并点击Next进入验证码页
2026-05-06 15:52:04,347 - INFO - ✅ 步骤4: 输入邮箱并点击Next进入验证码页 - 完成，邮箱: haoc51888@gmail.com
2026-05-06 15:52:04,349 - INFO - 🔄 步骤5: 验证倒计时期间Resend置灰不可点击
2026-05-06 15:52:20,815 - INFO - 
============================================================
2026-05-06 15:52:20,815 - INFO - ❌ 测试失败
2026-05-06 15:52:20,815 - INFO - 📍 失败步骤: 步骤5: 验证倒计时期间Resend置灰不可点击
2026-05-06 15:52:20,815 - INFO - 📝 失败原因: 步骤5: 验证倒计时期间Resend置灰不可点击失败
2026-05-06 15:52:20,815 - INFO - ============================================================
2026-05-06 15:52:20,818 - INFO - Traceback (most recent call last):

2026-05-06 15:52:20,818 - INFO -   File "/Users/ambrose.chen/Desktop/iot/project/APP外壳/3功能/1平台/IOS/3忘记密码/102136验证验证码重发倒计时过程中“重新发送”，置灰且不可点击.py", line 302, in test_102136
    _assert_resend_disabled(driver, timeout_s=int(os.environ.get("RESEND_CHECK_TIMEOUT_S", "15")))

2026-05-06 15:52:20,818 - INFO -   File "/Users/ambrose.chen/Desktop/iot/project/APP外壳/3功能/1平台/IOS/3忘记密码/102136验证验证码重发倒计时过程中“重新发送”，置灰且不可点击.py", line 186, in _assert_resend_disabled
    btn = _wait_resend_button(driver, timeout_s=timeout_s)
          ^^^^^^^^^^^^^^^^^^^^^^^^^^^^^^^^^^^^^^^^^^^^^^^^

2026-05-06 15:52:20,819 - INFO -   File "/Users/ambrose.chen/Desktop/iot/project/APP外壳/3功能/1平台/IOS/3忘记密码/102136验证验证码重发倒计时过程中“重新发送”，置灰且不可点击.py", line 170, in _wait_resend_button
    return WebDriverWait(driver, timeout_s).until(
           ^^^^^^^^^^^^^^^^^^^^^^^^^^^^^^^^^^^^^^^

2026-05-06 15:52:20,819 - INFO -   File "/Library/Frameworks/Python.framework/Versions/3.11/lib/python3.11/site-packages/selenium/webdriver/support/wait.py", line 138, in until
    raise TimeoutException(message, screen, stacktrace)

2026-05-06 15:52:20,819 - INFO - selenium.common.exceptions.TimeoutException: Message: 
Stacktrace:
NoSuchElementError: An element could not be located on the page using the given search parameters.
    at XCUITestDriver.doNativeFind (/Users/ambrose.chen/.appium/node_modules/appium-xcuitest-driver/lib/commands/find.js:116:11)
    at processTicksAndRejections (node:internal/process/task_queues:103:5)
    at XCUITestDriver.findNativeElementOrElements (/Users/ambrose.chen/.appium/node_modules/appium-xcuitest-driver/lib/commands/find.js:69:10)
    at XCUITestDriver.findElOrEls (/Users/ambrose.chen/.appium/node_modules/appium-xcuitest-driver/lib/commands/find.js:13:12)
    at XCUITestDriver.findElOrElsWithProcessing (/Users/ambrose.chen/.appium/node_modules/appium-xcuitest-driver/node_modules/@appium/base-driver/lib/basedriver/commands/find.ts:60:12)
    at XCUITestDriver.findElement (/Users/ambrose.chen/.appium/node_modules/appium-xcuitest-driver/node_modules/@appium/base-driver/lib/basedriver/commands/find.ts:75:12)

2026-05-06 15:52:21,089 - INFO - 已保存test_102136_failed失败截图: screenshots/test_102136_failed_1778053940.png
2026-05-06 15:52:21,099 - INFO - ✅ 报告已生成: /Users/ambrose.chen/Desktop/iot/project/APP外壳/2测试报告/platform/ios_20260506_155127/ios_20260506_155127_report.xlsx
