2026-05-11 19:47:58,903 - INFO - 🔄 步骤0: 登出，确保从登出状态开始测试
2026-05-11 19:47:58,903 - INFO - 开始登出流程...
2026-05-11 19:48:29,808 - INFO - 未检测到home sel/mine sel/mine，跳过登出流程
2026-05-11 19:48:29,809 - INFO - ✅ 步骤0: 登出，确保从登出状态开始测试 - 完成
2026-05-11 19:48:31,817 - INFO - 🔄 步骤1: 点击Sign Up按钮进入注册页面
2026-05-11 19:48:32,766 - INFO - ✅ 步骤1: 点击Sign Up按钮进入注册页面 - 完成
2026-05-11 19:48:34,773 - INFO - 🔄 步骤2: 输入包含不支持特殊字符的邮箱地址
2026-05-11 19:48:34,779 - INFO - 📧 生成不支持特殊字符邮箱地址: 1/2-3；4*5_618@163.com
2026-05-11 19:48:38,872 - INFO - ✅ 步骤2: 输入包含不支持特殊字符的邮箱地址 - 完成，邮箱: 1/2-3；4*5_618@163.com
2026-05-11 19:48:40,874 - INFO - 🔄 步骤3: 收起键盘（Done/hide_keyboard）
2026-05-11 19:48:46,834 - INFO - ✅ 步骤3: 收起键盘（Done/hide_keyboard） - 完成
2026-05-11 19:48:48,036 - INFO - 🔄 步骤4: 勾选隐私政策和用户协议
2026-05-11 19:48:48,757 - INFO - ✅ 步骤4: 勾选隐私政策和用户协议 - 完成
2026-05-11 19:48:50,764 - INFO - 🔄 步骤5: 验证Next按钮不可点击，且仍停留在当前页面
2026-05-11 19:48:50,980 - INFO - ✅ 点击前确认在注册页面（邮箱输入框存在）
2026-05-11 19:48:51,263 - INFO - ℹ️ Next按钮 enabled 属性: false
2026-05-11 19:48:51,678 - INFO - 🖱️ 已尝试点击Next按钮
2026-05-11 19:48:53,913 - INFO - ✅ 点击后邮箱输入框仍在，确认停留在注册页面
2026-05-11 19:49:04,098 - INFO - ✅ Next按钮为禁用态（预期行为）
2026-05-11 19:49:04,099 - INFO - ✅ 步骤5: 验证Next按钮不可点击，且仍停留在当前页面 - 完成，仍停留在注册页面
2026-05-11 19:49:04,099 - INFO - 🔄 步骤6: 验证页面显示提示信息
2026-05-11 19:49:04,293 - INFO - 📝 提示信息内容: Please sign up using your email address
2026-05-11 19:49:04,294 - INFO - ✅ 步骤6: 验证页面显示提示信息 - 完成，提示信息显示正确: Please sign up using your email address
2026-05-11 19:49:04,294 - INFO - 🎉 测试用例102025执行成功！
2026-05-11 19:49:06,326 - INFO - ✅ 报告已生成: /Users/ambrose.chen/Desktop/iot/project/APP外壳/2测试报告/platform/ios_20260511_194757/ios_20260511_194757_report.xlsx
