2026-05-12 11:25:58,316 - INFO - 🔄 步骤0: 登出，确保从登出状态开始测试
2026-05-12 11:25:58,316 - INFO - 开始登出流程...
2026-05-12 11:26:29,238 - INFO - 未检测到home sel/mine sel/mine，跳过登出流程
2026-05-12 11:26:29,240 - INFO - ✅ 步骤0: 登出，确保从登出状态开始测试 - 完成
2026-05-12 11:26:31,247 - INFO - 🔄 步骤1: 验证在APP首页（登录页面）
2026-05-12 11:26:31,394 - INFO - ✅ 步骤1: 验证在APP首页（登录页面） - 完成，确认在APP首页（登录页面）
2026-05-12 11:26:33,402 - INFO - 🔄 步骤2: 点击Sign Up按钮进入注册页面
2026-05-12 11:26:34,346 - INFO - ✅ 步骤2: 点击Sign Up按钮进入注册页面 - 完成
2026-05-12 11:26:37,356 - INFO - 🔄 步骤3: 验证进入Sign Up页面
2026-05-12 11:26:37,588 - INFO - ✅ 步骤3: 验证进入Sign Up页面 - 完成，确认已进入Sign Up注册页面
2026-05-12 11:26:39,596 - INFO - 🔄 步骤4: 输入邮箱
2026-05-12 11:26:39,599 - INFO - 📧 生成简单邮箱地址: testuser272@163.com
2026-05-12 11:26:41,594 - INFO - ✅ 步骤4: 输入邮箱 - 完成，邮箱: testuser272@163.com
2026-05-12 11:26:43,604 - INFO - 🔄 步骤5: 勾选隐私政策和用户协议
2026-05-12 11:26:49,739 - INFO - ✅ 隐私政策复选框已勾选
2026-05-12 11:26:51,249 - INFO - 🔄 步骤5.1: 收起键盘（Done）
2026-05-12 11:26:52,522 - INFO - ✅ 已点击Done收起键盘
2026-05-12 11:26:53,523 - INFO - 🔄 步骤6: 点击Next进入set password页面
2026-05-12 11:26:54,231 - INFO - ✅ 步骤6: 点击Next进入set password页面 - 完成，已点击Next按钮
2026-05-12 11:26:57,231 - INFO - 🔄 步骤7: 验证进入set password页面
2026-05-12 11:26:57,634 - INFO - ✅ 成功进入set password页面
2026-05-12 11:26:59,142 - INFO - 🔄 步骤8: 输入6位密码并确认
2026-05-12 11:27:00,823 - INFO - ✅ 已输入密码: Csx150
2026-05-12 11:27:02,670 - INFO - ✅ 已输入确认密码: Csx150
2026-05-12 11:27:04,871 - INFO - ✅ 密码页已点击Done收起键盘
2026-05-12 11:27:05,881 - INFO - 🔄 步骤9: 点击Next进入用户名页面
2026-05-12 11:27:06,855 - INFO - ✅ 已点击密码页Next按钮
2026-05-12 11:27:09,864 - INFO - 🔄 步骤10: 用户名页面点击Skip并验证跳转主页面
2026-05-12 11:27:22,378 - INFO - ✅ 找到Skip元素: //XCUIElementTypeButton[@name="Skip"]
2026-05-12 11:27:22,800 - INFO - ✅ 已点击Skip跳过用户名
2026-05-12 11:27:26,022 - INFO - ✅ 主页面标识元素存在: //XCUIElementTypeButton[@name="home sel"]
2026-05-12 11:27:27,030 - INFO - 🎉 测试用例102226执行成功！
2026-05-12 11:27:27,031 - INFO - ✅ 密码等于6位时可继续，提交后成功进入主页面
2026-05-12 11:27:29,061 - INFO - ✅ 报告已生成: /Users/ambrose.chen/Desktop/iot/project/APP外壳/2测试报告/platform/ios_20260512_112556/ios_20260512_112556_report.xlsx
