2026-05-11 22:31:19,440 - INFO - 🔄 步骤1: 重启APP并处理登录状态
2026-05-11 22:31:40,632 - INFO - ✅ 步骤1: 重启APP并处理登录状态 - 完成
2026-05-11 22:31:40,633 - INFO - 🔄 步骤2: 点击Sign In进入登录页
2026-05-11 22:31:43,664 - INFO - ✅ 步骤2: 点击Sign In进入登录页 - 完成
2026-05-11 22:31:43,664 - INFO - 🔄 步骤3: 点击Forgot password进入忘记密码页
2026-05-11 22:31:46,667 - INFO - ✅ 步骤3: 点击Forgot password进入忘记密码页 - 完成
2026-05-11 22:31:46,667 - INFO - 🔄 步骤4: 输入邮箱并点击Next进入验证码页
2026-05-11 22:31:56,908 - INFO - ✅ 步骤4: 输入邮箱并点击Next进入验证码页 - 完成，邮箱: haoc51888@gmail.com
2026-05-11 22:31:56,908 - INFO - 🔄 步骤5: Gmail获取最新验证码code
2026-05-11 22:33:38,894 - INFO - ✅ 步骤5: Gmail获取最新验证码code - 完成，code: 725180
2026-05-11 22:33:38,895 - INFO - 🔄 步骤6: 输入验证码进入Set Password页
2026-05-11 22:33:48,239 - INFO - ✅ 步骤6: 输入验证码进入Set Password页 - 完成
2026-05-11 22:33:48,240 - INFO - 🔄 步骤7: 输入数字+特殊字符密码(两次)并收起键盘
2026-05-11 22:33:54,433 - INFO - ✅ 步骤7: 输入数字+特殊字符密码(两次)并收起键盘 - 完成，password: !@#$%^&*()-==+\'l[};:/?...~><`12
2026-05-11 22:33:54,433 - INFO - 🔄 步骤8: 校验密码规则文案颜色（若能取到color）
2026-05-11 22:33:54,664 - INFO - 📝 规则提示: • 6-20 characters 颜色: None
2026-05-11 22:33:54,886 - INFO - 📝 规则提示: • contains letters 颜色: None
2026-05-11 22:33:55,114 - INFO - 📝 规则提示: • contains numbers 颜色: None
2026-05-11 22:33:55,348 - INFO - 📝 规则提示: • Supports special characters:! @ # $ % ^ & * ( ) - _ = + \ | [ ] { } ; : / ? . , ~ > < ` 颜色: None
2026-05-11 22:33:55,348 - INFO - ✅ 步骤8: 校验密码规则文案颜色（若能取到color） - 完成
2026-05-11 22:33:55,348 - INFO - 🔄 步骤9: 点击Submit，断言不可完成修改密码（仍停留Set Password页）
2026-05-11 22:33:55,606 - INFO - ✅ 步骤9: 点击Submit，断言不可完成修改密码（仍停留Set Password页） - 完成
2026-05-11 22:33:55,606 - INFO - 🎉 测试用例102157执行成功！
2026-05-11 22:33:55,638 - INFO - ✅ 报告已生成: /Users/ambrose.chen/Desktop/iot/project/APP外壳/2测试报告/platform/ios_20260511_223117/ios_20260511_223117_report.xlsx
