2026-05-11 10:51:10,866 - INFO - 🔄 步骤1: 重启APP并处理登录状态
2026-05-11 10:51:32,111 - INFO - ✅ 步骤1: 重启APP并处理登录状态 - 完成
2026-05-11 10:51:32,113 - INFO - 🔄 步骤2: 点击Sign In进入登录页
2026-05-11 10:51:35,053 - INFO - ✅ 步骤2: 点击Sign In进入登录页 - 完成
2026-05-11 10:51:35,054 - INFO - 🔄 步骤3: 点击Forgot password进入忘记密码页
2026-05-11 10:51:38,092 - INFO - ✅ 步骤3: 点击Forgot password进入忘记密码页 - 完成
2026-05-11 10:51:38,092 - INFO - 🔄 步骤4: 输入邮箱并点击Next进入验证码页
2026-05-11 10:51:48,537 - INFO - ✅ 步骤4: 输入邮箱并点击Next进入验证码页 - 完成，邮箱: haoc51888@gmail.com
2026-05-11 10:51:48,537 - INFO - 🔄 步骤5: Gmail获取最新验证码code
2026-05-11 10:53:30,288 - INFO - ✅ 步骤5: Gmail获取最新验证码code - 完成，code: 516867
2026-05-11 10:53:30,290 - INFO - 🔄 步骤6: 输入验证码进入Set Password页
2026-05-11 10:53:39,667 - INFO - ✅ 步骤6: 输入验证码进入Set Password页 - 完成
2026-05-11 10:53:39,668 - INFO - 🔄 步骤7: 输入数字+特殊字符密码(两次)并收起键盘
2026-05-11 10:53:45,913 - INFO - ✅ 步骤7: 输入数字+特殊字符密码(两次)并收起键盘 - 完成，password: !@#$%^&*()-==+\'l[};:/?...~><`12
2026-05-11 10:53:45,914 - INFO - 🔄 步骤8: 校验密码规则文案颜色（若能取到color）
2026-05-11 10:53:46,135 - INFO - 📝 规则提示: • 6-20 characters 颜色: None
2026-05-11 10:53:46,349 - INFO - 📝 规则提示: • contains letters 颜色: None
2026-05-11 10:53:46,571 - INFO - 📝 规则提示: • contains numbers 颜色: None
2026-05-11 10:53:46,792 - INFO - 📝 规则提示: • Supports special characters:! @ # $ % ^ & * ( ) - _ = + \ | [ ] { } ; : / ? . , ~ > < ` 颜色: None
2026-05-11 10:53:46,793 - INFO - ✅ 步骤8: 校验密码规则文案颜色（若能取到color） - 完成
2026-05-11 10:53:46,793 - INFO - 🔄 步骤9: 点击Submit，断言不可完成修改密码（仍停留Set Password页）
2026-05-11 10:53:47,059 - INFO - ✅ 步骤9: 点击Submit，断言不可完成修改密码（仍停留Set Password页） - 完成
2026-05-11 10:53:47,059 - INFO - 🎉 测试用例102157执行成功！
2026-05-11 10:53:47,084 - INFO - ✅ 报告已生成: /Users/ambrose.chen/Desktop/iot/project/APP外壳/2测试报告/platform/ios_20260511_105109/ios_20260511_105109_report.xlsx
