2026-05-20 11:13:10,064 - INFO - 🔄 步骤1: 重启APP
2026-05-20 11:13:10,064 - INFO -     🔄 driver.terminate_app / activate_app: com.xingmai.tech
2026-05-20 11:13:15,005 - INFO -     ✅ APP 已重启
2026-05-20 11:13:15,006 - INFO - ✅ 步骤1: 重启APP - 完成
2026-05-20 11:13:15,006 - INFO - 🔄 步骤2: 检测登录状态并确保在登录/注册入口页
2026-05-20 11:13:15,013 - INFO -     🔄 检测已登录元素: //android.view.View[@content-desc="More"]
2026-05-20 11:13:15,161 - INFO -     ✅ 检测到已登录: //android.view.View[@content-desc="More"]
2026-05-20 11:13:15,165 - INFO -     🔄 已登录，执行 check_and_logout（logout_android.py）
2026-05-20 11:13:15,166 - INFO -     [登出] 开始登出流程...
2026-05-20 11:13:15,166 - INFO -     [登出] 步骤1: 检查页面是否有 More 按钮
2026-05-20 11:13:15,211 - INFO -     [登出] ✅ 检测到 More 按钮: //android.view.View[@content-desc="More"]
2026-05-20 11:13:15,212 - INFO -     [登出] 步骤2: 点击 More 按钮，进入 more 页面
2026-05-20 11:13:15,246 - INFO -     [登出] ✅ 已点击 More 按钮 (使用: //android.view.View[@content-desc="More"])
2026-05-20 11:13:17,248 - INFO -     [登出] 步骤3: 点击 edit 按钮
2026-05-20 11:13:17,412 - INFO -     [登出] ✅ 已点击 edit 按钮
2026-05-20 11:13:19,416 - INFO -     [登出] 步骤4: 点击 Log Out 按钮
2026-05-20 11:13:19,555 - INFO -     [登出] ✅ 已点击 Log Out 按钮
2026-05-20 11:13:21,059 - INFO -     [登出] 步骤5: 点击 Confirm 按钮，确认登出
2026-05-20 11:13:23,175 - INFO -     [登出] ✅ 已点击 Confirm 按钮
2026-05-20 11:13:31,225 - INFO -     [登出] ⚠️ 登出完成，但无法确认是否已返回登录页面
2026-05-20 11:13:31,227 - INFO -     [登出] ✅ 登出流程完成
2026-05-20 11:13:31,227 - INFO -     ✅ 登出完成
2026-05-20 11:13:33,233 - INFO -     🔄 等待登录/注册入口页: //*[(@text="Sign In" or @text="Sign Up") or contains(@text,"Sign In") or contains(@text,"Sign Up") or @content-desc="Sign In" or @content-desc="Sign Up"]
2026-05-20 11:13:33,289 - INFO -     ✅ 已处于登录/注册入口页（可见 Sign In 或 Sign Up）
2026-05-20 11:13:33,331 - INFO -     ✅ 入口页可见 Sign In: //*[@text="Sign In" or @content-desc="Sign In"]
2026-05-20 11:13:33,399 - INFO -     ✅ 入口页可见 Sign Up: //*[@text="Sign Up" or @content-desc="Sign Up"]
2026-05-20 11:13:33,399 - INFO - ✅ 步骤2: 检测登录状态并确保在登录/注册入口页 - 完成
2026-05-20 11:13:33,400 - INFO - 🔄 步骤3: 点击 Sign In 进入登录页
2026-05-20 11:13:33,400 - INFO -     🔄 定位 Sign In: //android.widget.TextView[@text="Sign In"]
2026-05-20 11:13:33,463 - INFO -     ✅ 找到 Sign In: //android.widget.TextView[@text="Sign In"]
2026-05-20 11:13:34,097 - INFO - ✅ 步骤3: 点击 Sign In 进入登录页 - 完成
2026-05-20 11:13:35,601 - INFO - 🔄 步骤4: 点击返回并断言入口页显示 Sign Up
2026-05-20 11:13:35,601 - INFO -     🔄 定位返回按钮: //android.widget.ImageView[@content-desc="back"]
2026-05-20 11:13:35,717 - INFO -     ✅ 已点击返回
2026-05-20 11:13:37,722 - INFO -     🔄 断言 Sign Up 可见: //android.widget.TextView[@text="Sign Up"]
2026-05-20 11:13:37,806 - INFO -     ✅ Sign Up 已显示: //android.widget.TextView[@text="Sign Up"]
2026-05-20 11:13:37,806 - INFO - ✅ 步骤4: 点击返回并断言入口页显示 Sign Up - 完成，用例执行成功
2026-05-20 11:13:37,806 - INFO - 🎉 测试用例 200001 执行成功！
2026-05-20 11:13:37,858 - INFO - ✅ 报告已生成: /Users/ambrose.chen/Desktop/iot/project/APP外壳/2测试报告/platform/android_20260520_111307/android_20260520_111307_report.xlsx
