2026-05-08 20:38:38,057 - INFO - 🔄 步骤0: 登出，确保从登出状态开始测试
2026-05-08 20:38:38,058 - INFO - 开始登出流程...
2026-05-08 20:38:38,276 - INFO - 检测到home sel元素
2026-05-08 20:38:49,667 - INFO - ✅ 点击mine按钮: //XCUIElementTypeButton[@name="mine"]
2026-05-08 20:38:51,855 - INFO - ✅ 点击CommonEdit编辑按钮: //XCUIElementTypeButton[@name="CommonEdit"]
2026-05-08 20:38:54,050 - INFO - ✅ 点击Log Out: //XCUIElementTypeButton[@name="Log Out"]
2026-05-08 20:38:56,245 - INFO - ✅ 点击Confirm: //XCUIElementTypeButton[@name="Confirm"]
2026-05-08 20:38:57,754 - INFO - 登出操作完成
2026-05-08 20:38:58,098 - INFO - ✅ 成功回到登录页面
2026-05-08 20:38:58,098 - INFO - ✅ 步骤0: 登出，确保从登出状态开始测试 - 完成
2026-05-08 20:39:00,100 - INFO - 🔄 步骤1: 验证在APP首页（登录页面）
2026-05-08 20:39:00,264 - INFO - ✅ 步骤1: 验证在APP首页（登录页面） - 完成，确认在APP首页（登录页面）
2026-05-08 20:39:02,273 - INFO - 🔄 步骤2: 点击Sign Up按钮进入注册页面
2026-05-08 20:39:03,221 - INFO - ✅ 步骤2: 点击Sign Up按钮进入注册页面 - 完成
2026-05-08 20:39:06,231 - INFO - 🔄 步骤4: 输入邮箱（value="Email"）
2026-05-08 20:39:06,236 - INFO - 📧 生成简单邮箱地址: testuser154@163.com
2026-05-08 20:39:08,109 - INFO - ✅ 步骤4: 输入邮箱（value="Email"） - 完成，邮箱: testuser154@163.com
2026-05-08 20:39:10,112 - INFO - 🔄 步骤5: 点击Done按钮收起键盘
2026-05-08 20:39:11,358 - INFO - ✅ 步骤5: 点击Done按钮收起键盘 - 完成
2026-05-08 20:39:13,365 - INFO - 🔄 步骤7: 点击Next按钮（不勾选隐私协议）
2026-05-08 20:39:14,015 - INFO - ✅ 步骤7: 点击Next按钮（不勾选隐私协议） - 已尝试点击Next按钮
2026-05-08 20:39:16,016 - INFO - 🔄 步骤8: 断言提示出现（即判成功）
2026-05-08 20:39:16,302 - INFO - 📝 提示信息内容: Please confirm and tick the Privacy Policy and User Agreement
2026-05-08 20:39:16,302 - INFO - ✅ 步骤8: 断言提示出现（即判成功） - 完成
2026-05-08 20:39:16,302 - INFO - ✅ 验证通过：页面显示提示信息: Please confirm and tick the Privacy Policy and User Agreement
2026-05-08 20:39:18,311 - INFO - 🎉 测试用例102197执行成功！
2026-05-08 20:39:18,311 - INFO - ✅ 102197 "隐私政策、用户协议"默认不勾选
2026-05-08 20:39:20,343 - INFO - ✅ 报告已生成: /Users/ambrose.chen/Desktop/iot/project/APP外壳/2测试报告/platform/ios_20260508_203836/ios_20260508_203836_report.xlsx
