2026-04-29 17:29:06,067 - INFO - 🔄 步骤0: 登出，确保从登出状态开始测试
2026-04-29 17:29:06,068 - INFO - 开始登出流程...
2026-04-29 17:29:06,320 - INFO - 检测到home sel元素
2026-04-29 17:29:17,697 - INFO - ✅ 点击mine按钮: //XCUIElementTypeButton[@name="mine"]
2026-04-29 17:29:19,885 - INFO - ✅ 点击CommonEdit编辑按钮: //XCUIElementTypeButton[@name="CommonEdit"]
2026-04-29 17:29:22,049 - INFO - ✅ 点击Log Out: //XCUIElementTypeButton[@name="Log Out"]
2026-04-29 17:29:24,215 - INFO - ✅ 点击Confirm: //XCUIElementTypeButton[@name="Confirm"]
2026-04-29 17:29:25,718 - INFO - 登出操作完成
2026-04-29 17:29:26,047 - INFO - ✅ 成功回到登录页面
2026-04-29 17:29:26,047 - INFO - ✅ 步骤0: 登出，确保从登出状态开始测试 - 完成
2026-04-29 17:29:28,051 - INFO - 🔄 步骤1: 验证在APP首页（登录页面）
2026-04-29 17:29:28,219 - INFO - ✅ 步骤1: 验证在APP首页（登录页面） - 完成，确认在APP首页（登录页面）
2026-04-29 17:29:30,220 - INFO - 🔄 步骤2: 点击Sign Up按钮进入注册页面
2026-04-29 17:29:31,225 - INFO - ✅ 步骤2: 点击Sign Up按钮进入注册页面 - 完成
2026-04-29 17:29:34,228 - INFO - 🔄 步骤3: 验证进入Sign Up页面
2026-04-29 17:29:34,485 - INFO - ✅ 步骤3: 验证进入Sign Up页面 - 完成，确认已进入Sign Up注册页面
2026-04-29 17:29:36,491 - INFO - 🔄 步骤4: 输入邮箱
2026-04-29 17:29:36,497 - INFO - 📧 生成简单邮箱地址: testuser94@163.com
2026-04-29 17:29:38,468 - INFO - ✅ 步骤4: 输入邮箱 - 完成，邮箱: testuser94@163.com
2026-04-29 17:29:40,472 - INFO - 🔄 步骤5: 勾选隐私政策和用户协议
2026-04-29 17:29:46,508 - INFO - ✅ 隐私政策复选框已勾选
2026-04-29 17:29:48,014 - INFO - 🔄 步骤5.1: 收起键盘（Done）
2026-04-29 17:29:49,336 - INFO - ✅ 已点击Done收起键盘
2026-04-29 17:29:50,341 - INFO - 🔄 步骤6: 点击Next进入set password页面
2026-04-29 17:29:51,054 - INFO - ✅ 步骤6: 点击Next进入set password页面 - 完成，已点击Next按钮
2026-04-29 17:29:54,058 - INFO - 🔄 步骤7: 验证进入set password页面
2026-04-29 17:29:54,386 - INFO - ✅ 成功进入set password页面
2026-04-29 17:29:55,893 - INFO - 🔄 步骤8: 输入密码并确认
2026-04-29 17:29:57,837 - INFO - ✅ 已输入密码: Csx150128
2026-04-29 17:30:00,021 - INFO - ✅ 已输入确认密码: Csx150128
2026-04-29 17:30:02,303 - INFO - ✅ 密码页已点击Done收起键盘
2026-04-29 17:30:03,309 - INFO - 🔄 步骤9: 点击Next进入Personal Information页面
2026-04-29 17:30:04,307 - INFO - ✅ 已点击密码页Next按钮
2026-04-29 17:30:07,309 - INFO - 🔄 步骤10: 不输入用户名，点击Submit并验证仍停留在页面
2026-04-29 17:30:07,522 - INFO - ✅ 确认已进入Personal Information页面
2026-04-29 17:30:17,167 - INFO - ❌ 步骤10: 不输入用户名，点击Submit并验证仍停留在页面失败: Message: 

2026-04-29 17:30:17,169 - INFO - 
============================================================
2026-04-29 17:30:17,169 - INFO - ❌ 测试失败
2026-04-29 17:30:17,169 - INFO - 📍 失败步骤: 步骤10: 不输入用户名，点击Submit并验证仍停留在页面
2026-04-29 17:30:17,169 - INFO - 📝 失败原因: 步骤10: 不输入用户名，点击Submit并验证仍停留在页面失败: Message: 

2026-04-29 17:30:17,169 - INFO - ============================================================
2026-04-29 17:30:17,175 - INFO - Traceback (most recent call last):

2026-04-29 17:30:17,179 - INFO -   File "/Users/ambrose.chen/Desktop/iot/project/APP外壳/3功能/1平台/IOS/2注册/102245 验证不输入用户名，点击"Submit"按钮.py", line 314, in test_102245
    submit_btn = WebDriverWait(driver, 8).until(
                 ^^^^^^^^^^^^^^^^^^^^^^^^^^^^^^^

2026-04-29 17:30:17,179 - INFO -   File "/Library/Frameworks/Python.framework/Versions/3.11/lib/python3.11/site-packages/selenium/webdriver/support/wait.py", line 138, in until
    raise TimeoutException(message, screen, stacktrace)

2026-04-29 17:30:17,179 - INFO - selenium.common.exceptions.TimeoutException: Message: 


2026-04-29 17:30:17,466 - INFO - 已保存test_102245_failed失败截图: screenshots/test_102245_failed_1777455017.png
2026-04-29 17:30:17,485 - INFO - ✅ 报告已生成: /Users/ambrose.chen/Desktop/iot/project/APP外壳/2测试报告/platform/ios_20260429_172902/ios_20260429_172902_report.xlsx
