2026-05-08 21:13:36,194 - INFO - 🔄 步骤0: 登出，确保从登出状态开始测试
2026-05-08 21:13:36,195 - INFO - 开始登出流程...
2026-05-08 21:13:36,436 - INFO - 检测到home sel元素
2026-05-08 21:13:47,794 - INFO - ✅ 点击mine按钮: //XCUIElementTypeButton[@name="mine"]
2026-05-08 21:13:49,947 - INFO - ✅ 点击CommonEdit编辑按钮: //XCUIElementTypeButton[@name="CommonEdit"]
2026-05-08 21:13:52,145 - INFO - ✅ 点击Log Out: //XCUIElementTypeButton[@name="Log Out"]
2026-05-08 21:13:54,460 - INFO - ✅ 点击Confirm: //XCUIElementTypeButton[@name="Confirm"]
2026-05-08 21:13:55,970 - INFO - 登出操作完成
2026-05-08 21:13:56,310 - INFO - ✅ 成功回到登录页面
2026-05-08 21:13:56,310 - INFO - ✅ 步骤0: 登出，确保从登出状态开始测试 - 完成
2026-05-08 21:13:58,319 - INFO - 🔄 步骤1: 验证在APP首页（登录页面）
2026-05-08 21:13:58,487 - INFO - ✅ 步骤1: 验证在APP首页（登录页面） - 完成，确认在APP首页（登录页面）
2026-05-08 21:14:00,487 - INFO - 🔄 步骤2: 点击Sign Up按钮进入注册页面
2026-05-08 21:14:01,431 - INFO - ✅ 步骤2: 点击Sign Up按钮进入注册页面 - 完成
2026-05-08 21:14:04,435 - INFO - 🔄 步骤3: 验证进入Sign Up页面
2026-05-08 21:14:04,667 - INFO - ✅ 步骤3: 验证进入Sign Up页面 - 完成，确认已进入Sign Up注册页面
2026-05-08 21:14:06,671 - INFO - 🔄 步骤4: 输入邮箱
2026-05-08 21:14:06,675 - INFO - 📧 生成简单邮箱地址: testuser167@163.com
2026-05-08 21:14:08,655 - INFO - ✅ 步骤4: 输入邮箱 - 完成，邮箱: testuser167@163.com
2026-05-08 21:14:10,665 - INFO - 🔄 步骤5: 勾选隐私政策和用户协议
2026-05-08 21:14:16,785 - INFO - ✅ 隐私政策复选框已勾选
2026-05-08 21:14:18,292 - INFO - 🔄 步骤5.1: 收起键盘（Done）
2026-05-08 21:14:19,650 - INFO - ✅ 已点击Done收起键盘
2026-05-08 21:14:20,654 - INFO - 🔄 步骤6: 点击Next进入set password页面
2026-05-08 21:14:21,486 - INFO - ✅ 步骤6: 点击Next进入set password页面 - 完成，已点击Next按钮
2026-05-08 21:14:24,495 - INFO - 🔄 步骤7: 验证进入set password页面
2026-05-08 21:14:24,757 - INFO - ✅ 成功进入set password页面
2026-05-08 21:14:26,267 - INFO - 🔄 步骤8: 输入纯数字密码并验证规则颜色
2026-05-08 21:14:27,968 - INFO - ✅ 已输入密码: 123456
2026-05-08 21:14:29,788 - INFO - ✅ 已输入确认密码: 123456
2026-05-08 21:14:31,189 - INFO - 📝 规则提示: • 6-20 characters 颜色: None
2026-05-08 21:14:31,580 - INFO - 📝 规则提示: • contains letters 颜色: None
2026-05-08 21:14:31,960 - INFO - 📝 规则提示: • contains numbers 颜色: None
2026-05-08 21:14:32,356 - INFO - 📝 规则提示: • Supports special characters:! @ # $ % ^ & * ( ) - _ = + \ | [ ] { } ; : / ? . , ~ > < ` 颜色: None
2026-05-08 21:14:33,548 - INFO - ✅ 密码页已点击Done收起键盘
2026-05-08 21:14:34,559 - INFO - 🔄 步骤9: 点击Next验证仍停留在set password页面
2026-05-08 21:14:35,131 - INFO - ✅ 已尝试点击密码页Next按钮（应无跳转）
2026-05-08 21:14:37,459 - INFO - ✅ 点击后仍停留在set password页面，Next按钮不可使页面跳转
2026-05-08 21:14:38,461 - INFO - 🎉 测试用例102228执行成功！
2026-05-08 21:14:38,462 - INFO - ✅ 纯数字密码规则提示符合预期，Next不可跳转
2026-05-08 21:14:40,493 - INFO - ✅ 报告已生成: /Users/ambrose.chen/Desktop/iot/project/APP外壳/2测试报告/platform/ios_20260508_211334/ios_20260508_211334_report.xlsx
