2026-05-12 12:48:00,453 - INFO - 🔄 步骤1: 重启APP并处理登录状态
2026-05-12 12:48:21,658 - INFO - ✅ 步骤1: 重启APP并处理登录状态 - 完成
2026-05-12 12:48:21,659 - INFO - 🔄 步骤2: 点击Sign In进入登录页
2026-05-12 12:48:24,586 - INFO - ✅ 步骤2: 点击Sign In进入登录页 - 完成
2026-05-12 12:48:24,586 - INFO - 🔄 步骤3: 点击Forgot password进入忘记密码页
2026-05-12 12:48:27,646 - INFO - ✅ 步骤3: 点击Forgot password进入忘记密码页 - 完成
2026-05-12 12:48:27,647 - INFO - 🔄 步骤4: 输入邮箱并点击Next进入验证码页
2026-05-12 12:48:37,943 - INFO - ✅ 步骤4: 输入邮箱并点击Next进入验证码页 - 完成，邮箱: haoc51888@gmail.com
2026-05-12 12:48:37,944 - INFO - 🔄 步骤5: Gmail获取最新验证码code
2026-05-12 12:50:19,655 - INFO - ✅ 步骤5: Gmail获取最新验证码code - 完成，code: 986808
2026-05-12 12:50:19,657 - INFO - 🔄 步骤6: 输入验证码进入Set Password页
2026-05-12 12:50:28,934 - INFO - ✅ 步骤6: 输入验证码进入Set Password页 - 完成
2026-05-12 12:50:28,935 - INFO - 🔄 步骤7: 输入纯大写字母密码(两次)并收起键盘
2026-05-12 12:50:34,361 - INFO - ✅ 步骤7: 输入纯大写字母密码(两次)并收起键盘 - 完成，password: XINGMAI
2026-05-12 12:50:34,362 - INFO - 🔄 步骤8: 校验密码规则文案颜色（若能取到color）
2026-05-12 12:50:34,602 - INFO - 📝 规则提示: • 6-20 characters 颜色: None
2026-05-12 12:50:34,831 - INFO - 📝 规则提示: • contains letters 颜色: None
2026-05-12 12:50:35,066 - INFO - 📝 规则提示: • contains numbers 颜色: None
2026-05-12 12:50:35,301 - INFO - 📝 规则提示: • Supports special characters:! @ # $ % ^ & * ( ) - _ = + \ | [ ] { } ; : / ? . , ~ > < ` 颜色: None
2026-05-12 12:50:35,301 - INFO - ✅ 步骤8: 校验密码规则文案颜色（若能取到color） - 完成
2026-05-12 12:50:35,301 - INFO - 🔄 步骤9: 点击Submit，断言不可完成修改密码（仍停留Set Password页）
2026-05-12 12:50:35,589 - INFO - ✅ 步骤9: 点击Submit，断言不可完成修改密码（仍停留Set Password页） - 完成
2026-05-12 12:50:35,590 - INFO - 🎉 测试用例102152执行成功！
2026-05-12 12:50:35,621 - INFO - ✅ 报告已生成: /Users/ambrose.chen/Desktop/iot/project/APP外壳/2测试报告/platform/ios_20260512_124758/ios_20260512_124758_report.xlsx
