2026-05-11 10:59:09,474 - INFO - 🔄 步骤1: 重启APP并处理登录状态
2026-05-11 10:59:30,738 - INFO - ✅ 步骤1: 重启APP并处理登录状态 - 完成
2026-05-11 10:59:30,739 - INFO - 🔄 步骤2: 点击Sign In进入登录页
2026-05-11 10:59:33,673 - INFO - ✅ 步骤2: 点击Sign In进入登录页 - 完成
2026-05-11 10:59:33,674 - INFO - 🔄 步骤3: 点击Forgot password进入忘记密码页
2026-05-11 10:59:36,725 - INFO - ✅ 步骤3: 点击Forgot password进入忘记密码页 - 完成
2026-05-11 10:59:36,725 - INFO - 🔄 步骤4: 输入邮箱并点击Next进入验证码页
2026-05-11 10:59:47,151 - INFO - ✅ 步骤4: 输入邮箱并点击Next进入验证码页 - 完成，邮箱: haoc51888@gmail.com
2026-05-11 10:59:47,153 - INFO - 🔄 步骤5: Gmail获取最新验证码code
2026-05-11 11:01:31,022 - INFO - ✅ 步骤5: Gmail获取最新验证码code - 完成，code: 187283
2026-05-11 11:01:31,024 - INFO - 🔄 步骤6: 输入验证码进入Set Password页
2026-05-11 11:01:40,390 - INFO - ✅ 步骤6: 输入验证码进入Set Password页 - 完成
2026-05-11 11:01:40,393 - INFO - 🔄 步骤7: 输入大写字母+特殊字符密码(两次)并收起键盘
2026-05-11 11:01:46,025 - INFO - ✅ 步骤7: 输入大写字母+特殊字符密码(两次)并收起键盘 - 完成，password: !@#*XINGMAI
2026-05-11 11:01:46,025 - INFO - 🔄 步骤8: 校验密码规则文案颜色（若能取到color）
2026-05-11 11:01:46,260 - INFO - 📝 规则提示: • 6-20 characters 颜色: None
2026-05-11 11:01:46,490 - INFO - 📝 规则提示: • contains letters 颜色: None
2026-05-11 11:01:46,708 - INFO - 📝 规则提示: • contains numbers 颜色: None
2026-05-11 11:01:46,928 - INFO - 📝 规则提示: • Supports special characters:! @ # $ % ^ & * ( ) - _ = + \ | [ ] { } ; : / ? . , ~ > < ` 颜色: None
2026-05-11 11:01:46,928 - INFO - ✅ 步骤8: 校验密码规则文案颜色（若能取到color） - 完成
2026-05-11 11:01:46,928 - INFO - 🔄 步骤9: 点击Submit，断言不可完成修改密码（仍停留Set Password页）
2026-05-11 11:01:47,213 - INFO - ✅ 步骤9: 点击Submit，断言不可完成修改密码（仍停留Set Password页） - 完成
2026-05-11 11:01:47,213 - INFO - 🎉 测试用例102160执行成功！
2026-05-11 11:01:47,247 - INFO - ✅ 报告已生成: /Users/ambrose.chen/Desktop/iot/project/APP外壳/2测试报告/platform/ios_20260511_105907/ios_20260511_105907_report.xlsx
