2026-05-08 21:29:22,637 - INFO - 🔄 步骤0: 登出，确保从登出状态开始测试
2026-05-08 21:29:22,638 - INFO - 开始登出流程...
2026-05-08 21:29:53,556 - INFO - 未检测到home sel/mine sel/mine，跳过登出流程
2026-05-08 21:29:53,557 - INFO - ✅ 步骤0: 登出，确保从登出状态开始测试 - 完成
2026-05-08 21:29:55,558 - INFO - 🔄 步骤1: 验证在APP首页（登录页面）
2026-05-08 21:29:55,714 - INFO - ✅ 步骤1: 验证在APP首页（登录页面） - 完成，确认在APP首页（登录页面）
2026-05-08 21:29:57,720 - INFO - 🔄 步骤2: 点击Sign Up按钮进入注册页面
2026-05-08 21:29:58,676 - INFO - ✅ 步骤2: 点击Sign Up按钮进入注册页面 - 完成
2026-05-08 21:30:01,680 - INFO - 🔄 步骤3: 验证进入Sign Up页面
2026-05-08 21:30:01,909 - INFO - ✅ 步骤3: 验证进入Sign Up页面 - 完成，确认已进入Sign Up注册页面
2026-05-08 21:30:03,917 - INFO - 🔄 步骤4: 输入邮箱
2026-05-08 21:30:03,920 - INFO - 📧 生成简单邮箱地址: testuser179@163.com
2026-05-08 21:30:05,826 - INFO - ✅ 步骤4: 输入邮箱 - 完成，邮箱: testuser179@163.com
2026-05-08 21:30:07,836 - INFO - 🔄 步骤5: 勾选隐私政策和用户协议
2026-05-08 21:30:13,960 - INFO - ✅ 隐私政策复选框已勾选
2026-05-08 21:30:15,470 - INFO - 🔄 步骤5.1: 收起键盘（Done）
2026-05-08 21:30:16,712 - INFO - ✅ 已点击Done收起键盘
2026-05-08 21:30:17,721 - INFO - 🔄 步骤6: 点击Next进入set password页面
2026-05-08 21:30:18,422 - INFO - ✅ 步骤6: 点击Next进入set password页面 - 完成，已点击Next按钮
2026-05-08 21:30:21,433 - INFO - 🔄 步骤7: 验证进入set password页面
2026-05-08 21:30:21,831 - INFO - ✅ 成功进入set password页面
2026-05-08 21:30:23,335 - INFO - 🔄 步骤8: 输入密码并验证默认密文
2026-05-08 21:30:24,965 - INFO - ✅ 已输入密码: Csx150128
2026-05-08 21:30:26,140 - INFO - 📝 默认状态 value: '•••••••••', type: 'XCUIElementTypeSecureTextField'
2026-05-08 21:30:26,141 - INFO - ✅ 默认为密文显示
2026-05-08 21:30:27,148 - INFO - 🔄 步骤9: 点击眼睛切换明文
2026-05-08 21:30:29,399 - INFO - 📝 明文状态 value: 'Csx150128', type: 'XCUIElementTypeTextField'
2026-05-08 21:30:29,400 - INFO - ✅ 点击一次眼睛后显示明文
2026-05-08 21:30:30,408 - INFO - 🔄 步骤10: 再次点击眼睛切回密文
2026-05-08 21:30:32,674 - INFO - 📝 再次密文状态 value: '•••••••••', type: 'XCUIElementTypeSecureTextField'
2026-05-08 21:30:32,675 - INFO - ✅ 再点击一次眼睛后恢复密文显示
2026-05-08 21:30:33,676 - INFO - 🎉 测试用例102240执行成功！
2026-05-08 21:30:33,677 - INFO - ✅ 密码默认密文，点击眼睛切换明文，再点击恢复密文
2026-05-08 21:30:35,703 - INFO - ✅ 报告已生成: /Users/ambrose.chen/Desktop/iot/project/APP外壳/2测试报告/platform/ios_20260508_212920/ios_20260508_212920_report.xlsx
