2026-05-11 20:47:59,516 - INFO - 🔄 步骤0: 登出，确保从登出状态开始测试
2026-05-11 20:47:59,516 - INFO - 开始登出流程...
2026-05-11 20:48:30,431 - INFO - 未检测到home sel/mine sel/mine，跳过登出流程
2026-05-11 20:48:30,433 - INFO - ✅ 步骤0: 登出，确保从登出状态开始测试 - 完成
2026-05-11 20:48:32,436 - INFO - 🔄 步骤1: 验证在APP首页（登录页面）
2026-05-11 20:48:32,600 - INFO - ✅ 步骤1: 验证在APP首页（登录页面） - 完成，确认在APP首页（登录页面）
2026-05-11 20:48:34,606 - INFO - 🔄 步骤2: 点击Sign Up按钮进入注册页面
2026-05-11 20:48:35,552 - INFO - ✅ 步骤2: 点击Sign Up按钮进入注册页面 - 完成
2026-05-11 20:48:38,559 - INFO - 🔄 步骤3: 验证进入Sign Up页面
2026-05-11 20:48:38,786 - INFO - ✅ 步骤3: 验证进入Sign Up页面 - 完成，确认已进入Sign Up注册页面
2026-05-11 20:48:40,787 - INFO - 🔄 步骤4: 邮箱输入错误格式
2026-05-11 20:48:42,603 - INFO - ✅ 步骤4: 邮箱输入错误格式 - 完成，输入错误邮箱: asd@gmail..
2026-05-11 20:48:44,611 - INFO - 🔄 步骤5: 勾选隐私政策和用户协议
2026-05-11 20:48:50,731 - INFO - ✅ 隐私政策复选框已勾选
2026-05-11 20:48:52,239 - INFO - 🔄 步骤5.1: 收起键盘（Done）
2026-05-11 20:48:53,509 - INFO - ✅ 已点击Done收起键盘
2026-05-11 20:48:54,516 - INFO - 🔄 步骤6: 点击Next按钮
2026-05-11 20:48:55,181 - INFO - ✅ 步骤6: 点击Next按钮 - 完成，已点击Next按钮
2026-05-11 20:48:57,185 - INFO - 🔄 步骤7: 验证停留当前页面并出现提示
2026-05-11 20:49:08,102 - INFO - ✅ 找到提示信息元素，选择器: //XCUIElementTypeStaticText[@name="Please sign up using your email address"]
2026-05-11 20:49:08,102 - INFO - ✅ 步骤7: 验证停留当前页面并出现提示 - 完成，提示信息: Please sign up using your email address
2026-05-11 20:49:10,112 - INFO - 🎉 测试用例102217执行成功！
2026-05-11 20:49:10,112 - INFO - ✅ 验证错误邮箱 asd@gmail.. 勾选隐私后点击Next，停留当前页并提示“Please sign up using your email address”
2026-05-11 20:49:12,149 - INFO - ✅ 报告已生成: /Users/ambrose.chen/Desktop/iot/project/APP外壳/2测试报告/platform/ios_20260511_204757/ios_20260511_204757_report.xlsx
