2026-05-07 20:50:05,514 - INFO - 🔄 步骤0: 登出，确保从登出状态开始测试
2026-05-07 20:50:05,515 - INFO - 开始登出流程...
2026-05-07 20:50:05,768 - INFO - 检测到home sel元素
2026-05-07 20:50:17,142 - INFO - ✅ 点击mine按钮: //XCUIElementTypeButton[@name="mine"]
2026-05-07 20:50:19,457 - INFO - ✅ 点击CommonEdit编辑按钮: //XCUIElementTypeButton[@name="CommonEdit"]
2026-05-07 20:50:21,651 - INFO - ✅ 点击Log Out: //XCUIElementTypeButton[@name="Log Out"]
2026-05-07 20:50:23,843 - INFO - ✅ 点击Confirm: //XCUIElementTypeButton[@name="Confirm"]
2026-05-07 20:50:25,349 - INFO - 登出操作完成
2026-05-07 20:50:25,684 - INFO - ✅ 成功回到登录页面
2026-05-07 20:50:25,684 - INFO - ✅ 步骤0: 登出，确保从登出状态开始测试 - 完成
2026-05-07 20:50:27,686 - INFO - 🔄 步骤1: 验证在APP首页（登录页面）
2026-05-07 20:50:27,855 - INFO - ✅ 步骤1: 验证在APP首页（登录页面） - 完成，确认在APP首页（登录页面）
2026-05-07 20:50:29,866 - INFO - 🔄 步骤2: 点击Sign Up按钮
2026-05-07 20:50:30,838 - INFO - ✅ 步骤2: 点击Sign Up按钮 - 完成
2026-05-07 20:50:33,842 - INFO - 🔄 步骤3: 验证跳转到Sign Up页面 - 验证'Sign Up'文本元素
2026-05-07 20:50:34,142 - INFO - ✅ 步骤3: 验证跳转到Sign Up页面 - 验证'Sign Up'文本元素 - 完成，找到Sign Up文本元素: Sign Up
2026-05-07 20:50:35,151 - INFO - 🔄 步骤4: 验证隐私政策文本元素
2026-05-07 20:50:35,447 - INFO - ✅ 步骤4: 验证隐私政策文本元素 - 完成，找到隐私政策文本元素
2026-05-07 20:50:35,447 - INFO - 📝 隐私政策文本内容: I have read and understood the Privacy Policy and agree to the User Agreement.
2026-05-07 20:50:36,453 - INFO - 🔄 步骤5: 验证页面跳转成功（综合验证）
2026-05-07 20:50:36,890 - INFO - ✅ 步骤5: 验证页面跳转成功（综合验证） - 完成
2026-05-07 20:50:36,890 - INFO - ✅ 确认已成功跳转到Sign Up注册页面
2026-05-07 20:50:36,890 - INFO - ✅ 页面包含以下关键元素：
2026-05-07 20:50:36,947 - INFO -    - Sign Up文本: Sign Up
2026-05-07 20:50:37,006 - INFO -    - 隐私政策文本: I have read and understood the Privacy Policy and agree to the User Agreement.
2026-05-07 20:50:38,013 - INFO - 🎉 测试用例102181执行成功！
2026-05-07 20:50:38,014 - INFO - ✅ 点击Sign Up按钮后能够正常跳转到注册页面
2026-05-07 20:50:40,049 - INFO - ✅ 报告已生成: /Users/ambrose.chen/Desktop/iot/project/APP外壳/2测试报告/platform/ios_20260507_205003/ios_20260507_205003_report.xlsx
