2026-05-07 21:54:58,224 - INFO - 🔄 步骤0: 登出，确保从登出状态开始测试
2026-05-07 21:54:58,224 - INFO - 开始登出流程...
2026-05-07 21:55:29,149 - INFO - 未检测到home sel/mine sel/mine，跳过登出流程
2026-05-07 21:55:29,149 - INFO - ✅ 步骤0: 登出，确保从登出状态开始测试 - 完成
2026-05-07 21:55:31,154 - INFO - 🔄 步骤1: 验证在APP首页（登录页面）
2026-05-07 21:55:31,315 - INFO - ✅ 步骤1: 验证在APP首页（登录页面） - 完成，确认在APP首页（登录页面）
2026-05-07 21:55:33,319 - INFO - 🔄 步骤2: 点击Sign Up按钮进入注册页面
2026-05-07 21:55:34,259 - INFO - ✅ 步骤2: 点击Sign Up按钮进入注册页面 - 完成
2026-05-07 21:55:37,266 - INFO - 🔄 步骤3: 验证进入Sign Up页面
2026-05-07 21:55:37,502 - INFO - ✅ 步骤3: 验证进入Sign Up页面 - 完成，确认已进入Sign Up注册页面
2026-05-07 21:55:39,513 - INFO - 🔄 步骤4: 输入邮箱
2026-05-07 21:55:39,516 - INFO - 📧 生成简单邮箱地址: testuser108@163.com
2026-05-07 21:55:41,441 - INFO - ✅ 步骤4: 输入邮箱 - 完成，邮箱: testuser108@163.com
2026-05-07 21:55:43,449 - INFO - 🔄 步骤5: 勾选隐私政策和用户协议
2026-05-07 21:55:49,426 - INFO - ✅ 隐私政策复选框已勾选
2026-05-07 21:55:50,934 - INFO - 🔄 步骤5.1: 收起键盘（Done）
2026-05-07 21:55:52,232 - INFO - ✅ 已点击Done收起键盘
2026-05-07 21:55:53,242 - INFO - 🔄 步骤6: 点击Next进入set password页面
2026-05-07 21:55:53,960 - INFO - ✅ 步骤6: 点击Next进入set password页面 - 完成，已点击Next按钮
2026-05-07 21:55:56,965 - INFO - 🔄 步骤7: 验证进入set password页面
2026-05-07 21:55:57,257 - INFO - ✅ 成功进入set password页面
2026-05-07 21:55:58,767 - INFO - 🔄 步骤8: 输入超长密码并验证规则颜色
2026-05-07 21:56:00,638 - INFO - ✅ 已输入密码: Csx123456789012345678
2026-05-07 21:56:02,558 - INFO - 📝 规则提示: • 6-20 characters 颜色: None
2026-05-07 21:56:02,955 - INFO - 📝 规则提示: • contains letters 颜色: None
2026-05-07 21:56:03,357 - INFO - 📝 规则提示: • contains numbers 颜色: None
2026-05-07 21:56:03,755 - INFO - 📝 规则提示: • Supports special characters:! @ # $ % ^ & * ( ) - _ = + \ | [ ] { } ; : / ? . , ~ > < ` 颜色: None
2026-05-07 21:56:03,755 - INFO - ✅ 规则颜色检查完成（无法获取颜色时已记录）
2026-05-07 21:56:04,765 - INFO - 🔄 步骤9: 收起键盘并点击Next，验证停留当前页面
2026-05-07 21:56:05,988 - INFO - ✅ 已点击Done收起键盘
2026-05-07 21:56:07,688 - INFO - ✅ 已尝试点击密码页Next按钮
2026-05-07 21:56:09,987 - INFO - ✅ 点击后仍停留在set password页面，Next按钮不可使页面跳转
2026-05-07 21:56:10,990 - INFO - 🎉 测试用例102225执行成功！
2026-05-07 21:56:10,991 - INFO - ✅ 密码大于20位时规则颜色符合预期，Next按钮不可跳转
2026-05-07 21:56:13,027 - INFO - ✅ 报告已生成: /Users/ambrose.chen/Desktop/iot/project/APP外壳/2测试报告/platform/ios_20260507_215456/ios_20260507_215456_report.xlsx
