2026-05-20 09:45:24,871 - INFO - 🔄 步骤1: 重启APP
2026-05-20 09:45:29,776 - INFO - ✅ 步骤1: 重启APP - 完成
2026-05-20 09:45:29,776 - INFO - 🔄 步骤2: 检测登录状态并确保在登录/注册入口页
2026-05-20 09:45:30,573 - INFO - ✅ 步骤2: 检测登录状态并确保在登录/注册入口页 - 完成
2026-05-20 09:45:30,574 - INFO - 🔄 步骤3: 点击 Sign Up 进入注册页
2026-05-20 09:45:32,835 - INFO - ✅ 步骤3: 点击 Sign Up 进入注册页 - 完成
2026-05-20 09:45:32,839 - INFO - 📧 生成简单邮箱地址: testuser337@163.com
2026-05-20 09:45:32,839 - INFO -     📧 生成邮箱: testuser337@163.com
2026-05-20 09:45:32,839 - INFO - 🔄 步骤4: 在邮箱栏输入邮箱
2026-05-20 09:46:08,391 - INFO -     🔄 断言已输入: //android.widget.EditText[@text="testuser337@163.com"]
2026-05-20 09:46:08,843 - INFO - ✅ 步骤4: 在邮箱栏输入邮箱 - 完成
2026-05-20 09:46:08,844 - INFO - 🔄 步骤5: 点击邮箱右侧 clear（×）
2026-05-20 09:46:08,844 - INFO -     🔄 可选聚焦: //android.widget.EditText[@text="testuser337@163.com"]/android.view.View
2026-05-20 09:46:09,234 - INFO -     🔄 定位清空: //android.widget.ImageView[@content-desc="clear"]
2026-05-20 09:46:10,880 - INFO - ✅ 步骤5: 点击邮箱右侧 clear（×） - 完成
2026-05-20 09:46:10,880 - INFO - 🔄 步骤6: 断言邮箱框内容已清除
2026-05-20 09:46:26,187 - INFO -     📝 清除后邮箱框: ''
2026-05-20 09:46:26,188 - INFO - ✅ 步骤6: 断言邮箱框内容已清除 - 完成
2026-05-20 09:46:26,188 - INFO - 🎉 测试用例 200047 执行成功！
2026-05-20 09:46:26,209 - INFO - ✅ 报告已生成: /Users/ambrose.chen/Desktop/iot/project/APP外壳/2测试报告/platform/android_20260520_094520/android_20260520_094520_report.xlsx
