2026-05-08 21:12:12,224 - INFO - 🔄 步骤0: 登出，确保从登出状态开始测试
2026-05-08 21:12:12,225 - INFO - 开始登出流程...
2026-05-08 21:12:12,466 - INFO - 检测到home sel元素
2026-05-08 21:12:23,819 - INFO - ✅ 点击mine按钮: //XCUIElementTypeButton[@name="mine"]
2026-05-08 21:12:26,006 - INFO - ✅ 点击CommonEdit编辑按钮: //XCUIElementTypeButton[@name="CommonEdit"]
2026-05-08 21:12:28,170 - INFO - ✅ 点击Log Out: //XCUIElementTypeButton[@name="Log Out"]
2026-05-08 21:12:30,353 - INFO - ✅ 点击Confirm: //XCUIElementTypeButton[@name="Confirm"]
2026-05-08 21:12:31,859 - INFO - 登出操作完成
2026-05-08 21:12:32,200 - INFO - ✅ 成功回到登录页面
2026-05-08 21:12:32,200 - INFO - ✅ 步骤0: 登出，确保从登出状态开始测试 - 完成
2026-05-08 21:12:34,201 - INFO - 🔄 步骤1: 验证在APP首页（登录页面）
2026-05-08 21:12:34,378 - INFO - ✅ 步骤1: 验证在APP首页（登录页面） - 完成，确认在APP首页（登录页面）
2026-05-08 21:12:36,387 - INFO - 🔄 步骤2: 点击Sign Up按钮进入注册页面
2026-05-08 21:12:37,357 - INFO - ✅ 步骤2: 点击Sign Up按钮进入注册页面 - 完成
2026-05-08 21:12:40,361 - INFO - 🔄 步骤3: 验证进入Sign Up页面
2026-05-08 21:12:40,583 - INFO - ✅ 步骤3: 验证进入Sign Up页面 - 完成，确认已进入Sign Up注册页面
2026-05-08 21:12:42,584 - INFO - 🔄 步骤4: 输入邮箱
2026-05-08 21:12:42,587 - INFO - 📧 生成简单邮箱地址: testuser166@163.com
2026-05-08 21:12:44,476 - INFO - ✅ 步骤4: 输入邮箱 - 完成，邮箱: testuser166@163.com
2026-05-08 21:12:46,481 - INFO - 🔄 步骤5: 勾选隐私政策和用户协议
2026-05-08 21:12:52,580 - INFO - ✅ 隐私政策复选框已勾选
2026-05-08 21:12:54,082 - INFO - 🔄 步骤5.1: 收起键盘（Done）
2026-05-08 21:12:55,441 - INFO - ✅ 已点击Done收起键盘
2026-05-08 21:12:56,447 - INFO - 🔄 步骤6: 点击Next进入set password页面
2026-05-08 21:12:57,149 - INFO - ✅ 步骤6: 点击Next进入set password页面 - 完成，已点击Next按钮
2026-05-08 21:13:00,159 - INFO - 🔄 步骤7: 验证进入set password页面
2026-05-08 21:13:00,448 - INFO - ✅ 成功进入set password页面
2026-05-08 21:13:01,956 - INFO - 🔄 步骤8: 输入20位密码并确认
2026-05-08 21:13:03,959 - INFO - ✅ 已输入密码: Csx1234567Csx1234567
2026-05-08 21:13:06,140 - INFO - ✅ 已输入确认密码: Csx1234567Csx1234567
2026-05-08 21:13:08,357 - INFO - ✅ 密码页已点击Done收起键盘
2026-05-08 21:13:09,367 - INFO - 🔄 步骤9: 点击Next进入用户名页面
2026-05-08 21:13:10,350 - INFO - ✅ 已点击密码页Next按钮
2026-05-08 21:13:13,355 - INFO - 🔄 步骤10: 用户名页面点击Skip并验证主页面
2026-05-08 21:13:25,810 - INFO - ✅ 找到Skip元素: //XCUIElementTypeButton[@name="Skip"]
2026-05-08 21:13:26,214 - INFO - ✅ 已点击Skip跳过用户名
2026-05-08 21:13:29,423 - INFO - ✅ 主页面标识元素存在: //XCUIElementTypeButton[@name="home sel"]
2026-05-08 21:13:30,433 - INFO - 🎉 测试用例102227执行成功！
2026-05-08 21:13:30,433 - INFO - ✅ 密码等于20位时可继续，提交后成功进入主页面（mine元素）
2026-05-08 21:13:32,466 - INFO - ✅ 报告已生成: /Users/ambrose.chen/Desktop/iot/project/APP外壳/2测试报告/platform/ios_20260508_211210/ios_20260508_211210_report.xlsx
