2026-05-07 21:40:04,519 - INFO - 🔄 步骤0: 登出，确保从登出状态开始测试
2026-05-07 21:40:04,520 - INFO - 开始登出流程...
2026-05-07 21:40:35,425 - INFO - 未检测到home sel/mine sel/mine，跳过登出流程
2026-05-07 21:40:35,426 - INFO - ✅ 步骤0: 登出，确保从登出状态开始测试 - 完成
2026-05-07 21:40:37,433 - INFO - 🔄 步骤1: 验证在APP首页（登录页面）
2026-05-07 21:40:37,601 - INFO - ✅ 步骤1: 验证在APP首页（登录页面） - 完成，确认在APP首页（登录页面）
2026-05-07 21:40:39,609 - INFO - 🔄 步骤2: 点击Sign Up按钮进入注册页面
2026-05-07 21:40:40,574 - INFO - ✅ 步骤2: 点击Sign Up按钮进入注册页面 - 完成
2026-05-07 21:40:43,577 - INFO - 🔄 步骤3: 验证进入Sign Up页面
2026-05-07 21:40:43,814 - INFO - ✅ 步骤3: 验证进入Sign Up页面 - 完成，确认已进入Sign Up注册页面
2026-05-07 21:40:45,815 - INFO - 🔄 步骤4: 邮箱输入错误格式
2026-05-07 21:40:49,373 - INFO - 📝 输入框实际值: 'asd@@gmial.com'
2026-05-07 21:40:49,374 - INFO - ✅ 步骤4: 邮箱输入错误格式 - 完成，输入错误邮箱: asd@@gmial.com
2026-05-07 21:40:51,384 - INFO - 🔄 步骤5: 勾选隐私政策和用户协议
2026-05-07 21:40:57,356 - INFO - ✅ 隐私政策复选框已勾选
2026-05-07 21:40:58,860 - INFO - 🔄 步骤5.1: 收起键盘（Done）
2026-05-07 21:41:00,147 - INFO - ✅ 已点击Done收起键盘
2026-05-07 21:41:01,150 - INFO - 🔄 步骤6: 点击Next按钮
2026-05-07 21:41:01,812 - INFO - ✅ 步骤6: 点击Next按钮 - 完成，已点击Next按钮
2026-05-07 21:41:03,816 - INFO - 🔄 步骤7: 验证停留当前页面并出现提示
2026-05-07 21:41:14,753 - INFO - ✅ 找到提示信息元素，选择器: //XCUIElementTypeStaticText[@name="Please sign up using your email address"]
2026-05-07 21:41:14,753 - INFO - ✅ 步骤7: 验证停留当前页面并出现提示 - 完成，提示信息: Please sign up using your email address
2026-05-07 21:41:16,762 - INFO - 🎉 测试用例102214执行成功！
2026-05-07 21:41:16,763 - INFO - ✅ 验证错误邮箱（a@@b型）勾选隐私后点击Next，停留当前页并提示“Please sign up using your email address”
2026-05-07 21:41:18,793 - INFO - ✅ 报告已生成: /Users/ambrose.chen/Desktop/iot/project/APP外壳/2测试报告/platform/ios_20260507_214002/ios_20260507_214002_report.xlsx
