2026-05-12 11:43:31,622 - INFO - 🔄 步骤0: 登出，确保从登出状态开始测试
2026-05-12 11:43:31,623 - INFO - 开始登出流程...
2026-05-12 11:44:02,555 - INFO - 未检测到home sel/mine sel/mine，跳过登出流程
2026-05-12 11:44:02,556 - INFO - ✅ 步骤0: 登出，确保从登出状态开始测试 - 完成
2026-05-12 11:44:04,565 - INFO - 🔄 步骤1: 验证在APP首页（登录页面）
2026-05-12 11:44:04,736 - INFO - ✅ 步骤1: 验证在APP首页（登录页面） - 完成，确认在APP首页（登录页面）
2026-05-12 11:44:06,747 - INFO - 🔄 步骤2: 点击Sign Up按钮进入注册页面
2026-05-12 11:44:07,694 - INFO - ✅ 步骤2: 点击Sign Up按钮进入注册页面 - 完成
2026-05-12 11:44:10,700 - INFO - 🔄 步骤3: 验证进入Sign Up页面
2026-05-12 11:44:10,943 - INFO - ✅ 步骤3: 验证进入Sign Up页面 - 完成，确认已进入Sign Up注册页面
2026-05-12 11:44:12,946 - INFO - 🔄 步骤4: 输入邮箱
2026-05-12 11:44:12,951 - INFO - 📧 生成简单邮箱地址: testuser285@163.com
2026-05-12 11:44:14,851 - INFO - ✅ 步骤4: 输入邮箱 - 完成，邮箱: testuser285@163.com
2026-05-12 11:44:16,852 - INFO - 🔄 步骤5: 勾选隐私政策和用户协议
2026-05-12 11:44:22,980 - INFO - ✅ 隐私政策复选框已勾选
2026-05-12 11:44:24,486 - INFO - 🔄 步骤5.1: 收起键盘（Done）
2026-05-12 11:44:25,762 - INFO - ✅ 已点击Done收起键盘
2026-05-12 11:44:26,769 - INFO - 🔄 步骤6: 点击Next进入set password页面
2026-05-12 11:44:27,484 - INFO - ✅ 步骤6: 点击Next进入set password页面 - 完成，已点击Next按钮
2026-05-12 11:44:30,485 - INFO - 🔄 步骤7: 验证进入set password页面
2026-05-12 11:44:30,755 - INFO - ✅ 成功进入set password页面
2026-05-12 11:44:32,263 - INFO - 🔄 步骤8: 输入密码并确认
2026-05-12 11:44:34,085 - INFO - ✅ 已输入密码: Csx150128
2026-05-12 11:44:36,071 - INFO - ✅ 已输入确认密码: Csx150128
2026-05-12 11:44:37,081 - INFO - 🔄 步骤9: 点击清除按钮“×”
2026-05-12 11:44:38,034 - INFO - ✅ 已点击清除按钮“×”
2026-05-12 11:44:39,543 - INFO - 🔄 步骤10: 验证密码被清空
2026-05-12 11:44:39,777 - INFO - 📝 清除后密码框内容: 'Password'
2026-05-12 11:44:39,777 - INFO - ✅ 密码框已清空
2026-05-12 11:44:40,787 - INFO - 🎉 测试用例102239执行成功！
2026-05-12 11:44:40,787 - INFO - ✅ 验证输入的密码可以一键“×”清空
2026-05-12 11:44:42,830 - INFO - ✅ 报告已生成: /Users/ambrose.chen/Desktop/iot/project/APP外壳/2测试报告/platform/ios_20260512_114329/ios_20260512_114329_report.xlsx
