2026-05-11 19:20:54,554 - INFO - 🔄 步骤1: 重置APP，检测登录状态并登出
2026-05-11 19:21:00,490 - INFO -     ✅ APP已重置
2026-05-11 19:21:15,698 - INFO -     ℹ️ 未检测到登录状态，已在登录页面
2026-05-11 19:21:15,698 - INFO - ✅ 步骤1: 重置APP，检测登录状态并登出 - 完成
2026-05-11 19:21:15,698 - INFO - 🔄 步骤2: 点击登录按钮进入Sign in页面
2026-05-11 19:21:16,661 - INFO - ✅ 步骤2: 点击登录按钮进入Sign in页面 - 完成
2026-05-11 19:21:18,168 - INFO - 🔄 步骤3: 点击邮箱框，输入邮箱（正确的邮箱）
2026-05-11 19:21:59,041 - INFO -     ✅ 邮箱输入完成: haoc51888@gmail.com
2026-05-11 19:22:00,048 - INFO - ✅ 步骤3: 点击邮箱框，输入邮箱（正确的邮箱） - 完成
2026-05-11 19:22:00,049 - INFO - 🔄 步骤4: 点击密码框，输入密码（错误的密码）
2026-05-11 19:22:41,546 - INFO -     ✅ 密码输入完成（错误密码）
2026-05-11 19:22:42,553 - INFO - ✅ 步骤4: 点击密码框，输入密码（错误的密码） - 完成
2026-05-11 19:22:42,554 - INFO - 🔄 步骤5: 点击键盘Done，收起键盘
2026-05-11 19:22:43,803 - INFO - ✅ 步骤5: 点击键盘Done，收起键盘 - 完成
2026-05-11 19:22:44,810 - INFO - 🔄 步骤6: 点击协议勾选框
2026-05-11 19:22:45,692 - INFO - ✅ 步骤6: 点击协议勾选框 - 完成
2026-05-11 19:22:46,703 - INFO - 🔄 步骤7: 点击登录按钮
2026-05-11 19:22:47,508 - INFO - ✅ 步骤7: 点击登录按钮 - 完成
2026-05-11 19:22:49,514 - INFO - 🔄 步骤8: 断言页面显示错误提示信息
2026-05-11 19:22:49,833 - INFO -     ✅ 找到错误提示信息: Incorrect account or password. Please check and try again.
2026-05-11 19:22:49,833 - INFO - ✅ 步骤8: 断言页面显示错误提示信息 - 完成，错误提示信息已显示
2026-05-11 19:22:49,834 - INFO - 🎉 测试用例102651执行成功！
2026-05-11 19:22:49,867 - INFO - ✅ 报告已生成: /Users/ambrose.chen/Desktop/iot/project/APP外壳/2测试报告/platform/ios_20260511_192052/ios_20260511_192052_report.xlsx
