2026-05-18 17:32:40,896 - INFO - 🔄 步骤1: 重启APP
2026-05-18 17:32:40,896 - INFO -     🔄 driver.terminate_app / activate_app: com.xingmai.tech
2026-05-18 17:32:45,779 - INFO -     ✅ APP 已重启
2026-05-18 17:32:45,780 - INFO - ✅ 步骤1: 重启APP - 完成
2026-05-18 17:32:45,780 - INFO - 🔄 步骤2: 检测登录状态并确保在登录/注册入口页
2026-05-18 17:32:45,786 - INFO -     🔄 检测已登录元素: //android.view.View[@content-desc="More"]
2026-05-18 17:32:45,908 - INFO -     🔄 检测已登录元素: //*[@content-desc="More"]
2026-05-18 17:32:46,520 - INFO -     ℹ️ 未检测到 More，判定未登录
2026-05-18 17:32:46,521 - INFO -     🔄 等待登录/注册入口页: //*[(@text="Sign In" or @text="Sign Up") or contains(@text,"Sign In") or contains(@text,"Sign Up") or @content-desc="Sign In" or @content-desc="Sign Up"]
2026-05-18 17:32:46,570 - INFO -     ✅ 已处于登录/注册入口页
2026-05-18 17:32:46,570 - INFO - ✅ 步骤2: 检测登录状态并确保在登录/注册入口页 - 完成
2026-05-18 17:32:46,570 - INFO - 🔄 步骤3: 点击 Sign In 进入登录页
2026-05-18 17:32:46,570 - INFO -     🔄 定位 Sign In: //android.widget.TextView[@text="Sign In"]
2026-05-18 17:32:46,621 - INFO -     ✅ 找到 Sign In: //android.widget.TextView[@text="Sign In"]
2026-05-18 17:32:47,263 - INFO - ✅ 步骤3: 点击 Sign In 进入登录页 - 完成
2026-05-18 17:32:48,769 - INFO - 🔄 步骤4: 输入密码
2026-05-18 17:32:48,769 - INFO -     🔄 密码已填入（长度 9）
2026-05-18 17:32:49,648 - INFO -     🔄 定位: //android.widget.ScrollView/android.widget.EditText[2]
2026-05-18 17:32:50,042 - INFO - ✅ 步骤4: 输入密码 - 完成
2026-05-18 17:32:50,042 - INFO - 🔄 步骤5: 收起输入键盘
2026-05-18 17:32:51,446 - INFO -     ✅ hide_keyboard 成功
2026-05-18 17:32:51,852 - INFO - ✅ 步骤5: 收起输入键盘 - 完成
2026-05-18 17:32:51,852 - INFO - 🔄 步骤6: 勾选用户协议与隐私政策
2026-05-18 17:32:51,853 - INFO -     🔄 定位: //android.widget.ImageView[@content-desc="checkbox"]
2026-05-18 17:32:52,771 - INFO - ✅ 步骤6: 勾选用户协议与隐私政策 - 完成
2026-05-18 17:32:52,772 - INFO - 🔄 步骤7: 点击 Next 登录
2026-05-18 17:32:52,772 - INFO -     🔄 定位: //android.widget.ImageView[@content-desc="next"]
2026-05-18 17:32:54,102 - INFO - ✅ 步骤7: 点击 Next 登录 - 完成
2026-05-18 17:32:54,103 - INFO - 🔄 步骤8: 断言提示文案
2026-05-18 17:32:54,103 - INFO -     🔄 期望文案: Please enter a valid email address.
2026-05-18 17:32:54,182 - INFO -     ✅ 已显示提示
2026-05-18 17:32:54,182 - INFO - ✅ 步骤8: 断言提示文案 - 完成
2026-05-18 17:32:54,182 - INFO - 🎉 测试用例 200004 执行成功！
2026-05-18 17:32:54,220 - INFO - ✅ 报告已生成: /Users/ambrose.chen/Desktop/iot/project/APP外壳/2测试报告/platform/android_20260518_173237/android_20260518_173237_report.xlsx
