2026-05-09 19:54:46,642 - INFO - 🔄 步骤0: 登出，确保从登出状态开始测试
2026-05-09 19:54:46,643 - INFO - 开始登出流程...
2026-05-09 19:55:17,563 - INFO - 未检测到home sel/mine sel/mine，跳过登出流程
2026-05-09 19:55:17,564 - INFO - ✅ 步骤0: 登出，确保从登出状态开始测试 - 完成
2026-05-09 19:55:19,573 - INFO - 🔄 步骤1: 验证在APP首页（登录页面）
2026-05-09 19:55:19,736 - INFO - ✅ 步骤1: 验证在APP首页（登录页面） - 完成，确认在APP首页（登录页面）
2026-05-09 19:55:21,745 - INFO - 🔄 步骤2: 点击Sign Up按钮进入注册页面
2026-05-09 19:55:22,682 - INFO - ✅ 步骤2: 点击Sign Up按钮进入注册页面 - 完成
2026-05-09 19:55:25,687 - INFO - 🔄 步骤3: 验证进入Sign Up页面
2026-05-09 19:55:25,922 - INFO - ✅ 步骤3: 验证进入Sign Up页面 - 完成，确认已进入Sign Up注册页面
2026-05-09 19:55:27,933 - INFO - 🔄 步骤4: 输入邮箱
2026-05-09 19:55:27,936 - INFO - 📧 生成简单邮箱地址: testuser203@163.com
2026-05-09 19:55:29,839 - INFO - ✅ 步骤4: 输入邮箱 - 完成，邮箱: testuser203@163.com
2026-05-09 19:55:31,848 - INFO - 🔄 步骤5: 勾选隐私政策和用户协议
2026-05-09 19:55:37,968 - INFO - ✅ 隐私政策复选框已勾选
2026-05-09 19:55:39,476 - INFO - 🔄 步骤5.1: 收起键盘（Done）
2026-05-09 19:55:40,736 - INFO - ✅ 已点击Done收起键盘
2026-05-09 19:55:41,746 - INFO - 🔄 步骤6: 点击Next进入set password页面
2026-05-09 19:55:42,453 - INFO - ✅ 步骤6: 点击Next进入set password页面 - 完成，已点击Next按钮
2026-05-09 19:55:45,462 - INFO - 🔄 步骤7: 验证进入set password页面
2026-05-09 19:55:45,758 - INFO - ✅ 成功进入set password页面
2026-05-09 19:55:47,263 - INFO - 🔄 步骤8: 输入纯小写密码并验证规则颜色
2026-05-09 19:55:49,055 - INFO - ✅ 已输入密码: xingmai
2026-05-09 19:55:51,020 - INFO - ✅ 已输入确认密码: xingmai
2026-05-09 19:55:52,425 - INFO - 📝 规则提示: • 6-20 characters 颜色: None
2026-05-09 19:55:52,823 - INFO - 📝 规则提示: • contains letters 颜色: None
2026-05-09 19:55:53,212 - INFO - 📝 规则提示: • contains numbers 颜色: None
2026-05-09 19:55:53,612 - INFO - 📝 规则提示: • Supports special characters:! @ # $ % ^ & * ( ) - _ = + \ | [ ] { } ; : / ? . , ~ > < ` 颜色: None
2026-05-09 19:55:54,798 - INFO - ✅ 密码页已点击Done收起键盘
2026-05-09 19:55:55,805 - INFO - 🔄 步骤9: 点击Next验证仍停留在set password页面
2026-05-09 19:55:56,399 - INFO - ✅ 已尝试点击密码页Next按钮（应无跳转）
2026-05-09 19:55:58,730 - INFO - ✅ 点击后仍停留在set password页面，Next按钮不可使页面跳转
2026-05-09 19:55:59,737 - INFO - 🎉 测试用例102229执行成功！
2026-05-09 19:55:59,737 - INFO - ✅ 纯小写密码规则提示符合预期，Next不可跳转
2026-05-09 19:56:01,772 - INFO - ✅ 报告已生成: /Users/ambrose.chen/Desktop/iot/project/APP外壳/2测试报告/platform/ios_20260509_195444/ios_20260509_195444_report.xlsx
