2026-05-11 19:15:37,095 - INFO - 📧 生成简单邮箱地址: testuser222@163.com
2026-05-11 19:15:37,095 - INFO - 🔄 步骤0: 重启APP并确保登出
2026-05-11 19:15:40,460 - INFO -     [登出] 开始登出流程...
2026-05-11 19:15:40,460 - INFO -     [登出] 步骤1: 检查页面是否有 More 按钮
2026-05-11 19:16:00,635 - INFO -     [登出] ℹ️ 未检测到 More 按钮，可能未登录，跳过登出流程
2026-05-11 19:16:02,642 - INFO - ✅ 步骤0: 重启APP并确保登出 - 完成
2026-05-11 19:16:02,642 - INFO - 🔄 步骤1: 点击 Sign Up 进入注册页
2026-05-11 19:16:05,461 - INFO - ✅ 步骤1: 点击 Sign Up 进入注册页 - 完成
2026-05-11 19:16:05,461 - INFO - 🔄 步骤2: 输入邮箱 testuser222@163.com
2026-05-11 19:16:08,618 - INFO - ✅ 步骤2: 输入邮箱 testuser222@163.com - 完成
2026-05-11 19:16:08,619 - INFO - 🔄 步骤3: 勾选协议
2026-05-11 19:16:09,404 - INFO - ✅ 步骤3: 勾选协议 - 完成
2026-05-11 19:16:09,404 - INFO - 🔄 步骤4: 点击 Next 进入设置密码页
2026-05-11 19:16:12,743 - INFO - ✅ 步骤4: 点击 Next 进入设置密码页 - 完成
2026-05-11 19:16:12,744 - INFO - 🔄 步骤5: 输入密码与确认密码，并点击 Next 进入用户名页
2026-05-11 19:16:20,454 - INFO - ✅ 步骤5: 输入密码与确认密码，并点击 Next 进入用户名页 - 完成
2026-05-11 19:16:20,455 - INFO - 🔄 步骤6: 输入超过50字符用户名并点击 Submit
2026-05-11 19:16:20,455 - INFO -     ℹ️ 本次用户名长度: 60
2026-05-11 19:16:28,372 - INFO - ✅ 步骤6: 输入超过50字符用户名并点击 Submit - 完成
2026-05-11 19:16:28,373 - INFO - 🔄 步骤7: 断言注册失败（未进入主界面）
2026-05-11 19:16:43,606 - INFO - 🎉 测试用例200023执行成功！
2026-05-11 19:16:43,637 - INFO - ✅ 报告已生成: /Users/ambrose.chen/Desktop/iot/project/APP外壳/2测试报告/platform/android_20260511_191534/android_20260511_191534_report.xlsx
