2026-05-07 20:32:53,118 - INFO - 🔄 步骤1: 重置APP，检测登录状态并登出
2026-05-07 20:32:59,015 - INFO -     ✅ APP已重置
2026-05-07 20:33:04,086 - INFO -     ℹ️ 未检测到登录状态，已在登录页面
2026-05-07 20:33:04,087 - INFO - ✅ 步骤1: 重置APP，检测登录状态并登出 - 完成
2026-05-07 20:33:04,087 - INFO - 🔄 步骤3: 点击登录按钮进入Sign in页面
2026-05-07 20:33:05,053 - INFO - ✅ 步骤3: 点击登录按钮进入Sign in页面 - 完成
2026-05-07 20:33:06,560 - INFO - 🔄 步骤4: 点击邮箱框，输入邮箱
2026-05-07 20:33:47,387 - INFO -     ✅ 邮箱输入完成: haoc51888@gmail.com
2026-05-07 20:33:48,392 - INFO - ✅ 步骤4: 点击邮箱框，输入邮箱 - 完成
2026-05-07 20:33:48,393 - INFO - 🔄 步骤5: 点击密码框，输入密码
2026-05-07 20:34:29,840 - INFO -     ✅ 密码输入完成
2026-05-07 20:34:30,849 - INFO - ✅ 步骤5: 点击密码框，输入密码 - 完成
2026-05-07 20:34:30,849 - INFO - 🔄 步骤6: 点击键盘Done，收起键盘
2026-05-07 20:34:32,249 - INFO - ✅ 步骤6: 点击键盘Done，收起键盘 - 完成
2026-05-07 20:34:33,255 - INFO - 🔄 步骤7: 点击协议勾选框
2026-05-07 20:34:34,124 - INFO - ✅ 步骤7: 点击协议勾选框 - 完成
2026-05-07 20:34:35,131 - INFO - 🔄 步骤8: 点击登录按钮
2026-05-07 20:34:35,945 - INFO - ✅ 步骤8: 点击登录按钮 - 完成
2026-05-07 20:34:38,956 - INFO - 🔄 步骤9: 断言登录成功
2026-05-07 20:34:39,691 - INFO -     ✅ 找到mine按钮，登录成功
2026-05-07 20:34:39,691 - INFO - ✅ 步骤9: 断言登录成功 - 完成，登录成功
2026-05-07 20:34:39,691 - INFO - 🎉 测试用例102667执行成功！
2026-05-07 20:34:39,715 - INFO - ✅ 报告已生成: /Users/ambrose.chen/Desktop/iot/project/APP外壳/2测试报告/platform/ios_20260507_203251/ios_20260507_203251_report.xlsx
