2026-05-08 15:30:09,923 - INFO - 🔄 步骤0: 登出，确保从登出状态开始测试
2026-05-08 15:30:09,923 - INFO - 开始登出流程...
2026-05-08 15:30:40,802 - INFO - 未检测到home sel/mine sel/mine，跳过登出流程
2026-05-08 15:30:40,803 - INFO - ✅ 步骤0: 登出，确保从登出状态开始测试 - 完成
2026-05-08 15:30:42,808 - INFO - 🔄 步骤1: 验证在APP首页（登录页面）
2026-05-08 15:30:42,975 - INFO - ✅ 步骤1: 验证在APP首页（登录页面） - 完成，确认在APP首页（登录页面）
2026-05-08 15:30:44,980 - INFO - 🔄 步骤2: 点击Sign Up按钮进入注册页面
2026-05-08 15:30:45,938 - INFO - ✅ 步骤2: 点击Sign Up按钮进入注册页面 - 完成
2026-05-08 15:30:48,944 - INFO - 🔄 步骤3: 验证进入Sign Up页面
2026-05-08 15:30:49,179 - INFO - ✅ 步骤3: 验证进入Sign Up页面 - 完成，确认已进入Sign Up注册页面
2026-05-08 15:30:51,184 - INFO - 🔄 步骤4: 点击Next（未输入邮箱、未勾选协议）
2026-05-08 15:31:02,586 - INFO - ❌ 步骤4: 点击Next（未输入邮箱、未勾选协议）失败: Message: 
Stacktrace:
NoSuchElementError: An element could not be located on the page using the given search parameters.
    at XCUITestDriver.doNativeFind (/Users/ambrose.chen/.appium/node_modules/appium-xcuitest-driver/lib/commands/find.js:116:11)
    at processTicksAndRejections (node:internal/process/task_queues:103:5)
    at XCUITestDriver.findNativeElementOrElements (/Users/ambrose.chen/.appium/node_modules/appium-xcuitest-driver/lib/commands/find.js:69:10)
    at XCUITestDriver.findElOrEls (/Users/ambrose.chen/.appium/node_modules/appium-xcuitest-driver/lib/commands/find.js:13:12)
    at XCUITestDriver.findElOrElsWithProcessing (/Users/ambrose.chen/.appium/node_modules/appium-xcuitest-driver/node_modules/@appium/base-driver/lib/basedriver/commands/find.ts:60:12)
    at XCUITestDriver.findElement (/Users/ambrose.chen/.appium/node_modules/appium-xcuitest-driver/node_modules/@appium/base-driver/lib/basedriver/commands/find.ts:75:12)
2026-05-08 15:31:02,587 - INFO - 
============================================================
2026-05-08 15:31:02,587 - INFO - ❌ 测试失败
2026-05-08 15:31:02,587 - INFO - 📍 失败步骤: 步骤4: 点击Next（未输入邮箱、未勾选协议）
2026-05-08 15:31:02,587 - INFO - 📝 失败原因: 步骤4: 点击Next（未输入邮箱、未勾选协议）失败: Message: 
Stacktrace:
NoSuchElementError: An element could not be located on the page using the given search parameters.
    at XCUITestDriver.doNativeFind (/Users/ambrose.chen/.appium/node_modules/appium-xcuitest-driver/lib/commands/find.js:116:11)
    at processTicksAndRejections (node:internal/process/task_queues:103:5)
    at XCUITestDriver.findNativeElementOrElements (/Users/ambrose.chen/.appium/node_modules/appium-xcuitest-driver/lib/commands/find.js:69:10)
    at XCUITestDriver.findElOrEls (/Users/ambrose.chen/.appium/node_modules/appium-xcuitest-driver/lib/commands/find.js:13:12)
    at XCUITestDriver.findElOrElsWithProcessing (/Users/ambrose.chen/.appium/node_modules/appium-xcuitest-driver/node_modules/@appium/base-driver/lib/basedriver/commands/find.ts:60:12)
    at XCUITestDriver.findElement (/Users/ambrose.chen/.appium/node_modules/appium-xcuitest-driver/node_modules/@appium/base-driver/lib/basedriver/commands/find.ts:75:12)
2026-05-08 15:31:02,587 - INFO - ============================================================
2026-05-08 15:31:02,589 - INFO - Traceback (most recent call last):

2026-05-08 15:31:02,589 - INFO -   File "/Users/ambrose.chen/Desktop/iot/project/APP外壳/3功能/1平台/IOS/2注册/102203 验证只填写正确邮箱，“Next”按钮还是浅色，不可点击.py", line 172, in test_102203
    err = WebDriverWait(driver, 8).until(
          ^^^^^^^^^^^^^^^^^^^^^^^^^^^^^^^

2026-05-08 15:31:02,589 - INFO -   File "/Library/Frameworks/Python.framework/Versions/3.11/lib/python3.11/site-packages/selenium/webdriver/support/wait.py", line 138, in until
    raise TimeoutException(message, screen, stacktrace)

2026-05-08 15:31:02,589 - INFO - selenium.common.exceptions.TimeoutException: Message: 
Stacktrace:
NoSuchElementError: An element could not be located on the page using the given search parameters.
    at XCUITestDriver.doNativeFind (/Users/ambrose.chen/.appium/node_modules/appium-xcuitest-driver/lib/commands/find.js:116:11)
    at processTicksAndRejections (node:internal/process/task_queues:103:5)
    at XCUITestDriver.findNativeElementOrElements (/Users/ambrose.chen/.appium/node_modules/appium-xcuitest-driver/lib/commands/find.js:69:10)
    at XCUITestDriver.findElOrEls (/Users/ambrose.chen/.appium/node_modules/appium-xcuitest-driver/lib/commands/find.js:13:12)
    at XCUITestDriver.findElOrElsWithProcessing (/Users/ambrose.chen/.appium/node_modules/appium-xcuitest-driver/node_modules/@appium/base-driver/lib/basedriver/commands/find.ts:60:12)
    at XCUITestDriver.findElement (/Users/ambrose.chen/.appium/node_modules/appium-xcuitest-driver/node_modules/@appium/base-driver/lib/basedriver/commands/find.ts:75:12)

2026-05-08 15:31:02,867 - INFO - 已保存test_102203_failed失败截图: screenshots/test_102203_failed_1778225462.png
2026-05-08 15:31:02,879 - INFO - ✅ 报告已生成: /Users/ambrose.chen/Desktop/iot/project/APP外壳/2测试报告/platform/ios_20260508_153008/ios_20260508_153008_report.xlsx
