2026-05-08 20:53:18,305 - INFO - 🔄 步骤0: 登出，确保从登出状态开始测试
2026-05-08 20:53:18,306 - INFO - 开始登出流程...
2026-05-08 20:53:49,223 - INFO - 未检测到home sel/mine sel/mine，跳过登出流程
2026-05-08 20:53:49,224 - INFO - ✅ 步骤0: 登出，确保从登出状态开始测试 - 完成
2026-05-08 20:53:51,227 - INFO - 🔄 步骤1: 验证在APP首页（登录页面）
2026-05-08 20:53:51,381 - INFO - ✅ 步骤1: 验证在APP首页（登录页面） - 完成，确认在APP首页（登录页面）
2026-05-08 20:53:53,390 - INFO - 🔄 步骤2: 点击Sign Up按钮进入注册页面
2026-05-08 20:53:54,335 - INFO - ✅ 步骤2: 点击Sign Up按钮进入注册页面 - 完成
2026-05-08 20:53:57,340 - INFO - 🔄 步骤3: 验证进入Sign Up页面
2026-05-08 20:53:57,576 - INFO - ✅ 步骤3: 验证进入Sign Up页面 - 完成，确认已进入Sign Up注册页面
2026-05-08 20:53:59,583 - INFO - 🔄 步骤4: 邮箱输入包含中文的错误邮箱
2026-05-08 20:54:01,490 - INFO - ✅ 步骤4: 邮箱输入包含中文的错误邮箱 - 完成，输入错误邮箱: 102213中国@gmail.com
2026-05-08 20:54:03,495 - INFO - 🔄 步骤5: 勾选隐私政策和用户协议
2026-05-08 20:54:09,604 - INFO - ✅ 隐私政策复选框已勾选
2026-05-08 20:54:11,110 - INFO - 🔄 步骤5.1: 收起键盘（Done）
2026-05-08 20:54:12,379 - INFO - ✅ 已点击Done收起键盘
2026-05-08 20:54:13,382 - INFO - 🔄 步骤6: 点击Next按钮
2026-05-08 20:54:14,039 - INFO - ✅ 步骤6: 点击Next按钮 - 完成，已点击Next按钮
2026-05-08 20:54:16,042 - INFO - 🔄 步骤7: 验证停留当前页面并出现提示
2026-05-08 20:54:16,566 - INFO - ✅ 找到提示信息元素，选择器: //XCUIElementTypeStaticText[@name="Please sign up using your email address"]
2026-05-08 20:54:16,566 - INFO - ✅ 步骤7: 验证停留当前页面并出现提示 - 完成，提示信息: Please sign up using your email address
2026-05-08 20:54:18,569 - INFO - 🎉 测试用例102213执行成功！
2026-05-08 20:54:18,569 - INFO - ✅ 验证错误邮箱（包含中文）勾选隐私后点击Next，停留当前页并提示“Please sign up using your email address”
2026-05-08 20:54:20,601 - INFO - ✅ 报告已生成: /Users/ambrose.chen/Desktop/iot/project/APP外壳/2测试报告/platform/ios_20260508_205316/ios_20260508_205316_report.xlsx
