2026-05-07 20:40:52,682 - INFO - 🔄 步骤1: 重置APP，检测登录状态并登出
2026-05-07 20:40:58,642 - INFO -     ✅ APP已重置
2026-05-07 20:41:13,846 - INFO -     ℹ️ 未检测到登录状态，已在登录页面
2026-05-07 20:41:13,847 - INFO - ✅ 步骤1: 重置APP，检测登录状态并登出 - 完成
2026-05-07 20:41:13,848 - INFO - 🔄 步骤2: 在Sign In页面关闭手机网络
2026-05-07 20:41:14,006 - INFO -     ✅ 确认在Sign In页面
2026-05-07 20:41:14,006 - INFO -     🔄 通过后台切换到WLAN页面关闭网络...
2026-05-07 20:42:07,656 - INFO -     🔄 未直接找到WLAN开关，尝试进入WiFi页面...
2026-05-07 20:43:46,532 - INFO -     ✅ 已点击返回按钮: //XCUIElementTypeNavigationBar/XCUIElementTypeButton[1]
2026-05-07 20:45:15,668 - INFO -     ❌ 无法进入WiFi设置页面
2026-05-07 20:45:17,321 - INFO -     ✅ 已返回应用
2026-05-07 20:45:17,322 - INFO - ⚠️ 步骤2: 在Sign In页面关闭手机网络 - 关闭网络失败
2026-05-07 20:45:17,322 - INFO - ❌ 步骤2: 在Sign In页面关闭手机网络失败: 关闭网络失败
2026-05-07 20:45:17,322 - INFO - 
============================================================
2026-05-07 20:45:17,322 - INFO - ❌ 测试失败
2026-05-07 20:45:17,322 - INFO - 📍 失败步骤: 步骤2: 在Sign In页面关闭手机网络
2026-05-07 20:45:17,322 - INFO - 📝 失败原因: 步骤2: 在Sign In页面关闭手机网络失败: 关闭网络失败
2026-05-07 20:45:17,323 - INFO - ============================================================
2026-05-07 20:45:17,326 - INFO - Traceback (most recent call last):

2026-05-07 20:45:17,327 - INFO -   File "/Users/ambrose.chen/Desktop/iot/project/APP外壳/3功能/1平台/IOS/1登录/102779验证手机网络关闭时，APP用户登录.py", line 323, in test_102779
    raise Exception("关闭网络失败")

2026-05-07 20:45:17,327 - INFO - Exception: 关闭网络失败

2026-05-07 20:45:17,642 - INFO - 已保存test_102779_failed失败截图: screenshots/test_102779_failed_1778157917.png
2026-05-07 20:45:17,660 - INFO - ✅ 报告已生成: /Users/ambrose.chen/Desktop/iot/project/APP外壳/2测试报告/platform/ios_20260507_204050/ios_20260507_204050_report.xlsx
