2026-05-08 19:04:42,380 - INFO - 🔄 步骤1: 重启APP并处理登录状态
2026-05-08 19:05:03,617 - INFO - ✅ 步骤1: 重启APP并处理登录状态 - 完成
2026-05-08 19:05:03,618 - INFO - 🔄 步骤2: 点击Sign In进入登录页
2026-05-08 19:05:06,547 - INFO - ✅ 步骤2: 点击Sign In进入登录页 - 完成
2026-05-08 19:05:06,547 - INFO - 🔄 步骤3: 点击Forgot password进入忘记密码页
2026-05-08 19:05:09,564 - INFO - ✅ 步骤3: 点击Forgot password进入忘记密码页 - 完成
2026-05-08 19:05:09,564 - INFO - 🔄 步骤4: 输入邮箱并点击Next进入验证码页
2026-05-08 19:05:19,926 - INFO - ✅ 步骤4: 输入邮箱并点击Next进入验证码页 - 完成，邮箱: haoc51888@gmail.com
2026-05-08 19:05:19,927 - INFO - 🔄 步骤5: Gmail获取最新验证码code
2026-05-08 19:07:05,177 - INFO - ✅ 步骤5: Gmail获取最新验证码code - 完成，code: 041604
2026-05-08 19:07:05,179 - INFO - 🔄 步骤6: 输入验证码进入Set Password页
2026-05-08 19:07:14,497 - INFO - ✅ 步骤6: 输入验证码进入Set Password页 - 完成
2026-05-08 19:07:14,498 - INFO - 🔄 步骤7: 输入<6位密码
2026-05-08 19:07:18,094 - INFO - ✅ 步骤7: 输入<6位密码 - 完成（short_pwd: Csx15）
2026-05-08 19:07:18,094 - INFO - 🔄 步骤8: 断言密码规则提示/颜色（参考102224）
2026-05-08 19:07:18,487 - INFO - 📝 规则提示: • 6-20 characters 颜色: None
2026-05-08 19:07:18,883 - INFO - 📝 规则提示: • contains letters 颜色: None
2026-05-08 19:07:19,276 - INFO - 📝 规则提示: • contains numbers 颜色: None
2026-05-08 19:07:19,673 - INFO - 📝 规则提示: • Supports special characters:! @ # $ % ^ & * ( ) - _ = + \ | [ ] { } ; : / ? . , ~ > < ` 颜色: None
2026-05-08 19:07:19,673 - INFO - ✅ 步骤8: 断言密码规则提示/颜色（参考102224） - 完成
2026-05-08 19:07:19,673 - INFO - 🔄 步骤9: Done收起键盘，点击Submit仍停留Set Password页
2026-05-08 19:07:21,554 - INFO - ✅ 步骤9: Done收起键盘，点击Submit仍停留Set Password页 - 完成
2026-05-08 19:07:21,555 - INFO - 🎉 测试用例102146执行成功！
2026-05-08 19:07:23,585 - INFO - ✅ 报告已生成: /Users/ambrose.chen/Desktop/iot/project/APP外壳/2测试报告/platform/ios_20260508_190439/ios_20260508_190439_report.xlsx
