2026-05-09 19:22:41,955 - INFO - 🔄 步骤0: 登出，确保从登出状态开始测试
2026-05-09 19:22:41,955 - INFO - 开始登出流程...
2026-05-09 19:23:12,852 - INFO - 未检测到home sel/mine sel/mine，跳过登出流程
2026-05-09 19:23:12,854 - INFO - ✅ 步骤0: 登出，确保从登出状态开始测试 - 完成
2026-05-09 19:23:14,868 - INFO - 🔄 步骤1: 验证在APP首页（登录页面）
2026-05-09 19:23:15,021 - INFO - ✅ 步骤1: 验证在APP首页（登录页面） - 完成，确认在APP首页（登录页面）
2026-05-09 19:23:17,031 - INFO - 🔄 步骤2: 点击Sign Up按钮进入注册页面
2026-05-09 19:23:18,015 - INFO - ✅ 步骤2: 点击Sign Up按钮进入注册页面 - 完成
2026-05-09 19:23:21,021 - INFO - 🔄 步骤4: 点击Next（未输入邮箱、未勾选协议）
2026-05-09 19:23:21,925 - INFO - ✅ 已出现提示：Please sign up using your email address
2026-05-09 19:23:22,138 - INFO - ✅ 步骤4: 点击Next（未输入邮箱、未勾选协议） - 完成
2026-05-09 19:23:23,145 - INFO - 🔄 步骤5: 输入邮箱（value="Email"）
2026-05-09 19:23:23,149 - INFO - 📧 生成简单邮箱地址: testuser192@163.com
2026-05-09 19:23:24,920 - INFO - ✅ 步骤5: 输入邮箱（value="Email"） - 完成，邮箱: testuser192@163.com
2026-05-09 19:23:27,096 - INFO - 🔄 步骤6: 再次点击Next（仍应提示）
2026-05-09 19:23:28,188 - INFO - ✅ 步骤6: 再次点击Next（仍应提示） - 完成
2026-05-09 19:23:29,193 - INFO - 🔄 步骤7: 勾选协议（login check normal）
2026-05-09 19:23:29,854 - INFO - ✅ 步骤7: 勾选协议（login check normal） - 完成（后续以进入 Set Password 判定是否勾选成功）
2026-05-09 19:23:30,855 - INFO - 🔄 步骤8: 点击Next进入Set Password页面
2026-05-09 19:23:32,933 - INFO - ✅ 步骤8: 点击Next进入Set Password页面 - 完成
2026-05-09 19:23:33,934 - INFO - 🎉 测试用例102203执行成功！
2026-05-09 19:23:33,935 - INFO - ✅ 102203：只填写正确邮箱时 Next 不可进入 Set Password；勾选协议后可进入 Set Password
2026-05-09 19:23:35,971 - INFO - ✅ 报告已生成: /Users/ambrose.chen/Desktop/iot/project/APP外壳/2测试报告/platform/ios_20260509_192240/ios_20260509_192240_report.xlsx
