2026-05-11 21:08:33,314 - INFO - 🔄 步骤0: 登出，确保从登出状态开始测试
2026-05-11 21:08:33,315 - INFO - 开始登出流程...
2026-05-11 21:09:04,216 - INFO - 未检测到home sel/mine sel/mine，跳过登出流程
2026-05-11 21:09:04,217 - INFO - ✅ 步骤0: 登出，确保从登出状态开始测试 - 完成
2026-05-11 21:09:06,224 - INFO - 🔄 步骤1: 验证在APP首页（登录页面）
2026-05-11 21:09:06,379 - INFO - ✅ 步骤1: 验证在APP首页（登录页面） - 完成，确认在APP首页（登录页面）
2026-05-11 21:09:08,389 - INFO - 🔄 步骤2: 点击Sign Up按钮进入注册页面
2026-05-11 21:09:09,330 - INFO - ✅ 步骤2: 点击Sign Up按钮进入注册页面 - 完成
2026-05-11 21:09:12,339 - INFO - 🔄 步骤3: 验证进入Sign Up页面
2026-05-11 21:09:12,566 - INFO - ✅ 步骤3: 验证进入Sign Up页面 - 完成，确认已进入Sign Up注册页面
2026-05-11 21:09:14,575 - INFO - 🔄 步骤4: 输入邮箱
2026-05-11 21:09:14,578 - INFO - 📧 生成简单邮箱地址: testuser243@163.com
2026-05-11 21:09:16,567 - INFO - ✅ 步骤4: 输入邮箱 - 完成，邮箱: testuser243@163.com
2026-05-11 21:09:18,576 - INFO - 🔄 步骤5: 勾选隐私政策和用户协议
2026-05-11 21:09:24,722 - INFO - ✅ 隐私政策复选框已勾选
2026-05-11 21:09:26,232 - INFO - 🔄 步骤5.1: 收起键盘（Done）
2026-05-11 21:09:27,606 - INFO - ✅ 已点击Done收起键盘
2026-05-11 21:09:28,608 - INFO - 🔄 步骤6: 点击Next进入set password页面
2026-05-11 21:09:29,321 - INFO - ✅ 步骤6: 点击Next进入set password页面 - 完成，已点击Next按钮
2026-05-11 21:09:32,325 - INFO - 🔄 步骤7: 验证进入set password页面
2026-05-11 21:09:32,599 - INFO - ✅ 成功进入set password页面
2026-05-11 21:09:34,108 - INFO - 🔄 步骤8: 输入密码并确认
2026-05-11 21:09:35,908 - INFO - ✅ 已输入密码: xingmai123456
2026-05-11 21:09:37,966 - INFO - ✅ 已输入确认密码: xingmai123456
2026-05-11 21:09:40,190 - INFO - ✅ 密码页已点击Done收起键盘
2026-05-11 21:09:41,197 - INFO - 🔄 步骤9: 点击Next进入用户名页面
2026-05-11 21:09:42,167 - INFO - ✅ 已点击密码页Next按钮
2026-05-11 21:09:45,176 - INFO - 🔄 步骤10: 用户名页面点击Skip并验证主页面
2026-05-11 21:09:58,028 - INFO - ✅ 找到Skip元素: //XCUIElementTypeButton[@name="Skip"]
2026-05-11 21:09:58,431 - INFO - ✅ 已点击Skip跳过用户名
2026-05-11 21:10:01,646 - INFO - ✅ 主页面标识元素存在: //XCUIElementTypeButton[@name="home sel"]
2026-05-11 21:10:02,651 - INFO - 🎉 测试用例102232执行成功！
2026-05-11 21:10:02,652 - INFO - ✅ 数字+小写密码可正常跳转，成功到主页面
2026-05-11 21:10:04,688 - INFO - ✅ 报告已生成: /Users/ambrose.chen/Desktop/iot/project/APP外壳/2测试报告/platform/ios_20260511_210831/ios_20260511_210831_report.xlsx
