2026-05-12 11:01:02,805 - INFO - 🔄 步骤0: 登出，确保从登出状态开始测试
2026-05-12 11:01:02,805 - INFO - 开始登出流程...
2026-05-12 11:01:33,734 - INFO - 未检测到home sel/mine sel/mine，跳过登出流程
2026-05-12 11:01:33,736 - INFO - ✅ 步骤0: 登出，确保从登出状态开始测试 - 完成
2026-05-12 11:01:35,737 - INFO - 🔄 步骤1: 验证在APP首页（登录页面）
2026-05-12 11:01:35,900 - INFO - ✅ 步骤1: 验证在APP首页（登录页面） - 完成，确认在APP首页（登录页面）
2026-05-12 11:01:37,907 - INFO - 🔄 步骤2: 点击Sign Up按钮进入注册页面
2026-05-12 11:01:38,867 - INFO - ✅ 步骤2: 点击Sign Up按钮进入注册页面 - 完成
2026-05-12 11:01:41,877 - INFO - 🔄 步骤3: 验证进入Sign Up页面
2026-05-12 11:01:42,108 - INFO - ✅ 步骤3: 验证进入Sign Up页面 - 完成，确认已进入Sign Up注册页面
2026-05-12 11:01:44,110 - INFO - 🔄 步骤4: 邮箱输入纯数字
2026-05-12 11:01:45,919 - INFO - ✅ 步骤4: 邮箱输入纯数字 - 完成，输入纯数字邮箱: 1234567890
2026-05-12 11:01:47,928 - INFO - 🔄 步骤5: 勾选隐私政策和用户协议
2026-05-12 11:01:54,054 - INFO - ✅ 隐私政策复选框已勾选
2026-05-12 11:01:55,557 - INFO - 🔄 步骤5.1: 收起键盘（Done）
2026-05-12 11:01:56,825 - INFO - ✅ 已点击Done收起键盘
2026-05-12 11:01:57,833 - INFO - 🔄 步骤6: 点击Next按钮
2026-05-12 11:01:58,482 - INFO - ✅ 步骤6: 点击Next按钮 - 完成，已尝试点击Next按钮
2026-05-12 11:02:00,491 - INFO - 🔄 步骤7: 验证停留当前页面并出现提示
2026-05-12 11:02:11,429 - INFO - ✅ 找到提示信息元素，选择器: //XCUIElementTypeStaticText[@name="Please sign up using your email address"]
2026-05-12 11:02:11,430 - INFO - ✅ 步骤7: 验证停留当前页面并出现提示 - 完成，提示信息: Please sign up using your email address
2026-05-12 11:02:13,439 - INFO - 🎉 测试用例102206执行成功！
2026-05-12 11:02:13,440 - INFO - ✅ 验证输入纯数字邮箱，勾选隐私政策后点击Next，停留当前页并提示“Please sign up using your email address”
2026-05-12 11:02:15,465 - INFO - ✅ 报告已生成: /Users/ambrose.chen/Desktop/iot/project/APP外壳/2测试报告/platform/ios_20260512_110101/ios_20260512_110101_report.xlsx
