2026-05-09 18:45:04,696 - INFO - 🔄 步骤0: 登出，确保从登出状态开始测试
2026-05-09 18:45:04,696 - INFO - 开始登出流程...
2026-05-09 18:45:35,606 - INFO - 未检测到home sel/mine sel/mine，跳过登出流程
2026-05-09 18:45:35,608 - INFO - ✅ 步骤0: 登出，确保从登出状态开始测试 - 完成
2026-05-09 18:45:37,615 - INFO - 🔄 步骤1: 获取设备地区设置
2026-05-09 18:45:37,615 - INFO - ℹ️ 使用默认设备地区: China
2026-05-09 18:45:37,615 - INFO - ℹ️ 提示：实际设备地区将通过注册页面显示的国家来验证和比较
2026-05-09 18:45:37,616 - INFO - ✅ 步骤1: 获取设备地区设置 - 完成
2026-05-09 18:45:37,616 - INFO - 📱 设备当前地区: China
2026-05-09 18:45:38,626 - INFO - 🔄 步骤2: 验证在APP首页（登录页面）
2026-05-09 18:45:38,785 - INFO - ✅ 步骤2: 验证在APP首页（登录页面） - 完成，确认在APP首页（登录页面）
2026-05-09 18:45:40,796 - INFO - 🔄 步骤3: 点击Sign Up按钮进入注册页面
2026-05-09 18:45:41,755 - INFO - ✅ 步骤3: 点击Sign Up按钮进入注册页面 - 完成
2026-05-09 18:45:44,762 - INFO - 🔄 步骤4: 验证进入Sign Up页面
2026-05-09 18:45:44,998 - INFO - ✅ 步骤4: 验证进入Sign Up页面 - 完成，确认已进入Sign Up注册页面
2026-05-09 18:45:47,006 - INFO - 🔄 步骤5: 查找并验证国家选择元素
2026-05-09 18:45:47,006 - INFO - 🔍 尝试滚动页面查找国家选择元素...
2026-05-09 18:45:47,363 - INFO - ✅ 找到国家元素，使用选择器: //XCUIElementTypeStaticText[@name="China"]
2026-05-09 18:45:47,363 - INFO - 📝 显示的国家名称: China
2026-05-09 18:45:47,363 - INFO - ✅ 步骤5: 查找并验证国家选择元素 - 完成
2026-05-09 18:45:47,363 - INFO - 📝 注册页面显示的国家: China
2026-05-09 18:45:48,369 - INFO - 🔄 步骤6: 验证国家选择与设备地区一致
2026-05-09 18:45:48,369 - INFO - 📝 设备地区（标准化后）: China
2026-05-09 18:45:48,369 - INFO - 📝 注册页面显示国家（标准化后）: China
2026-05-09 18:45:48,370 - INFO - ✅ 步骤6: 验证国家选择与设备地区一致 - 完成
2026-05-09 18:45:48,370 - INFO - ✅ 国家选择与设备地区一致: China
2026-05-09 18:45:49,378 - INFO - 🔄 步骤7: 测试国家选择器功能 - 搜索和切换国家
2026-05-09 18:45:49,378 - INFO - 🔍 尝试点击国家选择元素，打开国家选择列表...
2026-05-09 18:46:14,850 - INFO - 🔍 尝试点击国家显示元素或其父元素...
2026-05-09 18:46:17,689 - INFO - ✅ 已打开国家选择列表
2026-05-09 18:46:17,689 - INFO - 🔍 测试搜索France...
2026-05-09 18:46:44,259 - INFO - ✅ 找到France选项: France
2026-05-09 18:46:48,499 - INFO - ✅ 注册页面显示的国家已更新为France
2026-05-09 18:46:48,500 - INFO - 🔍 再次打开国家选择列表，测试搜索China...
2026-05-09 18:47:17,977 - INFO - ✅ 找到China选项: China
2026-05-09 18:47:22,231 - INFO - ✅ 注册页面显示的国家已更新为China
2026-05-09 18:47:22,231 - INFO - ✅ 步骤7: 测试国家选择器功能 - 搜索和切换国家 - 完成（部分功能可能未完全测试）
2026-05-09 18:47:23,241 - INFO - 🎉 测试用例102183执行成功！
2026-05-09 18:47:23,241 - INFO - ✅ 注册页面国家默认选择与设备地区一致: China
2026-05-09 18:47:25,275 - INFO - ✅ 报告已生成: /Users/ambrose.chen/Desktop/iot/project/APP外壳/2测试报告/platform/ios_20260509_184502/ios_20260509_184502_report.xlsx
