2026-05-09 19:07:06,197 - INFO - 🔄 步骤0: 登出，确保从登出状态开始测试
2026-05-09 19:07:06,198 - INFO - 开始登出流程...
2026-05-09 19:07:37,095 - INFO - 未检测到home sel/mine sel/mine，跳过登出流程
2026-05-09 19:07:37,097 - INFO - ✅ 步骤0: 登出，确保从登出状态开始测试 - 完成
2026-05-09 19:07:39,103 - INFO - 🔄 步骤1: 验证在APP首页（登录页面）
2026-05-09 19:07:39,260 - INFO - ✅ 步骤1: 验证在APP首页（登录页面） - 完成，确认在APP首页（登录页面）
2026-05-09 19:07:41,270 - INFO - 🔄 步骤2: 点击Sign Up按钮进入注册页面
2026-05-09 19:07:42,227 - INFO - ✅ 步骤2: 点击Sign Up按钮进入注册页面 - 完成
2026-05-09 19:07:45,237 - INFO - 🔄 步骤3: 验证进入Sign Up页面
2026-05-09 19:07:45,468 - INFO - ✅ 步骤3: 验证进入Sign Up页面 - 完成，确认已进入Sign Up注册页面
2026-05-09 19:07:47,476 - INFO - 🔄 步骤5: 勾选隐私政策和用户协议
2026-05-09 19:07:53,312 - INFO - ✅ 已勾选隐私政策复选框
2026-05-09 19:07:54,318 - INFO - ✅ 步骤5: 勾选隐私政策和用户协议 - 完成，隐私政策复选框已勾选
2026-05-09 19:07:56,324 - INFO - 🔄 步骤6: 输入邮箱名称80个字符
2026-05-09 19:07:56,325 - INFO - 📧 生成长邮箱地址（80个字符）: yoKefKsff2PtCVych2ekq6QiTgjnOMFZItprGcBBwpB5x9FCvi...
2026-05-09 19:07:56,325 - INFO - 📝 邮箱地址长度: 80 个字符
2026-05-09 19:07:59,241 - INFO - ✅ 步骤6: 输入邮箱名称80个字符 - 完成，已输入80个字符的邮箱
2026-05-09 19:08:01,249 - INFO - 🔄 步骤7: 点击Done按钮收起键盘
2026-05-09 19:08:02,564 - INFO - ✅ 步骤7: 点击Done按钮收起键盘 - 完成
2026-05-09 19:08:04,575 - INFO - 🔄 步骤8: 点击Next按钮
2026-05-09 19:08:15,225 - INFO - ✅ 点击前确认仍在Sign Up注册页面
2026-05-09 19:08:15,909 - INFO - ✅ 步骤8: 点击Next按钮 - 完成，已点击Next按钮
2026-05-09 19:08:17,913 - INFO - 🔄 步骤9: 验证点击后仍停留在当前页面，页面出现提示信息
2026-05-09 19:08:28,592 - INFO - ✅ 验证通过：点击Next按钮后仍停留在当前页面
2026-05-09 19:08:28,875 - INFO - 📝 提示信息内容: Please sign up using your email address
2026-05-09 19:08:28,875 - INFO - ✅ 步骤9: 验证点击后仍停留在当前页面，页面出现提示信息 - 完成
2026-05-09 19:08:28,875 - INFO - ✅ 验证通过：页面显示提示信息: Please sign up using your email address
2026-05-09 19:08:30,885 - INFO - 🎉 测试用例102193执行成功！
2026-05-09 19:08:30,885 - INFO - ✅ 验证注册时，邮箱名称过长：停留在当前页面并显示提示信息
2026-05-09 19:08:32,916 - INFO - ✅ 报告已生成: /Users/ambrose.chen/Desktop/iot/project/APP外壳/2测试报告/platform/ios_20260509_190704/ios_20260509_190704_report.xlsx
