2026-05-12 10:20:12,330 - INFO - 🔄 步骤0: 登出，确保从登出状态开始测试
2026-05-12 10:20:12,331 - INFO - 开始登出流程...
2026-05-12 10:20:43,233 - INFO - 未检测到home sel/mine sel/mine，跳过登出流程
2026-05-12 10:20:43,234 - INFO - ✅ 步骤0: 登出，确保从登出状态开始测试 - 完成
2026-05-12 10:20:45,239 - INFO - 🔄 步骤1: 获取设备地区设置
2026-05-12 10:20:45,239 - INFO - ℹ️ 使用默认设备地区: China
2026-05-12 10:20:45,239 - INFO - ℹ️ 提示：实际设备地区将通过注册页面显示的国家来验证和比较
2026-05-12 10:20:45,240 - INFO - ✅ 步骤1: 获取设备地区设置 - 完成
2026-05-12 10:20:45,240 - INFO - 📱 设备当前地区: China
2026-05-12 10:20:46,244 - INFO - 🔄 步骤2: 验证在APP首页（登录页面）
2026-05-12 10:20:46,407 - INFO - ✅ 步骤2: 验证在APP首页（登录页面） - 完成，确认在APP首页（登录页面）
2026-05-12 10:20:48,412 - INFO - 🔄 步骤3: 点击Sign Up按钮进入注册页面
2026-05-12 10:20:49,353 - INFO - ✅ 步骤3: 点击Sign Up按钮进入注册页面 - 完成
2026-05-12 10:20:52,359 - INFO - 🔄 步骤4: 验证进入Sign Up页面
2026-05-12 10:20:52,607 - INFO - ✅ 步骤4: 验证进入Sign Up页面 - 完成，确认已进入Sign Up注册页面
2026-05-12 10:20:54,608 - INFO - 🔄 步骤5: 查找并验证国家选择元素
2026-05-12 10:20:54,608 - INFO - 🔍 尝试滚动页面查找国家选择元素...
2026-05-12 10:20:54,961 - INFO - ✅ 找到国家元素，使用选择器: //XCUIElementTypeStaticText[@name="China"]
2026-05-12 10:20:54,962 - INFO - 📝 显示的国家名称: China
2026-05-12 10:20:54,962 - INFO - ✅ 步骤5: 查找并验证国家选择元素 - 完成
2026-05-12 10:20:54,962 - INFO - 📝 注册页面显示的国家: China
2026-05-12 10:20:55,968 - INFO - 🔄 步骤6: 验证国家选择与设备地区一致
2026-05-12 10:20:55,969 - INFO - 📝 设备地区（标准化后）: China
2026-05-12 10:20:55,969 - INFO - 📝 注册页面显示国家（标准化后）: China
2026-05-12 10:20:55,969 - INFO - ✅ 步骤6: 验证国家选择与设备地区一致 - 完成
2026-05-12 10:20:55,969 - INFO - ✅ 国家选择与设备地区一致: China
2026-05-12 10:20:56,972 - INFO - 🔄 步骤7: 测试国家选择器功能 - 搜索和切换国家
2026-05-12 10:20:56,972 - INFO - 🔍 尝试点击国家选择元素，打开国家选择列表...
2026-05-12 10:21:22,473 - INFO - 🔍 尝试点击国家显示元素或其父元素...
2026-05-12 10:21:25,312 - INFO - ✅ 已打开国家选择列表
2026-05-12 10:21:25,312 - INFO - 🔍 测试搜索France...
2026-05-12 10:21:51,913 - INFO - ✅ 找到France选项: France
2026-05-12 10:21:56,169 - INFO - ✅ 注册页面显示的国家已更新为France
2026-05-12 10:21:56,170 - INFO - 🔍 再次打开国家选择列表，测试搜索China...
2026-05-12 10:22:25,535 - INFO - ✅ 找到China选项: China
2026-05-12 10:22:29,785 - INFO - ✅ 注册页面显示的国家已更新为China
2026-05-12 10:22:29,785 - INFO - ✅ 步骤7: 测试国家选择器功能 - 搜索和切换国家 - 完成（部分功能可能未完全测试）
2026-05-12 10:22:30,791 - INFO - 🎉 测试用例102183执行成功！
2026-05-12 10:22:30,791 - INFO - ✅ 注册页面国家默认选择与设备地区一致: China
2026-05-12 10:22:32,819 - INFO - ✅ 报告已生成: /Users/ambrose.chen/Desktop/iot/project/APP外壳/2测试报告/platform/ios_20260512_102010/ios_20260512_102010_report.xlsx
