2026-05-07 21:13:33,134 - INFO - 🔄 步骤0: 登出，确保从登出状态开始测试
2026-05-07 21:13:33,134 - INFO - 开始登出流程...
2026-05-07 21:14:04,037 - INFO - 未检测到home sel/mine sel/mine，跳过登出流程
2026-05-07 21:14:04,038 - INFO - ✅ 步骤0: 登出，确保从登出状态开始测试 - 完成
2026-05-07 21:14:06,046 - INFO - 🔄 步骤1: 验证在APP首页（登录页面）
2026-05-07 21:14:06,199 - INFO - ✅ 步骤1: 验证在APP首页（登录页面） - 完成，确认在APP首页（登录页面）
2026-05-07 21:14:08,206 - INFO - 🔄 步骤2: 点击Sign Up按钮进入注册页面
2026-05-07 21:14:09,179 - INFO - ✅ 步骤2: 点击Sign Up按钮进入注册页面 - 完成
2026-05-07 21:14:12,182 - INFO - 🔄 步骤3: 验证进入Sign Up页面
2026-05-07 21:14:12,409 - INFO - ✅ 步骤3: 验证进入Sign Up页面 - 完成，确认已进入Sign Up注册页面
2026-05-07 21:14:14,420 - INFO - 🔄 步骤5: 勾选隐私政策和用户协议
2026-05-07 21:14:20,260 - INFO - ✅ 已勾选隐私政策复选框
2026-05-07 21:14:21,264 - INFO - ✅ 步骤5: 勾选隐私政策和用户协议 - 完成，隐私政策复选框已勾选
2026-05-07 21:14:23,268 - INFO - 🔄 步骤6: 输入邮箱名称80个字符
2026-05-07 21:14:23,269 - INFO - 📧 生成长邮箱地址（80个字符）: tQPdnA33NSQ3XjhXOd5GiwucS2m3ZYSIAhVktio5MX6TVQ9lkB...
2026-05-07 21:14:23,269 - INFO - 📝 邮箱地址长度: 80 个字符
2026-05-07 21:14:26,212 - INFO - ✅ 步骤6: 输入邮箱名称80个字符 - 完成，已输入80个字符的邮箱
2026-05-07 21:14:28,221 - INFO - 🔄 步骤7: 点击Done按钮收起键盘
2026-05-07 21:14:29,518 - INFO - ✅ 步骤7: 点击Done按钮收起键盘 - 完成
2026-05-07 21:14:31,529 - INFO - 🔄 步骤8: 点击Next按钮
2026-05-07 21:14:42,148 - INFO - ✅ 点击前确认仍在Sign Up注册页面
2026-05-07 21:14:42,844 - INFO - ✅ 步骤8: 点击Next按钮 - 完成，已点击Next按钮
2026-05-07 21:14:44,851 - INFO - 🔄 步骤9: 验证点击后仍停留在当前页面，页面出现提示信息
2026-05-07 21:14:55,523 - INFO - ✅ 验证通过：点击Next按钮后仍停留在当前页面
2026-05-07 21:14:55,804 - INFO - 📝 提示信息内容: Please sign up using your email address
2026-05-07 21:14:55,805 - INFO - ✅ 步骤9: 验证点击后仍停留在当前页面，页面出现提示信息 - 完成
2026-05-07 21:14:55,805 - INFO - ✅ 验证通过：页面显示提示信息: Please sign up using your email address
2026-05-07 21:14:57,815 - INFO - 🎉 测试用例102193执行成功！
2026-05-07 21:14:57,816 - INFO - ✅ 验证注册时，邮箱名称过长：停留在当前页面并显示提示信息
2026-05-07 21:14:59,846 - INFO - ✅ 报告已生成: /Users/ambrose.chen/Desktop/iot/project/APP外壳/2测试报告/platform/ios_20260507_211331/ios_20260507_211331_report.xlsx
