2026-05-07 21:42:38,402 - INFO - 🔄 步骤0: 登出，确保从登出状态开始测试
2026-05-07 21:42:38,403 - INFO - 开始登出流程...
2026-05-07 21:43:09,318 - INFO - 未检测到home sel/mine sel/mine，跳过登出流程
2026-05-07 21:43:09,319 - INFO - ✅ 步骤0: 登出，确保从登出状态开始测试 - 完成
2026-05-07 21:43:11,320 - INFO - 🔄 步骤1: 验证在APP首页（登录页面）
2026-05-07 21:43:11,479 - INFO - ✅ 步骤1: 验证在APP首页（登录页面） - 完成，确认在APP首页（登录页面）
2026-05-07 21:43:13,489 - INFO - 🔄 步骤2: 点击Sign Up按钮进入注册页面
2026-05-07 21:43:14,442 - INFO - ✅ 步骤2: 点击Sign Up按钮进入注册页面 - 完成
2026-05-07 21:43:17,450 - INFO - 🔄 步骤3: 验证进入Sign Up页面
2026-05-07 21:43:17,674 - INFO - ✅ 步骤3: 验证进入Sign Up页面 - 完成，确认已进入Sign Up注册页面
2026-05-07 21:43:19,677 - INFO - 🔄 步骤4: 邮箱输入错误格式
2026-05-07 21:43:21,563 - INFO - ✅ 步骤4: 邮箱输入错误格式 - 完成，输入错误邮箱: asd.gmail.com
2026-05-07 21:43:23,567 - INFO - 🔄 步骤5: 勾选隐私政策和用户协议
2026-05-07 21:43:29,530 - INFO - ✅ 隐私政策复选框已勾选
2026-05-07 21:43:31,031 - INFO - 🔄 步骤5.1: 收起键盘（Done）
2026-05-07 21:43:32,476 - INFO - ✅ 已点击Done收起键盘
2026-05-07 21:43:33,485 - INFO - 🔄 步骤6: 点击Next按钮
2026-05-07 21:43:34,131 - INFO - ✅ 步骤6: 点击Next按钮 - 完成，已点击Next按钮
2026-05-07 21:43:36,139 - INFO - 🔄 步骤7: 验证停留当前页面并出现提示
2026-05-07 21:43:47,057 - INFO - ✅ 找到提示信息元素，选择器: //XCUIElementTypeStaticText[@name="Please sign up using your email address"]
2026-05-07 21:43:47,057 - INFO - ✅ 步骤7: 验证停留当前页面并出现提示 - 完成，提示信息: Please sign up using your email address
2026-05-07 21:43:49,058 - INFO - 🎉 测试用例102216执行成功！
2026-05-07 21:43:49,058 - INFO - ✅ 验证错误邮箱（只有点）勾选隐私后点击Next，停留当前页并提示“Please sign up using your email address”
2026-05-07 21:43:51,095 - INFO - ✅ 报告已生成: /Users/ambrose.chen/Desktop/iot/project/APP外壳/2测试报告/platform/ios_20260507_214236/ios_20260507_214236_report.xlsx
