2026-05-09 10:33:46,541 - INFO - 🔄 步骤1: 重置APP，检测登录状态并登出
2026-05-09 10:33:52,410 - INFO -     ✅ APP已重置
2026-05-09 10:34:07,639 - INFO -     ℹ️ 未检测到登录状态，已在登录页面
2026-05-09 10:34:07,640 - INFO - ✅ 步骤1: 重置APP，检测登录状态并登出 - 完成
2026-05-09 10:34:07,640 - INFO - 🔄 步骤3: 点击登录按钮进入Sign in页面
2026-05-09 10:34:08,627 - INFO - ✅ 步骤3: 点击登录按钮进入Sign in页面 - 完成
2026-05-09 10:34:10,130 - INFO - 🔄 步骤4: 点击邮箱框，输入邮箱
2026-05-09 10:34:51,061 - INFO -     ✅ 邮箱输入完成: haoc51888@gmail.com
2026-05-09 10:34:52,068 - INFO - ✅ 步骤4: 点击邮箱框，输入邮箱 - 完成
2026-05-09 10:34:52,068 - INFO - 🔄 步骤5: 点击密码框，输入密码
2026-05-09 10:35:33,466 - INFO -     ✅ 密码输入完成
2026-05-09 10:35:34,468 - INFO - ✅ 步骤5: 点击密码框，输入密码 - 完成
2026-05-09 10:35:34,481 - INFO - 🔄 步骤6: 点击键盘Done，收起键盘
2026-05-09 10:35:35,732 - INFO - ✅ 步骤6: 点击键盘Done，收起键盘 - 完成
2026-05-09 10:35:36,738 - INFO - 🔄 步骤7: 点击协议勾选框
2026-05-09 10:35:37,525 - INFO - ✅ 步骤7: 点击协议勾选框 - 完成
2026-05-09 10:35:38,529 - INFO - 🔄 步骤8: 点击登录按钮
2026-05-09 10:35:39,344 - INFO - ✅ 步骤8: 点击登录按钮 - 完成
2026-05-09 10:35:39,344 - INFO -     ⏳ 等待登录跳转（4.0s）…
2026-05-09 10:35:43,348 - INFO - 🔄 步骤9: 断言登录成功
2026-05-09 10:35:43,667 - INFO -     ✅ 已检测到底部 Mine Tab，登录成功
2026-05-09 10:35:43,667 - INFO - ✅ 步骤9: 断言登录成功 - 完成，登录成功
2026-05-09 10:35:43,667 - INFO - 🎉 测试用例102667执行成功！
2026-05-09 10:35:43,699 - INFO - ✅ 报告已生成: /Users/ambrose.chen/Desktop/iot/project/APP外壳/2测试报告/platform/ios_20260509_103343/ios_20260509_103343_report.xlsx
