2026-05-20 14:00:41,230 - INFO - 🔄 步骤1: 重置APP，检测登录状态并登出
2026-05-20 14:00:47,116 - INFO -     ✅ APP已重置
2026-05-20 14:01:02,307 - INFO -     ℹ️ 未检测到登录状态，已在登录页面
2026-05-20 14:01:02,308 - INFO - ✅ 步骤1: 重置APP，检测登录状态并登出 - 完成
2026-05-20 14:01:02,308 - INFO - 🔄 步骤2: 点击登录按钮进入Sign in页面
2026-05-20 14:01:03,306 - INFO - ✅ 步骤2: 点击登录按钮进入Sign in页面 - 完成
2026-05-20 14:01:04,812 - INFO - 🔄 步骤3: 点击邮箱框，输入邮箱（正确的邮箱）
2026-05-20 14:01:45,745 - INFO -     ✅ 邮箱输入完成: haoc51888@gmail.com
2026-05-20 14:01:46,750 - INFO - ✅ 步骤3: 点击邮箱框，输入邮箱（正确的邮箱） - 完成
2026-05-20 14:01:46,750 - INFO - 🔄 步骤4: 点击密码框，输入密码（错误的密码）
2026-05-20 14:02:28,226 - INFO -     ✅ 密码输入完成（错误密码）
2026-05-20 14:02:29,232 - INFO - ✅ 步骤4: 点击密码框，输入密码（错误的密码） - 完成
2026-05-20 14:02:29,233 - INFO - 🔄 步骤5: 点击键盘Done，收起键盘
2026-05-20 14:02:30,467 - INFO - ✅ 步骤5: 点击键盘Done，收起键盘 - 完成
2026-05-20 14:02:31,471 - INFO - 🔄 步骤6: 点击协议勾选框
2026-05-20 14:02:32,247 - INFO - ✅ 步骤6: 点击协议勾选框 - 完成
2026-05-20 14:02:33,251 - INFO - 🔄 步骤7: 点击登录按钮
2026-05-20 14:02:34,108 - INFO - ✅ 步骤7: 点击登录按钮 - 完成
2026-05-20 14:02:36,111 - INFO - 🔄 步骤8: 断言页面显示错误提示信息
2026-05-20 14:02:37,057 - INFO -     ✅ 找到错误提示信息: Incorrect account or password. Please check and try again.
2026-05-20 14:02:37,057 - INFO - ✅ 步骤8: 断言页面显示错误提示信息 - 完成，错误提示信息已显示
2026-05-20 14:02:37,057 - INFO - 🎉 测试用例102651执行成功！
2026-05-20 14:02:37,080 - INFO - ✅ 报告已生成: /Users/ambrose.chen/Desktop/iot/project/APP外壳/2测试报告/platform/ios_20260520_140039/ios_20260520_140039_report.xlsx
