2026-05-18 17:32:02,626 - INFO - 🔄 步骤1: 重启APP
2026-05-18 17:32:02,626 - INFO -     🔄 driver.terminate_app / activate_app: com.xingmai.tech
2026-05-18 17:32:07,545 - INFO -     ✅ APP 已重启
2026-05-18 17:32:07,546 - INFO - ✅ 步骤1: 重启APP - 完成
2026-05-18 17:32:07,546 - INFO - 🔄 步骤2: 检测登录状态并确保在登录/注册入口页
2026-05-18 17:32:07,553 - INFO -     🔄 检测已登录元素: //android.view.View[@content-desc="More"]
2026-05-18 17:32:07,688 - INFO -     🔄 检测已登录元素: //*[@content-desc="More"]
2026-05-18 17:32:08,302 - INFO -     ℹ️ 未检测到 More，判定未登录
2026-05-18 17:32:08,302 - INFO -     🔄 等待登录/注册入口页: //*[(@text="Sign In" or @text="Sign Up") or contains(@text,"Sign In") or contains(@text,"Sign Up") or @content-desc="Sign In" or @content-desc="Sign Up"]
2026-05-18 17:32:08,349 - INFO -     ✅ 已处于登录/注册入口页
2026-05-18 17:32:08,350 - INFO - ✅ 步骤2: 检测登录状态并确保在登录/注册入口页 - 完成
2026-05-18 17:32:08,350 - INFO - 🔄 步骤3: 点击 Sign In 进入登录页
2026-05-18 17:32:08,350 - INFO -     🔄 定位 Sign In: //android.widget.TextView[@text="Sign In"]
2026-05-18 17:32:08,416 - INFO -     ✅ 找到 Sign In: //android.widget.TextView[@text="Sign In"]
2026-05-18 17:32:09,048 - INFO - ✅ 步骤3: 点击 Sign In 进入登录页 - 完成
2026-05-18 17:32:10,550 - INFO - 🔄 步骤4: 输入邮箱
2026-05-18 17:32:10,550 - INFO -     🔄 邮箱: haoc51888@gmail.com
2026-05-18 17:32:11,414 - INFO -     ✅ 聚焦: //android.widget.ScrollView/android.widget.EditText[1]/android.view.View[2]
2026-05-18 17:32:11,414 - INFO -     🔄 定位: //android.widget.ScrollView/android.widget.EditText[1]
2026-05-18 17:32:11,796 - INFO - ✅ 步骤4: 输入邮箱 - 完成
2026-05-18 17:32:11,796 - INFO - 🔄 步骤5: 输入密码
2026-05-18 17:32:11,796 - INFO -     🔄 密码已填入（长度 9）
2026-05-18 17:32:12,510 - INFO -     🔄 定位: //android.widget.ScrollView/android.widget.EditText[2]
2026-05-18 17:32:12,924 - INFO - ✅ 步骤5: 输入密码 - 完成
2026-05-18 17:32:12,925 - INFO - 🔄 步骤6: 收起输入键盘
2026-05-18 17:32:14,521 - INFO -     ✅ hide_keyboard 成功
2026-05-18 17:32:14,927 - INFO - ✅ 步骤6: 收起输入键盘 - 完成
2026-05-18 17:32:14,927 - INFO - 🔄 步骤7: 勾选用户协议与隐私政策
2026-05-18 17:32:14,927 - INFO -     🔄 定位: //android.widget.ImageView[@content-desc="checkbox"]
2026-05-18 17:32:15,812 - INFO - ✅ 步骤7: 勾选用户协议与隐私政策 - 完成
2026-05-18 17:32:15,812 - INFO - 🔄 步骤8: 点击 Next 登录
2026-05-18 17:32:15,812 - INFO -     🔄 定位: //android.widget.ImageView[@content-desc="next"]
2026-05-18 17:32:17,153 - INFO - ✅ 步骤8: 点击 Next 登录 - 完成
2026-05-18 17:32:17,153 - INFO - 🔄 步骤9: 断言提示文案
2026-05-18 17:32:17,153 - INFO -     🔄 期望文案: Incorrect account or password. Please check and try again.
2026-05-18 17:32:17,860 - INFO -     ✅ 已显示提示
2026-05-18 17:32:17,861 - INFO - ✅ 步骤9: 断言提示文案 - 完成
2026-05-18 17:32:17,861 - INFO - 🎉 测试用例 200002 执行成功！
2026-05-18 17:32:17,883 - INFO - ✅ 报告已生成: /Users/ambrose.chen/Desktop/iot/project/APP外壳/2测试报告/platform/android_20260518_173159/android_20260518_173159_report.xlsx
