2026-05-09 19:24:46,448 - INFO - 🔄 步骤0: 登出，确保从登出状态开始测试
2026-05-09 19:24:46,448 - INFO - 开始登出流程...
2026-05-09 19:25:17,362 - INFO - 未检测到home sel/mine sel/mine，跳过登出流程
2026-05-09 19:25:17,363 - INFO - ✅ 步骤0: 登出，确保从登出状态开始测试 - 完成
2026-05-09 19:25:20,369 - INFO - 🔄 步骤1: 验证在APP首页（登录页面）
2026-05-09 19:25:20,526 - INFO - ✅ 步骤1: 验证在APP首页（登录页面） - 完成，确认在APP首页（登录页面）
2026-05-09 19:25:22,535 - INFO - 🔄 步骤2: 点击Sign Up按钮进入注册页面
2026-05-09 19:25:23,485 - INFO - ✅ 步骤2: 点击Sign Up按钮进入注册页面 - 完成
2026-05-09 19:25:26,487 - INFO - 🔄 步骤3: 验证进入Sign Up页面
2026-05-09 19:25:26,732 - INFO - ✅ 步骤3: 验证进入Sign Up页面 - 完成，确认已进入Sign Up注册页面
2026-05-09 19:25:28,739 - INFO - 🔄 步骤4: 在邮箱栏输入邮箱
2026-05-09 19:25:28,742 - INFO - 📧 生成简单邮箱地址: testuser194@163.com
2026-05-09 19:25:30,739 - INFO - ✅ 步骤4: 在邮箱栏输入邮箱 - 完成，邮箱: testuser194@163.com
2026-05-09 19:25:32,749 - INFO - 🔄 步骤5: 点击邮箱右侧清除按钮
2026-05-09 19:25:33,758 - INFO - ✅ 步骤5: 点击邮箱右侧清除按钮 - 完成，已点击清除按钮
2026-05-09 19:25:35,768 - INFO - 🔄 步骤6: 验证邮箱被清空
2026-05-09 19:25:36,283 - INFO - 📝 清除后邮箱框内容: 'Email'
2026-05-09 19:25:36,284 - INFO - ✅ 步骤6: 验证邮箱被清空 - 完成，邮箱已清空
2026-05-09 19:25:37,292 - INFO - 🎉 测试用例102205执行成功！
2026-05-09 19:25:37,292 - INFO - ✅ 验证清空邮箱的“×”按钮，可以清空邮箱
2026-05-09 19:25:39,318 - INFO - ✅ 报告已生成: /Users/ambrose.chen/Desktop/iot/project/APP外壳/2测试报告/platform/ios_20260509_192444/ios_20260509_192444_report.xlsx
