2026-05-07 22:20:02,416 - INFO - 🔄 步骤0: 登出，确保从登出状态开始测试
2026-05-07 22:20:02,416 - INFO - 开始登出流程...
2026-05-07 22:20:33,325 - INFO - 未检测到home sel/mine sel/mine，跳过登出流程
2026-05-07 22:20:33,325 - INFO - ✅ 步骤0: 登出，确保从登出状态开始测试 - 完成
2026-05-07 22:20:35,334 - INFO - 🔄 步骤1: 验证在APP首页（登录页面）
2026-05-07 22:20:35,501 - INFO - ✅ 步骤1: 验证在APP首页（登录页面） - 完成，确认在APP首页（登录页面）
2026-05-07 22:20:37,511 - INFO - 🔄 步骤2: 点击Sign Up按钮进入注册页面
2026-05-07 22:20:38,483 - INFO - ✅ 步骤2: 点击Sign Up按钮进入注册页面 - 完成
2026-05-07 22:20:41,493 - INFO - 🔄 步骤3: 验证进入Sign Up页面
2026-05-07 22:20:41,727 - INFO - ✅ 步骤3: 验证进入Sign Up页面 - 完成，确认已进入Sign Up注册页面
2026-05-07 22:20:43,731 - INFO - 🔄 步骤4: 输入邮箱
2026-05-07 22:20:43,734 - INFO - 📧 生成简单邮箱地址: testuser127@163.com
2026-05-07 22:20:45,734 - INFO - ✅ 步骤4: 输入邮箱 - 完成，邮箱: testuser127@163.com
2026-05-07 22:20:47,744 - INFO - 🔄 步骤5: 勾选隐私政策和用户协议
2026-05-07 22:20:53,702 - INFO - ✅ 隐私政策复选框已勾选
2026-05-07 22:20:55,212 - INFO - 🔄 步骤5.1: 收起键盘（Done）
2026-05-07 22:20:56,512 - INFO - ✅ 已点击Done收起键盘
2026-05-07 22:20:57,523 - INFO - 🔄 步骤6: 点击Next进入set password页面
2026-05-07 22:20:58,228 - INFO - ✅ 步骤6: 点击Next进入set password页面 - 完成，已点击Next按钮
2026-05-07 22:21:01,231 - INFO - 🔄 步骤7: 验证进入set password页面
2026-05-07 22:21:01,524 - INFO - ✅ 成功进入set password页面
2026-05-07 22:21:03,032 - INFO - 🔄 步骤8: 输入密码并确认
2026-05-07 22:21:05,000 - INFO - ✅ 已输入密码: Csx150128
2026-05-07 22:21:07,000 - INFO - ✅ 已输入确认密码: Csx150128
2026-05-07 22:21:09,241 - INFO - ✅ 密码页已点击Done收起键盘
2026-05-07 22:21:10,250 - INFO - 🔄 步骤9: 点击Next进入Personal Information页面
2026-05-07 22:21:11,236 - INFO - ✅ 已点击密码页Next按钮
2026-05-07 22:21:14,242 - INFO - 🔄 步骤10: 验证Personal Information页面元素
2026-05-07 22:21:15,559 - INFO - ✅ 找到Skip元素: //XCUIElementTypeButton[@name="Skip"]
2026-05-07 22:21:15,755 - INFO - ✅ 找到Submit按钮
2026-05-07 22:21:15,755 - INFO - ✅ Personal Information页面元素验证通过
2026-05-07 22:21:16,765 - INFO - 🎉 测试用例102226执行成功！
2026-05-07 22:21:16,766 - INFO - ✅ Personal Information页面显示正确，包含Skip和Submit元素
2026-05-07 22:21:18,801 - INFO - ✅ 报告已生成: /Users/ambrose.chen/Desktop/iot/project/APP外壳/2测试报告/platform/ios_20260507_222000/ios_20260507_222000_report.xlsx
