2026-05-07 20:34:43,353 - INFO - 🔄 步骤1: 重置APP，检测登录状态并登出
2026-05-07 20:34:49,408 - INFO -     ✅ APP已重置
2026-05-07 20:34:49,649 - INFO -     ✅ 检测到已登录状态: //XCUIElementTypeButton[@name="home sel"]
2026-05-07 20:34:49,649 - INFO -     🔄 检测到已登录，执行登出操作...
2026-05-07 20:34:49,649 - INFO - 开始登出流程...
2026-05-07 20:34:49,838 - INFO - 检测到home sel元素
2026-05-07 20:35:01,211 - INFO - ✅ 点击mine按钮: //XCUIElementTypeButton[@name="mine"]
2026-05-07 20:35:03,371 - INFO - ✅ 点击CommonEdit编辑按钮: //XCUIElementTypeButton[@name="CommonEdit"]
2026-05-07 20:35:05,570 - INFO - ✅ 点击Log Out: //XCUIElementTypeButton[@name="Log Out"]
2026-05-07 20:35:07,745 - INFO - ✅ 点击Confirm: //XCUIElementTypeButton[@name="Confirm"]
2026-05-07 20:35:09,253 - INFO - 登出操作完成
2026-05-07 20:35:09,587 - INFO - ✅ 成功回到登录页面
2026-05-07 20:35:09,588 - INFO -     ✅ 登出操作完成
2026-05-07 20:35:11,098 - INFO - ✅ 步骤1: 重置APP，检测登录状态并登出 - 完成
2026-05-07 20:35:11,098 - INFO - 🔄 步骤2: 点击登录按钮进入Sign in页面
2026-05-07 20:35:12,078 - INFO - ✅ 步骤2: 点击登录按钮进入Sign in页面 - 完成
2026-05-07 20:35:13,583 - INFO - 🔄 步骤3: 点击密码框，输入密码，验证密码被隐藏
2026-05-07 20:35:54,269 - INFO -     ✅ 密码输入完成
2026-05-07 20:36:00,685 - INFO -     ✅ 验证密码被隐藏成功（类型: XCUIElementTypeSecureTextField）
2026-05-07 20:36:00,685 - INFO - ✅ 步骤3: 点击密码框，输入密码，验证密码被隐藏 - 完成
2026-05-07 20:36:00,685 - INFO - 🔄 步骤4: 点击×按钮，验证密码被清空
2026-05-07 20:36:06,804 - INFO -     ✅ 已点击×按钮
2026-05-07 20:36:33,718 - INFO -     ✅ 验证密码已被清空（状态: delete_button_hidden）
2026-05-07 20:36:33,719 - INFO - ✅ 步骤4: 点击×按钮，验证密码被清空 - 完成，密码内容已清空
2026-05-07 20:36:33,719 - INFO - 🎉 测试用例102668执行成功！
2026-05-07 20:36:33,751 - INFO - ✅ 报告已生成: /Users/ambrose.chen/Desktop/iot/project/APP外壳/2测试报告/platform/ios_20260507_203441/ios_20260507_203441_report.xlsx
