2026-05-09 19:41:59,386 - INFO - 🔄 步骤0: 登出，确保从登出状态开始测试
2026-05-09 19:41:59,386 - INFO - 开始登出流程...
2026-05-09 19:42:30,287 - INFO - 未检测到home sel/mine sel/mine，跳过登出流程
2026-05-09 19:42:30,289 - INFO - ✅ 步骤0: 登出，确保从登出状态开始测试 - 完成
2026-05-09 19:42:32,297 - INFO - 🔄 步骤1: 验证在APP首页（登录页面）
2026-05-09 19:42:32,459 - INFO - ✅ 步骤1: 验证在APP首页（登录页面） - 完成，确认在APP首页（登录页面）
2026-05-09 19:42:34,460 - INFO - 🔄 步骤2: 点击Sign Up按钮进入注册页面
2026-05-09 19:42:35,423 - INFO - ✅ 步骤2: 点击Sign Up按钮进入注册页面 - 完成
2026-05-09 19:42:38,432 - INFO - 🔄 步骤3: 验证进入Sign Up页面
2026-05-09 19:42:38,668 - INFO - ✅ 步骤3: 验证进入Sign Up页面 - 完成，确认已进入Sign Up注册页面
2026-05-09 19:42:40,677 - INFO - 🔄 步骤4: 输入已注册邮箱
2026-05-09 19:42:42,578 - INFO - ✅ 步骤4: 输入已注册邮箱 - 完成，输入邮箱: haoc51888@gmail.com
2026-05-09 19:42:44,582 - INFO - 🔄 步骤5: 勾选隐私政策和用户协议
2026-05-09 19:42:50,674 - INFO - ✅ 隐私政策复选框已勾选
2026-05-09 19:42:52,183 - INFO - 🔄 步骤5.1: 收起键盘（Done）
2026-05-09 19:42:53,467 - INFO - ✅ 已点击Done收起键盘
2026-05-09 19:42:54,472 - INFO - 🔄 步骤6: 点击Next按钮
2026-05-09 19:42:55,168 - INFO - ✅ 步骤6: 点击Next按钮 - 完成，已点击Next按钮
2026-05-09 19:42:57,175 - INFO - 🔄 步骤7: 验证弹框提示已注册
2026-05-09 19:42:57,445 - INFO - ✅ 弹框提示已注册: This email is already registered. Ready to sign in now?
2026-05-09 19:42:58,450 - INFO - 🔄 步骤8: 点击Cancel
2026-05-09 19:42:59,227 - INFO - ✅ 已点击Cancel
2026-05-09 19:43:01,236 - INFO - 🔄 步骤9: 断言仍停留在注册页面
2026-05-09 19:43:01,482 - INFO - ✅ 步骤9: 断言仍停留在注册页面 - 完成，仍停留在注册页面
2026-05-09 19:43:02,489 - INFO - 🎉 测试用例102220执行成功！
2026-05-09 19:43:02,489 - INFO - ✅ 已注册邮箱再次注册，弹框后点击Cancel，仍停留在注册页
2026-05-09 19:43:04,527 - INFO - ✅ 报告已生成: /Users/ambrose.chen/Desktop/iot/project/APP外壳/2测试报告/platform/ios_20260509_194157/ios_20260509_194157_report.xlsx
