2026-05-11 22:41:58,880 - INFO - 🔄 步骤1: 重启APP并处理登录状态
2026-05-11 22:42:20,041 - INFO - ✅ 步骤1: 重启APP并处理登录状态 - 完成
2026-05-11 22:42:20,042 - INFO - 🔄 步骤2: 点击Sign In进入登录页
2026-05-11 22:42:22,972 - INFO - ✅ 步骤2: 点击Sign In进入登录页 - 完成
2026-05-11 22:42:22,973 - INFO - 🔄 步骤3: 点击Forgot password进入忘记密码页
2026-05-11 22:42:26,015 - INFO - ✅ 步骤3: 点击Forgot password进入忘记密码页 - 完成
2026-05-11 22:42:26,015 - INFO - 🔄 步骤4: 输入邮箱并点击Next进入验证码页
2026-05-11 22:42:34,103 - INFO - ✅ 步骤4: 输入邮箱并点击Next进入验证码页 - 完成，邮箱: haoc51888@gmail.com
2026-05-11 22:42:34,104 - INFO - 🔄 步骤5: Gmail获取最新验证码code
2026-05-11 22:44:15,524 - INFO - ✅ 步骤5: Gmail获取最新验证码code - 完成，code: 608870
2026-05-11 22:44:15,525 - INFO - 🔄 步骤6: 输入验证码进入Set Password页
2026-05-11 22:44:24,851 - INFO - ✅ 步骤6: 输入验证码进入Set Password页 - 完成
2026-05-11 22:44:24,852 - INFO - 🔄 步骤7: 两次输入同一密码以显示清除按钮
2026-05-11 22:44:30,312 - INFO - ✅ 步骤7: 两次输入同一密码以显示清除按钮 - 完成
2026-05-11 22:44:30,313 - INFO - 🔄 步骤8: 点击 login delete 清除
2026-05-11 22:44:32,286 - INFO - ✅ 步骤8: 点击 login delete 清除 - 完成
2026-05-11 22:44:32,286 - INFO - 🔄 步骤9: 断言密码框已清空
2026-05-11 22:44:32,686 - INFO - 📝 清除后密码框内容: 'Password'
2026-05-11 22:44:32,687 - INFO - ✅ 步骤9: 断言密码框已清空 - 完成
2026-05-11 22:44:32,687 - INFO - 🎉 测试用例102161执行成功！
2026-05-11 22:44:32,718 - INFO - ✅ 报告已生成: /Users/ambrose.chen/Desktop/iot/project/APP外壳/2测试报告/platform/ios_20260511_224157/ios_20260511_224157_report.xlsx
