2026-05-08 20:59:30,800 - INFO - 🔄 步骤0: 登出，确保从登出状态开始测试
2026-05-08 20:59:30,801 - INFO - 开始登出流程...
2026-05-08 21:00:01,698 - INFO - 未检测到home sel/mine sel/mine，跳过登出流程
2026-05-08 21:00:01,699 - INFO - ✅ 步骤0: 登出，确保从登出状态开始测试 - 完成
2026-05-08 21:00:03,699 - INFO - 🔄 步骤1: 验证在APP首页（登录页面）
2026-05-08 21:00:03,847 - INFO - ✅ 步骤1: 验证在APP首页（登录页面） - 完成，确认在APP首页（登录页面）
2026-05-08 21:00:05,852 - INFO - 🔄 步骤2: 点击Sign Up按钮进入注册页面
2026-05-08 21:00:06,816 - INFO - ✅ 步骤2: 点击Sign Up按钮进入注册页面 - 完成
2026-05-08 21:00:09,819 - INFO - 🔄 步骤3: 验证进入Sign Up页面
2026-05-08 21:00:10,049 - INFO - ✅ 步骤3: 验证进入Sign Up页面 - 完成，确认已进入Sign Up注册页面
2026-05-08 21:00:12,056 - INFO - 🔄 步骤4: 邮箱输入错误格式
2026-05-08 21:00:13,939 - INFO - ✅ 步骤4: 邮箱输入错误格式 - 完成，输入错误邮箱: asd@gmail@163.com
2026-05-08 21:00:15,940 - INFO - 🔄 步骤5: 勾选隐私政策和用户协议
2026-05-08 21:00:22,064 - INFO - ✅ 隐私政策复选框已勾选
2026-05-08 21:00:23,571 - INFO - 🔄 步骤5.1: 收起键盘（Done）
2026-05-08 21:00:24,818 - INFO - ✅ 已点击Done收起键盘
2026-05-08 21:00:25,820 - INFO - 🔄 步骤6: 点击Next按钮
2026-05-08 21:00:26,477 - INFO - ✅ 步骤6: 点击Next按钮 - 完成，已点击Next按钮
2026-05-08 21:00:28,484 - INFO - 🔄 步骤7: 验证停留当前页面并出现提示
2026-05-08 21:00:39,402 - INFO - ✅ 找到提示信息元素，选择器: //XCUIElementTypeStaticText[@name="Please sign up using your email address"]
2026-05-08 21:00:39,404 - INFO - ✅ 步骤7: 验证停留当前页面并出现提示 - 完成，提示信息: Please sign up using your email address
2026-05-08 21:00:41,413 - INFO - 🎉 测试用例102218执行成功！
2026-05-08 21:00:41,414 - INFO - ✅ 验证错误邮箱 asd@gmail@163.com 勾选隐私后点击Next，停留当前页并提示“Please sign up using your email address”
2026-05-08 21:00:43,449 - INFO - ✅ 报告已生成: /Users/ambrose.chen/Desktop/iot/project/APP外壳/2测试报告/platform/ios_20260508_205929/ios_20260508_205929_report.xlsx
