2026-05-11 10:35:13,086 - INFO - 🔄 步骤1: 重启APP并处理登录状态
2026-05-11 10:35:34,355 - INFO - ✅ 步骤1: 重启APP并处理登录状态 - 完成
2026-05-11 10:35:34,356 - INFO - 🔄 步骤2: 点击Sign In进入登录页
2026-05-11 10:35:37,299 - INFO - ✅ 步骤2: 点击Sign In进入登录页 - 完成
2026-05-11 10:35:37,299 - INFO - 🔄 步骤3: 点击Forgot password进入忘记密码页
2026-05-11 10:35:40,385 - INFO - ✅ 步骤3: 点击Forgot password进入忘记密码页 - 完成
2026-05-11 10:35:40,385 - INFO - 🔄 步骤4: 输入邮箱并点击Next进入验证码页
2026-05-11 10:35:48,557 - INFO - ✅ 步骤4: 输入邮箱并点击Next进入验证码页 - 完成，邮箱: haoc51888@gmail.com
2026-05-11 10:35:48,559 - INFO - 🔄 步骤5: Gmail获取最新验证码code
2026-05-11 10:37:31,947 - INFO - ✅ 步骤5: Gmail获取最新验证码code - 完成，code: 507288
2026-05-11 10:37:31,949 - INFO - 🔄 步骤6: 输入验证码进入Set Password页
2026-05-11 10:37:41,334 - INFO - ✅ 步骤6: 输入验证码进入Set Password页 - 完成
2026-05-11 10:37:41,335 - INFO - 🔄 步骤7: 输入纯小写字母密码(两次)并收起键盘
2026-05-11 10:37:46,775 - INFO - ✅ 步骤7: 输入纯小写字母密码(两次)并收起键盘 - 完成，password: xingmai
2026-05-11 10:37:46,776 - INFO - 🔄 步骤8: 校验密码规则文案颜色（若能取到color）
2026-05-11 10:37:47,006 - INFO - 📝 规则提示: • 6-20 characters 颜色: None
2026-05-11 10:37:47,229 - INFO - 📝 规则提示: • contains letters 颜色: None
2026-05-11 10:37:47,459 - INFO - 📝 规则提示: • contains numbers 颜色: None
2026-05-11 10:37:47,684 - INFO - 📝 规则提示: • Supports special characters:! @ # $ % ^ & * ( ) - _ = + \ | [ ] { } ; : / ? . , ~ > < ` 颜色: None
2026-05-11 10:37:47,684 - INFO - ✅ 步骤8: 校验密码规则文案颜色（若能取到color） - 完成
2026-05-11 10:37:47,684 - INFO - 🔄 步骤9: 点击Submit，断言不可完成修改密码（仍停留Set Password页）
2026-05-11 10:37:47,944 - INFO - ✅ 步骤9: 点击Submit，断言不可完成修改密码（仍停留Set Password页） - 完成
2026-05-11 10:37:47,944 - INFO - 🎉 测试用例102151执行成功！
2026-05-11 10:37:47,961 - INFO - ✅ 报告已生成: /Users/ambrose.chen/Desktop/iot/project/APP外壳/2测试报告/platform/ios_20260511_103511/ios_20260511_103511_report.xlsx
