2026-05-09 19:58:44,030 - INFO - 🔄 步骤0: 登出，确保从登出状态开始测试
2026-05-09 19:58:44,030 - INFO - 开始登出流程...
2026-05-09 19:59:14,920 - INFO - 未检测到home sel/mine sel/mine，跳过登出流程
2026-05-09 19:59:14,921 - INFO - ✅ 步骤0: 登出，确保从登出状态开始测试 - 完成
2026-05-09 19:59:16,928 - INFO - 🔄 步骤1: 验证在APP首页（登录页面）
2026-05-09 19:59:17,088 - INFO - ✅ 步骤1: 验证在APP首页（登录页面） - 完成，确认在APP首页（登录页面）
2026-05-09 19:59:19,094 - INFO - 🔄 步骤2: 点击Sign Up按钮进入注册页面
2026-05-09 19:59:20,060 - INFO - ✅ 步骤2: 点击Sign Up按钮进入注册页面 - 完成
2026-05-09 19:59:23,064 - INFO - 🔄 步骤3: 验证进入Sign Up页面
2026-05-09 19:59:23,294 - INFO - ✅ 步骤3: 验证进入Sign Up页面 - 完成，确认已进入Sign Up注册页面
2026-05-09 19:59:25,299 - INFO - 🔄 步骤4: 输入邮箱
2026-05-09 19:59:25,302 - INFO - 📧 生成简单邮箱地址: testuser206@163.com
2026-05-09 19:59:27,206 - INFO - ✅ 步骤4: 输入邮箱 - 完成，邮箱: testuser206@163.com
2026-05-09 19:59:29,215 - INFO - 🔄 步骤5: 勾选隐私政策和用户协议
2026-05-09 19:59:35,365 - INFO - ✅ 隐私政策复选框已勾选
2026-05-09 19:59:36,869 - INFO - 🔄 步骤5.1: 收起键盘（Done）
2026-05-09 19:59:38,142 - INFO - ✅ 已点击Done收起键盘
2026-05-09 19:59:39,147 - INFO - 🔄 步骤6: 点击Next进入set password页面
2026-05-09 19:59:39,869 - INFO - ✅ 步骤6: 点击Next进入set password页面 - 完成，已点击Next按钮
2026-05-09 19:59:42,871 - INFO - 🔄 步骤7: 验证进入set password页面
2026-05-09 19:59:43,165 - INFO - ✅ 成功进入set password页面
2026-05-09 19:59:44,673 - INFO - 🔄 步骤8: 输入密码并确认
2026-05-09 19:59:46,530 - INFO - ✅ 已输入密码: xingmai123456
2026-05-09 19:59:48,618 - INFO - ✅ 已输入确认密码: xingmai123456
2026-05-09 19:59:50,831 - INFO - ✅ 密码页已点击Done收起键盘
2026-05-09 19:59:51,839 - INFO - 🔄 步骤9: 点击Next进入用户名页面
2026-05-09 19:59:52,812 - INFO - ✅ 已点击密码页Next按钮
2026-05-09 19:59:55,818 - INFO - 🔄 步骤10: 用户名页面点击Skip并验证主页面
2026-05-09 20:00:08,689 - INFO - ✅ 找到Skip元素: //XCUIElementTypeButton[@name="Skip"]
2026-05-09 20:00:09,098 - INFO - ✅ 已点击Skip跳过用户名
2026-05-09 20:00:12,330 - INFO - ✅ 主页面标识元素存在: //XCUIElementTypeButton[@name="home sel"]
2026-05-09 20:00:13,331 - INFO - 🎉 测试用例102232执行成功！
2026-05-09 20:00:13,331 - INFO - ✅ 数字+小写密码可正常跳转，成功到主页面
2026-05-09 20:00:15,365 - INFO - ✅ 报告已生成: /Users/ambrose.chen/Desktop/iot/project/APP外壳/2测试报告/platform/ios_20260509_195842/ios_20260509_195842_report.xlsx
