2026-05-08 16:23:42,412 - INFO - 🔄 步骤0: 登出，确保从登出状态开始测试
2026-05-08 16:23:42,413 - INFO - 开始登出流程...
2026-05-08 16:24:13,306 - INFO - 未检测到home sel/mine sel/mine，跳过登出流程
2026-05-08 16:24:13,307 - INFO - ✅ 步骤0: 登出，确保从登出状态开始测试 - 完成
2026-05-08 16:24:15,313 - INFO - 🔄 步骤1: 验证在APP首页（登录页面）
2026-05-08 16:24:15,482 - INFO - ✅ 步骤1: 验证在APP首页（登录页面） - 完成，确认在APP首页（登录页面）
2026-05-08 16:24:17,486 - INFO - 🔄 步骤2: 点击Sign Up按钮进入注册页面
2026-05-08 16:24:18,443 - INFO - ✅ 步骤2: 点击Sign Up按钮进入注册页面 - 完成
2026-05-08 16:24:21,447 - INFO - 🔄 步骤3: 验证进入Sign Up页面
2026-05-08 16:24:21,694 - INFO - ✅ 步骤3: 验证进入Sign Up页面 - 完成，确认已进入Sign Up注册页面
2026-05-08 16:24:23,696 - INFO - 🔄 步骤4: 邮箱框输入数字+字母（value="Email"）
2026-05-08 16:24:25,336 - INFO - ✅ 步骤4: 邮箱框输入数字+字母（value="Email"） - 完成，输入邮箱: 123456abcd
2026-05-08 16:24:26,342 - INFO - 🔄 步骤4.1: 点击Done收起键盘
2026-05-08 16:24:27,517 - INFO - ✅ 步骤4.1: 点击Done收起键盘 - 完成
2026-05-08 16:24:28,522 - INFO - 🔄 步骤5: 勾选隐私政策和用户协议
2026-05-08 16:24:34,400 - INFO - ✅ 隐私政策复选框已勾选
2026-05-08 16:24:35,903 - INFO - 🔄 步骤6: 点击Next按钮
2026-05-08 16:24:36,564 - INFO - ✅ 步骤6: 点击Next按钮 - 已尝试点击Next按钮
2026-05-08 16:24:38,569 - INFO - 🔄 步骤7: 验证停留当前页面并出现提示
2026-05-08 16:24:39,065 - INFO - ✅ 步骤7: 验证停留当前页面并出现提示 - 完成，提示信息: Please sign up using your email address
2026-05-08 16:24:41,067 - INFO - 🎉 测试用例102207执行成功！
2026-05-08 16:24:41,067 - INFO - ✅ 验证邮箱数字+字母，勾选隐私政策后点击Next，停留当前页并提示“Please sign up using your email address”
2026-05-08 16:24:43,090 - INFO - ✅ 报告已生成: /Users/ambrose.chen/Desktop/iot/project/APP外壳/2测试报告/platform/ios_20260508_162340/ios_20260508_162340_report.xlsx
