2026-05-12 13:02:31,153 - INFO - 🔄 步骤1: 重启APP并处理登录状态
2026-05-12 13:02:52,367 - INFO - ✅ 步骤1: 重启APP并处理登录状态 - 完成
2026-05-12 13:02:52,367 - INFO - 🔄 步骤2: 点击Sign In进入登录页
2026-05-12 13:02:55,296 - INFO - ✅ 步骤2: 点击Sign In进入登录页 - 完成
2026-05-12 13:02:55,297 - INFO - 🔄 步骤3: 点击Forgot password进入忘记密码页
2026-05-12 13:02:58,331 - INFO - ✅ 步骤3: 点击Forgot password进入忘记密码页 - 完成
2026-05-12 13:02:58,336 - INFO - 🔄 步骤4: 输入邮箱并点击Next进入验证码页
2026-05-12 13:03:08,579 - INFO - ✅ 步骤4: 输入邮箱并点击Next进入验证码页 - 完成，邮箱: haoc51888@gmail.com
2026-05-12 13:03:08,580 - INFO - 🔄 步骤5: Gmail获取最新验证码code
2026-05-12 13:05:45,545 - INFO - ✅ 步骤5: Gmail获取最新验证码code - 完成，code: 182972
2026-05-12 13:05:45,546 - INFO - 🔄 步骤6: 输入验证码进入Set Password页
2026-05-12 13:05:54,854 - INFO - ✅ 步骤6: 输入验证码进入Set Password页 - 完成
2026-05-12 13:05:54,855 - INFO - 🔄 步骤7: 输入数字+特殊字符密码(两次)并收起键盘
2026-05-12 13:06:01,141 - INFO - ✅ 步骤7: 输入数字+特殊字符密码(两次)并收起键盘 - 完成，password: !@#$%^&*()-==+\'l[};:/?...~><`12
2026-05-12 13:06:01,141 - INFO - 🔄 步骤8: 校验密码规则文案颜色（若能取到color）
2026-05-12 13:06:01,354 - INFO - 📝 规则提示: • 6-20 characters 颜色: None
2026-05-12 13:06:01,562 - INFO - 📝 规则提示: • contains letters 颜色: None
2026-05-12 13:06:01,774 - INFO - 📝 规则提示: • contains numbers 颜色: None
2026-05-12 13:06:02,010 - INFO - 📝 规则提示: • Supports special characters:! @ # $ % ^ & * ( ) - _ = + \ | [ ] { } ; : / ? . , ~ > < ` 颜色: None
2026-05-12 13:06:02,010 - INFO - ✅ 步骤8: 校验密码规则文案颜色（若能取到color） - 完成
2026-05-12 13:06:02,010 - INFO - 🔄 步骤9: 点击Submit，断言不可完成修改密码（仍停留Set Password页）
2026-05-12 13:06:02,275 - INFO - ✅ 步骤9: 点击Submit，断言不可完成修改密码（仍停留Set Password页） - 完成
2026-05-12 13:06:02,276 - INFO - 🎉 测试用例102157执行成功！
2026-05-12 13:06:02,307 - INFO - ✅ 报告已生成: /Users/ambrose.chen/Desktop/iot/project/APP外壳/2测试报告/platform/ios_20260512_130229/ios_20260512_130229_report.xlsx
