2026-05-11 10:32:35,132 - INFO - 🔄 步骤1: 重启APP并处理登录状态
2026-05-11 10:32:56,402 - INFO - ✅ 步骤1: 重启APP并处理登录状态 - 完成
2026-05-11 10:32:56,404 - INFO - 🔄 步骤2: 点击Sign In进入登录页
2026-05-11 10:32:59,356 - INFO - ✅ 步骤2: 点击Sign In进入登录页 - 完成
2026-05-11 10:32:59,357 - INFO - 🔄 步骤3: 点击Forgot password进入忘记密码页
2026-05-11 10:33:02,397 - INFO - ✅ 步骤3: 点击Forgot password进入忘记密码页 - 完成
2026-05-11 10:33:02,399 - INFO - 🔄 步骤4: 输入邮箱并点击Next进入验证码页
2026-05-11 10:33:10,675 - INFO - ✅ 步骤4: 输入邮箱并点击Next进入验证码页 - 完成，邮箱: haoc51888@gmail.com
2026-05-11 10:33:10,675 - INFO - 🔄 步骤5: Gmail获取最新验证码code
2026-05-11 10:34:53,771 - INFO - ✅ 步骤5: Gmail获取最新验证码code - 完成，code: 162182
2026-05-11 10:34:53,773 - INFO - 🔄 步骤6: 输入验证码进入Set Password页
2026-05-11 10:35:03,065 - INFO - ✅ 步骤6: 输入验证码进入Set Password页 - 完成
2026-05-11 10:35:03,066 - INFO - 🔄 步骤7: 输入纯数字密码(两次)并收起键盘
2026-05-11 10:35:08,254 - INFO - ✅ 步骤7: 输入纯数字密码(两次)并收起键盘 - 完成，password: 123456
2026-05-11 10:35:08,254 - INFO - 🔄 步骤8: 校验密码规则文案颜色（若能取到color）
2026-05-11 10:35:08,483 - INFO - 📝 规则提示: • 6-20 characters 颜色: None
2026-05-11 10:35:08,709 - INFO - 📝 规则提示: • contains letters 颜色: None
2026-05-11 10:35:08,929 - INFO - 📝 规则提示: • contains numbers 颜色: None
2026-05-11 10:35:09,148 - INFO - 📝 规则提示: • Supports special characters:! @ # $ % ^ & * ( ) - _ = + \ | [ ] { } ; : / ? . , ~ > < ` 颜色: None
2026-05-11 10:35:09,149 - INFO - ✅ 步骤8: 校验密码规则文案颜色（若能取到color） - 完成
2026-05-11 10:35:09,149 - INFO - 🔄 步骤9: 点击Submit，断言不可完成修改密码（仍停留Set Password页）
2026-05-11 10:35:09,421 - INFO - ✅ 步骤9: 点击Submit，断言不可完成修改密码（仍停留Set Password页） - 完成
2026-05-11 10:35:09,421 - INFO - 🎉 测试用例102150执行成功！
2026-05-11 10:35:09,445 - INFO - ✅ 报告已生成: /Users/ambrose.chen/Desktop/iot/project/APP外壳/2测试报告/platform/ios_20260511_103233/ios_20260511_103233_report.xlsx
