2026-05-09 19:18:36,723 - INFO - 🔄 步骤0: 登出，确保从登出状态开始测试
2026-05-09 19:18:36,724 - INFO - 开始登出流程...
2026-05-09 19:18:36,987 - INFO - 检测到home sel元素
2026-05-09 19:18:48,350 - INFO - ✅ 点击mine按钮: //XCUIElementTypeButton[@name="mine"]
2026-05-09 19:18:50,551 - INFO - ✅ 点击CommonEdit编辑按钮: //XCUIElementTypeButton[@name="CommonEdit"]
2026-05-09 19:18:52,718 - INFO - ✅ 点击Log Out: //XCUIElementTypeButton[@name="Log Out"]
2026-05-09 19:18:54,908 - INFO - ✅ 点击Confirm: //XCUIElementTypeButton[@name="Confirm"]
2026-05-09 19:18:56,419 - INFO - 登出操作完成
2026-05-09 19:18:56,769 - INFO - ✅ 成功回到登录页面
2026-05-09 19:18:56,769 - INFO - ✅ 步骤0: 登出，确保从登出状态开始测试 - 完成
2026-05-09 19:18:58,774 - INFO - 🔄 步骤1: 验证在APP首页（登录页面）
2026-05-09 19:18:58,953 - INFO - ✅ 步骤1: 验证在APP首页（登录页面） - 完成，确认在APP首页（登录页面）
2026-05-09 19:19:00,962 - INFO - 🔄 步骤2: 点击Sign Up按钮进入注册页面
2026-05-09 19:19:01,939 - INFO - ✅ 步骤2: 点击Sign Up按钮进入注册页面 - 完成
2026-05-09 19:19:04,944 - INFO - 🔄 步骤4: 输入邮箱（value="Email"）
2026-05-09 19:19:04,949 - INFO - 📧 生成简单邮箱地址: testuser189@163.com
2026-05-09 19:19:06,770 - INFO - ✅ 步骤4: 输入邮箱（value="Email"） - 完成，邮箱: testuser189@163.com
2026-05-09 19:19:08,775 - INFO - 🔄 步骤5: 点击Done按钮收起键盘
2026-05-09 19:19:10,050 - INFO - ✅ 步骤5: 点击Done按钮收起键盘 - 完成
2026-05-09 19:19:12,060 - INFO - 🔄 步骤7: 点击Next按钮（不勾选隐私协议）
2026-05-09 19:19:12,752 - INFO - ✅ 步骤7: 点击Next按钮（不勾选隐私协议） - 已尝试点击Next按钮
2026-05-09 19:19:14,760 - INFO - 🔄 步骤8: 断言提示出现（即判成功）
2026-05-09 19:19:15,051 - INFO - 📝 提示信息内容: Please confirm and tick the Privacy Policy and User Agreement
2026-05-09 19:19:15,051 - INFO - ✅ 步骤8: 断言提示出现（即判成功） - 完成
2026-05-09 19:19:15,051 - INFO - ✅ 验证通过：页面显示提示信息: Please confirm and tick the Privacy Policy and User Agreement
2026-05-09 19:19:17,052 - INFO - 🎉 测试用例102197执行成功！
2026-05-09 19:19:17,053 - INFO - ✅ 102197 "隐私政策、用户协议"默认不勾选
2026-05-09 19:19:19,089 - INFO - ✅ 报告已生成: /Users/ambrose.chen/Desktop/iot/project/APP外壳/2测试报告/platform/ios_20260509_191834/ios_20260509_191834_report.xlsx
