2026-05-20 11:17:17,390 - INFO - 🔄 步骤1: 重启APP
2026-05-20 11:17:17,390 - INFO -     🔄 driver.terminate_app / activate_app: com.xingmai.tech
2026-05-20 11:17:22,290 - INFO -     ✅ APP 已重启
2026-05-20 11:17:22,291 - INFO - ✅ 步骤1: 重启APP - 完成
2026-05-20 11:17:22,291 - INFO - 🔄 步骤2: 检测登录状态并确保在登录/注册入口页
2026-05-20 11:17:22,298 - INFO -     🔄 检测已登录元素: //android.view.View[@content-desc="More"]
2026-05-20 11:17:22,682 - INFO -     🔄 检测已登录元素: //*[@content-desc="More"]
2026-05-20 11:17:23,310 - INFO -     ℹ️ 未检测到 More，判定未登录
2026-05-20 11:17:23,310 - INFO -     🔄 等待登录/注册入口页: //*[(@text="Sign In" or @text="Sign Up") or contains(@text,"Sign In") or contains(@text,"Sign Up") or @content-desc="Sign In" or @content-desc="Sign Up"]
2026-05-20 11:17:23,359 - INFO -     ✅ 已处于登录/注册入口页
2026-05-20 11:17:23,359 - INFO - ✅ 步骤2: 检测登录状态并确保在登录/注册入口页 - 完成
2026-05-20 11:17:23,359 - INFO - 🔄 步骤3: 点击 Sign In 进入登录页
2026-05-20 11:17:23,359 - INFO -     🔄 定位 Sign In: //android.widget.TextView[@text="Sign In"]
2026-05-20 11:17:23,422 - INFO -     ✅ 找到 Sign In: //android.widget.TextView[@text="Sign In"]
2026-05-20 11:17:24,051 - INFO - ✅ 步骤3: 点击 Sign In 进入登录页 - 完成
2026-05-20 11:17:25,555 - INFO - 🔄 步骤4: 点击 User Agreement 并断言 Last Modified + Introduction
2026-05-20 11:17:25,555 - INFO -     🔄 _tap_user_agreement_on_sign_in_disclaimer（换行时优先点第二行左侧 User Agreement）
2026-05-20 11:17:34,164 - INFO - ✅ 步骤4: 点击 User Agreement 并断言 Last Modified + Introduction - 完成
2026-05-20 11:17:34,165 - INFO - 🎉 测试用例 200014 执行成功！
2026-05-20 11:17:34,187 - INFO - ✅ 报告已生成: /Users/ambrose.chen/Desktop/iot/project/APP外壳/2测试报告/platform/android_20260520_111714/android_20260520_111714_report.xlsx
