2026-05-20 11:16:54,371 - INFO - 🔄 步骤1: 重启APP
2026-05-20 11:16:54,372 - INFO -     🔄 driver.terminate_app / activate_app: com.xingmai.tech
2026-05-20 11:16:59,262 - INFO -     ✅ APP 已重启
2026-05-20 11:16:59,263 - INFO - ✅ 步骤1: 重启APP - 完成
2026-05-20 11:16:59,263 - INFO - 🔄 步骤2: 检测登录状态并确保在登录/注册入口页
2026-05-20 11:16:59,270 - INFO -     🔄 检测已登录元素: //android.view.View[@content-desc="More"]
2026-05-20 11:16:59,394 - INFO -     🔄 检测已登录元素: //*[@content-desc="More"]
2026-05-20 11:17:00,602 - INFO -     ℹ️ 未检测到 More，判定未登录
2026-05-20 11:17:00,603 - INFO -     🔄 等待登录/注册入口页: //*[(@text="Sign In" or @text="Sign Up") or contains(@text,"Sign In") or contains(@text,"Sign Up") or @content-desc="Sign In" or @content-desc="Sign Up"]
2026-05-20 11:17:00,654 - INFO -     ✅ 已处于登录/注册入口页
2026-05-20 11:17:00,654 - INFO - ✅ 步骤2: 检测登录状态并确保在登录/注册入口页 - 完成
2026-05-20 11:17:00,654 - INFO - 🔄 步骤3: 点击 Sign In 进入登录页
2026-05-20 11:17:00,654 - INFO -     🔄 定位 Sign In: //android.widget.TextView[@text="Sign In"]
2026-05-20 11:17:00,723 - INFO -     ✅ 找到 Sign In: //android.widget.TextView[@text="Sign In"]
2026-05-20 11:17:01,365 - INFO - ✅ 步骤3: 点击 Sign In 进入登录页 - 完成
2026-05-20 11:17:02,869 - INFO - 🔄 步骤4: 点击 User Agreement（免责声明内超链接，非整句 TextView）
2026-05-20 11:17:02,869 - INFO -     🔄 _tap_user_agreement_on_sign_in_disclaimer（换行时优先点第二行左侧 User Agreement）
2026-05-20 11:17:11,456 - INFO - ✅ 步骤4: 点击 User Agreement（免责声明内超链接，非整句 TextView） - 完成
2026-05-20 11:17:11,457 - INFO - 🔄 步骤5: 点击返回
2026-05-20 11:17:13,612 - INFO - ✅ 步骤5: 点击返回 - 完成
2026-05-20 11:17:13,612 - INFO - 🔄 步骤6: 断言免责声明整句
2026-05-20 11:17:13,682 - INFO - ✅ 步骤6: 断言免责声明整句 - 完成
2026-05-20 11:17:13,682 - INFO - 🎉 测试用例 200013 执行成功！
2026-05-20 11:17:13,716 - INFO - ✅ 报告已生成: /Users/ambrose.chen/Desktop/iot/project/APP外壳/2测试报告/platform/android_20260520_111651/android_20260520_111651_report.xlsx
