2026-05-11 19:36:08,448 - INFO - 🔄 步骤1: 重置APP，检测登录状态并登出
2026-05-11 19:36:14,296 - INFO -     ✅ APP已重置
2026-05-11 19:36:29,491 - INFO -     ℹ️ 未检测到登录状态，已在登录页面
2026-05-11 19:36:29,493 - INFO - ✅ 步骤1: 重置APP，检测登录状态并登出 - 完成
2026-05-11 19:36:29,493 - INFO - 🔄 步骤3: 点击登录按钮进入Sign in页面
2026-05-11 19:36:30,460 - INFO - ✅ 步骤3: 点击登录按钮进入Sign in页面 - 完成
2026-05-11 19:36:31,964 - INFO - 🔄 步骤4: 点击邮箱框，输入邮箱
2026-05-11 19:37:12,787 - INFO -     ✅ 邮箱输入完成: haoc51888@gmail.com
2026-05-11 19:37:13,796 - INFO - ✅ 步骤4: 点击邮箱框，输入邮箱 - 完成
2026-05-11 19:37:13,797 - INFO - 🔄 步骤5: 点击密码框，输入密码
2026-05-11 19:37:55,159 - INFO -     ✅ 密码输入完成
2026-05-11 19:37:56,170 - INFO - ✅ 步骤5: 点击密码框，输入密码 - 完成
2026-05-11 19:37:56,170 - INFO - 🔄 步骤6: 点击键盘Done，收起键盘
2026-05-11 19:37:57,423 - INFO - ✅ 步骤6: 点击键盘Done，收起键盘 - 完成
2026-05-11 19:37:58,431 - INFO - 🔄 步骤7: 点击协议勾选框
2026-05-11 19:37:59,193 - INFO - ✅ 步骤7: 点击协议勾选框 - 完成
2026-05-11 19:38:00,198 - INFO - 🔄 步骤8: 点击登录按钮
2026-05-11 19:38:01,003 - INFO - ✅ 步骤8: 点击登录按钮 - 完成
2026-05-11 19:38:01,003 - INFO -     ⏳ 等待登录跳转（4.0s）…
2026-05-11 19:38:05,008 - INFO - 🔄 步骤9: 断言登录成功
2026-05-11 19:38:05,450 - INFO -     ✅ 已检测到底部 Mine Tab，登录成功
2026-05-11 19:38:05,450 - INFO - ✅ 步骤9: 断言登录成功 - 完成，登录成功
2026-05-11 19:38:05,450 - INFO - 🎉 测试用例102667执行成功！
2026-05-11 19:38:05,475 - INFO - ✅ 报告已生成: /Users/ambrose.chen/Desktop/iot/project/APP外壳/2测试报告/platform/ios_20260511_193606/ios_20260511_193606_report.xlsx
