2026-05-08 19:37:10,180 - INFO - 🔄 步骤1: 重置APP，检测登录状态并登出
2026-05-08 19:37:16,142 - INFO -     ✅ APP已重置
2026-05-08 19:37:31,350 - INFO -     ℹ️ 未检测到登录状态，已在登录页面
2026-05-08 19:37:31,351 - INFO - ✅ 步骤1: 重置APP，检测登录状态并登出 - 完成
2026-05-08 19:37:31,351 - INFO - 🔄 步骤2: 点击登录按钮进入Sign in页面
2026-05-08 19:37:32,307 - INFO - ✅ 步骤2: 点击登录按钮进入Sign in页面 - 完成
2026-05-08 19:37:33,809 - INFO - 🔄 步骤3: 验证邮箱输入框为空（不输入邮箱）
2026-05-08 19:37:34,062 - INFO -     ✅ 邮箱输入框为空
2026-05-08 19:37:34,062 - INFO - ✅ 步骤3: 验证邮箱输入框为空（不输入邮箱） - 完成，邮箱输入框为空
2026-05-08 19:37:34,062 - INFO - 🔄 步骤4: 点击密码框，输入密码
2026-05-08 19:38:14,790 - INFO -     ✅ 密码输入完成
2026-05-08 19:38:15,794 - INFO - ✅ 步骤4: 点击密码框，输入密码 - 完成
2026-05-08 19:38:15,794 - INFO - 🔄 步骤5: 点击键盘Done，收起键盘
2026-05-08 19:38:17,041 - INFO - ✅ 步骤5: 点击键盘Done，收起键盘 - 完成
2026-05-08 19:38:18,052 - INFO - 🔄 步骤6: 点击登录按钮（不勾选用户协议和隐私政策，不输入邮箱但输入了密码）
2026-05-08 19:38:18,856 - INFO - ✅ 步骤6: 点击登录按钮（不勾选用户协议和隐私政策，不输入邮箱但输入了密码） - 完成
2026-05-08 19:38:20,866 - INFO - 🔄 步骤7: 断言页面显示错误提示信息
2026-05-08 19:38:21,204 - INFO -     ✅ 找到错误提示信息: Please enter a valid email address.
2026-05-08 19:38:21,204 - INFO - ✅ 步骤7: 断言页面显示错误提示信息 - 完成，错误提示信息已显示
2026-05-08 19:38:21,205 - INFO - 🎉 测试用例102654执行成功！
2026-05-08 19:38:21,228 - INFO - ✅ 报告已生成: /Users/ambrose.chen/Desktop/iot/project/APP外壳/2测试报告/platform/ios_20260508_193708/ios_20260508_193708_report.xlsx
