2026-05-09 20:10:45,695 - INFO - 🔄 步骤0: 登出，确保从登出状态开始测试
2026-05-09 20:10:45,696 - INFO - 开始登出流程...
2026-05-09 20:11:16,643 - INFO - 未检测到home sel/mine sel/mine，跳过登出流程
2026-05-09 20:11:16,644 - INFO - ✅ 步骤0: 登出，确保从登出状态开始测试 - 完成
2026-05-09 20:11:18,651 - INFO - 🔄 步骤1: 验证在APP首页（登录页面）
2026-05-09 20:11:18,814 - INFO - ✅ 步骤1: 验证在APP首页（登录页面） - 完成，确认在APP首页（登录页面）
2026-05-09 20:11:20,816 - INFO - 🔄 步骤2: 点击Sign Up按钮进入注册页面
2026-05-09 20:11:21,768 - INFO - ✅ 步骤2: 点击Sign Up按钮进入注册页面 - 完成
2026-05-09 20:11:24,770 - INFO - 🔄 步骤3: 验证进入Sign Up页面
2026-05-09 20:11:24,999 - INFO - ✅ 步骤3: 验证进入Sign Up页面 - 完成，确认已进入Sign Up注册页面
2026-05-09 20:11:27,010 - INFO - 🔄 步骤4: 输入邮箱
2026-05-09 20:11:27,016 - INFO - 📧 生成简单邮箱地址: testuser215@163.com
2026-05-09 20:11:29,043 - INFO - ✅ 步骤4: 输入邮箱 - 完成，邮箱: testuser215@163.com
2026-05-09 20:11:31,045 - INFO - 🔄 步骤5: 勾选隐私政策和用户协议
2026-05-09 20:11:37,051 - INFO - ✅ 隐私政策复选框已勾选
2026-05-09 20:11:38,560 - INFO - 🔄 步骤5.1: 收起键盘（Done）
2026-05-09 20:11:39,813 - INFO - ✅ 已点击Done收起键盘
2026-05-09 20:11:40,821 - INFO - 🔄 步骤6: 点击Next进入set password页面
2026-05-09 20:11:41,534 - INFO - ✅ 步骤6: 点击Next进入set password页面 - 完成，已点击Next按钮
2026-05-09 20:11:44,536 - INFO - 🔄 步骤7: 验证进入set password页面
2026-05-09 20:11:44,829 - INFO - ✅ 成功进入set password页面
2026-05-09 20:11:46,330 - INFO - 🔄 步骤8: 输入密码并切换明文显示
2026-05-09 20:11:47,990 - INFO - ✅ 已输入密码: Csx150128
2026-05-09 20:11:49,970 - INFO - ✅ 已点击显示密码按钮（login pwd hide）
2026-05-09 20:11:51,311 - INFO - 📝 显示后密码框value: 'Csx150128', type: 'XCUIElementTypeTextField'
2026-05-09 20:11:51,311 - INFO - ✅ 密码已明文显示
2026-05-09 20:11:52,320 - INFO - 🎉 测试用例102241执行成功！
2026-05-09 20:11:52,320 - INFO - ✅ 密码可切换为明文显示校验通过
2026-05-09 20:11:54,359 - INFO - ✅ 报告已生成: /Users/ambrose.chen/Desktop/iot/project/APP外壳/2测试报告/platform/ios_20260509_201043/ios_20260509_201043_report.xlsx
