2026-05-12 10:09:44,557 - INFO - 🔄 步骤1: 重置APP，检测登录状态并登出
2026-05-12 10:09:50,469 - INFO -     ✅ APP已重置
2026-05-12 10:10:05,680 - INFO -     ℹ️ 未检测到登录状态，已在登录页面
2026-05-12 10:10:05,680 - INFO - ✅ 步骤1: 重置APP，检测登录状态并登出 - 完成
2026-05-12 10:10:05,680 - INFO - 🔄 步骤2: 在Sign In页面关闭手机网络
2026-05-12 10:10:05,844 - INFO -     ✅ 确认在Sign In页面
2026-05-12 10:10:05,844 - INFO -     🔄 通过后台切换到WLAN页面关闭网络...
2026-05-12 10:10:29,446 - INFO -     ✅ 已找到WLAN开关: //XCUIElementTypeSwitch[@name="无线局域网"]
2026-05-12 10:10:29,532 - INFO -     ℹ️ 当前WLAN状态值: 1
2026-05-12 10:10:30,980 - INFO -     ✅ WLAN开关已点击，目标状态: 关闭
2026-05-12 10:10:53,567 - INFO -     ℹ️ 点击后状态值: 0（//XCUIElementTypeSwitch[@name="无线局域网"]）
2026-05-12 10:10:55,322 - INFO -     ✅ 已返回应用
2026-05-12 10:10:55,322 - INFO - ✅ 步骤2: 在Sign In页面关闭手机网络 - 完成，网络已关闭
2026-05-12 10:10:55,322 - INFO - 🔄 步骤3: 点击登录按钮进入Sign in页面
2026-05-12 10:10:56,301 - INFO - ✅ 步骤3: 点击登录按钮进入Sign in页面 - 完成
2026-05-12 10:10:57,803 - INFO - 🔄 步骤4: 点击邮箱框，输入邮箱
2026-05-12 10:11:38,617 - INFO -     ✅ 邮箱输入完成: haoc51888@gmail.com
2026-05-12 10:11:39,622 - INFO - 🔄 步骤5: 点击密码框，输入密码
2026-05-12 10:12:20,949 - INFO -     ✅ 密码输入完成
2026-05-12 10:12:21,954 - INFO - 🔄 步骤6: 点击键盘Done，收起键盘
2026-05-12 10:12:23,308 - INFO - ✅ 步骤6: 点击键盘Done，收起键盘 - 完成
2026-05-12 10:12:24,311 - INFO - 🔄 步骤7: 点击协议勾选框
2026-05-12 10:12:25,059 - INFO - ✅ 步骤7: 点击协议勾选框 - 完成
2026-05-12 10:12:26,064 - INFO - 🔄 步骤8: 点击登录按钮，验证网络错误提示
2026-05-12 10:12:26,881 - INFO -     ✅ 已点击登录按钮
2026-05-12 10:12:30,202 - INFO -     📝 错误提示内容: Network connection error, please check
2026-05-12 10:12:30,203 - INFO - ✅ 步骤8: 点击登录按钮，验证网络错误提示 - 完成，网络错误提示显示正确: Network connection error, please check
2026-05-12 10:12:30,203 - INFO - 🎉 测试用例102779执行成功！
2026-05-12 10:12:31,208 - INFO - 🔄 步骤9: 重启网络
2026-05-12 10:12:31,208 - INFO -     🔄 通过后台切换到WLAN页面打开网络...
2026-05-12 10:12:54,375 - INFO -     ✅ 已找到WLAN开关: //XCUIElementTypeSwitch[@name="无线局域网"]
2026-05-12 10:12:54,444 - INFO -     ℹ️ 当前WLAN状态值: 0
2026-05-12 10:12:55,842 - INFO -     ✅ WLAN开关已点击，目标状态: 开启
2026-05-12 10:13:18,879 - INFO -     ℹ️ 点击后状态值: 1（//XCUIElementTypeSwitch[@name="无线局域网"]）
2026-05-12 10:13:20,536 - INFO -     ✅ 已返回应用
2026-05-12 10:13:20,536 - INFO - ✅ 步骤9: 重启网络 - 完成，网络已恢复
2026-05-12 10:13:20,569 - INFO - ✅ 报告已生成: /Users/ambrose.chen/Desktop/iot/project/APP外壳/2测试报告/platform/ios_20260512_100942/ios_20260512_100942_report.xlsx
