2026-05-08 15:11:41,567 - INFO - 🔄 步骤0: 登出，确保从登出状态开始测试
2026-05-08 15:11:41,567 - INFO - 开始登出流程...
2026-05-08 15:12:12,487 - INFO - 未检测到home sel/mine sel/mine，跳过登出流程
2026-05-08 15:12:12,489 - INFO - ✅ 步骤0: 登出，确保从登出状态开始测试 - 完成
2026-05-08 15:12:14,490 - INFO - 🔄 步骤1: 验证在APP首页（登录页面）
2026-05-08 15:12:14,649 - INFO - ✅ 步骤1: 验证在APP首页（登录页面） - 完成，确认在APP首页（登录页面）
2026-05-08 15:12:16,653 - INFO - 🔄 步骤2: 点击Sign Up按钮进入注册页面
2026-05-08 15:12:17,609 - INFO - ✅ 步骤2: 点击Sign Up按钮进入注册页面 - 完成
2026-05-08 15:12:20,612 - INFO - 🔄 步骤4: 输入邮箱（value="Email"）
2026-05-08 15:12:20,615 - INFO - 📧 生成简单邮箱地址: testuser141@163.com
2026-05-08 15:12:22,418 - INFO - ✅ 步骤4: 输入邮箱（value="Email"） - 完成，邮箱: testuser141@163.com
2026-05-08 15:12:24,419 - INFO - 🔄 步骤5: 点击Done按钮收起键盘
2026-05-08 15:12:25,706 - INFO - ✅ 步骤5: 点击Done按钮收起键盘 - 完成
2026-05-08 15:12:27,707 - INFO - 🔄 步骤7: 点击Next按钮（不勾选隐私协议）
2026-05-08 15:12:28,364 - INFO - ✅ 步骤7: 点击Next按钮（不勾选隐私协议） - 已尝试点击Next按钮
2026-05-08 15:12:30,365 - INFO - 🔄 步骤8: 断言提示出现（即判成功）
2026-05-08 15:12:30,651 - INFO - 📝 提示信息内容: Please confirm and tick the Privacy Policy and User Agreement
2026-05-08 15:12:30,651 - INFO - ✅ 步骤8: 断言提示出现（即判成功） - 完成
2026-05-08 15:12:30,652 - INFO - ✅ 验证通过：页面显示提示信息: Please confirm and tick the Privacy Policy and User Agreement
2026-05-08 15:12:32,653 - INFO - 🎉 测试用例102197执行成功！
2026-05-08 15:12:32,653 - INFO - ✅ 102197 "隐私政策、用户协议"默认不勾选
2026-05-08 15:12:34,682 - INFO - ✅ 报告已生成: /Users/ambrose.chen/Desktop/iot/project/APP外壳/2测试报告/platform/ios_20260508_151139/ios_20260508_151139_report.xlsx
