2026-05-09 09:55:19,949 - INFO - 🔄 步骤1: 重置APP，检测登录状态并登出
2026-05-09 09:55:25,882 - INFO -     ✅ APP已重置
2026-05-09 09:55:26,172 - INFO -     ✅ 检测到已登录状态: //XCUIElementTypeButton[@name="home sel"]
2026-05-09 09:55:26,173 - INFO -     🔄 检测到已登录，执行登出操作...
2026-05-09 09:55:26,173 - INFO - 开始登出流程...
2026-05-09 09:55:26,359 - INFO - 检测到home sel元素
2026-05-09 09:55:37,763 - INFO - ✅ 点击mine按钮: //XCUIElementTypeButton[@name="mine"]
2026-05-09 09:55:40,076 - INFO - ✅ 点击CommonEdit编辑按钮: //XCUIElementTypeButton[@name="CommonEdit"]
2026-05-09 09:55:42,278 - INFO - ✅ 点击Log Out: //XCUIElementTypeButton[@name="Log Out"]
2026-05-09 09:55:44,519 - INFO - ✅ 点击Confirm: //XCUIElementTypeButton[@name="Confirm"]
2026-05-09 09:55:46,024 - INFO - 登出操作完成
2026-05-09 09:55:46,362 - INFO - ✅ 成功回到登录页面
2026-05-09 09:55:46,362 - INFO -     ✅ 登出操作完成
2026-05-09 09:55:47,866 - INFO - ✅ 步骤1: 重置APP，检测登录状态并登出 - 完成
2026-05-09 09:55:47,867 - INFO - 🔄 步骤3: 点击登录按钮进入Sign in页面
2026-05-09 09:55:48,852 - INFO - ✅ 步骤3: 点击登录按钮进入Sign in页面 - 完成
2026-05-09 09:55:50,358 - INFO - 🔄 步骤4: 点击邮箱框，输入邮箱
2026-05-09 09:56:31,194 - INFO -     ✅ 邮箱输入完成: haoc51888@gmail.com
2026-05-09 09:56:32,196 - INFO - ✅ 步骤4: 点击邮箱框，输入邮箱 - 完成
2026-05-09 09:56:32,196 - INFO - 🔄 步骤5: 点击密码框，输入密码
2026-05-09 09:57:13,593 - INFO -     ✅ 密码输入完成
2026-05-09 09:57:14,597 - INFO - ✅ 步骤5: 点击密码框，输入密码 - 完成
2026-05-09 09:57:14,598 - INFO - 🔄 步骤6: 点击键盘Done，收起键盘
2026-05-09 09:57:15,858 - INFO - ✅ 步骤6: 点击键盘Done，收起键盘 - 完成
2026-05-09 09:57:16,864 - INFO - 🔄 步骤7: 点击协议勾选框
2026-05-09 09:57:17,624 - INFO - ✅ 步骤7: 点击协议勾选框 - 完成
2026-05-09 09:57:18,628 - INFO - 🔄 步骤8: 点击登录按钮
2026-05-09 09:57:19,461 - INFO - ✅ 步骤8: 点击登录按钮 - 完成
2026-05-09 09:57:19,461 - INFO -     ⏳ 等待登录跳转（4.0s）…
2026-05-09 09:57:23,465 - INFO - 🔄 步骤9: 断言登录成功
2026-05-09 09:58:27,047 - INFO - ❌ 步骤9: 断言登录成功失败: 跳转后主界面未出现 Mine Tab（含 mine/mine sel 等） - 45.0s 内未找到底部 Mine（已尝试 mine / mine sel 等）；最后异常: None
2026-05-09 09:58:27,049 - INFO - 
============================================================
2026-05-09 09:58:27,049 - INFO - ❌ 测试失败
2026-05-09 09:58:27,049 - INFO - 📍 失败步骤: 步骤9: 断言登录成功
2026-05-09 09:58:27,050 - INFO - 📝 失败原因: 步骤9: 断言登录成功失败: 跳转后主界面未出现 Mine Tab（含 mine/mine sel 等） - 45.0s 内未找到底部 Mine（已尝试 mine / mine sel 等）；最后异常: None
2026-05-09 09:58:27,050 - INFO - ============================================================
2026-05-09 09:58:27,053 - INFO - Traceback (most recent call last):

2026-05-09 09:58:27,054 - INFO -   File "/Users/ambrose.chen/Desktop/iot/project/APP外壳/3功能/1平台/IOS/1登录/102667验证正确账号+密码.py", line 298, in test_102667
    mine_sel_btn = _wait_for_bottom_mine_after_login(driver, timeout_s=timeout_ok)
                   ^^^^^^^^^^^^^^^^^^^^^^^^^^^^^^^^^^^^^^^^^^^^^^^^^^^^^^^^^^^^^^^

2026-05-09 09:58:27,054 - INFO -   File "/Users/ambrose.chen/Desktop/iot/project/APP外壳/3功能/1平台/IOS/1登录/102667验证正确账号+密码.py", line 86, in _wait_for_bottom_mine_after_login
    raise AssertionError(msg)

2026-05-09 09:58:27,054 - INFO - AssertionError: 45.0s 内未找到底部 Mine（已尝试 mine / mine sel 等）；最后异常: None

2026-05-09 09:58:27,311 - INFO - 已保存test_102667_failed失败截图: screenshots/test_102667_failed_1778291907.png
2026-05-09 09:58:27,342 - INFO - ✅ 报告已生成: /Users/ambrose.chen/Desktop/iot/project/APP外壳/2测试报告/platform/ios_20260509_095516/ios_20260509_095516_report.xlsx
