2026-05-08 21:24:11,840 - INFO - 🔄 步骤0: 登出，确保从登出状态开始测试
2026-05-08 21:24:11,840 - INFO - 开始登出流程...
2026-05-08 21:24:42,731 - INFO - 未检测到home sel/mine sel/mine，跳过登出流程
2026-05-08 21:24:42,731 - INFO - ✅ 步骤0: 登出，确保从登出状态开始测试 - 完成
2026-05-08 21:24:44,737 - INFO - 🔄 步骤1: 验证在APP首页（登录页面）
2026-05-08 21:24:44,893 - INFO - ✅ 步骤1: 验证在APP首页（登录页面） - 完成，确认在APP首页（登录页面）
2026-05-08 21:24:46,897 - INFO - 🔄 步骤2: 点击Sign Up按钮进入注册页面
2026-05-08 21:24:47,856 - INFO - ✅ 步骤2: 点击Sign Up按钮进入注册页面 - 完成
2026-05-08 21:24:50,866 - INFO - 🔄 步骤3: 验证进入Sign Up页面
2026-05-08 21:24:51,099 - INFO - ✅ 步骤3: 验证进入Sign Up页面 - 完成，确认已进入Sign Up注册页面
2026-05-08 21:24:53,106 - INFO - 🔄 步骤4: 输入邮箱
2026-05-08 21:24:53,111 - INFO - 📧 生成简单邮箱地址: testuser175@163.com
2026-05-08 21:24:54,992 - INFO - ✅ 步骤4: 输入邮箱 - 完成，邮箱: testuser175@163.com
2026-05-08 21:24:57,001 - INFO - 🔄 步骤5: 勾选隐私政策和用户协议
2026-05-08 21:25:03,114 - INFO - ✅ 隐私政策复选框已勾选
2026-05-08 21:25:04,615 - INFO - 🔄 步骤5.1: 收起键盘（Done）
2026-05-08 21:25:05,882 - INFO - ✅ 已点击Done收起键盘
2026-05-08 21:25:06,892 - INFO - 🔄 步骤6: 点击Next进入set password页面
2026-05-08 21:25:07,597 - INFO - ✅ 步骤6: 点击Next进入set password页面 - 完成，已点击Next按钮
2026-05-08 21:25:10,608 - INFO - 🔄 步骤7: 验证进入set password页面
2026-05-08 21:25:10,881 - INFO - ✅ 成功进入set password页面
2026-05-08 21:25:12,390 - INFO - 🔄 步骤8: 输入大小写混合密码并验证规则颜色
2026-05-08 21:25:14,337 - INFO - ✅ 已输入密码: XINGmai
2026-05-08 21:25:16,281 - INFO - ✅ 已输入确认密码: XINGmai
2026-05-08 21:25:17,687 - INFO - 📝 规则提示: • 6-20 characters 颜色: None
2026-05-08 21:25:18,076 - INFO - 📝 规则提示: • contains letters 颜色: None
2026-05-08 21:25:18,459 - INFO - 📝 规则提示: • contains numbers 颜色: None
2026-05-08 21:25:18,839 - INFO - 📝 规则提示: • Supports special characters:! @ # $ % ^ & * ( ) - _ = + \ | [ ] { } ; : / ? . , ~ > < ` 颜色: None
2026-05-08 21:25:20,027 - INFO - ✅ 密码页已点击Done收起键盘
2026-05-08 21:25:21,035 - INFO - 🔄 步骤9: 点击Next验证仍停留在set password页面
2026-05-08 21:25:21,601 - INFO - ✅ 已尝试点击密码页Next按钮（应无跳转）
2026-05-08 21:25:23,907 - INFO - ✅ 点击后仍停留在set password页面，Next按钮不可使页面跳转
2026-05-08 21:25:24,912 - INFO - 🎉 测试用例102236执行成功！
2026-05-08 21:25:24,913 - INFO - ✅ 大小写混合但无数字/特殊字符，Next不可跳转，停留密码页
2026-05-08 21:25:26,950 - INFO - ✅ 报告已生成: /Users/ambrose.chen/Desktop/iot/project/APP外壳/2测试报告/platform/ios_20260508_212410/ios_20260508_212410_report.xlsx
