2026-05-11 22:12:08,841 - INFO - 🔄 步骤1: 重启APP并处理登录状态
2026-05-11 22:12:30,021 - INFO - ✅ 步骤1: 重启APP并处理登录状态 - 完成
2026-05-11 22:12:30,022 - INFO - 🔄 步骤2: 点击Sign In进入登录页
2026-05-11 22:12:32,949 - INFO - ✅ 步骤2: 点击Sign In进入登录页 - 完成
2026-05-11 22:12:32,950 - INFO - 🔄 步骤3: 点击Forgot password进入忘记密码页
2026-05-11 22:12:35,982 - INFO - ✅ 步骤3: 点击Forgot password进入忘记密码页 - 完成
2026-05-11 22:12:35,983 - INFO - 🔄 步骤4: 输入邮箱并点击Next进入验证码页
2026-05-11 22:12:46,392 - INFO - ✅ 步骤4: 输入邮箱并点击Next进入验证码页 - 完成，邮箱: haoc51888@gmail.com
2026-05-11 22:12:46,392 - INFO - 🔄 步骤5: Gmail获取最新验证码code
2026-05-11 22:14:27,913 - INFO - ✅ 步骤5: Gmail获取最新验证码code - 完成，code: 754674
2026-05-11 22:14:27,914 - INFO - 🔄 步骤6: 输入验证码进入Set Password页
2026-05-11 22:14:37,185 - INFO - ✅ 步骤6: 输入验证码进入Set Password页 - 完成
2026-05-11 22:14:37,186 - INFO - 🔄 步骤7: 输入纯数字密码(两次)并收起键盘
2026-05-11 22:14:42,408 - INFO - ✅ 步骤7: 输入纯数字密码(两次)并收起键盘 - 完成，password: 123456
2026-05-11 22:14:42,408 - INFO - 🔄 步骤8: 校验密码规则文案颜色（若能取到color）
2026-05-11 22:14:42,626 - INFO - 📝 规则提示: • 6-20 characters 颜色: None
2026-05-11 22:14:42,859 - INFO - 📝 规则提示: • contains letters 颜色: None
2026-05-11 22:14:43,078 - INFO - 📝 规则提示: • contains numbers 颜色: None
2026-05-11 22:14:43,293 - INFO - 📝 规则提示: • Supports special characters:! @ # $ % ^ & * ( ) - _ = + \ | [ ] { } ; : / ? . , ~ > < ` 颜色: None
2026-05-11 22:14:43,294 - INFO - ✅ 步骤8: 校验密码规则文案颜色（若能取到color） - 完成
2026-05-11 22:14:43,294 - INFO - 🔄 步骤9: 点击Submit，断言不可完成修改密码（仍停留Set Password页）
2026-05-11 22:14:43,550 - INFO - ✅ 步骤9: 点击Submit，断言不可完成修改密码（仍停留Set Password页） - 完成
2026-05-11 22:14:43,550 - INFO - 🎉 测试用例102150执行成功！
2026-05-11 22:14:43,581 - INFO - ✅ 报告已生成: /Users/ambrose.chen/Desktop/iot/project/APP外壳/2测试报告/platform/ios_20260511_221207/ios_20260511_221207_report.xlsx
