2026-05-07 22:08:42,326 - INFO - 🔄 步骤0: 登出，确保从登出状态开始测试
2026-05-07 22:08:42,327 - INFO - 开始登出流程...
2026-05-07 22:08:42,589 - INFO - 检测到home sel元素
2026-05-07 22:08:53,939 - INFO - ✅ 点击mine按钮: //XCUIElementTypeButton[@name="mine"]
2026-05-07 22:08:56,124 - INFO - ✅ 点击CommonEdit编辑按钮: //XCUIElementTypeButton[@name="CommonEdit"]
2026-05-07 22:08:58,274 - INFO - ✅ 点击Log Out: //XCUIElementTypeButton[@name="Log Out"]
2026-05-07 22:09:00,462 - INFO - ✅ 点击Confirm: //XCUIElementTypeButton[@name="Confirm"]
2026-05-07 22:09:01,972 - INFO - 登出操作完成
2026-05-07 22:09:02,314 - INFO - ✅ 成功回到登录页面
2026-05-07 22:09:02,314 - INFO - ✅ 步骤0: 登出，确保从登出状态开始测试 - 完成
2026-05-07 22:09:04,324 - INFO - 🔄 步骤1: 验证在APP首页（登录页面）
2026-05-07 22:09:04,494 - INFO - ✅ 步骤1: 验证在APP首页（登录页面） - 完成，确认在APP首页（登录页面）
2026-05-07 22:09:06,500 - INFO - 🔄 步骤2: 点击Sign Up按钮进入注册页面
2026-05-07 22:09:07,476 - INFO - ✅ 步骤2: 点击Sign Up按钮进入注册页面 - 完成
2026-05-07 22:09:10,483 - INFO - 🔄 步骤3: 验证进入Sign Up页面
2026-05-07 22:09:10,725 - INFO - ✅ 步骤3: 验证进入Sign Up页面 - 完成，确认已进入Sign Up注册页面
2026-05-07 22:09:12,731 - INFO - 🔄 步骤4: 输入邮箱
2026-05-07 22:09:12,733 - INFO - 📧 生成简单邮箱地址: testuser118@163.com
2026-05-07 22:09:14,720 - INFO - ✅ 步骤4: 输入邮箱 - 完成，邮箱: testuser118@163.com
2026-05-07 22:09:16,730 - INFO - 🔄 步骤5: 勾选隐私政策和用户协议
2026-05-07 22:09:22,687 - INFO - ✅ 隐私政策复选框已勾选
2026-05-07 22:09:24,189 - INFO - 🔄 步骤5.1: 收起键盘（Done）
2026-05-07 22:09:25,495 - INFO - ✅ 已点击Done收起键盘
2026-05-07 22:09:26,499 - INFO - 🔄 步骤6: 点击Next进入set password页面
2026-05-07 22:09:27,223 - INFO - ✅ 步骤6: 点击Next进入set password页面 - 完成，已点击Next按钮
2026-05-07 22:09:30,229 - INFO - 🔄 步骤7: 验证进入set password页面
2026-05-07 22:09:30,526 - INFO - ✅ 成功进入set password页面
2026-05-07 22:09:32,033 - INFO - 🔄 步骤8: 输入数字+字符密码并验证规则颜色
2026-05-07 22:09:34,372 - INFO - ✅ 已输入密码: !@#$%^&*()-==+\'l[};:/?...~><`12
2026-05-07 22:09:36,762 - INFO - ✅ 已输入确认密码: !@#$%^&*()-==+\'l[};:/?...~><`12
2026-05-07 22:09:38,194 - INFO - 📝 规则提示: • 6-20 characters 颜色: None
2026-05-07 22:09:38,621 - INFO - 📝 规则提示: • contains letters 颜色: None
2026-05-07 22:09:39,035 - INFO - 📝 规则提示: • contains numbers 颜色: None
2026-05-07 22:09:39,448 - INFO - 📝 规则提示: • Supports special characters:! @ # $ % ^ & * ( ) - _ = + \ | [ ] { } ; : / ? . , ~ > < ` 颜色: None
2026-05-07 22:09:40,695 - INFO - ✅ 密码页已点击Done收起键盘
2026-05-07 22:09:41,704 - INFO - 🔄 步骤9: 点击Next验证仍停留在set password页面
2026-05-07 22:09:42,278 - INFO - ✅ 已尝试点击密码页Next按钮（应无跳转）
2026-05-07 22:09:44,704 - INFO - ✅ 点击后仍停留在set password页面，Next按钮不可使页面跳转
2026-05-07 22:09:45,708 - INFO - 🎉 测试用例102235执行成功！
2026-05-07 22:09:45,708 - INFO - ✅ 数字+特殊字符密码规则提示符合预期，Next不可跳转
2026-05-07 22:09:47,741 - INFO - ✅ 报告已生成: /Users/ambrose.chen/Desktop/iot/project/APP外壳/2测试报告/platform/ios_20260507_220840/ios_20260507_220840_report.xlsx
