2026-05-11 21:00:22,981 - INFO - 🔄 步骤0: 登出，确保从登出状态开始测试
2026-05-11 21:00:22,981 - INFO - 开始登出流程...
2026-05-11 21:00:53,890 - INFO - 未检测到home sel/mine sel/mine，跳过登出流程
2026-05-11 21:00:53,890 - INFO - ✅ 步骤0: 登出，确保从登出状态开始测试 - 完成
2026-05-11 21:00:55,900 - INFO - 🔄 步骤1: 验证在APP首页（登录页面）
2026-05-11 21:00:56,055 - INFO - ✅ 步骤1: 验证在APP首页（登录页面） - 完成，确认在APP首页（登录页面）
2026-05-11 21:00:58,064 - INFO - 🔄 步骤2: 点击Sign Up按钮进入注册页面
2026-05-11 21:00:59,020 - INFO - ✅ 步骤2: 点击Sign Up按钮进入注册页面 - 完成
2026-05-11 21:01:02,022 - INFO - 🔄 步骤3: 验证进入Sign Up页面
2026-05-11 21:01:02,257 - INFO - ✅ 步骤3: 验证进入Sign Up页面 - 完成，确认已进入Sign Up注册页面
2026-05-11 21:01:04,263 - INFO - 🔄 步骤4: 输入邮箱
2026-05-11 21:01:04,268 - INFO - 📧 生成简单邮箱地址: testuser237@163.com
2026-05-11 21:01:06,149 - INFO - ✅ 步骤4: 输入邮箱 - 完成，邮箱: testuser237@163.com
2026-05-11 21:01:08,155 - INFO - 🔄 步骤5: 勾选隐私政策和用户协议
2026-05-11 21:01:14,271 - INFO - ✅ 隐私政策复选框已勾选
2026-05-11 21:01:15,781 - INFO - 🔄 步骤5.1: 收起键盘（Done）
2026-05-11 21:01:17,040 - INFO - ✅ 已点击Done收起键盘
2026-05-11 21:01:18,045 - INFO - 🔄 步骤6: 点击Next进入set password页面
2026-05-11 21:01:18,768 - INFO - ✅ 步骤6: 点击Next进入set password页面 - 完成，已点击Next按钮
2026-05-11 21:01:21,772 - INFO - 🔄 步骤7: 验证进入set password页面
2026-05-11 21:01:22,069 - INFO - ✅ 成功进入set password页面
2026-05-11 21:01:23,577 - INFO - 🔄 步骤8: 输入6位密码并确认
2026-05-11 21:01:25,264 - INFO - ✅ 已输入密码: Csx150
2026-05-11 21:01:27,142 - INFO - ✅ 已输入确认密码: Csx150
2026-05-11 21:01:29,335 - INFO - ✅ 密码页已点击Done收起键盘
2026-05-11 21:01:30,339 - INFO - 🔄 步骤9: 点击Next进入用户名页面
2026-05-11 21:01:31,302 - INFO - ✅ 已点击密码页Next按钮
2026-05-11 21:01:34,309 - INFO - 🔄 步骤10: 用户名页面点击Skip并验证跳转主页面
2026-05-11 21:01:46,906 - INFO - ✅ 找到Skip元素: //XCUIElementTypeButton[@name="Skip"]
2026-05-11 21:01:47,317 - INFO - ✅ 已点击Skip跳过用户名
2026-05-11 21:01:50,527 - INFO - ✅ 主页面标识元素存在: //XCUIElementTypeButton[@name="home sel"]
2026-05-11 21:01:51,527 - INFO - 🎉 测试用例102226执行成功！
2026-05-11 21:01:51,528 - INFO - ✅ 密码等于6位时可继续，提交后成功进入主页面
2026-05-11 21:01:53,570 - INFO - ✅ 报告已生成: /Users/ambrose.chen/Desktop/iot/project/APP外壳/2测试报告/platform/ios_20260511_210021/ios_20260511_210021_report.xlsx
