2026-05-08 20:28:39,134 - INFO - 🔄 步骤0: 登出，确保从登出状态开始测试
2026-05-08 20:28:39,134 - INFO - 开始登出流程...
2026-05-08 20:29:10,031 - INFO - 未检测到home sel/mine sel/mine，跳过登出流程
2026-05-08 20:29:10,032 - INFO - ✅ 步骤0: 登出，确保从登出状态开始测试 - 完成
2026-05-08 20:29:12,033 - INFO - 🔄 步骤1: 验证在APP首页（登录页面）
2026-05-08 20:29:12,193 - INFO - ✅ 步骤1: 验证在APP首页（登录页面） - 完成，确认在APP首页（登录页面）
2026-05-08 20:29:14,198 - INFO - 🔄 步骤2: 点击Sign Up按钮进入注册页面
2026-05-08 20:29:15,160 - INFO - ✅ 步骤2: 点击Sign Up按钮进入注册页面 - 完成
2026-05-08 20:29:18,164 - INFO - 🔄 步骤3: 验证进入Sign Up页面
2026-05-08 20:29:18,393 - INFO - ✅ 步骤3: 验证进入Sign Up页面 - 完成，确认已进入Sign Up注册页面
2026-05-08 20:29:20,394 - INFO - 🔄 步骤4: 国家切为China，查看账号行的显示
2026-05-08 20:29:21,435 - INFO - ✅ 已点击国家栏下拉按钮
2026-05-08 20:30:33,908 - INFO - ✅ 已输入搜索关键词: China
2026-05-08 20:30:37,276 - INFO - ✅ 已选择国家: China，命中的元素: China
2026-05-08 20:30:51,362 - INFO - 📝 China国家下，账号行显示: Email
2026-05-08 20:30:51,363 - INFO - ✅ 步骤4: 国家切为China，查看账号行的显示 - 完成，China国家下账号行显示: Email
2026-05-08 20:30:53,369 - INFO - 🔄 步骤5: 国家切为美国，查看账号行的显示
2026-05-08 20:30:54,565 - INFO - ✅ 已点击国家栏下拉按钮
2026-05-08 20:32:07,382 - INFO - ✅ 已输入搜索关键词: United States of America
2026-05-08 20:32:15,855 - INFO - ✅ 已选择国家: United States of America，命中的元素: United States of America
2026-05-08 20:32:29,919 - INFO - 📝 美国国家下，账号行显示: Email
2026-05-08 20:32:29,920 - INFO - ✅ 步骤5: 国家切为美国，查看账号行的显示 - 完成，美国国家下账号行显示: Email
2026-05-08 20:32:31,922 - INFO - 🔄 步骤6: 验证两个国家下都显示Email
2026-05-08 20:32:43,002 - INFO - ✅ 步骤6: 验证两个国家下都显示Email - 完成
2026-05-08 20:32:43,002 - INFO - ✅ 验证通过：China和美国两个国家下，账号行都显示'Email'
2026-05-08 20:32:45,009 - INFO - 🎉 测试用例102194执行成功！
2026-05-08 20:32:45,010 - INFO - ✅ 验证注册地为任何国家时，提示文案均为"邮箱"：China和美国都显示Email
2026-05-08 20:32:47,044 - INFO - ✅ 报告已生成: /Users/ambrose.chen/Desktop/iot/project/APP外壳/2测试报告/platform/ios_20260508_202837/ios_20260508_202837_report.xlsx
