2026-05-11 21:01:57,419 - INFO - 🔄 步骤0: 登出，确保从登出状态开始测试
2026-05-11 21:01:57,419 - INFO - 开始登出流程...
2026-05-11 21:01:57,661 - INFO - 检测到home sel元素
2026-05-11 21:02:09,036 - INFO - ✅ 点击mine按钮: //XCUIElementTypeButton[@name="mine"]
2026-05-11 21:02:11,218 - INFO - ✅ 点击CommonEdit编辑按钮: //XCUIElementTypeButton[@name="CommonEdit"]
2026-05-11 21:02:13,400 - INFO - ✅ 点击Log Out: //XCUIElementTypeButton[@name="Log Out"]
2026-05-11 21:02:15,705 - INFO - ✅ 点击Confirm: //XCUIElementTypeButton[@name="Confirm"]
2026-05-11 21:02:17,208 - INFO - 登出操作完成
2026-05-11 21:02:19,293 - INFO - ✅ 成功回到登录页面
2026-05-11 21:02:19,294 - INFO - ✅ 步骤0: 登出，确保从登出状态开始测试 - 完成
2026-05-11 21:02:21,299 - INFO - 🔄 步骤1: 验证在APP首页（登录页面）
2026-05-11 21:02:21,472 - INFO - ✅ 步骤1: 验证在APP首页（登录页面） - 完成，确认在APP首页（登录页面）
2026-05-11 21:02:23,477 - INFO - 🔄 步骤2: 点击Sign Up按钮进入注册页面
2026-05-11 21:02:24,439 - INFO - ✅ 步骤2: 点击Sign Up按钮进入注册页面 - 完成
2026-05-11 21:02:27,448 - INFO - 🔄 步骤3: 验证进入Sign Up页面
2026-05-11 21:02:27,680 - INFO - ✅ 步骤3: 验证进入Sign Up页面 - 完成，确认已进入Sign Up注册页面
2026-05-11 21:02:29,689 - INFO - 🔄 步骤4: 输入邮箱
2026-05-11 21:02:29,694 - INFO - 📧 生成简单邮箱地址: testuser238@163.com
2026-05-11 21:02:31,707 - INFO - ✅ 步骤4: 输入邮箱 - 完成，邮箱: testuser238@163.com
2026-05-11 21:02:33,717 - INFO - 🔄 步骤5: 勾选隐私政策和用户协议
2026-05-11 21:02:39,856 - INFO - ✅ 隐私政策复选框已勾选
2026-05-11 21:02:41,366 - INFO - 🔄 步骤5.1: 收起键盘（Done）
2026-05-11 21:02:42,629 - INFO - ✅ 已点击Done收起键盘
2026-05-11 21:02:43,632 - INFO - 🔄 步骤6: 点击Next进入set password页面
2026-05-11 21:02:44,385 - INFO - ✅ 步骤6: 点击Next进入set password页面 - 完成，已点击Next按钮
2026-05-11 21:02:47,393 - INFO - 🔄 步骤7: 验证进入set password页面
2026-05-11 21:02:47,688 - INFO - ✅ 成功进入set password页面
2026-05-11 21:02:49,191 - INFO - 🔄 步骤8: 输入20位密码并确认
2026-05-11 21:02:51,241 - INFO - ✅ 已输入密码: Csx1234567Csx1234567
2026-05-11 21:02:53,439 - INFO - ✅ 已输入确认密码: Csx1234567Csx1234567
2026-05-11 21:02:55,676 - INFO - ✅ 密码页已点击Done收起键盘
2026-05-11 21:02:56,686 - INFO - 🔄 步骤9: 点击Next进入用户名页面
2026-05-11 21:02:57,675 - INFO - ✅ 已点击密码页Next按钮
2026-05-11 21:03:00,684 - INFO - 🔄 步骤10: 用户名页面点击Skip并验证主页面
2026-05-11 21:03:17,723 - INFO - ✅ 找到Skip元素: //XCUIElementTypeButton[@name="Skip"]
2026-05-11 21:03:18,134 - INFO - ✅ 已点击Skip跳过用户名
2026-05-11 21:03:21,373 - INFO - ✅ 主页面标识元素存在: //XCUIElementTypeButton[@name="home sel"]
2026-05-11 21:03:22,382 - INFO - 🎉 测试用例102227执行成功！
2026-05-11 21:03:22,383 - INFO - ✅ 密码等于20位时可继续，提交后成功进入主页面（mine元素）
2026-05-11 21:03:24,422 - INFO - ✅ 报告已生成: /Users/ambrose.chen/Desktop/iot/project/APP外壳/2测试报告/platform/ios_20260511_210155/ios_20260511_210155_report.xlsx
