2026-05-12 10:15:33,493 - INFO - 🔄 步骤0: 登出，确保从登出状态开始测试
2026-05-12 10:15:33,493 - INFO - 开始登出流程...
2026-05-12 10:16:04,385 - INFO - 未检测到home sel/mine sel/mine，跳过登出流程
2026-05-12 10:16:04,386 - INFO - ✅ 步骤0: 登出，确保从登出状态开始测试 - 完成
2026-05-12 10:16:06,391 - INFO - 🔄 步骤1: 点击Sign Up按钮进入注册页面
2026-05-12 10:16:07,357 - INFO - ✅ 步骤1: 点击Sign Up按钮进入注册页面 - 完成
2026-05-12 10:16:09,358 - INFO - 🔄 步骤2-5: 输入邮箱并进入设置密码页面
2026-05-12 10:16:09,363 - INFO - 📧 生成未使用过的特殊字符邮箱: 1+2-3.4%5_691675@163.com
2026-05-12 10:16:11,408 - INFO - ✅ 步骤2: 输入邮箱 - 完成（第1次尝试），邮箱: 1+2-3.4%5_691675@163.com
2026-05-12 10:16:18,836 - INFO - ✅ 步骤3: 同意隐私政策 - 完成
2026-05-12 10:16:20,898 - INFO - ✅ 步骤4: Done收起键盘 - 完成
2026-05-12 10:16:22,409 - INFO - ✅ 步骤5: 点击Next - 完成
2026-05-12 10:16:24,397 - INFO - ✅ 已进入set password页面
2026-05-12 10:16:24,398 - INFO - 🔄 步骤6: 设置密码
2026-05-12 10:16:29,406 - INFO - ✅ 步骤6: 设置密码 - 完成
2026-05-12 10:16:31,410 - INFO - 🔄 步骤7: 点击Done按钮（收起键盘）
2026-05-12 10:16:32,627 - INFO - ✅ 步骤7: 点击Done按钮（收起键盘） - 完成
2026-05-12 10:16:34,632 - INFO - 🔄 步骤8: 点击Next按钮进入个人信息页面
2026-05-12 10:16:35,612 - INFO - ✅ 步骤8: 点击Next按钮进入个人信息页面 - 完成
2026-05-12 10:16:37,616 - INFO - 🔄 步骤9: 设置超过50个字符的用户名
2026-05-12 10:16:37,617 - INFO - 📝 生成的用户名长度: 60 个字符
2026-05-12 10:16:50,960 - INFO - ℹ️ 未命中用户名区域专用定位，直接尝试输入框定位
2026-05-12 10:17:01,137 - INFO - ❌ 步骤9: 设置超过50个字符的用户名失败: 无法找到或输入用户名框 - 未找到可输入的用户名输入框
2026-05-12 10:17:01,138 - INFO - 
============================================================
2026-05-12 10:17:01,138 - INFO - ❌ 测试失败
2026-05-12 10:17:01,138 - INFO - 📍 失败步骤: 步骤9: 设置超过50个字符的用户名
2026-05-12 10:17:01,138 - INFO - 📝 失败原因: 步骤9: 设置超过50个字符的用户名失败: 无法找到或输入用户名框 - 未找到可输入的用户名输入框
2026-05-12 10:17:01,139 - INFO - ============================================================
2026-05-12 10:17:01,150 - INFO - Traceback (most recent call last):

2026-05-12 10:17:01,151 - INFO -   File "/Users/ambrose.chen/Desktop/iot/project/APP外壳/3功能/1平台/IOS/2注册/102179验证输入用户名名字超过50个字符，点击“Submit”按钮.py", line 318, in test_102179
    raise Exception("未找到可输入的用户名输入框")

2026-05-12 10:17:01,151 - INFO - Exception: 未找到可输入的用户名输入框

2026-05-12 10:17:01,411 - INFO - 已保存test_102179_failed失败截图: screenshots/test_102179_failed_1778552221.png
2026-05-12 10:17:01,435 - INFO - ✅ 报告已生成: /Users/ambrose.chen/Desktop/iot/project/APP外壳/2测试报告/platform/ios_20260512_101531/ios_20260512_101531_report.xlsx
