2026-05-07 21:51:17,276 - INFO - 🔄 步骤0: 登出，确保从登出状态开始测试
2026-05-07 21:51:17,276 - INFO - 开始登出流程...
2026-05-07 21:51:48,187 - INFO - 未检测到home sel/mine sel/mine，跳过登出流程
2026-05-07 21:51:48,188 - INFO - ✅ 步骤0: 登出，确保从登出状态开始测试 - 完成
2026-05-07 21:51:50,195 - INFO - 🔄 步骤1: 验证在APP首页（登录页面）
2026-05-07 21:51:50,361 - INFO - ✅ 步骤1: 验证在APP首页（登录页面） - 完成，确认在APP首页（登录页面）
2026-05-07 21:51:52,365 - INFO - 🔄 步骤2: 点击Sign Up按钮进入注册页面
2026-05-07 21:51:53,324 - INFO - ✅ 步骤2: 点击Sign Up按钮进入注册页面 - 完成
2026-05-07 21:51:56,329 - INFO - 🔄 步骤3: 验证进入Sign Up页面
2026-05-07 21:51:56,565 - INFO - ✅ 步骤3: 验证进入Sign Up页面 - 完成，确认已进入Sign Up注册页面
2026-05-07 21:51:58,574 - INFO - 🔄 步骤4: 输入邮箱
2026-05-07 21:51:58,577 - INFO - 📧 生成简单邮箱地址: testuser105@163.com
2026-05-07 21:52:00,582 - INFO - ✅ 步骤4: 输入邮箱 - 完成，邮箱: testuser105@163.com
2026-05-07 21:52:02,591 - INFO - 🔄 步骤5: 勾选隐私政策和用户协议
2026-05-07 21:52:08,555 - INFO - ✅ 隐私政策复选框已勾选
2026-05-07 21:52:10,058 - INFO - 🔄 步骤5.1: 收起键盘（Done）
2026-05-07 21:52:11,349 - INFO - ✅ 已点击Done收起键盘
2026-05-07 21:52:12,359 - INFO - 🔄 步骤6: 点击Next进入set password页面
2026-05-07 21:52:13,057 - INFO - ✅ 步骤6: 点击Next进入set password页面 - 完成，已点击Next按钮
2026-05-07 21:52:16,057 - INFO - 🔄 步骤7: 验证进入set password页面
2026-05-07 21:52:16,352 - INFO - ✅ 成功进入set password页面
2026-05-07 21:52:17,860 - INFO - 🔄 步骤8: 不输入密码验证Next不可点击，点击后仍停留本页
2026-05-07 21:52:18,049 - INFO - 📝 密码页Next按钮enabled状态: False
2026-05-07 21:52:18,456 - INFO - ✅ 已尝试点击密码页Next按钮
2026-05-07 21:52:20,736 - INFO - ✅ 点击后仍停留在set password页面，Next按钮视为禁用/无效状态
2026-05-07 21:52:21,744 - INFO - 🎉 测试用例102222执行成功！
2026-05-07 21:52:21,745 - INFO - ✅ 验证进入设置密码页面：不填密码时Next为浅色/无效，点击后仍停留在当前页面
2026-05-07 21:52:23,781 - INFO - ✅ 报告已生成: /Users/ambrose.chen/Desktop/iot/project/APP外壳/2测试报告/platform/ios_20260507_215115/ios_20260507_215115_report.xlsx
