2026-05-11 19:51:47,900 - INFO - 🔄 步骤0: 登出，确保从登出状态开始测试
2026-05-11 19:51:47,901 - INFO - 开始登出流程...
2026-05-11 19:51:48,144 - INFO - 检测到home sel元素
2026-05-11 19:51:59,534 - INFO - ✅ 点击mine按钮: //XCUIElementTypeButton[@name="mine"]
2026-05-11 19:52:01,731 - INFO - ✅ 点击CommonEdit编辑按钮: //XCUIElementTypeButton[@name="CommonEdit"]
2026-05-11 19:52:03,913 - INFO - ✅ 点击Log Out: //XCUIElementTypeButton[@name="Log Out"]
2026-05-11 19:52:06,100 - INFO - ✅ 点击Confirm: //XCUIElementTypeButton[@name="Confirm"]
2026-05-11 19:52:07,607 - INFO - 登出操作完成
2026-05-11 19:52:08,574 - INFO - ✅ 成功回到登录页面
2026-05-11 19:52:08,575 - INFO - ✅ 步骤0: 登出，确保从登出状态开始测试 - 完成
2026-05-11 19:52:10,586 - INFO - 🔄 步骤1: 点击Sign Up按钮进入注册页面
2026-05-11 19:52:11,569 - INFO - ✅ 步骤1: 点击Sign Up按钮进入注册页面 - 完成
2026-05-11 19:52:13,570 - INFO - 🔄 步骤2-5: 输入邮箱并进入设置密码页面
2026-05-11 19:52:13,576 - INFO - 📧 生成未使用过的特殊字符邮箱: 1+2-3.4%5_617598@163.com
2026-05-11 19:52:15,609 - INFO - ✅ 步骤2: 输入邮箱 - 完成（第1次尝试），邮箱: 1+2-3.4%5_617598@163.com
2026-05-11 19:52:22,970 - INFO - ✅ 步骤3: 同意隐私政策 - 完成
2026-05-11 19:52:25,046 - INFO - ✅ 步骤4: Done收起键盘 - 完成
2026-05-11 19:52:26,585 - INFO - ✅ 步骤5: 点击Next - 完成
2026-05-11 19:52:28,585 - INFO - ✅ 已进入set password页面
2026-05-11 19:52:28,585 - INFO - 🔄 步骤6: 设置密码
2026-05-11 19:52:33,781 - INFO - ✅ 步骤6: 设置密码 - 完成
2026-05-11 19:52:35,788 - INFO - 🔄 步骤7: 点击Done按钮（收起键盘）
2026-05-11 19:52:36,986 - INFO - ✅ 步骤7: 点击Done按钮（收起键盘） - 完成
2026-05-11 19:52:38,992 - INFO - 🔄 步骤8: 点击Next按钮进入个人信息页面
2026-05-11 19:52:39,983 - INFO - ✅ 步骤8: 点击Next按钮进入个人信息页面 - 完成
2026-05-11 19:52:41,992 - INFO - 🔄 步骤9: 设置49个字符的用户名
2026-05-11 19:52:41,993 - INFO - 📝 生成的用户名长度: 49 个字符
2026-05-11 19:52:46,822 - INFO - ✅ 已点击用户名区域: //XCUIElementTypeTextField[@value="Username"]
2026-05-11 19:52:47,776 - INFO - ✅ 命中用户名输入框定位: //XCUIElementTypeTextField[@value="Username"]
2026-05-11 19:52:49,274 - INFO - ✅ 步骤9: 设置49个字符的用户名 - 完成，输入的用户名长度: 49 个字符
2026-05-11 19:52:49,274 - INFO - 📝 输入的用户名: o3yMeuTLy4p4OshHeIXxnTfS7E4e2LcQ2lZTZk9stiatNJU1N
2026-05-11 19:52:52,279 - INFO - 🔄 步骤10: 点击Done按钮收起键盘
2026-05-11 19:52:53,510 - INFO - ✅ 步骤10: 点击Done按钮收起键盘 - 完成
2026-05-11 19:52:55,520 - INFO - 🔄 步骤11: 点击submit
2026-05-11 19:52:56,187 - INFO - ✅ 步骤11: 点击submit - 完成
2026-05-11 19:52:59,196 - INFO - 🔄 步骤12: 验证跳转到APP主页面
2026-05-11 19:52:59,614 - INFO - ✅ 步骤12: 验证跳转到APP主页面 - 完成
2026-05-11 19:52:59,615 - INFO - 🔄 步骤13: 验证用户名显示为完整的49个字符
2026-05-11 19:52:59,761 - INFO - ✅ 找到用户名元素，使用选择器: //XCUIElementTypeStaticText[contains(@name, "Hi")]
2026-05-11 19:52:59,815 - INFO - 📝 用户名显示内容: Hi, o3yMeuTLy4p4OshHeIXxnTfS7E4e2LcQ2lZTZk9stiatNJU1N
2026-05-11 19:52:59,815 - INFO - ✅ 步骤13: 验证用户名显示为完整的49个字符 - 完成
2026-05-11 19:52:59,816 - INFO - 📝 输入的用户名长度: 49 个字符
2026-05-11 19:52:59,816 - INFO - 📝 显示的用户名长度: 49 个字符（完整显示）
2026-05-11 19:52:59,816 - INFO - 📝 显示的用户名: o3yMeuTLy4p4OshHeIXxnTfS7E4e2LcQ2lZTZk9stiatNJU1N
2026-05-11 19:52:59,816 - INFO - 🎉 测试用例102180执行成功！
2026-05-11 19:53:01,850 - INFO - ✅ 报告已生成: /Users/ambrose.chen/Desktop/iot/project/APP外壳/2测试报告/platform/ios_20260511_195146/ios_20260511_195146_report.xlsx
