2026-05-08 21:21:39,723 - INFO - 🔄 步骤0: 登出，确保从登出状态开始测试
2026-05-08 21:21:39,724 - INFO - 开始登出流程...
2026-05-08 21:21:39,961 - INFO - 检测到home sel元素
2026-05-08 21:21:51,331 - INFO - ✅ 点击mine按钮: //XCUIElementTypeButton[@name="mine"]
2026-05-08 21:21:53,516 - INFO - ✅ 点击CommonEdit编辑按钮: //XCUIElementTypeButton[@name="CommonEdit"]
2026-05-08 21:21:55,681 - INFO - ✅ 点击Log Out: //XCUIElementTypeButton[@name="Log Out"]
2026-05-08 21:21:57,864 - INFO - ✅ 点击Confirm: //XCUIElementTypeButton[@name="Confirm"]
2026-05-08 21:21:59,374 - INFO - 登出操作完成
2026-05-08 21:21:59,702 - INFO - ✅ 成功回到登录页面
2026-05-08 21:21:59,702 - INFO - ✅ 步骤0: 登出，确保从登出状态开始测试 - 完成
2026-05-08 21:22:01,707 - INFO - 🔄 步骤1: 验证在APP首页（登录页面）
2026-05-08 21:22:01,876 - INFO - ✅ 步骤1: 验证在APP首页（登录页面） - 完成，确认在APP首页（登录页面）
2026-05-08 21:22:03,883 - INFO - 🔄 步骤2: 点击Sign Up按钮进入注册页面
2026-05-08 21:22:04,835 - INFO - ✅ 步骤2: 点击Sign Up按钮进入注册页面 - 完成
2026-05-08 21:22:07,843 - INFO - 🔄 步骤3: 验证进入Sign Up页面
2026-05-08 21:22:08,076 - INFO - ✅ 步骤3: 验证进入Sign Up页面 - 完成，确认已进入Sign Up注册页面
2026-05-08 21:22:10,081 - INFO - 🔄 步骤4: 输入邮箱
2026-05-08 21:22:10,085 - INFO - 📧 生成简单邮箱地址: testuser173@163.com
2026-05-08 21:22:11,972 - INFO - ✅ 步骤4: 输入邮箱 - 完成，邮箱: testuser173@163.com
2026-05-08 21:22:13,976 - INFO - 🔄 步骤5: 勾选隐私政策和用户协议
2026-05-08 21:22:20,074 - INFO - ✅ 隐私政策复选框已勾选
2026-05-08 21:22:21,583 - INFO - 🔄 步骤5.1: 收起键盘（Done）
2026-05-08 21:22:22,853 - INFO - ✅ 已点击Done收起键盘
2026-05-08 21:22:23,862 - INFO - 🔄 步骤6: 点击Next进入set password页面
2026-05-08 21:22:24,566 - INFO - ✅ 步骤6: 点击Next进入set password页面 - 完成，已点击Next按钮
2026-05-08 21:22:27,572 - INFO - 🔄 步骤7: 验证进入set password页面
2026-05-08 21:22:27,841 - INFO - ✅ 成功进入set password页面
2026-05-08 21:22:29,341 - INFO - 🔄 步骤8: 输入密码并确认
2026-05-08 21:22:31,157 - INFO - ✅ 已输入密码: XINGmai12?
2026-05-08 21:22:33,084 - INFO - ✅ 已输入确认密码: XINGmai12?
2026-05-08 21:22:35,292 - INFO - ✅ 密码页已点击Done收起键盘
2026-05-08 21:22:36,301 - INFO - 🔄 步骤9: 点击Next进入用户名页面
2026-05-08 21:22:37,272 - INFO - ✅ 已点击密码页Next按钮
2026-05-08 21:22:40,276 - INFO - 🔄 步骤10: 用户名页面点击Skip并验证主页面
2026-05-08 21:22:52,627 - INFO - ✅ 找到Skip元素: //XCUIElementTypeButton[@name="Skip"]
2026-05-08 21:22:53,046 - INFO - ✅ 已点击Skip跳过用户名
2026-05-08 21:22:56,261 - INFO - ✅ 主页面标识元素存在: //XCUIElementTypeButton[@name="home sel"]
2026-05-08 21:22:57,267 - INFO - 🎉 测试用例102234执行成功！
2026-05-08 21:22:57,267 - INFO - ✅ 数字+大+小写+字符密码可正常跳转，成功到主页面
2026-05-08 21:22:59,298 - INFO - ✅ 报告已生成: /Users/ambrose.chen/Desktop/iot/project/APP外壳/2测试报告/platform/ios_20260508_212137/ios_20260508_212137_report.xlsx
