2026-05-09 20:06:54,594 - INFO - 🔄 步骤0: 登出，确保从登出状态开始测试
2026-05-09 20:06:54,594 - INFO - 开始登出流程...
2026-05-09 20:07:25,501 - INFO - 未检测到home sel/mine sel/mine，跳过登出流程
2026-05-09 20:07:25,503 - INFO - ✅ 步骤0: 登出，确保从登出状态开始测试 - 完成
2026-05-09 20:07:27,508 - INFO - 🔄 步骤1: 验证在APP首页（登录页面）
2026-05-09 20:07:27,661 - INFO - ✅ 步骤1: 验证在APP首页（登录页面） - 完成，确认在APP首页（登录页面）
2026-05-09 20:07:29,670 - INFO - 🔄 步骤2: 点击Sign Up按钮进入注册页面
2026-05-09 20:07:30,613 - INFO - ✅ 步骤2: 点击Sign Up按钮进入注册页面 - 完成
2026-05-09 20:07:33,618 - INFO - 🔄 步骤3: 验证进入Sign Up页面
2026-05-09 20:07:33,848 - INFO - ✅ 步骤3: 验证进入Sign Up页面 - 完成，确认已进入Sign Up注册页面
2026-05-09 20:07:35,854 - INFO - 🔄 步骤4: 输入邮箱
2026-05-09 20:07:35,858 - INFO - 📧 生成简单邮箱地址: testuser212@163.com
2026-05-09 20:07:37,770 - INFO - ✅ 步骤4: 输入邮箱 - 完成，邮箱: testuser212@163.com
2026-05-09 20:07:39,780 - INFO - 🔄 步骤5: 勾选隐私政策和用户协议
2026-05-09 20:07:45,911 - INFO - ✅ 隐私政策复选框已勾选
2026-05-09 20:07:47,422 - INFO - 🔄 步骤5.1: 收起键盘（Done）
2026-05-09 20:07:48,666 - INFO - ✅ 已点击Done收起键盘
2026-05-09 20:07:49,675 - INFO - 🔄 步骤6: 点击Next进入set password页面
2026-05-09 20:07:50,383 - INFO - ✅ 步骤6: 点击Next进入set password页面 - 完成，已点击Next按钮
2026-05-09 20:07:53,386 - INFO - 🔄 步骤7: 验证进入set password页面
2026-05-09 20:07:53,676 - INFO - ✅ 成功进入set password页面
2026-05-09 20:07:55,185 - INFO - 🔄 步骤8: 输入大写+特殊字符密码并验证规则颜色
2026-05-09 20:07:57,021 - INFO - ✅ 已输入密码: !@#*XINGMAI
2026-05-09 20:07:58,975 - INFO - ✅ 已输入确认密码: !@#*XINGMAI
2026-05-09 20:08:00,383 - INFO - 📝 规则提示: • 6-20 characters 颜色: None
2026-05-09 20:08:00,774 - INFO - 📝 规则提示: • contains letters 颜色: None
2026-05-09 20:08:01,178 - INFO - 📝 规则提示: • contains numbers 颜色: None
2026-05-09 20:08:01,567 - INFO - 📝 规则提示: • Supports special characters:! @ # $ % ^ & * ( ) - _ = + \ | [ ] { } ; : / ? . , ~ > < ` 颜色: None
2026-05-09 20:08:02,755 - INFO - ✅ 密码页已点击Done收起键盘
2026-05-09 20:08:03,764 - INFO - 🔄 步骤9: 点击Next验证仍停留在set password页面
2026-05-09 20:08:04,351 - INFO - ✅ 已尝试点击密码页Next按钮（应无跳转）
2026-05-09 20:08:06,650 - INFO - ✅ 点击后仍停留在set password页面，Next按钮不可使页面跳转
2026-05-09 20:08:07,658 - INFO - 🎉 测试用例102238执行成功！
2026-05-09 20:08:07,659 - INFO - ✅ 大写+特殊字符密码规则提示符合预期，Next不可跳转
2026-05-09 20:08:09,699 - INFO - ✅ 报告已生成: /Users/ambrose.chen/Desktop/iot/project/APP外壳/2测试报告/platform/ios_20260509_200652/ios_20260509_200652_report.xlsx
