2026-05-12 11:02:19,492 - INFO - 🔄 步骤0: 登出，确保从登出状态开始测试
2026-05-12 11:02:19,492 - INFO - 开始登出流程...
2026-05-12 11:02:50,444 - INFO - 未检测到home sel/mine sel/mine，跳过登出流程
2026-05-12 11:02:50,445 - INFO - ✅ 步骤0: 登出，确保从登出状态开始测试 - 完成
2026-05-12 11:02:52,454 - INFO - 🔄 步骤1: 验证在APP首页（登录页面）
2026-05-12 11:02:52,621 - INFO - ✅ 步骤1: 验证在APP首页（登录页面） - 完成，确认在APP首页（登录页面）
2026-05-12 11:02:54,630 - INFO - 🔄 步骤2: 点击Sign Up按钮进入注册页面
2026-05-12 11:02:55,579 - INFO - ✅ 步骤2: 点击Sign Up按钮进入注册页面 - 完成
2026-05-12 11:02:58,584 - INFO - 🔄 步骤3: 验证进入Sign Up页面
2026-05-12 11:02:58,823 - INFO - ✅ 步骤3: 验证进入Sign Up页面 - 完成，确认已进入Sign Up注册页面
2026-05-12 11:03:00,831 - INFO - 🔄 步骤4: 邮箱框输入数字+字母（value="Email"）
2026-05-12 11:03:02,497 - INFO - ✅ 步骤4: 邮箱框输入数字+字母（value="Email"） - 完成，输入邮箱: 123456abcd
2026-05-12 11:03:03,507 - INFO - 🔄 步骤4.1: 点击Done收起键盘
2026-05-12 11:03:04,652 - INFO - ✅ 步骤4.1: 点击Done收起键盘 - 完成
2026-05-12 11:03:05,662 - INFO - 🔄 步骤5: 勾选隐私政策和用户协议
2026-05-12 11:03:11,554 - INFO - ✅ 隐私政策复选框已勾选
2026-05-12 11:03:13,060 - INFO - 🔄 步骤6: 点击Next按钮
2026-05-12 11:03:13,712 - INFO - ✅ 步骤6: 点击Next按钮 - 已尝试点击Next按钮
2026-05-12 11:03:15,721 - INFO - 🔄 步骤7: 验证停留当前页面并出现提示
2026-05-12 11:03:16,248 - INFO - ✅ 步骤7: 验证停留当前页面并出现提示 - 完成，提示信息: Please sign up using your email address
2026-05-12 11:03:18,252 - INFO - 🎉 测试用例102207执行成功！
2026-05-12 11:03:18,252 - INFO - ✅ 验证邮箱数字+字母，勾选隐私政策后点击Next，停留当前页并提示“Please sign up using your email address”
2026-05-12 11:03:20,283 - INFO - ✅ 报告已生成: /Users/ambrose.chen/Desktop/iot/project/APP外壳/2测试报告/platform/ios_20260512_110217/ios_20260512_110217_report.xlsx
