2026-05-19 15:53:02,290 - INFO - 🔄 步骤1: 重启APP
2026-05-19 15:53:07,256 - INFO - ✅ 步骤1: 重启APP - 完成
2026-05-19 15:53:07,257 - INFO - 🔄 步骤2: 检测登录状态并确保在登录/注册入口页
2026-05-19 15:53:08,057 - INFO - ✅ 步骤2: 检测登录状态并确保在登录/注册入口页 - 完成
2026-05-19 15:53:08,057 - INFO - 🔄 步骤3: 点击 Sign Up 进入注册页
2026-05-19 15:53:10,312 - INFO - ✅ 步骤3: 点击 Sign Up 进入注册页 - 完成
2026-05-19 15:53:10,314 - INFO - 📧 生成简单邮箱地址: testuser303@163.com
2026-05-19 15:53:10,314 - INFO - 🔄 步骤4: 使用已注册邮箱尝试注册
2026-05-19 15:54:48,884 - INFO - 
============================================================
2026-05-19 15:54:48,885 - INFO - ❌ 测试失败
2026-05-19 15:54:48,885 - INFO - 📍 失败步骤: 步骤4: 使用已注册邮箱尝试注册
2026-05-19 15:54:48,885 - INFO - 📝 失败原因: 步骤4: 使用已注册邮箱尝试注册失败: Message: 未找到文案: ['registered', 'already', '已注册', 'Account', '登录', 'Log in']

2026-05-19 15:54:48,885 - INFO - ============================================================
2026-05-19 15:54:48,889 - INFO - Traceback (most recent call last):

2026-05-19 15:54:48,889 - INFO -   File "/Users/ambrose.chen/Desktop/iot/project/APP外壳/3功能/1平台/Android/2注册/200060 验证注册过的邮箱再次注册，提示当前账号已注册，立刻登录.py", line 241, in test_200060
    step_assert_text_visible(

2026-05-19 15:54:48,889 - INFO -   File "/Users/ambrose.chen/Desktop/iot/project/APP外壳/3功能/1平台/Android/2注册/register_case_base.py", line 379, in step_assert_text_visible
    raise TimeoutException(f"未找到文案: {list(texts)}")

2026-05-19 15:54:48,889 - INFO - selenium.common.exceptions.TimeoutException: Message: 未找到文案: ['registered', 'already', '已注册', 'Account', '登录', 'Log in']


2026-05-19 15:54:49,491 - INFO - 已保存test_200060_failed失败截图: screenshots/test_200060_failed_1779177288.png
2026-05-19 15:54:49,514 - INFO - ✅ 报告已生成: /Users/ambrose.chen/Desktop/iot/project/APP外壳/2测试报告/platform/android_20260519_155259/android_20260519_155259_report.xlsx
