2026-05-12 11:20:58,550 - INFO - 🔄 步骤0: 登出，确保从登出状态开始测试
2026-05-12 11:20:58,551 - INFO - 开始登出流程...
2026-05-12 11:21:29,453 - INFO - 未检测到home sel/mine sel/mine，跳过登出流程
2026-05-12 11:21:29,454 - INFO - ✅ 步骤0: 登出，确保从登出状态开始测试 - 完成
2026-05-12 11:21:31,458 - INFO - 🔄 步骤1: 验证在APP首页（登录页面）
2026-05-12 11:21:31,619 - INFO - ✅ 步骤1: 验证在APP首页（登录页面） - 完成，确认在APP首页（登录页面）
2026-05-12 11:21:33,629 - INFO - 🔄 步骤2: 点击Sign Up按钮进入注册页面
2026-05-12 11:21:34,562 - INFO - ✅ 步骤2: 点击Sign Up按钮进入注册页面 - 完成
2026-05-12 11:21:37,568 - INFO - 🔄 步骤3: 验证进入Sign Up页面
2026-05-12 11:21:37,806 - INFO - ✅ 步骤3: 验证进入Sign Up页面 - 完成，确认已进入Sign Up注册页面
2026-05-12 11:21:39,808 - INFO - 🔄 步骤4: 输入邮箱
2026-05-12 11:21:39,812 - INFO - 📧 生成简单邮箱地址: testuser268@163.com
2026-05-12 11:21:41,704 - INFO - ✅ 步骤4: 输入邮箱 - 完成，邮箱: testuser268@163.com
2026-05-12 11:21:43,711 - INFO - 🔄 步骤5: 勾选隐私政策和用户协议
2026-05-12 11:21:49,821 - INFO - ✅ 隐私政策复选框已勾选
2026-05-12 11:21:51,326 - INFO - 🔄 步骤5.1: 收起键盘（Done）
2026-05-12 11:21:52,582 - INFO - ✅ 已点击Done收起键盘
2026-05-12 11:21:53,589 - INFO - 🔄 步骤6: 点击Next进入set password页面
2026-05-12 11:21:54,287 - INFO - ✅ 步骤6: 点击Next进入set password页面 - 完成，已点击Next按钮
2026-05-12 11:21:57,295 - INFO - 🔄 步骤7: 验证进入set password页面
2026-05-12 11:21:57,589 - INFO - ✅ 成功进入set password页面
2026-05-12 11:21:59,097 - INFO - 🔄 步骤8: 不输入密码验证Next不可点击，点击后仍停留本页
2026-05-12 11:21:59,276 - INFO - 📝 密码页Next按钮enabled状态: False
2026-05-12 11:21:59,671 - INFO - ✅ 已尝试点击密码页Next按钮
2026-05-12 11:22:01,943 - INFO - ✅ 点击后仍停留在set password页面，Next按钮视为禁用/无效状态
2026-05-12 11:22:02,952 - INFO - 🎉 测试用例102222执行成功！
2026-05-12 11:22:02,953 - INFO - ✅ 验证进入设置密码页面：不填密码时Next为浅色/无效，点击后仍停留在当前页面
2026-05-12 11:22:04,987 - INFO - ✅ 报告已生成: /Users/ambrose.chen/Desktop/iot/project/APP外壳/2测试报告/platform/ios_20260512_112056/ios_20260512_112056_report.xlsx
