2026-05-08 20:44:46,970 - INFO - 🔄 步骤0: 登出，确保从登出状态开始测试
2026-05-08 20:44:46,971 - INFO - 开始登出流程...
2026-05-08 20:45:17,883 - INFO - 未检测到home sel/mine sel/mine，跳过登出流程
2026-05-08 20:45:17,884 - INFO - ✅ 步骤0: 登出，确保从登出状态开始测试 - 完成
2026-05-08 20:45:20,893 - INFO - 🔄 步骤1: 验证在APP首页（登录页面）
2026-05-08 20:45:21,047 - INFO - ✅ 步骤1: 验证在APP首页（登录页面） - 完成，确认在APP首页（登录页面）
2026-05-08 20:45:23,050 - INFO - 🔄 步骤2: 点击Sign Up按钮进入注册页面
2026-05-08 20:45:23,991 - INFO - ✅ 步骤2: 点击Sign Up按钮进入注册页面 - 完成
2026-05-08 20:45:26,995 - INFO - 🔄 步骤3: 验证进入Sign Up页面
2026-05-08 20:45:27,241 - INFO - ✅ 步骤3: 验证进入Sign Up页面 - 完成，确认已进入Sign Up注册页面
2026-05-08 20:45:29,250 - INFO - 🔄 步骤4: 在邮箱栏输入邮箱
2026-05-08 20:45:29,254 - INFO - 📧 生成简单邮箱地址: testuser159@163.com
2026-05-08 20:45:31,140 - INFO - ✅ 步骤4: 在邮箱栏输入邮箱 - 完成，邮箱: testuser159@163.com
2026-05-08 20:45:33,144 - INFO - 🔄 步骤5: 点击邮箱右侧清除按钮
2026-05-08 20:45:34,275 - INFO - ✅ 步骤5: 点击邮箱右侧清除按钮 - 完成，已点击清除按钮
2026-05-08 20:45:36,282 - INFO - 🔄 步骤6: 验证邮箱被清空
2026-05-08 20:45:36,826 - INFO - 📝 清除后邮箱框内容: 'Email'
2026-05-08 20:45:36,827 - INFO - ✅ 步骤6: 验证邮箱被清空 - 完成，邮箱已清空
2026-05-08 20:45:37,837 - INFO - 🎉 测试用例102205执行成功！
2026-05-08 20:45:37,837 - INFO - ✅ 验证清空邮箱的“×”按钮，可以清空邮箱
2026-05-08 20:45:39,859 - INFO - ✅ 报告已生成: /Users/ambrose.chen/Desktop/iot/project/APP外壳/2测试报告/platform/ios_20260508_204445/ios_20260508_204445_report.xlsx
