2026-05-07 21:47:38,476 - INFO - 🔄 步骤0: 登出，确保从登出状态开始测试
2026-05-07 21:47:38,477 - INFO - 开始登出流程...
2026-05-07 21:48:09,389 - INFO - 未检测到home sel/mine sel/mine，跳过登出流程
2026-05-07 21:48:09,389 - INFO - ✅ 步骤0: 登出，确保从登出状态开始测试 - 完成
2026-05-07 21:48:11,391 - INFO - 🔄 步骤1: 验证在APP首页（登录页面）
2026-05-07 21:48:11,553 - INFO - ✅ 步骤1: 验证在APP首页（登录页面） - 完成，确认在APP首页（登录页面）
2026-05-07 21:48:13,558 - INFO - 🔄 步骤2: 点击Sign Up按钮进入注册页面
2026-05-07 21:48:14,520 - INFO - ✅ 步骤2: 点击Sign Up按钮进入注册页面 - 完成
2026-05-07 21:48:17,530 - INFO - 🔄 步骤3: 验证进入Sign Up页面
2026-05-07 21:48:17,767 - INFO - ✅ 步骤3: 验证进入Sign Up页面 - 完成，确认已进入Sign Up注册页面
2026-05-07 21:48:19,769 - INFO - 🔄 步骤4: 输入已注册邮箱
2026-05-07 21:48:21,666 - INFO - ✅ 步骤4: 输入已注册邮箱 - 完成，输入邮箱: haoc51888@gmail.com
2026-05-07 21:48:23,675 - INFO - 🔄 步骤5: 勾选隐私政策和用户协议
2026-05-07 21:48:29,803 - INFO - ✅ 隐私政策复选框已勾选
2026-05-07 21:48:31,313 - INFO - 🔄 步骤5.1: 收起键盘（Done）
2026-05-07 21:48:32,599 - INFO - ✅ 已点击Done收起键盘
2026-05-07 21:48:33,602 - INFO - 🔄 步骤6: 点击Next按钮
2026-05-07 21:48:34,325 - INFO - ✅ 步骤6: 点击Next按钮 - 完成，已点击Next按钮
2026-05-07 21:48:36,336 - INFO - 🔄 步骤7: 验证弹框提示已注册
2026-05-07 21:48:36,613 - INFO - ✅ 弹框提示已注册: This email is already registered. Ready to sign in now?
2026-05-07 21:48:37,615 - INFO - 🔄 步骤8: 点击Cancel
2026-05-07 21:48:38,510 - INFO - ✅ 已点击Cancel
2026-05-07 21:48:40,518 - INFO - 🔄 步骤9: 断言仍停留在注册页面
2026-05-07 21:48:40,766 - INFO - ✅ 步骤9: 断言仍停留在注册页面 - 完成，仍停留在注册页面
2026-05-07 21:48:41,769 - INFO - 🎉 测试用例102220执行成功！
2026-05-07 21:48:41,770 - INFO - ✅ 已注册邮箱再次注册，弹框后点击Cancel，仍停留在注册页
2026-05-07 21:48:43,801 - INFO - ✅ 报告已生成: /Users/ambrose.chen/Desktop/iot/project/APP外壳/2测试报告/platform/ios_20260507_214736/ios_20260507_214736_report.xlsx
