2026-05-08 15:24:30,634 - INFO - 🔄 步骤0: 登出，确保从登出状态开始测试
2026-05-08 15:24:30,634 - INFO - 开始登出流程...
2026-05-08 15:25:01,545 - INFO - 未检测到home sel/mine sel/mine，跳过登出流程
2026-05-08 15:25:01,546 - INFO - ✅ 步骤0: 登出，确保从登出状态开始测试 - 完成
2026-05-08 15:25:03,551 - INFO - 🔄 步骤1: 验证在APP首页（登录页面）
2026-05-08 15:25:03,715 - INFO - ✅ 步骤1: 验证在APP首页（登录页面） - 完成，确认在APP首页（登录页面）
2026-05-08 15:25:05,719 - INFO - 🔄 步骤2: 点击Sign Up按钮进入注册页面
2026-05-08 15:25:06,792 - INFO - ✅ 步骤2: 点击Sign Up按钮进入注册页面 - 完成
2026-05-08 15:25:09,796 - INFO - 🔄 步骤3: 验证进入Sign Up页面
2026-05-08 15:25:10,037 - INFO - ✅ 步骤3: 验证进入Sign Up页面 - 完成，确认已进入Sign Up注册页面
2026-05-08 15:25:12,040 - INFO - 🔄 步骤4: 输入邮箱（value="Email"）
2026-05-08 15:25:12,044 - INFO - 📧 生成简单邮箱地址: testuser144@163.com
2026-05-08 15:25:13,844 - INFO - ✅ 步骤4: 输入邮箱（value="Email"） - 完成，邮箱: testuser144@163.com
2026-05-08 15:25:15,846 - INFO - 🔄 步骤5: 点击Done按钮收起键盘
2026-05-08 15:25:17,093 - INFO - ✅ 步骤5: 点击Done按钮收起键盘 - 完成
2026-05-08 15:25:19,098 - INFO - 🔄 步骤6: 勾选隐私政策和用户协议
2026-05-08 15:25:25,891 - INFO - ℹ️ 未检测到 selected（可忽略），继续下一步用页面跳转验证是否勾选成功
2026-05-08 15:25:25,892 - INFO - ✅ 步骤6: 勾选隐私政策和用户协议 - 完成
2026-05-08 15:25:27,893 - INFO - 🔄 步骤7: 点击Next按钮进入密码设置页面
2026-05-08 15:25:28,605 - INFO - ✅ 步骤7: 点击Next按钮进入密码设置页面 - 完成，已点击Next按钮
2026-05-08 15:25:30,974 - INFO - 🔄 步骤8: 点击左上角返回按钮（name="nav back"）
2026-05-08 15:25:32,264 - INFO - ✅ 步骤8: 点击左上角返回按钮（name="nav back"） - 完成
2026-05-08 15:25:33,270 - INFO - 🔄 步骤9: 断言复选框已取消勾选，并出现提示
2026-05-08 15:25:43,986 - INFO - ❌ 步骤9: 断言复选框已取消勾选，并出现提示失败: Message: 
Stacktrace:
NoSuchElementError: An element could not be located on the page using the given search parameters.
    at XCUITestDriver.doNativeFind (/Users/ambrose.chen/.appium/node_modules/appium-xcuitest-driver/lib/commands/find.js:116:11)
    at processTicksAndRejections (node:internal/process/task_queues:103:5)
    at XCUITestDriver.findNativeElementOrElements (/Users/ambrose.chen/.appium/node_modules/appium-xcuitest-driver/lib/commands/find.js:69:10)
    at XCUITestDriver.findElOrEls (/Users/ambrose.chen/.appium/node_modules/appium-xcuitest-driver/lib/commands/find.js:13:12)
    at XCUITestDriver.findElOrElsWithProcessing (/Users/ambrose.chen/.appium/node_modules/appium-xcuitest-driver/node_modules/@appium/base-driver/lib/basedriver/commands/find.ts:60:12)
    at XCUITestDriver.findElement (/Users/ambrose.chen/.appium/node_modules/appium-xcuitest-driver/node_modules/@appium/base-driver/lib/basedriver/commands/find.ts:75:12)
2026-05-08 15:25:43,988 - INFO - 
============================================================
2026-05-08 15:25:43,988 - INFO - ❌ 测试失败
2026-05-08 15:25:43,988 - INFO - 📍 失败步骤: 步骤9: 断言复选框已取消勾选，并出现提示
2026-05-08 15:25:43,988 - INFO - 📝 失败原因: 步骤9: 断言复选框已取消勾选，并出现提示失败: Message: 
Stacktrace:
NoSuchElementError: An element could not be located on the page using the given search parameters.
    at XCUITestDriver.doNativeFind (/Users/ambrose.chen/.appium/node_modules/appium-xcuitest-driver/lib/commands/find.js:116:11)
    at processTicksAndRejections (node:internal/process/task_queues:103:5)
    at XCUITestDriver.findNativeElementOrElements (/Users/ambrose.chen/.appium/node_modules/appium-xcuitest-driver/lib/commands/find.js:69:10)
    at XCUITestDriver.findElOrEls (/Users/ambrose.chen/.appium/node_modules/appium-xcuitest-driver/lib/commands/find.js:13:12)
    at XCUITestDriver.findElOrElsWithProcessing (/Users/ambrose.chen/.appium/node_modules/appium-xcuitest-driver/node_modules/@appium/base-driver/lib/basedriver/commands/find.ts:60:12)
    at XCUITestDriver.findElement (/Users/ambrose.chen/.appium/node_modules/appium-xcuitest-driver/node_modules/@appium/base-driver/lib/basedriver/commands/find.ts:75:12)
2026-05-08 15:25:43,988 - INFO - ============================================================
2026-05-08 15:25:43,991 - INFO - Traceback (most recent call last):

2026-05-08 15:25:43,991 - INFO -   File "/Users/ambrose.chen/Desktop/iot/project/APP外壳/3功能/1平台/IOS/2注册/102199 验证"隐私政策、用户协议"取消勾选.py", line 276, in test_102199
    normal_btn = WebDriverWait(driver, 8).until(
                 ^^^^^^^^^^^^^^^^^^^^^^^^^^^^^^^

2026-05-08 15:25:43,992 - INFO -   File "/Library/Frameworks/Python.framework/Versions/3.11/lib/python3.11/site-packages/selenium/webdriver/support/wait.py", line 138, in until
    raise TimeoutException(message, screen, stacktrace)

2026-05-08 15:25:43,992 - INFO - selenium.common.exceptions.TimeoutException: Message: 
Stacktrace:
NoSuchElementError: An element could not be located on the page using the given search parameters.
    at XCUITestDriver.doNativeFind (/Users/ambrose.chen/.appium/node_modules/appium-xcuitest-driver/lib/commands/find.js:116:11)
    at processTicksAndRejections (node:internal/process/task_queues:103:5)
    at XCUITestDriver.findNativeElementOrElements (/Users/ambrose.chen/.appium/node_modules/appium-xcuitest-driver/lib/commands/find.js:69:10)
    at XCUITestDriver.findElOrEls (/Users/ambrose.chen/.appium/node_modules/appium-xcuitest-driver/lib/commands/find.js:13:12)
    at XCUITestDriver.findElOrElsWithProcessing (/Users/ambrose.chen/.appium/node_modules/appium-xcuitest-driver/node_modules/@appium/base-driver/lib/basedriver/commands/find.ts:60:12)
    at XCUITestDriver.findElement (/Users/ambrose.chen/.appium/node_modules/appium-xcuitest-driver/node_modules/@appium/base-driver/lib/basedriver/commands/find.ts:75:12)

2026-05-08 15:25:44,281 - INFO - 已保存test_102199_failed失败截图: screenshots/test_102199_failed_1778225143.png
2026-05-08 15:25:44,295 - INFO - ✅ 报告已生成: /Users/ambrose.chen/Desktop/iot/project/APP外壳/2测试报告/platform/ios_20260508_152427/ios_20260508_152427_report.xlsx
