2026-05-09 14:59:56,759 - INFO - 🔄 步骤1: 重启APP并处理登录状态
2026-05-09 15:00:18,063 - INFO - ✅ 步骤1: 重启APP并处理登录状态 - 完成
2026-05-09 15:00:18,064 - INFO - 🔄 步骤2: 点击Sign In进入登录页
2026-05-09 15:00:21,067 - INFO - ✅ 步骤2: 点击Sign In进入登录页 - 完成
2026-05-09 15:00:21,068 - INFO - 🔄 步骤3: 点击Forgot password进入忘记密码页
2026-05-09 15:00:24,148 - INFO - ✅ 步骤3: 点击Forgot password进入忘记密码页 - 完成
2026-05-09 15:00:24,149 - INFO - 🔄 步骤4: 输入邮箱并点击Next进入验证码页
2026-05-09 15:00:34,329 - INFO - ✅ 步骤4: 输入邮箱并点击Next进入验证码页 - 完成，邮箱: haoc51888@gmail.com
2026-05-09 15:00:34,330 - INFO - 🔄 步骤5: Gmail获取最新验证码code（验证码有效期60秒，短等待+必要时Resend）
2026-05-09 15:13:48,258 - INFO - ✅ 步骤5: Gmail获取最新验证码code（验证码有效期60秒，短等待+必要时Resend） - 完成，code: 005057
2026-05-09 15:13:48,259 - INFO - 🔄 步骤6: 输入验证码进入Set Password页
2026-05-09 15:16:05,118 - INFO - 
============================================================
2026-05-09 15:16:05,121 - INFO - ❌ 测试失败
2026-05-09 15:16:05,122 - INFO - 📍 失败步骤: 步骤6: 输入验证码进入Set Password页
2026-05-09 15:16:05,122 - INFO - 📝 失败原因: 步骤6: 输入验证码进入Set Password页失败
2026-05-09 15:16:05,122 - INFO - ============================================================
2026-05-09 15:16:05,127 - INFO - Traceback (most recent call last):

2026-05-09 15:16:05,129 - INFO -   File "/Users/ambrose.chen/Desktop/iot/project/APP外壳/3功能/1平台/IOS/3忘记密码/102148验证密码等于6个字符时，“完成”按钮可点击.py", line 571, in test_102148
    _assert_on_set_password_page(driver, timeout_s=int(os.environ.get("SET_PASSWORD_TIMEOUT_S", "60")))

2026-05-09 15:16:05,129 - INFO -   File "/Users/ambrose.chen/Desktop/iot/project/APP外壳/3功能/1平台/IOS/3忘记密码/102148验证密码等于6个字符时，“完成”按钮可点击.py", line 301, in _assert_on_set_password_page
    WebDriverWait(driver, timeout_s).until(lambda d: _ok(d))

2026-05-09 15:16:05,129 - INFO -   File "/Library/Frameworks/Python.framework/Versions/3.11/lib/python3.11/site-packages/selenium/webdriver/support/wait.py", line 138, in until
    raise TimeoutException(message, screen, stacktrace)

2026-05-09 15:16:05,129 - INFO - selenium.common.exceptions.TimeoutException: Message: 


2026-05-09 15:16:05,464 - INFO - 已保存test_102148_failed失败截图: screenshots/test_102148_failed_1778310965.png
2026-05-09 15:16:05,481 - INFO - ✅ 报告已生成: /Users/ambrose.chen/Desktop/iot/project/APP外壳/2测试报告/platform/ios_20260509_145953/ios_20260509_145953_report.xlsx
