2026-05-07 21:21:52,572 - INFO - 🔄 步骤0: 登出，确保从登出状态开始测试
2026-05-07 21:21:52,573 - INFO - 开始登出流程...
2026-05-07 21:22:23,485 - INFO - 未检测到home sel/mine sel/mine，跳过登出流程
2026-05-07 21:22:23,487 - INFO - ✅ 步骤0: 登出，确保从登出状态开始测试 - 完成
2026-05-07 21:22:25,489 - INFO - 🔄 步骤1: 验证在APP首页（登录页面）
2026-05-07 21:22:25,661 - INFO - ✅ 步骤1: 验证在APP首页（登录页面） - 完成，确认在APP首页（登录页面）
2026-05-07 21:22:27,664 - INFO - 🔄 步骤2: 点击Sign Up按钮进入注册页面
2026-05-07 21:22:28,640 - INFO - ✅ 步骤2: 点击Sign Up按钮进入注册页面 - 完成
2026-05-07 21:22:31,646 - INFO - 🔄 步骤3: 验证进入Sign Up页面
2026-05-07 21:22:31,893 - INFO - ✅ 步骤3: 验证进入Sign Up页面 - 完成，确认已进入Sign Up注册页面
2026-05-07 21:22:33,899 - INFO - 🔄 步骤4: 国家切为France（中国以外地区）
2026-05-07 21:22:34,965 - INFO - ✅ 已点击国家栏下拉按钮
2026-05-07 21:23:47,405 - INFO - ✅ 已输入搜索关键词: France
2026-05-07 21:23:55,872 - INFO - ✅ 已选择国家: France，命中的元素: France
2026-05-07 21:23:58,876 - INFO - ✅ 步骤4: 国家切为France（中国以外地区） - 完成，已切换国家为France
2026-05-07 21:24:00,882 - INFO - 🔄 步骤5: 输入邮箱（调用email_utils生成）
2026-05-07 21:24:00,886 - INFO - 📧 生成简单邮箱地址: testuser99@163.com
2026-05-07 21:24:02,775 - INFO - ✅ 步骤5: 输入邮箱（调用email_utils生成） - 完成，邮箱: testuser99@163.com
2026-05-07 21:24:04,777 - INFO - 🔄 步骤6: 点击Done按钮收起键盘
2026-05-07 21:24:06,084 - INFO - ✅ 步骤6: 点击Done按钮收起键盘 - 完成
2026-05-07 21:24:08,088 - INFO - 🔄 步骤7: 勾选隐私政策和用户协议
2026-05-07 21:24:13,842 - INFO - ✅ 隐私政策复选框已勾选
2026-05-07 21:24:14,853 - INFO - ✅ 步骤7: 勾选隐私政策和用户协议 - 完成
2026-05-07 21:24:16,854 - INFO - 🔄 步骤8: 点击Next按钮进入密码设置
2026-05-07 21:24:17,582 - INFO - ✅ 步骤8: 点击Next按钮进入密码设置 - 完成
2026-05-07 21:24:20,592 - INFO - 🔄 步骤9: 设置密码
2026-05-07 21:24:25,706 - INFO - ✅ 步骤9: 设置密码 - 完成
2026-05-07 21:24:27,713 - INFO - 🔄 步骤10: 点击Done按钮收起键盘
2026-05-07 21:24:28,963 - INFO - ✅ 步骤10: 点击Done按钮收起键盘 - 完成
2026-05-07 21:24:30,966 - INFO - 🔄 步骤11: 点击Next按钮进入个人信息页面
2026-05-07 21:24:32,044 - INFO - ✅ 步骤11: 点击Next按钮进入个人信息页面 - 完成
2026-05-07 21:24:35,051 - INFO - 🔄 步骤12: 点击Submit按钮完成注册
2026-05-07 21:24:45,244 - INFO - ❌ 步骤12: 点击Submit按钮完成注册失败: 无法找到或点击Submit按钮 - Message: 

2026-05-07 21:24:45,244 - INFO - 
============================================================
2026-05-07 21:24:45,244 - INFO - ❌ 测试失败
2026-05-07 21:24:45,244 - INFO - 📍 失败步骤: 步骤12: 点击Submit按钮完成注册
2026-05-07 21:24:45,244 - INFO - 📝 失败原因: 步骤12: 点击Submit按钮完成注册失败: 无法找到或点击Submit按钮 - Message: 

2026-05-07 21:24:45,244 - INFO - ============================================================
2026-05-07 21:24:45,249 - INFO - Traceback (most recent call last):

2026-05-07 21:24:45,249 - INFO -   File "/Users/ambrose.chen/Desktop/iot/project/APP外壳/3功能/1平台/IOS/2注册/102196 验证注册地为"中国"以外地区，正确邮箱，可以注册.py", line 355, in test_102196
    submit_btn = WebDriverWait(driver, 10).until(
                 ^^^^^^^^^^^^^^^^^^^^^^^^^^^^^^^^

2026-05-07 21:24:45,249 - INFO -   File "/Library/Frameworks/Python.framework/Versions/3.11/lib/python3.11/site-packages/selenium/webdriver/support/wait.py", line 138, in until
    raise TimeoutException(message, screen, stacktrace)

2026-05-07 21:24:45,250 - INFO - selenium.common.exceptions.TimeoutException: Message: 


2026-05-07 21:24:45,537 - INFO - 已保存test_102196_failed失败截图: screenshots/test_102196_failed_1778160285.png
2026-05-07 21:24:45,550 - INFO - ✅ 报告已生成: /Users/ambrose.chen/Desktop/iot/project/APP外壳/2测试报告/platform/ios_20260507_212150/ios_20260507_212150_report.xlsx
