2026-05-11 22:17:27,146 - INFO - 🔄 步骤1: 重启APP并处理登录状态
2026-05-11 22:17:48,418 - INFO - ✅ 步骤1: 重启APP并处理登录状态 - 完成
2026-05-11 22:17:48,419 - INFO - 🔄 步骤2: 点击Sign In进入登录页
2026-05-11 22:17:51,352 - INFO - ✅ 步骤2: 点击Sign In进入登录页 - 完成
2026-05-11 22:17:51,352 - INFO - 🔄 步骤3: 点击Forgot password进入忘记密码页
2026-05-11 22:17:54,387 - INFO - ✅ 步骤3: 点击Forgot password进入忘记密码页 - 完成
2026-05-11 22:17:54,387 - INFO - 🔄 步骤4: 输入邮箱并点击Next进入验证码页
2026-05-11 22:18:05,441 - INFO - ✅ 步骤4: 输入邮箱并点击Next进入验证码页 - 完成，邮箱: haoc51888@gmail.com
2026-05-11 22:18:05,442 - INFO - 🔄 步骤5: Gmail获取最新验证码code
2026-05-11 22:19:48,247 - INFO - ✅ 步骤5: Gmail获取最新验证码code - 完成，code: 320190
2026-05-11 22:19:48,249 - INFO - 🔄 步骤6: 输入验证码进入Set Password页
2026-05-11 22:19:57,731 - INFO - ✅ 步骤6: 输入验证码进入Set Password页 - 完成
2026-05-11 22:19:57,732 - INFO - 🔄 步骤7: 输入纯大写字母密码(两次)并收起键盘
2026-05-11 22:20:03,120 - INFO - ✅ 步骤7: 输入纯大写字母密码(两次)并收起键盘 - 完成，password: XINGMAI
2026-05-11 22:20:03,121 - INFO - 🔄 步骤8: 校验密码规则文案颜色（若能取到color）
2026-05-11 22:20:03,347 - INFO - 📝 规则提示: • 6-20 characters 颜色: None
2026-05-11 22:20:03,563 - INFO - 📝 规则提示: • contains letters 颜色: None
2026-05-11 22:20:03,783 - INFO - 📝 规则提示: • contains numbers 颜色: None
2026-05-11 22:20:04,008 - INFO - 📝 规则提示: • Supports special characters:! @ # $ % ^ & * ( ) - _ = + \ | [ ] { } ; : / ? . , ~ > < ` 颜色: None
2026-05-11 22:20:04,008 - INFO - ✅ 步骤8: 校验密码规则文案颜色（若能取到color） - 完成
2026-05-11 22:20:04,008 - INFO - 🔄 步骤9: 点击Submit，断言不可完成修改密码（仍停留Set Password页）
2026-05-11 22:20:04,271 - INFO - ✅ 步骤9: 点击Submit，断言不可完成修改密码（仍停留Set Password页） - 完成
2026-05-11 22:20:04,272 - INFO - 🎉 测试用例102152执行成功！
2026-05-11 22:20:04,306 - INFO - ✅ 报告已生成: /Users/ambrose.chen/Desktop/iot/project/APP外壳/2测试报告/platform/ios_20260511_221725/ios_20260511_221725_report.xlsx
