2026-05-09 19:02:18,021 - INFO - 🔄 步骤0: 登出，确保从登出状态开始测试
2026-05-09 19:02:18,022 - INFO - 开始登出流程...
2026-05-09 19:02:48,928 - INFO - 未检测到home sel/mine sel/mine，跳过登出流程
2026-05-09 19:02:48,929 - INFO - ✅ 步骤0: 登出，确保从登出状态开始测试 - 完成
2026-05-09 19:02:50,938 - INFO - 🔄 步骤1: 验证在APP首页（登录页面）
2026-05-09 19:02:51,095 - INFO - ✅ 步骤1: 验证在APP首页（登录页面） - 完成，确认在APP首页（登录页面）
2026-05-09 19:02:53,100 - INFO - 🔄 步骤2: 点击Sign Up按钮进入注册页面
2026-05-09 19:02:54,066 - INFO - ✅ 步骤2: 点击Sign Up按钮进入注册页面 - 完成
2026-05-09 19:02:57,073 - INFO - 🔄 步骤3: 验证进入Sign Up页面
2026-05-09 19:02:57,317 - INFO - ✅ 步骤3: 验证进入Sign Up页面 - 完成，确认已进入Sign Up注册页面
2026-05-09 19:02:59,326 - INFO - 🔄 步骤4: 记录当前显示的国家（China）
2026-05-09 19:02:59,586 - INFO - ✅ 找到国家显示元素，使用选择器: //XCUIElementTypeStaticText[@name="China"]
2026-05-09 19:02:59,587 - INFO - 📝 进入国家选择页面前，注册页面显示的国家: China
2026-05-09 19:02:59,587 - INFO - ✅ 步骤4: 记录当前显示的国家（China） - 完成，记录的国家: China
2026-05-09 19:03:01,595 - INFO - 🔄 步骤5: 点击国家栏下拉按钮
2026-05-09 19:03:02,711 - INFO - ✅ 步骤5: 点击国家栏下拉按钮 - 完成，已点击国家栏下拉按钮
2026-05-09 19:03:05,721 - INFO - 🔄 步骤6: 验证跳转至国家选择页面
2026-05-09 19:03:39,111 - INFO - ✅ 步骤6: 验证跳转至国家选择页面 - 完成，确认已跳转至国家选择页面
2026-05-09 19:03:41,122 - INFO - 🔄 步骤7: 点击左上角返回按钮
2026-05-09 19:03:43,003 - INFO - ✅ 步骤7: 点击左上角返回按钮 - 完成，已点击左上角返回按钮
2026-05-09 19:03:46,004 - INFO - 🔄 步骤8: 验证返回注册主页面
2026-05-09 19:03:46,215 - INFO - ✅ 步骤8: 验证返回注册主页面 - 完成，确认已返回注册主页面
2026-05-09 19:03:48,220 - INFO - 🔄 步骤9: 验证国家没有变化，仍显示之前的国家（China）
2026-05-09 19:03:48,483 - INFO - ✅ 找到国家显示元素，使用选择器: //XCUIElementTypeStaticText[@name="China"]
2026-05-09 19:03:48,483 - INFO - 📝 返回注册主页面后，显示的国家: China
2026-05-09 19:03:48,483 - INFO - 📝 进入国家选择页面前，显示的国家: China
2026-05-09 19:03:48,483 - INFO - ✅ 步骤9: 验证国家没有变化，仍显示之前的国家（China） - 完成
2026-05-09 19:03:48,483 - INFO - ✅ 验证通过：国家没有变化，仍显示之前的国家（China）
2026-05-09 19:03:50,488 - INFO - 🎉 测试用例102189执行成功！
2026-05-09 19:03:50,488 - INFO - ✅ 验证从国家列表"取消"，返回注册主页面：国家没有变化，仍显示之前的国家
2026-05-09 19:03:52,531 - INFO - ✅ 报告已生成: /Users/ambrose.chen/Desktop/iot/project/APP外壳/2测试报告/platform/ios_20260509_190216/ios_20260509_190216_report.xlsx
