2026-05-18 17:33:15,176 - INFO - 🔄 步骤1: 重启APP
2026-05-18 17:33:15,176 - INFO -     🔄 driver.terminate_app / activate_app: com.xingmai.tech
2026-05-18 17:33:20,079 - INFO -     ✅ APP 已重启
2026-05-18 17:33:20,084 - INFO - ✅ 步骤1: 重启APP - 完成
2026-05-18 17:33:20,084 - INFO - 🔄 步骤2: 检测登录状态并确保在登录/注册入口页
2026-05-18 17:33:20,109 - INFO -     🔄 检测已登录元素: //android.view.View[@content-desc="More"]
2026-05-18 17:33:20,229 - INFO -     🔄 检测已登录元素: //*[@content-desc="More"]
2026-05-18 17:33:20,848 - INFO -     ℹ️ 未检测到 More，判定未登录
2026-05-18 17:33:20,848 - INFO -     🔄 等待登录/注册入口页: //*[(@text="Sign In" or @text="Sign Up") or contains(@text,"Sign In") or contains(@text,"Sign Up") or @content-desc="Sign In" or @content-desc="Sign Up"]
2026-05-18 17:33:20,897 - INFO -     ✅ 已处于登录/注册入口页
2026-05-18 17:33:20,898 - INFO - ✅ 步骤2: 检测登录状态并确保在登录/注册入口页 - 完成
2026-05-18 17:33:20,898 - INFO - 🔄 步骤3: 点击 Sign In 进入登录页
2026-05-18 17:33:20,898 - INFO -     🔄 定位 Sign In: //android.widget.TextView[@text="Sign In"]
2026-05-18 17:33:20,977 - INFO -     ✅ 找到 Sign In: //android.widget.TextView[@text="Sign In"]
2026-05-18 17:33:21,619 - INFO - ✅ 步骤3: 点击 Sign In 进入登录页 - 完成
2026-05-18 17:33:23,124 - INFO - 🔄 步骤4: 输入邮箱
2026-05-18 17:33:23,125 - INFO -     🔄 邮箱: haoc51888@gmail.com
2026-05-18 17:33:23,996 - INFO -     ✅ 聚焦: //android.widget.ScrollView/android.widget.EditText[1]/android.view.View[2]
2026-05-18 17:33:23,996 - INFO -     🔄 定位: //android.widget.ScrollView/android.widget.EditText[1]
2026-05-18 17:33:24,382 - INFO - ✅ 步骤4: 输入邮箱 - 完成
2026-05-18 17:33:24,383 - INFO - 🔄 步骤5: 收起输入键盘
2026-05-18 17:33:25,787 - INFO -     ✅ hide_keyboard 成功
2026-05-18 17:33:26,187 - INFO - ✅ 步骤5: 收起输入键盘 - 完成
2026-05-18 17:33:26,188 - INFO - 🔄 步骤6: 勾选用户协议与隐私政策
2026-05-18 17:33:26,188 - INFO -     🔄 定位: //android.widget.ImageView[@content-desc="checkbox"]
2026-05-18 17:33:27,096 - INFO - ✅ 步骤6: 勾选用户协议与隐私政策 - 完成
2026-05-18 17:33:27,096 - INFO - 🔄 步骤7: 点击 Next 登录
2026-05-18 17:33:27,096 - INFO -     🔄 定位: //android.widget.ImageView[@content-desc="next"]
2026-05-18 17:33:28,417 - INFO - ✅ 步骤7: 点击 Next 登录 - 完成
2026-05-18 17:33:28,417 - INFO - 🔄 步骤8: 断言提示文案
2026-05-18 17:33:28,417 - INFO -     🔄 期望文案: Incorrect password. Please confirm and try again.
2026-05-18 17:33:28,485 - INFO -     ✅ 已显示提示
2026-05-18 17:33:28,486 - INFO - ✅ 步骤8: 断言提示文案 - 完成
2026-05-18 17:33:28,486 - INFO - 🎉 测试用例 200006 执行成功！
2026-05-18 17:33:28,511 - INFO - ✅ 报告已生成: /Users/ambrose.chen/Desktop/iot/project/APP外壳/2测试报告/platform/android_20260518_173312/android_20260518_173312_report.xlsx
