2026-05-09 19:03:56,182 - INFO - 🔄 步骤0: 登出，确保从登出状态开始测试
2026-05-09 19:03:56,183 - INFO - 开始登出流程...
2026-05-09 19:04:27,106 - INFO - 未检测到home sel/mine sel/mine，跳过登出流程
2026-05-09 19:04:27,107 - INFO - ✅ 步骤0: 登出，确保从登出状态开始测试 - 完成
2026-05-09 19:04:29,108 - INFO - 🔄 步骤1: 验证在APP首页（登录页面）
2026-05-09 19:04:29,277 - INFO - ✅ 步骤1: 验证在APP首页（登录页面） - 完成，确认在APP首页（登录页面）
2026-05-09 19:04:31,284 - INFO - 🔄 步骤2: 点击Sign Up按钮进入注册页面
2026-05-09 19:04:32,247 - INFO - ✅ 步骤2: 点击Sign Up按钮进入注册页面 - 完成
2026-05-09 19:04:35,256 - INFO - 🔄 步骤3: 验证进入Sign Up页面
2026-05-09 19:04:35,488 - INFO - ✅ 步骤3: 验证进入Sign Up页面 - 完成，确认已进入Sign Up注册页面
2026-05-09 19:04:37,499 - INFO - 🔄 步骤4: 验证Next按钮存在
2026-05-09 19:04:37,716 - INFO - ✅ 步骤4: 验证Next按钮存在 - 完成，Next按钮存在
2026-05-09 19:04:39,724 - INFO - 🔄 步骤5: 点击Next按钮
2026-05-09 19:04:39,963 - INFO - ✅ 点击前确认隐私协议元素存在
2026-05-09 19:04:40,114 - INFO - 🖱️ 点击Next按钮...
2026-05-09 19:04:42,539 - INFO - ✅ 步骤5: 点击Next按钮 - 完成
2026-05-09 19:04:42,540 - INFO - 🔄 步骤6: 验证点击后仍停留在当前页面，断言隐私协议元素仍存在
2026-05-09 19:04:42,762 - INFO - ✅ 步骤6: 验证点击后仍停留在当前页面，断言隐私协议元素仍存在 - 完成
2026-05-09 19:04:42,762 - INFO - ✅ 验证通过：点击Next按钮后仍停留在当前页面，隐私协议元素仍存在
2026-05-09 19:04:42,762 - INFO - ✅ 说明：如果停留在当前页面，说明Next按钮实际上处于禁用状态（即使is_enabled()可能返回True）
2026-05-09 19:04:44,768 - INFO - 🎉 测试用例102190执行成功！
2026-05-09 19:04:44,769 - INFO - ✅ 验证进入注册页面，直接点击"下一步"：点击Next按钮后仍停留在当前页面
2026-05-09 19:04:46,810 - INFO - ✅ 报告已生成: /Users/ambrose.chen/Desktop/iot/project/APP外壳/2测试报告/platform/ios_20260509_190354/ios_20260509_190354_report.xlsx
