2026-05-08 21:40:50,403 - INFO - 🔄 步骤0: 登出，确保从登出状态开始测试
2026-05-08 21:40:50,403 - INFO - 开始登出流程...
2026-05-08 21:40:50,640 - INFO - 检测到home sel元素
2026-05-08 21:41:01,977 - INFO - ✅ 点击mine按钮: //XCUIElementTypeButton[@name="mine"]
2026-05-08 21:41:04,144 - INFO - ✅ 点击CommonEdit编辑按钮: //XCUIElementTypeButton[@name="CommonEdit"]
2026-05-08 21:41:06,326 - INFO - ✅ 点击Log Out: //XCUIElementTypeButton[@name="Log Out"]
2026-05-08 21:41:08,518 - INFO - ✅ 点击Confirm: //XCUIElementTypeButton[@name="Confirm"]
2026-05-08 21:41:10,023 - INFO - 登出操作完成
2026-05-08 21:41:10,349 - INFO - ✅ 成功回到登录页面
2026-05-08 21:41:10,349 - INFO - ✅ 步骤0: 登出，确保从登出状态开始测试 - 完成
2026-05-08 21:41:12,352 - INFO - 🔄 步骤1: 验证在APP首页（登录页面）
2026-05-08 21:41:12,506 - INFO - ✅ 步骤1: 验证在APP首页（登录页面） - 完成，确认在APP首页（登录页面）
2026-05-08 21:41:14,514 - INFO - 🔄 步骤2: 点击Sign Up按钮进入注册页面
2026-05-08 21:41:15,481 - INFO - ✅ 步骤2: 点击Sign Up按钮进入注册页面 - 完成
2026-05-08 21:41:18,485 - INFO - 🔄 步骤3: 验证进入Sign Up页面
2026-05-08 21:41:18,716 - INFO - ✅ 步骤3: 验证进入Sign Up页面 - 完成，确认已进入Sign Up注册页面
2026-05-08 21:41:20,721 - INFO - 🔄 步骤4: 邮箱输入错误格式
2026-05-08 21:41:22,603 - INFO - ✅ 步骤4: 邮箱输入错误格式 - 完成，输入错误邮箱: adn只s@163.com
2026-05-08 21:41:24,613 - INFO - 🔄 步骤5: 勾选隐私政策和用户协议
2026-05-08 21:41:30,722 - INFO - ✅ 隐私政策复选框已勾选
2026-05-08 21:41:32,231 - INFO - 🔄 步骤5.1: 收起键盘（Done）
2026-05-08 21:41:33,499 - INFO - ✅ 已点击Done收起键盘
2026-05-08 21:41:34,509 - INFO - 🔄 步骤6: 点击Next按钮
2026-05-08 21:41:35,157 - INFO - ✅ 步骤6: 点击Next按钮 - 完成，已点击Next按钮
2026-05-08 21:41:37,163 - INFO - 🔄 步骤7: 验证停留当前页面并出现提示
2026-05-08 21:41:48,091 - INFO - ✅ 找到提示信息元素，选择器: //XCUIElementTypeStaticText[@name="Please sign up using your email address"]
2026-05-08 21:41:48,091 - INFO - ✅ 步骤7: 验证停留当前页面并出现提示 - 完成，提示信息: Please sign up using your email address
2026-05-08 21:41:50,095 - INFO - 🎉 测试用例102672执行成功！
2026-05-08 21:41:50,095 - INFO - ✅ 验证输入邮箱格式不正确：勾选隐私后点击Next，停留当前页并提示“Please sign up using your email address”
2026-05-08 21:41:52,125 - INFO - ✅ 报告已生成: /Users/ambrose.chen/Desktop/iot/project/APP外壳/2测试报告/platform/ios_20260508_214048/ios_20260508_214048_report.xlsx
