2026-05-08 20:07:33,746 - INFO - 🔄 步骤0: 登出，确保从登出状态开始测试
2026-05-08 20:07:33,746 - INFO - 开始登出流程...
2026-05-08 20:08:04,664 - INFO - 未检测到home sel/mine sel/mine，跳过登出流程
2026-05-08 20:08:04,665 - INFO - ✅ 步骤0: 登出，确保从登出状态开始测试 - 完成
2026-05-08 20:08:06,669 - INFO - 🔄 步骤1: 验证在APP首页（登录页面）
2026-05-08 20:08:06,835 - INFO - ✅ 步骤1: 验证在APP首页（登录页面） - 完成，确认在APP首页（登录页面）
2026-05-08 20:08:08,840 - INFO - 🔄 步骤2: 点击Sign Up按钮进入注册页面
2026-05-08 20:08:09,799 - INFO - ✅ 步骤2: 点击Sign Up按钮进入注册页面 - 完成
2026-05-08 20:08:12,804 - INFO - 🔄 步骤3: 验证进入Sign Up页面
2026-05-08 20:08:13,029 - INFO - ✅ 步骤3: 验证进入Sign Up页面 - 完成，确认已进入Sign Up注册页面
2026-05-08 20:08:15,037 - INFO - 🔄 步骤4: 点击国家栏下拉按钮
2026-05-08 20:08:16,148 - INFO - ✅ 步骤4: 点击国家栏下拉按钮 - 完成，已点击国家栏下拉按钮
2026-05-08 20:08:19,156 - INFO - 🔄 步骤5: 验证跳转至国家选择页面
2026-05-08 20:08:52,350 - INFO - ✅ 步骤5: 验证跳转至国家选择页面 - 完成，确认已跳转至国家选择页面
2026-05-08 20:08:54,360 - INFO - 🔄 步骤6: 点击搜索框并输入america
2026-05-08 20:09:30,650 - INFO - ✅ 步骤6: 点击搜索框并输入america - 完成，已输入america
2026-05-08 20:09:32,659 - INFO - 🔄 步骤7: 选择United States of America
2026-05-08 20:09:39,120 - INFO - ✅ 步骤7: 选择United States of America - 完成，已选择国家项: United States of America
2026-05-08 20:09:42,127 - INFO - 🔄 步骤8: 验证注册页面显示的国家与选择的一致
2026-05-08 20:09:42,412 - INFO - ✅ 找到国家显示元素，使用选择器: //XCUIElementTypeStaticText[@name="United States of America"]
2026-05-08 20:09:42,412 - INFO - 📝 注册页面显示的国家: United States of America
2026-05-08 20:09:42,412 - INFO - ✅ 步骤8: 验证注册页面显示的国家与选择的一致 - 完成
2026-05-08 20:09:42,412 - INFO - ✅ 注册页面显示的国家与选择的一致: United States of America
2026-05-08 20:09:44,417 - INFO - 🎉 测试用例102184执行成功！
2026-05-08 20:09:44,417 - INFO - ✅ 注册页面国家切换功能正常，选择的国家已正确显示
2026-05-08 20:09:46,452 - INFO - ✅ 报告已生成: /Users/ambrose.chen/Desktop/iot/project/APP外壳/2测试报告/platform/ios_20260508_200731/ios_20260508_200731_report.xlsx
