2026-05-09 21:17:22,414 - INFO - 🔄 步骤1: 重启APP并处理登录状态
2026-05-09 21:17:43,608 - INFO - ✅ 步骤1: 重启APP并处理登录状态 - 完成
2026-05-09 21:17:43,609 - INFO - 🔄 步骤2: 点击Sign In进入登录页
2026-05-09 21:17:46,532 - INFO - ✅ 步骤2: 点击Sign In进入登录页 - 完成
2026-05-09 21:17:46,532 - INFO - 🔄 步骤3: 点击Forgot password进入忘记密码页
2026-05-09 21:17:49,566 - INFO - ✅ 步骤3: 点击Forgot password进入忘记密码页 - 完成
2026-05-09 21:17:49,566 - INFO - 🔄 步骤4: 输入邮箱并点击Next进入验证码页
2026-05-09 21:17:59,925 - INFO - ✅ 步骤4: 输入邮箱并点击Next进入验证码页 - 完成，邮箱: haoc51888@gmail.com
2026-05-09 21:17:59,925 - INFO - 🔄 步骤5: Gmail获取最新验证码code
2026-05-09 21:19:43,244 - INFO - ✅ 步骤5: Gmail获取最新验证码code - 完成，code: 232774
2026-05-09 21:19:43,246 - INFO - 🔄 步骤6: 输入验证码进入Set Password页
2026-05-09 21:19:52,609 - INFO - ✅ 步骤6: 输入验证码进入Set Password页 - 完成
2026-05-09 21:19:52,610 - INFO - 🔄 步骤7: 输入纯特殊字符密码(两次)并收起键盘
2026-05-09 21:19:58,619 - INFO - ✅ 步骤7: 输入纯特殊字符密码(两次)并收起键盘 - 完成，password: !@#$%^&*()-==+\'l[};:/?...~><`
2026-05-09 21:19:58,620 - INFO - 🔄 步骤8: 校验密码规则文案颜色（若能取到color）
2026-05-09 21:19:58,853 - INFO - 📝 规则提示: • 6-20 characters 颜色: None
2026-05-09 21:19:59,066 - INFO - 📝 规则提示: • contains letters 颜色: None
2026-05-09 21:19:59,280 - INFO - 📝 规则提示: • contains numbers 颜色: None
2026-05-09 21:19:59,486 - INFO - 📝 规则提示: • Supports special characters:! @ # $ % ^ & * ( ) - _ = + \ | [ ] { } ; : / ? . , ~ > < ` 颜色: None
2026-05-09 21:19:59,486 - INFO - ✅ 步骤8: 校验密码规则文案颜色（若能取到color） - 完成
2026-05-09 21:19:59,486 - INFO - 🔄 步骤9: 点击Submit，断言不可完成修改密码（仍停留Set Password页）
2026-05-09 21:19:59,761 - INFO - ✅ 步骤9: 点击Submit，断言不可完成修改密码（仍停留Set Password页） - 完成
2026-05-09 21:19:59,761 - INFO - 🎉 测试用例102153执行成功！
2026-05-09 21:19:59,792 - INFO - ✅ 报告已生成: /Users/ambrose.chen/Desktop/iot/project/APP外壳/2测试报告/platform/ios_20260509_211720/ios_20260509_211720_report.xlsx
