2026-05-20 11:15:28,524 - INFO - 🔄 步骤1: 重启APP
2026-05-20 11:15:28,524 - INFO -     🔄 driver.terminate_app / activate_app: com.xingmai.tech
2026-05-20 11:15:33,412 - INFO -     ✅ APP 已重启
2026-05-20 11:15:33,413 - INFO - ✅ 步骤1: 重启APP - 完成
2026-05-20 11:15:33,413 - INFO - 🔄 步骤2: 检测登录状态并确保在登录/注册入口页
2026-05-20 11:15:33,416 - INFO -     🔄 检测已登录元素: //android.view.View[@content-desc="More"]
2026-05-20 11:15:33,538 - INFO -     🔄 检测已登录元素: //*[@content-desc="More"]
2026-05-20 11:15:34,166 - INFO -     ℹ️ 未检测到 More，判定未登录
2026-05-20 11:15:34,167 - INFO -     🔄 等待登录/注册入口页: //*[(@text="Sign In" or @text="Sign Up") or contains(@text,"Sign In") or contains(@text,"Sign Up") or @content-desc="Sign In" or @content-desc="Sign Up"]
2026-05-20 11:15:34,226 - INFO -     ✅ 已处于登录/注册入口页
2026-05-20 11:15:34,226 - INFO - ✅ 步骤2: 检测登录状态并确保在登录/注册入口页 - 完成
2026-05-20 11:15:34,226 - INFO - 🔄 步骤3: 点击 Sign In 进入登录页
2026-05-20 11:15:34,226 - INFO -     🔄 定位 Sign In: //android.widget.TextView[@text="Sign In"]
2026-05-20 11:15:34,294 - INFO -     ✅ 找到 Sign In: //android.widget.TextView[@text="Sign In"]
2026-05-20 11:15:34,938 - INFO - ✅ 步骤3: 点击 Sign In 进入登录页 - 完成
2026-05-20 11:15:36,442 - INFO - 🔄 步骤4: 勾选用户协议与隐私政策
2026-05-20 11:15:36,443 - INFO -     🔄 定位: //android.widget.ImageView[@content-desc="checkbox"]
2026-05-20 11:15:36,956 - INFO - ✅ 步骤4: 勾选用户协议与隐私政策 - 完成
2026-05-20 11:15:36,957 - INFO - 🔄 步骤5: 点击 Next 登录
2026-05-20 11:15:36,957 - INFO -     🔄 定位: //android.widget.ImageView[@content-desc="next"]
2026-05-20 11:15:38,313 - INFO - ✅ 步骤5: 点击 Next 登录 - 完成
2026-05-20 11:15:38,315 - INFO - 🔄 步骤6: 断言提示文案
2026-05-20 11:15:38,315 - INFO -     🔄 期望文案: Please enter a valid email address.
2026-05-20 11:15:38,443 - INFO -     ✅ 已显示提示
2026-05-20 11:15:38,443 - INFO - ✅ 步骤6: 断言提示文案 - 完成
2026-05-20 11:15:38,443 - INFO - 🎉 测试用例 200008 执行成功！
2026-05-20 11:15:38,465 - INFO - ✅ 报告已生成: /Users/ambrose.chen/Desktop/iot/project/APP外壳/2测试报告/platform/android_20260520_111525/android_20260520_111525_report.xlsx
