2026-05-07 21:28:53,982 - INFO - 🔄 步骤0: 登出，确保从登出状态开始测试
2026-05-07 21:28:53,982 - INFO - 开始登出流程...
2026-05-07 21:29:24,897 - INFO - 未检测到home sel/mine sel/mine，跳过登出流程
2026-05-07 21:29:24,898 - INFO - ✅ 步骤0: 登出，确保从登出状态开始测试 - 完成
2026-05-07 21:29:26,908 - INFO - 🔄 步骤1: 验证在APP首页（登录页面）
2026-05-07 21:29:27,071 - INFO - ✅ 步骤1: 验证在APP首页（登录页面） - 完成，确认在APP首页（登录页面）
2026-05-07 21:29:29,075 - INFO - 🔄 步骤2: 点击Sign Up按钮进入注册页面
2026-05-07 21:29:30,044 - INFO - ✅ 步骤2: 点击Sign Up按钮进入注册页面 - 完成
2026-05-07 21:29:33,053 - INFO - 🔄 步骤3: 验证进入Sign Up页面
2026-05-07 21:29:33,292 - INFO - ✅ 步骤3: 验证进入Sign Up页面 - 完成，确认已进入Sign Up注册页面
2026-05-07 21:29:35,298 - INFO - 🔄 步骤4: 验证Next按钮存在并检查初始状态
2026-05-07 21:29:35,578 - INFO - 📝 Next按钮enabled状态: True
2026-05-07 21:29:35,578 - INFO - ✅ 步骤4: 验证Next按钮存在并检查初始状态 - 完成，Next按钮存在
2026-05-07 21:29:35,578 - INFO - 📝 Next按钮初始状态：浅绿色（通过点击后是否停留在页面来验证是否可点击）
2026-05-07 21:29:37,580 - INFO - 🔄 步骤5: 输入邮箱（使用email_utils）
2026-05-07 21:29:37,585 - INFO - 📧 生成简单邮箱地址: testuser102@163.com
2026-05-07 21:29:39,594 - INFO - ✅ 步骤5: 输入邮箱（使用email_utils） - 完成，邮箱: testuser102@163.com
2026-05-07 21:29:41,603 - INFO - 🔄 步骤6: 验证输入邮箱后Next按钮仍为浅绿色（禁用态）
2026-05-07 21:29:42,067 - INFO - ❌ 步骤6: 验证输入邮箱后Next按钮仍为浅绿色（禁用态）失败: Next按钮存在但不可见
assert False
 +  where False = is_displayed()
 +    where is_displayed = <appium.webdriver.webelement.WebElement (session="0c3c2688-3945-4d8d-a095-a13718eee043", element="19000000-0000-0000-A61C-000000000000")>.is_displayed
2026-05-07 21:29:42,068 - INFO - 
============================================================
2026-05-07 21:29:42,068 - INFO - ❌ 测试失败
2026-05-07 21:29:42,068 - INFO - 📍 失败步骤: 步骤6: 验证输入邮箱后Next按钮仍为浅绿色（禁用态）
2026-05-07 21:29:42,068 - INFO - 📝 失败原因: 步骤6: 验证输入邮箱后Next按钮仍为浅绿色（禁用态）失败: Next按钮存在但不可见
assert False
 +  where False = is_displayed()
 +    where is_displayed = <appium.webdriver.webelement.WebElement (session="0c3c2688-3945-4d8d-a095-a13718eee043", element="19000000-0000-0000-A61C-000000000000")>.is_displayed
2026-05-07 21:29:42,068 - INFO - ============================================================
2026-05-07 21:29:42,071 - INFO - Traceback (most recent call last):

2026-05-07 21:29:42,071 - INFO -   File "/Users/ambrose.chen/Desktop/iot/project/APP外壳/3功能/1平台/IOS/2注册/102203 验证只填写正确邮箱，“Next”按钮还是浅色，不可点击.py", line 209, in test_102202
    assert next_btn_after_email.is_displayed(), "Next按钮存在但不可见"

2026-05-07 21:29:42,071 - INFO - AssertionError: Next按钮存在但不可见
assert False
 +  where False = is_displayed()
 +    where is_displayed = <appium.webdriver.webelement.WebElement (session="0c3c2688-3945-4d8d-a095-a13718eee043", element="19000000-0000-0000-A61C-000000000000")>.is_displayed

2026-05-07 21:29:42,339 - INFO - 已保存test_102202_failed失败截图: screenshots/test_102202_failed_1778160582.png
2026-05-07 21:29:42,360 - INFO - ✅ 报告已生成: /Users/ambrose.chen/Desktop/iot/project/APP外壳/2测试报告/platform/ios_20260507_212852/ios_20260507_212852_report.xlsx
