2026-05-09 18:16:15,741 - INFO - 🔄 步骤1: 重置APP，检测登录状态并登出
2026-05-09 18:16:21,612 - INFO -     ✅ APP已重置
2026-05-09 18:16:36,810 - INFO -     ℹ️ 未检测到登录状态，已在登录页面
2026-05-09 18:16:36,811 - INFO - ✅ 步骤1: 重置APP，检测登录状态并登出 - 完成
2026-05-09 18:16:36,811 - INFO - 🔄 步骤2: 点击登录按钮进入Sign in页面
2026-05-09 18:16:37,797 - INFO - ✅ 步骤2: 点击登录按钮进入Sign in页面 - 完成
2026-05-09 18:16:39,304 - INFO - 🔄 步骤3: 点击邮箱框，输入邮箱
2026-05-09 18:17:20,149 - INFO -     ✅ 邮箱输入完成: haoc51888@gmail.com
2026-05-09 18:17:21,151 - INFO - ✅ 步骤3: 点击邮箱框，输入邮箱 - 完成
2026-05-09 18:17:21,152 - INFO - 🔄 步骤4: 点击键盘Done，收起键盘
2026-05-09 18:17:22,389 - INFO - ✅ 步骤4: 点击键盘Done，收起键盘 - 完成
2026-05-09 18:17:23,393 - INFO - 🔄 步骤5: 点击协议勾选框（勾选用户协议和隐私政策）
2026-05-09 18:17:24,162 - INFO - ✅ 步骤5: 点击协议勾选框（勾选用户协议和隐私政策） - 完成
2026-05-09 18:17:25,168 - INFO - 🔄 步骤6: 验证密码输入框为空（不输入密码）
2026-05-09 18:17:25,407 - INFO -     ✅ 密码输入框为空
2026-05-09 18:17:25,407 - INFO - ✅ 步骤6: 验证密码输入框为空（不输入密码） - 完成，密码输入框为空
2026-05-09 18:17:25,407 - INFO - 🔄 步骤7: 点击登录按钮（已勾选用户协议和隐私政策，但不输入密码）
2026-05-09 18:17:26,221 - INFO - ✅ 步骤7: 点击登录按钮（已勾选用户协议和隐私政策，但不输入密码） - 完成
2026-05-09 18:17:28,225 - INFO - 🔄 步骤8: 断言页面显示错误提示信息
2026-05-09 18:17:28,554 - INFO -     ✅ 找到错误提示信息: Incorrect password. Please confirm and try again.
2026-05-09 18:17:28,554 - INFO - ✅ 步骤8: 断言页面显示错误提示信息 - 完成，错误提示信息已显示
2026-05-09 18:17:28,554 - INFO - 🎉 测试用例102655执行成功！
2026-05-09 18:17:28,583 - INFO - ✅ 报告已生成: /Users/ambrose.chen/Desktop/iot/project/APP外壳/2测试报告/platform/ios_20260509_181613/ios_20260509_181613_report.xlsx
