2026-05-08 20:50:45,417 - INFO - 🔄 步骤0: 登出，确保从登出状态开始测试
2026-05-08 20:50:45,418 - INFO - 开始登出流程...
2026-05-08 20:51:16,326 - INFO - 未检测到home sel/mine sel/mine，跳过登出流程
2026-05-08 20:51:16,327 - INFO - ✅ 步骤0: 登出，确保从登出状态开始测试 - 完成
2026-05-08 20:51:18,337 - INFO - 🔄 步骤1: 验证在APP首页（登录页面）
2026-05-08 20:51:18,505 - INFO - ✅ 步骤1: 验证在APP首页（登录页面） - 完成，确认在APP首页（登录页面）
2026-05-08 20:51:20,509 - INFO - 🔄 步骤2: 点击Sign Up按钮进入注册页面
2026-05-08 20:51:21,474 - INFO - ✅ 步骤2: 点击Sign Up按钮进入注册页面 - 完成
2026-05-08 20:51:24,478 - INFO - 🔄 步骤3: 验证进入Sign Up页面
2026-05-08 20:51:24,709 - INFO - ✅ 步骤3: 验证进入Sign Up页面 - 完成，确认已进入Sign Up注册页面
2026-05-08 20:51:26,710 - INFO - 🔄 步骤4: 邮箱输入只有字母的错误邮箱
2026-05-08 20:51:28,490 - INFO - ✅ 步骤4: 邮箱输入只有字母的错误邮箱 - 完成，输入错误邮箱: abcdefg
2026-05-08 20:51:30,500 - INFO - 🔄 步骤5: 勾选隐私政策和用户协议
2026-05-08 20:51:36,629 - INFO - ✅ 隐私政策复选框已勾选
2026-05-08 20:51:38,136 - INFO - 🔄 步骤5.1: 收起键盘（Done）
2026-05-08 20:51:39,397 - INFO - ✅ 已点击Done收起键盘
2026-05-08 20:51:40,405 - INFO - 🔄 步骤6: 点击Next按钮
2026-05-08 20:51:41,173 - INFO - ✅ 步骤6: 点击Next按钮 - 完成，已点击Next按钮
2026-05-08 20:51:43,173 - INFO - 🔄 步骤7: 验证停留当前页面并出现提示
2026-05-08 20:51:54,106 - INFO - ✅ 找到提示信息元素，选择器: //XCUIElementTypeStaticText[@name="Please sign up using your email address"]
2026-05-08 20:51:54,107 - INFO - ✅ 步骤7: 验证停留当前页面并出现提示 - 完成，提示信息: Please sign up using your email address
2026-05-08 20:51:56,116 - INFO - 🎉 测试用例102210执行成功！
2026-05-08 20:51:56,117 - INFO - ✅ 验证错误邮箱（仅字母）勾选隐私后点击Next，停留当前页并提示“Please sign up using your email address”
2026-05-08 20:51:58,147 - INFO - ✅ 报告已生成: /Users/ambrose.chen/Desktop/iot/project/APP外壳/2测试报告/platform/ios_20260508_205043/ios_20260508_205043_report.xlsx
