2026-05-06 14:09:32,103 - INFO - 🔄 步骤1: 重启APP并处理登录状态
2026-05-06 14:09:53,348 - INFO - ✅ 步骤1: 重启APP并处理登录状态 - 完成
2026-05-06 14:09:53,351 - INFO - 🔄 步骤2: 点击Sign In进入登录页
2026-05-06 14:09:56,320 - INFO - ✅ 步骤2: 点击Sign In进入登录页 - 完成
2026-05-06 14:09:56,320 - INFO - 🔄 步骤3: 点击Forgot password进入忘记密码页
2026-05-06 14:09:59,362 - INFO - ✅ 步骤3: 点击Forgot password进入忘记密码页 - 完成
2026-05-06 14:09:59,362 - INFO - 🔄 步骤4: 输入邮箱
2026-05-06 14:10:03,353 - INFO - ✅ 步骤4: 输入邮箱 - 完成，邮箱: haoc51888@gmail.com
2026-05-06 14:10:03,354 - INFO - 🔄 步骤5: 点击Next进入验证码页并触发发码
2026-05-06 14:10:11,624 - INFO - ✅ 步骤5: 点击Next进入验证码页并触发发码 - 完成
2026-05-06 14:10:11,624 - INFO - 🔄 步骤6: Gmail获取最新验证码code1
2026-05-06 14:11:58,568 - INFO - ✅ 步骤6: Gmail获取最新验证码code1 - 完成，code1: 320547
2026-05-06 14:11:58,569 - INFO - 🔄 步骤7: 等待Resend可用并点击
2026-05-06 14:12:19,004 - INFO - ✅ 步骤7: 等待Resend可用并点击 - 完成
2026-05-06 14:12:19,004 - INFO - 🔄 步骤8: 输入旧验证码并触发校验
2026-05-06 14:16:15,723 - INFO -     ✅ 命中错误提示元素: name="Verification code error, please re-enter" label="Verification code error, please re-enter" value="Verification code error, please re-enter"
2026-05-06 14:16:17,225 - INFO - ✅ 步骤8: 输入旧验证码并触发校验 - 完成（已出现错误提示）
2026-05-06 14:16:17,225 - INFO - 🎉 测试用例102135执行成功！
2026-05-06 14:16:17,226 - INFO - ✅ 重新发送验证码后，旧验证码失效并提示重填
2026-05-06 14:16:17,251 - INFO - ✅ 报告已生成: /Users/ambrose.chen/Desktop/iot/project/APP外壳/2测试报告/platform/ios_20260506_140929/ios_20260506_140929_report.xlsx
