2026-05-11 20:29:08,127 - INFO - 🔄 步骤0: 登出，确保从登出状态开始测试
2026-05-11 20:29:08,128 - INFO - 开始登出流程...
2026-05-11 20:29:39,053 - INFO - 未检测到home sel/mine sel/mine，跳过登出流程
2026-05-11 20:29:39,055 - INFO - ✅ 步骤0: 登出，确保从登出状态开始测试 - 完成
2026-05-11 20:29:41,060 - INFO - 🔄 步骤1: 验证在APP首页（登录页面）
2026-05-11 20:29:41,218 - INFO - ✅ 步骤1: 验证在APP首页（登录页面） - 完成，确认在APP首页（登录页面）
2026-05-11 20:29:43,226 - INFO - 🔄 步骤2: 点击Sign Up按钮进入注册页面
2026-05-11 20:29:44,181 - INFO - ✅ 步骤2: 点击Sign Up按钮进入注册页面 - 完成
2026-05-11 20:29:47,188 - INFO - 🔄 步骤3: 验证进入Sign Up页面
2026-05-11 20:29:47,414 - INFO - ✅ 步骤3: 验证进入Sign Up页面 - 完成，确认已进入Sign Up注册页面
2026-05-11 20:29:49,424 - INFO - 🔄 步骤4: 输入邮箱
2026-05-11 20:29:49,429 - INFO - 📧 生成简单邮箱地址: testuser227@163.com
2026-05-11 20:29:51,314 - INFO - ✅ 步骤4: 输入邮箱 - 完成，邮箱: testuser227@163.com
2026-05-11 20:29:53,316 - INFO - 🔄 步骤5: 点击Done按钮收起键盘
2026-05-11 20:29:54,588 - INFO - ✅ 步骤5: 点击Done按钮收起键盘 - 完成
2026-05-11 20:29:56,598 - INFO - 🔄 步骤6: 勾选隐私政策和用户协议
2026-05-11 20:30:02,359 - INFO - ✅ 隐私政策复选框已勾选
2026-05-11 20:30:03,361 - INFO - ✅ 步骤6: 勾选隐私政策和用户协议 - 完成
2026-05-11 20:30:05,371 - INFO - 🔄 步骤7: 点击Next按钮
2026-05-11 20:30:06,072 - INFO - ✅ 步骤7: 点击Next按钮 - 完成
2026-05-11 20:30:09,082 - INFO - 🔄 步骤8: 验证跳转至set password页面
2026-05-11 20:30:09,366 - INFO - ✅ 步骤8: 验证跳转至set password页面 - 完成
2026-05-11 20:30:09,366 - INFO - ✅ 验证通过：已成功跳转至set password页面
2026-05-11 20:30:11,371 - INFO - 🎉 测试用例102198执行成功！
2026-05-11 20:30:11,371 - INFO - ✅ 验证"隐私政策、用户协议"勾选功能：勾选后点击Next按钮，成功跳转至set password页面
2026-05-11 20:30:13,405 - INFO - ✅ 报告已生成: /Users/ambrose.chen/Desktop/iot/project/APP外壳/2测试报告/platform/ios_20260511_202906/ios_20260511_202906_report.xlsx
