2026-04-29 17:48:25,759 - INFO - 🔄 步骤0: 登出，确保从登出状态开始测试
2026-04-29 17:48:25,760 - INFO - 开始登出流程...
2026-04-29 17:48:25,983 - INFO - 检测到home sel元素
2026-04-29 17:48:37,528 - INFO - ✅ 点击mine按钮: //XCUIElementTypeButton[@name="mine"]
2026-04-29 17:48:39,758 - INFO - ✅ 点击CommonEdit编辑按钮: //XCUIElementTypeButton[@name="CommonEdit"]
2026-04-29 17:48:41,937 - INFO - ✅ 点击Log Out: //XCUIElementTypeButton[@name="Log Out"]
2026-04-29 17:48:44,154 - INFO - ✅ 点击Confirm: //XCUIElementTypeButton[@name="Confirm"]
2026-04-29 17:48:45,659 - INFO - 登出操作完成
2026-04-29 17:48:45,985 - INFO - ✅ 成功回到登录页面
2026-04-29 17:48:45,986 - INFO - ✅ 步骤0: 登出，确保从登出状态开始测试 - 完成
2026-04-29 17:48:47,987 - INFO - 🔄 步骤1: 验证在APP首页（登录页面）
2026-04-29 17:48:48,175 - INFO - ✅ 步骤1: 验证在APP首页（登录页面） - 完成，确认在APP首页（登录页面）
2026-04-29 17:48:50,180 - INFO - 🔄 步骤2: 点击Sign Up按钮进入注册页面
2026-04-29 17:48:51,156 - INFO - ✅ 步骤2: 点击Sign Up按钮进入注册页面 - 完成
2026-04-29 17:48:54,158 - INFO - 🔄 步骤3: 验证进入Sign Up页面
2026-04-29 17:48:54,404 - INFO - ✅ 步骤3: 验证进入Sign Up页面 - 完成，确认已进入Sign Up注册页面
2026-04-29 17:48:56,408 - INFO - 🔄 步骤4: 输入邮箱
2026-04-29 17:48:56,412 - INFO - 📧 生成简单邮箱地址: testuser95@163.com
2026-04-29 17:48:58,336 - INFO - ✅ 步骤4: 输入邮箱 - 完成，邮箱: testuser95@163.com
2026-04-29 17:49:00,340 - INFO - 🔄 步骤5: 勾选隐私政策和用户协议
2026-04-29 17:49:06,378 - INFO - ✅ 隐私政策复选框已勾选
2026-04-29 17:49:07,880 - INFO - 🔄 步骤5.1: 收起键盘（Done）
2026-04-29 17:49:09,180 - INFO - ✅ 已点击Done收起键盘
2026-04-29 17:49:10,187 - INFO - 🔄 步骤6: 点击Next进入set password页面
2026-04-29 17:49:11,002 - INFO - ✅ 步骤6: 点击Next进入set password页面 - 完成，已点击Next按钮
2026-04-29 17:49:14,007 - INFO - 🔄 步骤7: 验证进入set password页面
2026-04-29 17:49:14,340 - INFO - ✅ 成功进入set password页面
2026-04-29 17:49:15,843 - INFO - 🔄 步骤8: 输入密码并确认
2026-04-29 17:49:17,755 - INFO - ✅ 已输入密码: Csx150128
2026-04-29 17:49:19,771 - INFO - ✅ 已输入确认密码: Csx150128
2026-04-29 17:49:22,033 - INFO - ✅ 密码页已点击Done收起键盘
2026-04-29 17:49:23,036 - INFO - 🔄 步骤9: 点击Next进入Personal Information页面
2026-04-29 17:49:24,037 - INFO - ✅ 已点击密码页Next按钮
2026-04-29 17:49:27,041 - INFO - 🔄 步骤10: 不输入用户名，点击Submit并验证仍停留在页面
2026-04-29 17:49:27,727 - INFO - ✅ 确认已进入Personal Information页面
2026-04-29 17:49:29,392 - INFO - ✅ 已点击Submit按钮（未输入用户名）
2026-04-29 17:49:31,613 - INFO - ✅ 点击Submit后仍停留在Personal Information页面
2026-04-29 17:49:32,613 - INFO - 🎉 测试用例102245执行成功！
2026-04-29 17:49:32,615 - INFO - ✅ 不输入用户名点击Submit后仍停留在Personal Information页面
2026-04-29 17:49:34,674 - INFO - ✅ 报告已生成: /Users/ambrose.chen/Desktop/iot/project/APP外壳/2测试报告/platform/ios_20260429_174822/ios_20260429_174822_report.xlsx
