2026-05-07 21:25:38,539 - INFO - 🔄 步骤0: 登出，确保从登出状态开始测试
2026-05-07 21:25:38,540 - INFO - 开始登出流程...
2026-05-07 21:26:09,452 - INFO - 未检测到home sel/mine sel/mine，跳过登出流程
2026-05-07 21:26:09,452 - INFO - ✅ 步骤0: 登出，确保从登出状态开始测试 - 完成
2026-05-07 21:26:11,460 - INFO - 🔄 步骤1: 验证在APP首页（登录页面）
2026-05-07 21:26:11,626 - INFO - ✅ 步骤1: 验证在APP首页（登录页面） - 完成，确认在APP首页（登录页面）
2026-05-07 21:26:13,631 - INFO - 🔄 步骤2: 点击Sign Up按钮进入注册页面
2026-05-07 21:26:14,616 - INFO - ✅ 步骤2: 点击Sign Up按钮进入注册页面 - 完成
2026-05-07 21:26:17,626 - INFO - 🔄 步骤3: 验证进入Sign Up页面
2026-05-07 21:26:17,865 - INFO - ✅ 步骤3: 验证进入Sign Up页面 - 完成，确认已进入Sign Up注册页面
2026-05-07 21:26:19,873 - INFO - 🔄 步骤4: 输入邮箱
2026-05-07 21:26:19,877 - INFO - 📧 生成简单邮箱地址: testuser100@163.com
2026-05-07 21:26:21,792 - INFO - ✅ 步骤4: 输入邮箱 - 完成，邮箱: testuser100@163.com
2026-05-07 21:26:23,794 - INFO - 🔄 步骤5: 点击Done按钮收起键盘
2026-05-07 21:26:25,094 - INFO - ✅ 步骤5: 点击Done按钮收起键盘 - 完成
2026-05-07 21:26:27,097 - INFO - 🔄 步骤6: 勾选隐私政策和用户协议
2026-05-07 21:26:32,870 - INFO - ✅ 隐私政策复选框已勾选
2026-05-07 21:26:33,880 - INFO - ✅ 步骤6: 勾选隐私政策和用户协议 - 完成
2026-05-07 21:26:35,883 - INFO - 🔄 步骤7: 点击Next按钮
2026-05-07 21:26:36,598 - INFO - ✅ 步骤7: 点击Next按钮 - 完成
2026-05-07 21:26:39,608 - INFO - 🔄 步骤8: 验证跳转至set password页面
2026-05-07 21:26:39,917 - INFO - ✅ 步骤8: 验证跳转至set password页面 - 完成
2026-05-07 21:26:39,918 - INFO - ✅ 验证通过：已成功跳转至set password页面
2026-05-07 21:26:41,919 - INFO - 🎉 测试用例102198执行成功！
2026-05-07 21:26:41,920 - INFO - ✅ 验证"隐私政策、用户协议"勾选功能：勾选后点击Next按钮，成功跳转至set password页面
2026-05-07 21:26:43,945 - INFO - ✅ 报告已生成: /Users/ambrose.chen/Desktop/iot/project/APP外壳/2测试报告/platform/ios_20260507_212536/ios_20260507_212536_report.xlsx
