2026-05-11 10:56:29,947 - INFO - 🔄 步骤1: 重启APP并处理登录状态
2026-05-11 10:56:51,220 - INFO - ✅ 步骤1: 重启APP并处理登录状态 - 完成
2026-05-11 10:56:51,221 - INFO - 🔄 步骤2: 点击Sign In进入登录页
2026-05-11 10:56:54,175 - INFO - ✅ 步骤2: 点击Sign In进入登录页 - 完成
2026-05-11 10:56:54,175 - INFO - 🔄 步骤3: 点击Forgot password进入忘记密码页
2026-05-11 10:56:57,242 - INFO - ✅ 步骤3: 点击Forgot password进入忘记密码页 - 完成
2026-05-11 10:56:57,242 - INFO - 🔄 步骤4: 输入邮箱并点击Next进入验证码页
2026-05-11 10:57:07,646 - INFO - ✅ 步骤4: 输入邮箱并点击Next进入验证码页 - 完成，邮箱: haoc51888@gmail.com
2026-05-11 10:57:07,647 - INFO - 🔄 步骤5: Gmail获取最新验证码code
2026-05-11 10:58:49,706 - INFO - ✅ 步骤5: Gmail获取最新验证码code - 完成，code: 734409
2026-05-11 10:58:49,708 - INFO - 🔄 步骤6: 输入验证码进入Set Password页
2026-05-11 10:58:59,227 - INFO - ✅ 步骤6: 输入验证码进入Set Password页 - 完成
2026-05-11 10:58:59,227 - INFO - 🔄 步骤7: 输入小写字母+特殊字符密码(两次)并收起键盘
2026-05-11 10:59:04,634 - INFO - ✅ 步骤7: 输入小写字母+特殊字符密码(两次)并收起键盘 - 完成，password: !@#&xingmai
2026-05-11 10:59:04,635 - INFO - 🔄 步骤8: 校验密码规则文案颜色（若能取到color）
2026-05-11 10:59:04,870 - INFO - 📝 规则提示: • 6-20 characters 颜色: None
2026-05-11 10:59:05,090 - INFO - 📝 规则提示: • contains letters 颜色: None
2026-05-11 10:59:05,305 - INFO - 📝 规则提示: • contains numbers 颜色: None
2026-05-11 10:59:05,528 - INFO - 📝 规则提示: • Supports special characters:! @ # $ % ^ & * ( ) - _ = + \ | [ ] { } ; : / ? . , ~ > < ` 颜色: None
2026-05-11 10:59:05,528 - INFO - ✅ 步骤8: 校验密码规则文案颜色（若能取到color） - 完成
2026-05-11 10:59:05,528 - INFO - 🔄 步骤9: 点击Submit，断言不可完成修改密码（仍停留Set Password页）
2026-05-11 10:59:05,809 - INFO - ✅ 步骤9: 点击Submit，断言不可完成修改密码（仍停留Set Password页） - 完成
2026-05-11 10:59:05,810 - INFO - 🎉 测试用例102159执行成功！
2026-05-11 10:59:05,835 - INFO - ✅ 报告已生成: /Users/ambrose.chen/Desktop/iot/project/APP外壳/2测试报告/platform/ios_20260511_105628/ios_20260511_105628_report.xlsx
