2026-05-11 21:32:00,489 - INFO - 🔄 步骤0: 登出，确保从登出状态开始测试
2026-05-11 21:32:00,489 - INFO - 开始登出流程...
2026-05-11 21:32:31,421 - INFO - 未检测到home sel/mine sel/mine，跳过登出流程
2026-05-11 21:32:31,422 - INFO - ✅ 步骤0: 登出，确保从登出状态开始测试 - 完成
2026-05-11 21:32:33,428 - INFO - 🔄 步骤1: 验证在APP首页（登录页面）
2026-05-11 21:32:33,580 - INFO - ✅ 步骤1: 验证在APP首页（登录页面） - 完成，确认在APP首页（登录页面）
2026-05-11 21:32:35,587 - INFO - 🔄 步骤2: 点击Sign Up按钮进入注册页面
2026-05-11 21:32:36,533 - INFO - ✅ 步骤2: 点击Sign Up按钮进入注册页面 - 完成
2026-05-11 21:32:39,539 - INFO - 🔄 步骤3: 验证进入Sign Up页面
2026-05-11 21:32:39,778 - INFO - ✅ 步骤3: 验证进入Sign Up页面 - 完成，确认已进入Sign Up注册页面
2026-05-11 21:32:41,785 - INFO - 🔄 步骤4: 邮箱输入错误格式
2026-05-11 21:32:43,696 - INFO - ✅ 步骤4: 邮箱输入错误格式 - 完成，输入错误邮箱: adn只s@163.com
2026-05-11 21:32:45,704 - INFO - 🔄 步骤5: 勾选隐私政策和用户协议
2026-05-11 21:32:51,935 - INFO - ✅ 隐私政策复选框已勾选
2026-05-11 21:32:53,443 - INFO - 🔄 步骤5.1: 收起键盘（Done）
2026-05-11 21:32:54,701 - INFO - ✅ 已点击Done收起键盘
2026-05-11 21:32:55,707 - INFO - 🔄 步骤6: 点击Next按钮
2026-05-11 21:32:56,363 - INFO - ✅ 步骤6: 点击Next按钮 - 完成，已点击Next按钮
2026-05-11 21:32:58,365 - INFO - 🔄 步骤7: 验证停留当前页面并出现提示
2026-05-11 21:33:09,313 - INFO - ✅ 找到提示信息元素，选择器: //XCUIElementTypeStaticText[@name="Please sign up using your email address"]
2026-05-11 21:33:09,314 - INFO - ✅ 步骤7: 验证停留当前页面并出现提示 - 完成，提示信息: Please sign up using your email address
2026-05-11 21:33:11,324 - INFO - 🎉 测试用例102672执行成功！
2026-05-11 21:33:11,325 - INFO - ✅ 验证输入邮箱格式不正确：勾选隐私后点击Next，停留当前页并提示“Please sign up using your email address”
2026-05-11 21:33:13,365 - INFO - ✅ 报告已生成: /Users/ambrose.chen/Desktop/iot/project/APP外壳/2测试报告/platform/ios_20260511_213158/ios_20260511_213158_report.xlsx
