2026-05-08 21:38:24,179 - INFO - 🔄 步骤0: 登出，确保从登出状态开始测试
2026-05-08 21:38:24,180 - INFO - 开始登出流程...
2026-05-08 21:38:24,419 - INFO - 检测到home sel元素
2026-05-08 21:38:35,769 - INFO - ✅ 点击mine按钮: //XCUIElementTypeButton[@name="mine"]
2026-05-08 21:38:37,955 - INFO - ✅ 点击CommonEdit编辑按钮: //XCUIElementTypeButton[@name="CommonEdit"]
2026-05-08 21:38:40,155 - INFO - ✅ 点击Log Out: //XCUIElementTypeButton[@name="Log Out"]
2026-05-08 21:38:42,352 - INFO - ✅ 点击Confirm: //XCUIElementTypeButton[@name="Confirm"]
2026-05-08 21:38:43,858 - INFO - 登出操作完成
2026-05-08 21:38:44,188 - INFO - ✅ 成功回到登录页面
2026-05-08 21:38:44,188 - INFO - ✅ 步骤0: 登出，确保从登出状态开始测试 - 完成
2026-05-08 21:38:46,190 - INFO - 🔄 步骤1: 点击Sign Up按钮进入注册页面
2026-05-08 21:38:47,157 - INFO - ✅ 步骤1: 点击Sign Up按钮进入注册页面 - 完成
2026-05-08 21:38:49,162 - INFO - 🔄 步骤2: 输入邮箱地址
2026-05-08 21:38:49,166 - INFO - 📧 生成邮箱地址: 1+2-3.4%5_632@163.com
2026-05-08 21:38:51,159 - INFO - ✅ 步骤2: 输入邮箱地址 - 完成，邮箱: 1+2-3.4%5_632@163.com
2026-05-08 21:38:53,163 - INFO - 🔄 步骤3: 同意隐私政策
2026-05-08 21:38:54,176 - INFO - ✅ 步骤3: 同意隐私政策 - 完成
2026-05-08 21:38:56,183 - INFO - 🔄 步骤4: 点击Done按钮（收起键盘）
2026-05-08 21:38:57,446 - INFO - ✅ 步骤4: 点击Done按钮（收起键盘） - 完成
2026-05-08 21:38:59,447 - INFO - 🔄 步骤5: 点击Next按钮进入密码设置
2026-05-08 21:39:00,140 - INFO - ✅ 步骤5: 点击Next按钮进入密码设置 - 完成
2026-05-08 21:39:02,151 - INFO - 🔄 步骤6: 设置密码
2026-05-08 21:39:07,159 - INFO - ✅ 步骤6: 设置密码 - 完成
2026-05-08 21:39:09,169 - INFO - 🔄 步骤7: 点击Done按钮（收起键盘）
2026-05-08 21:39:10,367 - INFO - ✅ 步骤7: 点击Done按钮（收起键盘） - 完成
2026-05-08 21:39:12,373 - INFO - 🔄 步骤8: 点击Next按钮进入个人信息页面
2026-05-08 21:39:13,337 - INFO - ✅ 步骤8: 点击Next按钮进入个人信息页面 - 完成
2026-05-08 21:39:15,344 - INFO - 🔄 步骤9: 验证用户名输入框存在但不输入任何信息
2026-05-08 21:39:16,915 - INFO - ✅ 步骤9: 验证用户名输入框存在但不输入任何信息 - 完成，用户名输入框为空
2026-05-08 21:39:18,925 - INFO - 🔄 步骤10: 点击左上角返回按钮
2026-05-08 21:39:19,566 - INFO - ✅ 步骤10: 点击左上角返回按钮 - 完成
2026-05-08 21:39:22,572 - INFO - 🔄 步骤11: 验证跳转到APP主页面
2026-05-08 21:39:22,965 - INFO - ✅ 步骤11: 验证跳转到APP主页面 - 完成
2026-05-08 21:39:22,965 - INFO - 🔄 步骤12: 验证用户名显示为默认的'Username'
2026-05-08 21:39:28,195 - INFO - ✅ 找到用户名元素，使用选择器: //XCUIElementTypeStaticText[contains(@name, "Username")]
2026-05-08 21:39:28,240 - INFO - 📝 用户名显示内容: Hi, Username
2026-05-08 21:39:28,240 - INFO - ✅ 步骤12: 验证用户名显示为默认的'Username' - 完成，用户名显示为默认值: Hi, Username
2026-05-08 21:39:28,240 - INFO - 🎉 测试用例102247执行成功！
2026-05-08 21:39:30,273 - INFO - ✅ 报告已生成: /Users/ambrose.chen/Desktop/iot/project/APP外壳/2测试报告/platform/ios_20260508_213822/ios_20260508_213822_report.xlsx
