2026-05-20 12:14:01,909 - INFO - 🔄 步骤1: 重启APP
2026-05-20 12:14:06,766 - INFO - ✅ 步骤1: 重启APP - 完成
2026-05-20 12:14:06,767 - INFO - 🔄 步骤2: 检测登录状态并确保在登录/注册入口页
2026-05-20 12:14:07,393 - INFO -     [登出] 开始登出流程...
2026-05-20 12:14:07,394 - INFO -     [登出] 步骤1: 检查页面是否有 More 按钮
2026-05-20 12:14:07,460 - INFO -     [登出] ✅ 检测到 More 按钮: //android.view.View[@content-desc="More"]
2026-05-20 12:14:07,460 - INFO -     [登出] 步骤2: 点击 More 按钮，进入 more 页面
2026-05-20 12:14:07,521 - INFO -     [登出] ✅ 已点击 More 按钮 (使用: //android.view.View[@content-desc="More"])
2026-05-20 12:14:09,522 - INFO -     [登出] 步骤3: 点击 edit 按钮
2026-05-20 12:14:09,667 - INFO -     [登出] ✅ 已点击 edit 按钮
2026-05-20 12:14:11,675 - INFO -     [登出] 步骤4: 点击 Log Out 按钮
2026-05-20 12:14:11,830 - INFO -     [登出] ✅ 已点击 Log Out 按钮
2026-05-20 12:14:13,339 - INFO -     [登出] 步骤5: 点击 Confirm 按钮，确认登出
2026-05-20 12:14:15,507 - INFO -     [登出] ✅ 已点击 Confirm 按钮
2026-05-20 12:14:23,549 - INFO -     [登出] ⚠️ 登出完成，但无法确认是否已返回登录页面
2026-05-20 12:14:23,549 - INFO -     [登出] ✅ 登出流程完成
2026-05-20 12:14:25,599 - INFO - ✅ 步骤2: 检测登录状态并确保在登录/注册入口页 - 完成
2026-05-20 12:14:25,599 - INFO - 🔄 步骤3: 点击 Sign Up 进入注册页
2026-05-20 12:14:27,868 - INFO - ✅ 步骤3: 点击 Sign Up 进入注册页 - 完成
2026-05-20 12:14:27,872 - INFO - 📧 生成简单邮箱地址: testuser378@163.com
2026-05-20 12:14:27,873 - INFO - 🔄 步骤4: 输入用户名并 Skip
2026-05-20 12:15:50,718 - INFO - 
============================================================
2026-05-20 12:15:50,719 - INFO - ❌ 测试失败
2026-05-20 12:15:50,719 - INFO - 📍 失败步骤: 步骤4: 输入用户名并 Skip
2026-05-20 12:15:50,720 - INFO - 📝 失败原因: 步骤4: 输入用户名并 Skip失败: Message: 未找到可点击国家 ['Skip']，坐标兜底也失败: Message: An element could not be located on the page using the given search parameters.; For documentation on this error, please visit: https://www.selenium.dev/documentation/webdriver/troubleshooting/errors#nosuchelementexception
Stacktrace:
NoSuchElementError: An element could not be located on the page using the given search parameters.
    at AndroidUiautomator2Driver.findElOrEls (/Users/ambrose.chen/.appium/node_modules/appium-uiautomator2-driver/node_modules/appium-android-driver/lib/commands/find.ts:86:11)
    at processTicksAndRejections (node:internal/process/task_queues:103:5)
    at AndroidUiautomator2Driver.findElOrElsWithProcessing (/Users/ambrose.chen/.appium/node_modules/appium-uiautomator2-driver/node_modules/@appium/base-driver/lib/basedriver/commands/find.ts:60:12)
    at AndroidUiautomator2Driver.findElement (/Users/ambrose.chen/.appium/node_modules/appium-uiautomator2-driver/node_modules/@appium/base-driver/lib/basedriver/commands/find.ts:75:12)

2026-05-20 12:15:50,720 - INFO - ============================================================
2026-05-20 12:15:50,725 - INFO - Traceback (most recent call last):

2026-05-20 12:15:50,726 - INFO -   File "/Users/ambrose.chen/Desktop/iot/project/APP外壳/3功能/1平台/Android/2注册/200087 验证输入用户名，点击"Skip"按钮.py", line 242, in test_200087
    step_click_text_if_visible(driver, ["Skip"])

2026-05-20 12:15:50,726 - INFO -   File "/Users/ambrose.chen/Desktop/iot/project/APP外壳/3功能/1平台/Android/2注册/register_case_base.py", line 505, in step_click_text_if_visible
    return step_click_country_in_list(driver, texts, timeout_s=timeout_s)
           ^^^^^^^^^^^^^^^^^^^^^^^^^^^^^^^^^^^^^^^^^^^^^^^^^^^^^^^^^^^^^^

2026-05-20 12:15:50,726 - INFO -   File "/Users/ambrose.chen/Desktop/iot/project/APP外壳/3功能/1平台/Android/2注册/register_case_base.py", line 465, in step_click_country_in_list
    raise TimeoutException(f"未找到可点击国家 {targets}，坐标兜底也失败: {last_err}")

2026-05-20 12:15:50,726 - INFO - selenium.common.exceptions.TimeoutException: Message: 未找到可点击国家 ['Skip']，坐标兜底也失败: Message: An element could not be located on the page using the given search parameters.; For documentation on this error, please visit: https://www.selenium.dev/documentation/webdriver/troubleshooting/errors#nosuchelementexception
Stacktrace:
NoSuchElementError: An element could not be located on the page using the given search parameters.
    at AndroidUiautomator2Driver.findElOrEls (/Users/ambrose.chen/.appium/node_modules/appium-uiautomator2-driver/node_modules/appium-android-driver/lib/commands/find.ts:86:11)
    at processTicksAndRejections (node:internal/process/task_queues:103:5)
    at AndroidUiautomator2Driver.findElOrElsWithProcessing (/Users/ambrose.chen/.appium/node_modules/appium-uiautomator2-driver/node_modules/@appium/base-driver/lib/basedriver/commands/find.ts:60:12)
    at AndroidUiautomator2Driver.findElement (/Users/ambrose.chen/.appium/node_modules/appium-uiautomator2-driver/node_modules/@appium/base-driver/lib/basedriver/commands/find.ts:75:12)


2026-05-20 12:15:51,389 - INFO - 已保存test_200087_failed失败截图: screenshots/test_200087_failed_1779250550.png
2026-05-20 12:15:51,421 - INFO - ✅ 报告已生成: /Users/ambrose.chen/Desktop/iot/project/APP外壳/2测试报告/platform/android_20260520_121358/android_20260520_121358_report.xlsx
