2026-05-12 12:31:46,634 - INFO - 🔄 步骤1: 重启APP并处理登录状态
2026-05-12 12:32:07,881 - INFO - ✅ 步骤1: 重启APP并处理登录状态 - 完成
2026-05-12 12:32:07,881 - INFO - 🔄 步骤2: 点击Sign In进入登录页
2026-05-12 12:32:10,805 - INFO - ✅ 步骤2: 点击Sign In进入登录页 - 完成
2026-05-12 12:32:10,806 - INFO - 🔄 步骤3: 点击Forgot password进入忘记密码页
2026-05-12 12:32:13,857 - INFO - ✅ 步骤3: 点击Forgot password进入忘记密码页 - 完成
2026-05-12 12:32:13,858 - INFO - 🔄 步骤4: 输入邮箱并点击Next进入验证码页
2026-05-12 12:32:24,357 - INFO - ✅ 步骤4: 输入邮箱并点击Next进入验证码页 - 完成，邮箱: haoc51888@gmail.com
2026-05-12 12:32:24,358 - INFO - 🔄 步骤5: Gmail获取最新验证码code
2026-05-12 12:34:07,099 - INFO - ✅ 步骤5: Gmail获取最新验证码code - 完成，code: 341120
2026-05-12 12:34:07,100 - INFO - 🔄 步骤6: 输入验证码进入Set Password页
2026-05-12 12:34:16,364 - INFO - ✅ 步骤6: 输入验证码进入Set Password页 - 完成
2026-05-12 12:34:16,365 - INFO - 🔄 步骤7: 输入<6位密码
2026-05-12 12:34:19,934 - INFO - ✅ 步骤7: 输入<6位密码 - 完成（short_pwd: Csx15）
2026-05-12 12:34:19,935 - INFO - 🔄 步骤8: 断言密码规则提示/颜色（参考102224）
2026-05-12 12:34:20,331 - INFO - 📝 规则提示: • 6-20 characters 颜色: None
2026-05-12 12:34:20,731 - INFO - 📝 规则提示: • contains letters 颜色: None
2026-05-12 12:34:21,129 - INFO - 📝 规则提示: • contains numbers 颜色: None
2026-05-12 12:34:21,530 - INFO - 📝 规则提示: • Supports special characters:! @ # $ % ^ & * ( ) - _ = + \ | [ ] { } ; : / ? . , ~ > < ` 颜色: None
2026-05-12 12:34:21,531 - INFO - ✅ 步骤8: 断言密码规则提示/颜色（参考102224） - 完成
2026-05-12 12:34:21,531 - INFO - 🔄 步骤9: Done收起键盘，点击Submit仍停留Set Password页
2026-05-12 12:34:23,416 - INFO - ✅ 步骤9: Done收起键盘，点击Submit仍停留Set Password页 - 完成
2026-05-12 12:34:23,416 - INFO - 🎉 测试用例102146执行成功！
2026-05-12 12:34:25,457 - INFO - ✅ 报告已生成: /Users/ambrose.chen/Desktop/iot/project/APP外壳/2测试报告/platform/ios_20260512_123144/ios_20260512_123144_report.xlsx
