2026-05-08 21:18:40,832 - INFO - 🔄 步骤0: 登出，确保从登出状态开始测试
2026-05-08 21:18:40,833 - INFO - 开始登出流程...
2026-05-08 21:19:11,741 - INFO - 未检测到home sel/mine sel/mine，跳过登出流程
2026-05-08 21:19:11,742 - INFO - ✅ 步骤0: 登出，确保从登出状态开始测试 - 完成
2026-05-08 21:19:13,744 - INFO - 🔄 步骤1: 验证在APP首页（登录页面）
2026-05-08 21:19:13,892 - INFO - ✅ 步骤1: 验证在APP首页（登录页面） - 完成，确认在APP首页（登录页面）
2026-05-08 21:19:15,902 - INFO - 🔄 步骤2: 点击Sign Up按钮进入注册页面
2026-05-08 21:19:16,872 - INFO - ✅ 步骤2: 点击Sign Up按钮进入注册页面 - 完成
2026-05-08 21:19:19,875 - INFO - 🔄 步骤3: 验证进入Sign Up页面
2026-05-08 21:19:20,110 - INFO - ✅ 步骤3: 验证进入Sign Up页面 - 完成，确认已进入Sign Up注册页面
2026-05-08 21:19:22,114 - INFO - 🔄 步骤4: 输入邮箱
2026-05-08 21:19:22,118 - INFO - 📧 生成简单邮箱地址: testuser171@163.com
2026-05-08 21:19:24,009 - INFO - ✅ 步骤4: 输入邮箱 - 完成，邮箱: testuser171@163.com
2026-05-08 21:19:26,016 - INFO - 🔄 步骤5: 勾选隐私政策和用户协议
2026-05-08 21:19:32,148 - INFO - ✅ 隐私政策复选框已勾选
2026-05-08 21:19:33,656 - INFO - 🔄 步骤5.1: 收起键盘（Done）
2026-05-08 21:19:34,927 - INFO - ✅ 已点击Done收起键盘
2026-05-08 21:19:35,930 - INFO - 🔄 步骤6: 点击Next进入set password页面
2026-05-08 21:19:36,636 - INFO - ✅ 步骤6: 点击Next进入set password页面 - 完成，已点击Next按钮
2026-05-08 21:19:39,646 - INFO - 🔄 步骤7: 验证进入set password页面
2026-05-08 21:19:39,929 - INFO - ✅ 成功进入set password页面
2026-05-08 21:19:41,436 - INFO - 🔄 步骤8: 输入密码并确认
2026-05-08 21:19:43,248 - INFO - ✅ 已输入密码: xingmai123456
2026-05-08 21:19:45,249 - INFO - ✅ 已输入确认密码: xingmai123456
2026-05-08 21:19:47,448 - INFO - ✅ 密码页已点击Done收起键盘
2026-05-08 21:19:48,454 - INFO - 🔄 步骤9: 点击Next进入用户名页面
2026-05-08 21:19:49,429 - INFO - ✅ 已点击密码页Next按钮
2026-05-08 21:19:52,431 - INFO - 🔄 步骤10: 用户名页面点击Skip并验证主页面
2026-05-08 21:20:05,399 - INFO - ✅ 找到Skip元素: //XCUIElementTypeButton[@name="Skip"]
2026-05-08 21:20:05,820 - INFO - ✅ 已点击Skip跳过用户名
2026-05-08 21:20:09,038 - INFO - ✅ 主页面标识元素存在: //XCUIElementTypeButton[@name="home sel"]
2026-05-08 21:20:10,041 - INFO - 🎉 测试用例102232执行成功！
2026-05-08 21:20:10,042 - INFO - ✅ 数字+小写密码可正常跳转，成功到主页面
2026-05-08 21:20:12,074 - INFO - ✅ 报告已生成: /Users/ambrose.chen/Desktop/iot/project/APP外壳/2测试报告/platform/ios_20260508_211839/ios_20260508_211839_report.xlsx
