2026-05-11 22:00:56,192 - INFO - 🔄 步骤1: 重启APP并处理登录状态
2026-05-11 22:01:17,455 - INFO - ✅ 步骤1: 重启APP并处理登录状态 - 完成
2026-05-11 22:01:17,456 - INFO - 🔄 步骤2: 点击Sign In进入登录页
2026-05-11 22:01:20,391 - INFO - ✅ 步骤2: 点击Sign In进入登录页 - 完成
2026-05-11 22:01:20,392 - INFO - 🔄 步骤3: 点击Forgot password进入忘记密码页
2026-05-11 22:01:23,419 - INFO - ✅ 步骤3: 点击Forgot password进入忘记密码页 - 完成
2026-05-11 22:01:23,419 - INFO - 🔄 步骤4: 输入邮箱并点击Next进入验证码页
2026-05-11 22:01:33,849 - INFO - ✅ 步骤4: 输入邮箱并点击Next进入验证码页 - 完成，邮箱: haoc51888@gmail.com
2026-05-11 22:01:33,849 - INFO - 🔄 步骤5: Gmail获取最新验证码code
2026-05-11 22:03:22,862 - INFO - ✅ 步骤5: Gmail获取最新验证码code - 完成，code: 321511
2026-05-11 22:03:22,864 - INFO - 🔄 步骤6: 输入验证码进入Set Password页
2026-05-11 22:03:32,171 - INFO - ✅ 步骤6: 输入验证码进入Set Password页 - 完成
2026-05-11 22:03:32,172 - INFO - 🔄 步骤7: 输入<6位密码
2026-05-11 22:03:35,865 - INFO - ✅ 步骤7: 输入<6位密码 - 完成（short_pwd: Csx15）
2026-05-11 22:03:35,865 - INFO - 🔄 步骤8: 断言密码规则提示/颜色（参考102224）
2026-05-11 22:03:36,257 - INFO - 📝 规则提示: • 6-20 characters 颜色: None
2026-05-11 22:03:36,650 - INFO - 📝 规则提示: • contains letters 颜色: None
2026-05-11 22:03:37,044 - INFO - 📝 规则提示: • contains numbers 颜色: None
2026-05-11 22:03:37,437 - INFO - 📝 规则提示: • Supports special characters:! @ # $ % ^ & * ( ) - _ = + \ | [ ] { } ; : / ? . , ~ > < ` 颜色: None
2026-05-11 22:03:37,437 - INFO - ✅ 步骤8: 断言密码规则提示/颜色（参考102224） - 完成
2026-05-11 22:03:37,437 - INFO - 🔄 步骤9: Done收起键盘，点击Submit仍停留Set Password页
2026-05-11 22:03:39,375 - INFO - ✅ 步骤9: Done收起键盘，点击Submit仍停留Set Password页 - 完成
2026-05-11 22:03:39,375 - INFO - 🎉 测试用例102146执行成功！
2026-05-11 22:03:41,410 - INFO - ✅ 报告已生成: /Users/ambrose.chen/Desktop/iot/project/APP外壳/2测试报告/platform/ios_20260511_220054/ios_20260511_220054_report.xlsx
