2026-05-07 22:25:15,007 - INFO - 🔄 步骤0: 登出，确保从登出状态开始测试
2026-05-07 22:25:15,008 - INFO - 开始登出流程...
2026-05-07 22:25:15,248 - INFO - 检测到home sel元素
2026-05-07 22:25:26,615 - INFO - ✅ 点击mine按钮: //XCUIElementTypeButton[@name="mine"]
2026-05-07 22:25:28,783 - INFO - ✅ 点击CommonEdit编辑按钮: //XCUIElementTypeButton[@name="CommonEdit"]
2026-05-07 22:25:30,961 - INFO - ✅ 点击Log Out: //XCUIElementTypeButton[@name="Log Out"]
2026-05-07 22:25:33,133 - INFO - ✅ 点击Confirm: //XCUIElementTypeButton[@name="Confirm"]
2026-05-07 22:25:34,636 - INFO - 登出操作完成
2026-05-07 22:25:34,947 - INFO - ✅ 成功回到登录页面
2026-05-07 22:25:34,947 - INFO - ✅ 步骤0: 登出，确保从登出状态开始测试 - 完成
2026-05-07 22:25:36,957 - INFO - 🔄 步骤1: 点击Sign Up按钮进入注册页面
2026-05-07 22:25:37,917 - INFO - ✅ 步骤1: 点击Sign Up按钮进入注册页面 - 完成
2026-05-07 22:25:39,928 - INFO - 🔄 步骤2: 输入邮箱地址
2026-05-07 22:25:39,929 - INFO - 📧 生成邮箱地址: 1+2-3.4%5_631@163.com
2026-05-07 22:25:41,957 - INFO - ✅ 步骤2: 输入邮箱地址 - 完成，邮箱: 1+2-3.4%5_631@163.com
2026-05-07 22:25:43,966 - INFO - 🔄 步骤3: 同意隐私政策
2026-05-07 22:25:44,994 - INFO - ✅ 步骤3: 同意隐私政策 - 完成
2026-05-07 22:25:46,996 - INFO - 🔄 步骤4: 点击Done按钮（收起键盘）
2026-05-07 22:25:48,270 - INFO - ✅ 步骤4: 点击Done按钮（收起键盘） - 完成
2026-05-07 22:25:50,278 - INFO - 🔄 步骤5: 点击Next按钮进入密码设置
2026-05-07 22:25:50,995 - INFO - ✅ 步骤5: 点击Next按钮进入密码设置 - 完成
2026-05-07 22:25:53,002 - INFO - 🔄 步骤6: 设置密码
2026-05-07 22:25:58,084 - INFO - ✅ 步骤6: 设置密码 - 完成
2026-05-07 22:26:00,094 - INFO - 🔄 步骤7: 点击Done按钮（收起键盘）
2026-05-07 22:26:01,338 - INFO - ✅ 步骤7: 点击Done按钮（收起键盘） - 完成
2026-05-07 22:26:03,340 - INFO - 🔄 步骤8: 点击Next按钮进入个人信息页面
2026-05-07 22:26:04,325 - INFO - ✅ 步骤8: 点击Next按钮进入个人信息页面 - 完成
2026-05-07 22:26:06,326 - INFO - 🔄 步骤9: 设置用户名
2026-05-07 22:26:10,061 - INFO - ✅ 步骤9: 设置用户名 - 完成，用户名: UOUZKvOcHfABwGyvwGAIyHvOjVGqDiSNfrzNLPbSWLPeqxZoSptCOROhvdHP
2026-05-07 22:26:13,071 - INFO - 🔄 步骤10: 点击Done按钮收起键盘
2026-05-07 22:26:14,331 - INFO - ✅ 步骤10: 点击Done按钮收起键盘 - 完成
2026-05-07 22:26:16,341 - INFO - 🔄 步骤11: 点击左上角返回按钮
2026-05-07 22:26:17,016 - INFO - ✅ 步骤11: 点击左上角返回按钮 - 完成
2026-05-07 22:26:20,027 - INFO - 🔄 步骤12: 验证跳转到APP主页面
2026-05-07 22:26:20,435 - INFO - ✅ 步骤12: 验证跳转到APP主页面 - 完成
2026-05-07 22:26:20,437 - INFO - 🔄 步骤13: 验证用户名显示为默认的'Username'
2026-05-07 22:26:25,668 - INFO - ✅ 找到用户名元素，使用选择器: //XCUIElementTypeStaticText[contains(@name, "Username")]
2026-05-07 22:26:25,715 - INFO - 📝 用户名显示内容: Hi, Username
2026-05-07 22:26:25,715 - INFO - ✅ 步骤13: 验证用户名显示为默认的'Username' - 完成，用户名显示为默认值: Hi, Username
2026-05-07 22:26:25,715 - INFO - 🎉 测试用例102248执行成功！
2026-05-07 22:26:27,751 - INFO - ✅ 报告已生成: /Users/ambrose.chen/Desktop/iot/project/APP外壳/2测试报告/platform/ios_20260507_222513/ios_20260507_222513_report.xlsx
