2026-05-12 11:14:51,440 - INFO - 🔄 步骤0: 登出，确保从登出状态开始测试
2026-05-12 11:14:51,440 - INFO - 开始登出流程...
2026-05-12 11:15:22,361 - INFO - 未检测到home sel/mine sel/mine，跳过登出流程
2026-05-12 11:15:22,361 - INFO - ✅ 步骤0: 登出，确保从登出状态开始测试 - 完成
2026-05-12 11:15:24,369 - INFO - 🔄 步骤1: 验证在APP首页（登录页面）
2026-05-12 11:15:24,533 - INFO - ✅ 步骤1: 验证在APP首页（登录页面） - 完成，确认在APP首页（登录页面）
2026-05-12 11:15:26,535 - INFO - 🔄 步骤2: 点击Sign Up按钮进入注册页面
2026-05-12 11:15:27,482 - INFO - ✅ 步骤2: 点击Sign Up按钮进入注册页面 - 完成
2026-05-12 11:15:30,490 - INFO - 🔄 步骤3: 验证进入Sign Up页面
2026-05-12 11:15:30,737 - INFO - ✅ 步骤3: 验证进入Sign Up页面 - 完成，确认已进入Sign Up注册页面
2026-05-12 11:15:32,746 - INFO - 🔄 步骤4: 邮箱输入错误格式
2026-05-12 11:15:34,633 - INFO - ✅ 步骤4: 邮箱输入错误格式 - 完成，输入错误邮箱: asd@gmail@163.com
2026-05-12 11:15:36,635 - INFO - 🔄 步骤5: 勾选隐私政策和用户协议
2026-05-12 11:15:42,761 - INFO - ✅ 隐私政策复选框已勾选
2026-05-12 11:15:44,271 - INFO - 🔄 步骤5.1: 收起键盘（Done）
2026-05-12 11:15:45,521 - INFO - ✅ 已点击Done收起键盘
2026-05-12 11:15:46,529 - INFO - 🔄 步骤6: 点击Next按钮
2026-05-12 11:15:47,185 - INFO - ✅ 步骤6: 点击Next按钮 - 完成，已点击Next按钮
2026-05-12 11:15:49,190 - INFO - 🔄 步骤7: 验证停留当前页面并出现提示
2026-05-12 11:16:00,121 - INFO - ✅ 找到提示信息元素，选择器: //XCUIElementTypeStaticText[@name="Please sign up using your email address"]
2026-05-12 11:16:00,121 - INFO - ✅ 步骤7: 验证停留当前页面并出现提示 - 完成，提示信息: Please sign up using your email address
2026-05-12 11:16:02,130 - INFO - 🎉 测试用例102218执行成功！
2026-05-12 11:16:02,130 - INFO - ✅ 验证错误邮箱 asd@gmail@163.com 勾选隐私后点击Next，停留当前页并提示“Please sign up using your email address”
2026-05-12 11:16:04,165 - INFO - ✅ 报告已生成: /Users/ambrose.chen/Desktop/iot/project/APP外壳/2测试报告/platform/ios_20260512_111449/ios_20260512_111449_report.xlsx
