2026-05-12 11:11:02,333 - INFO - 🔄 步骤0: 登出，确保从登出状态开始测试
2026-05-12 11:11:02,333 - INFO - 开始登出流程...
2026-05-12 11:11:33,250 - INFO - 未检测到home sel/mine sel/mine，跳过登出流程
2026-05-12 11:11:33,252 - INFO - ✅ 步骤0: 登出，确保从登出状态开始测试 - 完成
2026-05-12 11:11:35,259 - INFO - 🔄 步骤1: 验证在APP首页（登录页面）
2026-05-12 11:11:35,427 - INFO - ✅ 步骤1: 验证在APP首页（登录页面） - 完成，确认在APP首页（登录页面）
2026-05-12 11:11:37,436 - INFO - 🔄 步骤2: 点击Sign Up按钮进入注册页面
2026-05-12 11:11:38,385 - INFO - ✅ 步骤2: 点击Sign Up按钮进入注册页面 - 完成
2026-05-12 11:11:41,393 - INFO - 🔄 步骤3: 验证进入Sign Up页面
2026-05-12 11:11:41,620 - INFO - ✅ 步骤3: 验证进入Sign Up页面 - 完成，确认已进入Sign Up注册页面
2026-05-12 11:11:43,629 - INFO - 🔄 步骤4: 邮箱输入错误格式
2026-05-12 11:11:45,421 - INFO - ✅ 步骤4: 邮箱输入错误格式 - 完成，输入错误邮箱: asd@gmial
2026-05-12 11:11:47,430 - INFO - 🔄 步骤5: 勾选隐私政策和用户协议
2026-05-12 11:11:53,549 - INFO - ✅ 隐私政策复选框已勾选
2026-05-12 11:11:55,060 - INFO - 🔄 步骤5.1: 收起键盘（Done）
2026-05-12 11:11:56,326 - INFO - ✅ 已点击Done收起键盘
2026-05-12 11:11:57,328 - INFO - 🔄 步骤6: 点击Next按钮
2026-05-12 11:11:58,212 - INFO - ✅ 步骤6: 点击Next按钮 - 完成，已点击Next按钮
2026-05-12 11:12:00,220 - INFO - 🔄 步骤7: 验证停留当前页面并出现提示
2026-05-12 11:12:11,161 - INFO - ✅ 找到提示信息元素，选择器: //XCUIElementTypeStaticText[@name="Please sign up using your email address"]
2026-05-12 11:12:11,162 - INFO - ✅ 步骤7: 验证停留当前页面并出现提示 - 完成，提示信息: Please sign up using your email address
2026-05-12 11:12:13,172 - INFO - 🎉 测试用例102215执行成功！
2026-05-12 11:12:13,173 - INFO - ✅ 验证错误邮箱（缺少合法域）勾选隐私后点击Next，停留当前页并提示“Please sign up using your email address”
2026-05-12 11:12:15,208 - INFO - ✅ 报告已生成: /Users/ambrose.chen/Desktop/iot/project/APP外壳/2测试报告/platform/ios_20260512_111100/ios_20260512_111100_report.xlsx
