2026-05-20 12:15:55,595 - INFO - 🔄 步骤1: 重启APP
2026-05-20 12:16:00,501 - INFO - ✅ 步骤1: 重启APP - 完成
2026-05-20 12:16:00,502 - INFO - 🔄 步骤2: 检测登录状态并确保在登录/注册入口页
2026-05-20 12:16:00,713 - INFO -     [登出] 开始登出流程...
2026-05-20 12:16:00,714 - INFO -     [登出] 步骤1: 检查页面是否有 More 按钮
2026-05-20 12:16:00,762 - INFO -     [登出] ✅ 检测到 More 按钮: //android.view.View[@content-desc="More"]
2026-05-20 12:16:00,762 - INFO -     [登出] 步骤2: 点击 More 按钮，进入 more 页面
2026-05-20 12:16:00,800 - INFO -     [登出] ✅ 已点击 More 按钮 (使用: //android.view.View[@content-desc="More"])
2026-05-20 12:16:02,807 - INFO -     [登出] 步骤3: 点击 edit 按钮
2026-05-20 12:16:02,945 - INFO -     [登出] ✅ 已点击 edit 按钮
2026-05-20 12:16:04,951 - INFO -     [登出] 步骤4: 点击 Log Out 按钮
2026-05-20 12:16:05,086 - INFO -     [登出] ✅ 已点击 Log Out 按钮
2026-05-20 12:16:06,596 - INFO -     [登出] 步骤5: 点击 Confirm 按钮，确认登出
2026-05-20 12:16:08,349 - INFO -     [登出] ✅ 已点击 Confirm 按钮
2026-05-20 12:16:16,368 - INFO -     [登出] ⚠️ 登出完成，但无法确认是否已返回登录页面
2026-05-20 12:16:16,368 - INFO -     [登出] ✅ 登出流程完成
2026-05-20 12:16:18,440 - INFO - ✅ 步骤2: 检测登录状态并确保在登录/注册入口页 - 完成
2026-05-20 12:16:18,441 - INFO - 🔄 步骤3: 点击 Sign Up 进入注册页
2026-05-20 12:16:20,707 - INFO - ✅ 步骤3: 点击 Sign Up 进入注册页 - 完成
2026-05-20 12:16:20,710 - INFO - 📧 生成简单邮箱地址: testuser379@163.com
2026-05-20 12:16:20,710 - INFO -     📧 邮箱: testuser379@163.com
2026-05-20 12:16:20,710 - INFO - 🔄 步骤4: 输入邮箱
2026-05-20 12:16:54,888 - INFO - ✅ 步骤4: 输入邮箱 - 完成
2026-05-20 12:16:54,890 - INFO - 🔄 步骤5: 勾选隐私政策
2026-05-20 12:16:55,737 - INFO - ✅ 步骤5: 勾选隐私政策 - 完成
2026-05-20 12:16:55,738 - INFO - 🔄 步骤6: 点击 Next 进入设置密码页
2026-05-20 12:16:58,568 - INFO - ✅ 步骤6: 点击 Next 进入设置密码页 - 完成
2026-05-20 12:16:58,569 - INFO - 🔄 步骤7: 设置密码
2026-05-20 12:17:04,575 - INFO -     🔑 密码: Csx150128
2026-05-20 12:17:04,576 - INFO - ✅ 步骤7: 设置密码 - 完成
2026-05-20 12:17:04,576 - INFO - 🔄 步骤8: 点击 Next 进入用户名页
2026-05-20 12:17:07,715 - INFO - ✅ 步骤8: 点击 Next 进入用户名页 - 完成
2026-05-20 12:17:07,715 - INFO - 🔄 步骤9: 验证用户名页且不输入用户名
2026-05-20 12:17:09,341 - INFO -     ✅ 已识别 Personal Information 标题
2026-05-20 12:17:09,405 - INFO -     📝 用户名框内容: ''（未输入）
2026-05-20 12:17:09,405 - INFO - ✅ 步骤9: 验证用户名页且不输入用户名 - 完成
2026-05-20 12:17:09,405 - INFO - 🔄 步骤10: 点击返回按钮
2026-05-20 12:17:09,405 - INFO -     🔄 定位返回: //android.widget.ImageView[@content-desc="back"]
2026-05-20 12:17:11,015 - INFO -     ✅ 已点击返回按钮
2026-05-20 12:17:11,016 - INFO - ✅ 步骤10: 点击返回按钮 - 完成
2026-05-20 12:17:11,016 - INFO - 🔄 步骤11: 断言跳转主页面（More 可见）
2026-05-20 12:17:11,075 - INFO -     ✅ 主页面 More 可见: //android.view.View[@content-desc="More"]
2026-05-20 12:17:11,075 - INFO - ✅ 步骤11: 断言跳转主页面（More 可见） - 完成
2026-05-20 12:17:11,075 - INFO - 🎉 测试用例 200088 执行成功！
2026-05-20 12:17:11,075 - INFO - ✅ 不输入用户名点击返回，已跳转主页面（More 可见）
2026-05-20 12:17:11,102 - INFO - ✅ 报告已生成: /Users/ambrose.chen/Desktop/iot/project/APP外壳/2测试报告/platform/android_20260520_121552/android_20260520_121552_report.xlsx
