2026-05-20 11:14:36,864 - INFO - 🔄 步骤1: 重启APP
2026-05-20 11:14:36,864 - INFO -     🔄 driver.terminate_app / activate_app: com.xingmai.tech
2026-05-20 11:14:41,759 - INFO -     ✅ APP 已重启
2026-05-20 11:14:41,760 - INFO - ✅ 步骤1: 重启APP - 完成
2026-05-20 11:14:41,760 - INFO - 🔄 步骤2: 检测登录状态并确保在登录/注册入口页
2026-05-20 11:14:41,769 - INFO -     🔄 检测已登录元素: //android.view.View[@content-desc="More"]
2026-05-20 11:14:41,904 - INFO -     🔄 检测已登录元素: //*[@content-desc="More"]
2026-05-20 11:14:42,513 - INFO -     ℹ️ 未检测到 More，判定未登录
2026-05-20 11:14:42,514 - INFO -     🔄 等待登录/注册入口页: //*[(@text="Sign In" or @text="Sign Up") or contains(@text,"Sign In") or contains(@text,"Sign Up") or @content-desc="Sign In" or @content-desc="Sign Up"]
2026-05-20 11:14:42,563 - INFO -     ✅ 已处于登录/注册入口页
2026-05-20 11:14:42,563 - INFO - ✅ 步骤2: 检测登录状态并确保在登录/注册入口页 - 完成
2026-05-20 11:14:42,563 - INFO - 🔄 步骤3: 点击 Sign In 进入登录页
2026-05-20 11:14:42,564 - INFO -     🔄 定位 Sign In: //android.widget.TextView[@text="Sign In"]
2026-05-20 11:14:42,634 - INFO -     ✅ 找到 Sign In: //android.widget.TextView[@text="Sign In"]
2026-05-20 11:14:43,282 - INFO - ✅ 步骤3: 点击 Sign In 进入登录页 - 完成
2026-05-20 11:14:44,784 - INFO - 🔄 步骤4: 输入密码
2026-05-20 11:14:44,784 - INFO -     🔄 密码已填入（长度 9）
2026-05-20 11:14:44,859 - INFO -     🔄 定位: //android.widget.ScrollView/android.widget.EditText[2]
2026-05-20 11:14:46,016 - INFO - ✅ 步骤4: 输入密码 - 完成
2026-05-20 11:14:46,016 - INFO - 🔄 步骤5: 收起输入键盘
2026-05-20 11:14:47,418 - INFO -     ✅ hide_keyboard 成功
2026-05-20 11:14:47,822 - INFO - ✅ 步骤5: 收起输入键盘 - 完成
2026-05-20 11:14:47,822 - INFO - 🔄 步骤6: 点击 Next 登录
2026-05-20 11:14:47,822 - INFO -     🔄 定位: //android.widget.ImageView[@content-desc="next"]
2026-05-20 11:14:49,557 - INFO - ✅ 步骤6: 点击 Next 登录 - 完成
2026-05-20 11:14:49,557 - INFO - 🔄 步骤7: 断言提示文案
2026-05-20 11:14:49,558 - INFO -     🔄 期望文案: Please enter a valid email address.
2026-05-20 11:14:49,631 - INFO -     ✅ 已显示提示
2026-05-20 11:14:49,631 - INFO - ✅ 步骤7: 断言提示文案 - 完成
2026-05-20 11:14:49,632 - INFO - 🎉 测试用例 200005 执行成功！
2026-05-20 11:14:49,652 - INFO - ✅ 报告已生成: /Users/ambrose.chen/Desktop/iot/project/APP外壳/2测试报告/platform/android_20260520_111433/android_20260520_111433_report.xlsx
