2026-05-19 15:56:46,593 - INFO - 🔄 步骤1: 重启APP
2026-05-19 15:56:51,504 - INFO - ✅ 步骤1: 重启APP - 完成
2026-05-19 15:56:51,505 - INFO - 🔄 步骤2: 检测登录状态并确保在登录/注册入口页
2026-05-19 15:56:52,306 - INFO - ✅ 步骤2: 检测登录状态并确保在登录/注册入口页 - 完成
2026-05-19 15:56:52,307 - INFO - 🔄 步骤3: 点击 Sign Up 进入注册页
2026-05-19 15:56:54,572 - INFO - ✅ 步骤3: 点击 Sign Up 进入注册页 - 完成
2026-05-19 15:56:54,575 - INFO - 📧 生成简单邮箱地址: testuser305@163.com
2026-05-19 15:56:54,575 - INFO - 🔄 步骤4: 使用已注册邮箱尝试注册
2026-05-19 15:58:34,053 - INFO - 
============================================================
2026-05-19 15:58:34,054 - INFO - ❌ 测试失败
2026-05-19 15:58:34,054 - INFO - 📍 失败步骤: 步骤4: 使用已注册邮箱尝试注册
2026-05-19 15:58:34,054 - INFO - 📝 失败原因: 步骤4: 使用已注册邮箱尝试注册失败: Message: 未找到文案: ['registered', 'already', '已注册', 'Account', '登录', 'Log in']

2026-05-19 15:58:34,055 - INFO - ============================================================
2026-05-19 15:58:34,058 - INFO - Traceback (most recent call last):

2026-05-19 15:58:34,059 - INFO -   File "/Users/ambrose.chen/Desktop/iot/project/APP外壳/3功能/1平台/Android/2注册/200062 验证一个地区注册过的的邮箱，不可以在另一个地区继续注册.py", line 241, in test_200062
    step_assert_text_visible(

2026-05-19 15:58:34,060 - INFO -   File "/Users/ambrose.chen/Desktop/iot/project/APP外壳/3功能/1平台/Android/2注册/register_case_base.py", line 379, in step_assert_text_visible
    raise TimeoutException(f"未找到文案: {list(texts)}")

2026-05-19 15:58:34,060 - INFO - selenium.common.exceptions.TimeoutException: Message: 未找到文案: ['registered', 'already', '已注册', 'Account', '登录', 'Log in']


2026-05-19 15:58:34,560 - INFO - 已保存test_200062_failed失败截图: screenshots/test_200062_failed_1779177514.png
2026-05-19 15:58:34,580 - INFO - ✅ 报告已生成: /Users/ambrose.chen/Desktop/iot/project/APP外壳/2测试报告/platform/android_20260519_155643/android_20260519_155643_report.xlsx
