2026-05-07 22:07:18,535 - INFO - 🔄 步骤0: 登出，确保从登出状态开始测试
2026-05-07 22:07:18,536 - INFO - 开始登出流程...
2026-05-07 22:07:18,801 - INFO - 检测到home sel元素
2026-05-07 22:07:30,141 - INFO - ✅ 点击mine按钮: //XCUIElementTypeButton[@name="mine"]
2026-05-07 22:07:32,345 - INFO - ✅ 点击CommonEdit编辑按钮: //XCUIElementTypeButton[@name="CommonEdit"]
2026-05-07 22:07:34,524 - INFO - ✅ 点击Log Out: //XCUIElementTypeButton[@name="Log Out"]
2026-05-07 22:07:36,723 - INFO - ✅ 点击Confirm: //XCUIElementTypeButton[@name="Confirm"]
2026-05-07 22:07:38,232 - INFO - 登出操作完成
2026-05-07 22:07:38,549 - INFO - ✅ 成功回到登录页面
2026-05-07 22:07:38,549 - INFO - ✅ 步骤0: 登出，确保从登出状态开始测试 - 完成
2026-05-07 22:07:40,559 - INFO - 🔄 步骤1: 验证在APP首页（登录页面）
2026-05-07 22:07:40,717 - INFO - ✅ 步骤1: 验证在APP首页（登录页面） - 完成，确认在APP首页（登录页面）
2026-05-07 22:07:42,724 - INFO - 🔄 步骤2: 点击Sign Up按钮进入注册页面
2026-05-07 22:07:43,693 - INFO - ✅ 步骤2: 点击Sign Up按钮进入注册页面 - 完成
2026-05-07 22:07:46,696 - INFO - 🔄 步骤3: 验证进入Sign Up页面
2026-05-07 22:07:46,929 - INFO - ✅ 步骤3: 验证进入Sign Up页面 - 完成，确认已进入Sign Up注册页面
2026-05-07 22:07:48,936 - INFO - 🔄 步骤4: 输入邮箱
2026-05-07 22:07:48,940 - INFO - 📧 生成简单邮箱地址: testuser117@163.com
2026-05-07 22:07:50,961 - INFO - ✅ 步骤4: 输入邮箱 - 完成，邮箱: testuser117@163.com
2026-05-07 22:07:52,967 - INFO - 🔄 步骤5: 勾选隐私政策和用户协议
2026-05-07 22:07:58,918 - INFO - ✅ 隐私政策复选框已勾选
2026-05-07 22:08:00,419 - INFO - 🔄 步骤5.1: 收起键盘（Done）
2026-05-07 22:08:01,708 - INFO - ✅ 已点击Done收起键盘
2026-05-07 22:08:02,715 - INFO - 🔄 步骤6: 点击Next进入set password页面
2026-05-07 22:08:03,418 - INFO - ✅ 步骤6: 点击Next进入set password页面 - 完成，已点击Next按钮
2026-05-07 22:08:06,422 - INFO - 🔄 步骤7: 验证进入set password页面
2026-05-07 22:08:06,721 - INFO - ✅ 成功进入set password页面
2026-05-07 22:08:08,229 - INFO - 🔄 步骤8: 输入密码并确认
2026-05-07 22:08:10,065 - INFO - ✅ 已输入密码: XINGmai12?
2026-05-07 22:08:12,016 - INFO - ✅ 已输入确认密码: XINGmai12?
2026-05-07 22:08:14,265 - INFO - ✅ 密码页已点击Done收起键盘
2026-05-07 22:08:15,275 - INFO - 🔄 步骤9: 点击Next进入用户名页面
2026-05-07 22:08:16,254 - INFO - ✅ 已点击密码页Next按钮
2026-05-07 22:08:19,265 - INFO - 🔄 步骤10: 用户名页面点击Skip并验证主页面
2026-05-07 22:08:32,066 - INFO - ✅ 找到Skip元素: //XCUIElementTypeButton[@name="Skip"]
2026-05-07 22:08:32,440 - INFO - ✅ 已点击Skip跳过用户名
2026-05-07 22:08:35,659 - INFO - ✅ 主页面标识元素存在: //XCUIElementTypeButton[@name="home sel"]
2026-05-07 22:08:36,664 - INFO - 🎉 测试用例102234执行成功！
2026-05-07 22:08:36,664 - INFO - ✅ 数字+大+小写+字符密码可正常跳转，成功到主页面
2026-05-07 22:08:38,699 - INFO - ✅ 报告已生成: /Users/ambrose.chen/Desktop/iot/project/APP外壳/2测试报告/platform/ios_20260507_220716/ios_20260507_220716_report.xlsx
