2026-05-12 10:42:10,005 - INFO - 🔄 步骤0: 登出，确保从登出状态开始测试
2026-05-12 10:42:10,005 - INFO - 开始登出流程...
2026-05-12 10:42:40,907 - INFO - 未检测到home sel/mine sel/mine，跳过登出流程
2026-05-12 10:42:40,908 - INFO - ✅ 步骤0: 登出，确保从登出状态开始测试 - 完成
2026-05-12 10:42:42,913 - INFO - 🔄 步骤1: 验证在APP首页（登录页面）
2026-05-12 10:42:43,069 - INFO - ✅ 步骤1: 验证在APP首页（登录页面） - 完成，确认在APP首页（登录页面）
2026-05-12 10:42:45,073 - INFO - 🔄 步骤2: 点击Sign Up按钮进入注册页面
2026-05-12 10:42:46,140 - INFO - ✅ 步骤2: 点击Sign Up按钮进入注册页面 - 完成
2026-05-12 10:42:49,141 - INFO - 🔄 步骤3: 验证进入Sign Up页面
2026-05-12 10:42:49,376 - INFO - ✅ 步骤3: 验证进入Sign Up页面 - 完成，确认已进入Sign Up注册页面
2026-05-12 10:42:51,380 - INFO - 🔄 步骤5: 勾选隐私政策和用户协议
2026-05-12 10:42:57,196 - INFO - ✅ 已勾选隐私政策复选框
2026-05-12 10:42:58,201 - INFO - ✅ 步骤5: 勾选隐私政策和用户协议 - 完成，隐私政策复选框已勾选
2026-05-12 10:43:00,202 - INFO - 🔄 步骤6: 输入邮箱名称80个字符
2026-05-12 10:43:00,202 - INFO - 📧 生成长邮箱地址（80个字符）: 0watFXDa531UUdhP4Kzj0qIj7fvpTiF2zv6YUxwsN1vBIT8JHP...
2026-05-12 10:43:00,202 - INFO - 📝 邮箱地址长度: 80 个字符
2026-05-12 10:43:03,117 - INFO - ✅ 步骤6: 输入邮箱名称80个字符 - 完成，已输入80个字符的邮箱
2026-05-12 10:43:05,120 - INFO - 🔄 步骤7: 点击Done按钮收起键盘
2026-05-12 10:43:06,374 - INFO - ✅ 步骤7: 点击Done按钮收起键盘 - 完成
2026-05-12 10:43:08,379 - INFO - 🔄 步骤8: 点击Next按钮
2026-05-12 10:43:18,996 - INFO - ✅ 点击前确认仍在Sign Up注册页面
2026-05-12 10:43:19,679 - INFO - ✅ 步骤8: 点击Next按钮 - 完成，已点击Next按钮
2026-05-12 10:43:21,684 - INFO - 🔄 步骤9: 验证点击后仍停留在当前页面，页面出现提示信息
2026-05-12 10:43:32,308 - INFO - ✅ 验证通过：点击Next按钮后仍停留在当前页面
2026-05-12 10:43:32,573 - INFO - 📝 提示信息内容: Please sign up using your email address
2026-05-12 10:43:32,573 - INFO - ✅ 步骤9: 验证点击后仍停留在当前页面，页面出现提示信息 - 完成
2026-05-12 10:43:32,573 - INFO - ✅ 验证通过：页面显示提示信息: Please sign up using your email address
2026-05-12 10:43:34,577 - INFO - 🎉 测试用例102193执行成功！
2026-05-12 10:43:34,577 - INFO - ✅ 验证注册时，邮箱名称过长：停留在当前页面并显示提示信息
2026-05-12 10:43:36,592 - INFO - ✅ 报告已生成: /Users/ambrose.chen/Desktop/iot/project/APP外壳/2测试报告/platform/ios_20260512_104208/ios_20260512_104208_report.xlsx
