2026-05-08 21:16:03,017 - INFO - 🔄 步骤0: 登出，确保从登出状态开始测试
2026-05-08 21:16:03,017 - INFO - 开始登出流程...
2026-05-08 21:16:33,909 - INFO - 未检测到home sel/mine sel/mine，跳过登出流程
2026-05-08 21:16:33,910 - INFO - ✅ 步骤0: 登出，确保从登出状态开始测试 - 完成
2026-05-08 21:16:35,920 - INFO - 🔄 步骤1: 验证在APP首页（登录页面）
2026-05-08 21:16:36,082 - INFO - ✅ 步骤1: 验证在APP首页（登录页面） - 完成，确认在APP首页（登录页面）
2026-05-08 21:16:38,087 - INFO - 🔄 步骤2: 点击Sign Up按钮进入注册页面
2026-05-08 21:16:39,050 - INFO - ✅ 步骤2: 点击Sign Up按钮进入注册页面 - 完成
2026-05-08 21:16:42,061 - INFO - 🔄 步骤3: 验证进入Sign Up页面
2026-05-08 21:16:42,283 - INFO - ✅ 步骤3: 验证进入Sign Up页面 - 完成，确认已进入Sign Up注册页面
2026-05-08 21:16:44,286 - INFO - 🔄 步骤4: 输入邮箱
2026-05-08 21:16:44,290 - INFO - 📧 生成简单邮箱地址: testuser169@163.com
2026-05-08 21:16:46,246 - INFO - ✅ 步骤4: 输入邮箱 - 完成，邮箱: testuser169@163.com
2026-05-08 21:16:48,253 - INFO - 🔄 步骤5: 勾选隐私政策和用户协议
2026-05-08 21:16:54,368 - INFO - ✅ 隐私政策复选框已勾选
2026-05-08 21:16:55,877 - INFO - 🔄 步骤5.1: 收起键盘（Done）
2026-05-08 21:16:57,145 - INFO - ✅ 已点击Done收起键盘
2026-05-08 21:16:58,150 - INFO - 🔄 步骤6: 点击Next进入set password页面
2026-05-08 21:16:58,936 - INFO - ✅ 步骤6: 点击Next进入set password页面 - 完成，已点击Next按钮
2026-05-08 21:17:01,944 - INFO - 🔄 步骤7: 验证进入set password页面
2026-05-08 21:17:02,228 - INFO - ✅ 成功进入set password页面
2026-05-08 21:17:03,730 - INFO - 🔄 步骤8: 输入纯大写密码并验证规则颜色
2026-05-08 21:17:05,421 - INFO - ✅ 已输入密码: XINGMAI
2026-05-08 21:17:07,381 - INFO - ✅ 已输入确认密码: XINGMAI
2026-05-08 21:17:08,780 - INFO - 📝 规则提示: • 6-20 characters 颜色: None
2026-05-08 21:17:09,159 - INFO - 📝 规则提示: • contains letters 颜色: None
2026-05-08 21:17:09,548 - INFO - 📝 规则提示: • contains numbers 颜色: None
2026-05-08 21:17:09,942 - INFO - 📝 规则提示: • Supports special characters:! @ # $ % ^ & * ( ) - _ = + \ | [ ] { } ; : / ? . , ~ > < ` 颜色: None
2026-05-08 21:17:11,131 - INFO - ✅ 密码页已点击Done收起键盘
2026-05-08 21:17:12,133 - INFO - 🔄 步骤9: 点击Next验证仍停留在set password页面
2026-05-08 21:17:12,712 - INFO - ✅ 已尝试点击密码页Next按钮（应无跳转）
2026-05-08 21:17:15,129 - INFO - ✅ 点击后仍停留在set password页面，Next按钮不可使页面跳转
2026-05-08 21:17:16,136 - INFO - 🎉 测试用例102230执行成功！
2026-05-08 21:17:16,136 - INFO - ✅ 纯大写密码规则提示符合预期，Next不可跳转
2026-05-08 21:17:18,169 - INFO - ✅ 报告已生成: /Users/ambrose.chen/Desktop/iot/project/APP外壳/2测试报告/platform/ios_20260508_211601/ios_20260508_211601_report.xlsx
