2026-05-09 18:44:11,013 - INFO - 🔄 步骤0: 登出，确保从登出状态开始测试
2026-05-09 18:44:11,014 - INFO - 开始登出流程...
2026-05-09 18:44:41,945 - INFO - 未检测到home sel/mine sel/mine，跳过登出流程
2026-05-09 18:44:41,947 - INFO - ✅ 步骤0: 登出，确保从登出状态开始测试 - 完成
2026-05-09 18:44:43,956 - INFO - 🔄 步骤1: 验证在APP首页（登录页面）
2026-05-09 18:44:44,118 - INFO - ✅ 步骤1: 验证在APP首页（登录页面） - 完成，确认在APP首页（登录页面）
2026-05-09 18:44:46,123 - INFO - 🔄 步骤2: 点击Sign Up按钮
2026-05-09 18:44:47,087 - INFO - ✅ 步骤2: 点击Sign Up按钮 - 完成
2026-05-09 18:44:50,090 - INFO - 🔄 步骤3: 确认进入了Sign Up页面
2026-05-09 18:44:50,561 - INFO - ✅ 步骤3: 确认进入了Sign Up页面 - 完成
2026-05-09 18:44:50,562 - INFO - ✅ 确认已成功进入Sign Up注册页面
2026-05-09 18:44:50,562 - INFO - 📝 找到Sign Up文本元素: Sign Up
2026-05-09 18:44:52,563 - INFO - 🔄 步骤4: 点击左上角返回按钮
2026-05-09 18:44:53,620 - INFO - ✅ 步骤4: 点击左上角返回按钮 - 完成，已点击返回按钮
2026-05-09 18:44:56,620 - INFO - 🔄 步骤5: 验证回到APP首页面
2026-05-09 18:44:56,993 - INFO - ✅ 步骤5: 验证回到APP首页面 - 完成
2026-05-09 18:44:56,993 - INFO - ✅ 确认已成功返回APP首页（登录页面）
2026-05-09 18:44:56,994 - INFO - 📝 找到Sign Up按钮: Sign Up
2026-05-09 18:44:59,000 - INFO - 🎉 测试用例102182执行成功！
2026-05-09 18:44:59,001 - INFO - ✅ 点击返回按钮后能够正常返回到APP首页
2026-05-09 18:45:01,027 - INFO - ✅ 报告已生成: /Users/ambrose.chen/Desktop/iot/project/APP外壳/2测试报告/platform/ios_20260509_184409/ios_20260509_184409_report.xlsx
