2026-05-12 11:49:47,192 - INFO - 🔄 步骤0: 登出，确保从登出状态开始测试
2026-05-12 11:49:47,193 - INFO - 开始登出流程...
2026-05-12 11:50:18,117 - INFO - 未检测到home sel/mine sel/mine，跳过登出流程
2026-05-12 11:50:18,118 - INFO - ✅ 步骤0: 登出，确保从登出状态开始测试 - 完成
2026-05-12 11:50:20,123 - INFO - 🔄 步骤1: 验证在APP首页（登录页面）
2026-05-12 11:50:20,285 - INFO - ✅ 步骤1: 验证在APP首页（登录页面） - 完成，确认在APP首页（登录页面）
2026-05-12 11:50:22,287 - INFO - 🔄 步骤2: 点击Sign Up按钮进入注册页面
2026-05-12 11:50:23,261 - INFO - ✅ 步骤2: 点击Sign Up按钮进入注册页面 - 完成
2026-05-12 11:50:26,266 - INFO - 🔄 步骤3: 验证进入Sign Up页面
2026-05-12 11:50:26,508 - INFO - ✅ 步骤3: 验证进入Sign Up页面 - 完成，确认已进入Sign Up注册页面
2026-05-12 11:50:28,512 - INFO - 🔄 步骤4: 输入邮箱
2026-05-12 11:50:28,516 - INFO - 📧 生成简单邮箱地址: testuser290@163.com
2026-05-12 11:50:30,539 - INFO - ✅ 步骤4: 输入邮箱 - 完成，邮箱: testuser290@163.com
2026-05-12 11:50:32,543 - INFO - 🔄 步骤5: 勾选隐私政策和用户协议
2026-05-12 11:50:38,670 - INFO - ✅ 隐私政策复选框已勾选
2026-05-12 11:50:40,176 - INFO - 🔄 步骤5.1: 收起键盘（Done）
2026-05-12 11:50:41,428 - INFO - ✅ 已点击Done收起键盘
2026-05-12 11:50:42,432 - INFO - 🔄 步骤6: 点击Next进入set password页面
2026-05-12 11:50:43,138 - INFO - ✅ 步骤6: 点击Next进入set password页面 - 完成，已点击Next按钮
2026-05-12 11:50:46,141 - INFO - 🔄 步骤7: 验证进入set password页面
2026-05-12 11:50:46,443 - INFO - ✅ 成功进入set password页面
2026-05-12 11:50:47,948 - INFO - 🔄 步骤8: 输入密码并确认
2026-05-12 11:50:49,789 - INFO - ✅ 已输入密码: Csx150128
2026-05-12 11:50:51,758 - INFO - ✅ 已输入确认密码: Csx150128
2026-05-12 11:50:53,957 - INFO - ✅ 密码页已点击Done收起键盘
2026-05-12 11:50:54,960 - INFO - 🔄 步骤9: 点击Next进入Personal Information页面
2026-05-12 11:50:55,961 - INFO - ✅ 已点击密码页Next按钮
2026-05-12 11:50:58,965 - INFO - 🔄 步骤10: 验证Personal Information页面元素
2026-05-12 11:51:04,726 - INFO - ✅ 找到Skip元素: //XCUIElementTypeButton[@name="Skip"]
2026-05-12 11:51:04,909 - INFO - ✅ 找到Submit按钮
2026-05-12 11:51:04,909 - INFO - ✅ Personal Information页面元素验证通过
2026-05-12 11:51:05,914 - INFO - 🎉 测试用例102226执行成功！
2026-05-12 11:51:05,914 - INFO - ✅ Personal Information页面显示正确，包含Skip和Submit元素
2026-05-12 11:51:07,948 - INFO - ✅ 报告已生成: /Users/ambrose.chen/Desktop/iot/project/APP外壳/2测试报告/platform/ios_20260512_114945/ios_20260512_114945_report.xlsx
