2026-05-11 11:01:50,905 - INFO - 🔄 步骤1: 重启APP并处理登录状态
2026-05-11 11:02:12,171 - INFO - ✅ 步骤1: 重启APP并处理登录状态 - 完成
2026-05-11 11:02:12,172 - INFO - 🔄 步骤2: 点击Sign In进入登录页
2026-05-11 11:02:15,096 - INFO - ✅ 步骤2: 点击Sign In进入登录页 - 完成
2026-05-11 11:02:15,097 - INFO - 🔄 步骤3: 点击Forgot password进入忘记密码页
2026-05-11 11:02:18,144 - INFO - ✅ 步骤3: 点击Forgot password进入忘记密码页 - 完成
2026-05-11 11:02:18,144 - INFO - 🔄 步骤4: 输入邮箱并点击Next进入验证码页
2026-05-11 11:02:28,639 - INFO - ✅ 步骤4: 输入邮箱并点击Next进入验证码页 - 完成，邮箱: haoc51888@gmail.com
2026-05-11 11:02:28,640 - INFO - 🔄 步骤5: Gmail获取最新验证码code
2026-05-11 11:04:13,462 - INFO - ✅ 步骤5: Gmail获取最新验证码code - 完成，code: 746676
2026-05-11 11:04:13,462 - INFO - 🔄 步骤6: 输入验证码进入Set Password页
2026-05-11 11:04:22,801 - INFO - ✅ 步骤6: 输入验证码进入Set Password页 - 完成
2026-05-11 11:04:22,802 - INFO - 🔄 步骤7: 两次输入同一密码以显示清除按钮
2026-05-11 11:04:28,334 - INFO - ✅ 步骤7: 两次输入同一密码以显示清除按钮 - 完成
2026-05-11 11:04:28,334 - INFO - 🔄 步骤8: 点击 login delete 清除
2026-05-11 11:04:30,328 - INFO - ✅ 步骤8: 点击 login delete 清除 - 完成
2026-05-11 11:04:30,328 - INFO - 🔄 步骤9: 断言密码框已清空
2026-05-11 11:04:30,728 - INFO - 📝 清除后密码框内容: 'Password'
2026-05-11 11:04:30,728 - INFO - ✅ 步骤9: 断言密码框已清空 - 完成
2026-05-11 11:04:30,728 - INFO - 🎉 测试用例102161执行成功！
2026-05-11 11:04:30,767 - INFO - ✅ 报告已生成: /Users/ambrose.chen/Desktop/iot/project/APP外壳/2测试报告/platform/ios_20260511_110149/ios_20260511_110149_report.xlsx
