2026-05-11 21:20:22,722 - INFO - 🔄 步骤0: 登出，确保从登出状态开始测试
2026-05-11 21:20:22,722 - INFO - 开始登出流程...
2026-05-11 21:20:53,622 - INFO - 未检测到home sel/mine sel/mine，跳过登出流程
2026-05-11 21:20:53,623 - INFO - ✅ 步骤0: 登出，确保从登出状态开始测试 - 完成
2026-05-11 21:20:55,628 - INFO - 🔄 步骤1: 验证在APP首页（登录页面）
2026-05-11 21:20:55,789 - INFO - ✅ 步骤1: 验证在APP首页（登录页面） - 完成，确认在APP首页（登录页面）
2026-05-11 21:20:57,797 - INFO - 🔄 步骤2: 点击Sign Up按钮进入注册页面
2026-05-11 21:20:58,763 - INFO - ✅ 步骤2: 点击Sign Up按钮进入注册页面 - 完成
2026-05-11 21:21:01,768 - INFO - 🔄 步骤3: 验证进入Sign Up页面
2026-05-11 21:21:02,017 - INFO - ✅ 步骤3: 验证进入Sign Up页面 - 完成，确认已进入Sign Up注册页面
2026-05-11 21:21:04,026 - INFO - 🔄 步骤4: 输入邮箱
2026-05-11 21:21:04,031 - INFO - 📧 生成简单邮箱地址: testuser251@163.com
2026-05-11 21:21:06,017 - INFO - ✅ 步骤4: 输入邮箱 - 完成，邮箱: testuser251@163.com
2026-05-11 21:21:08,027 - INFO - 🔄 步骤5: 勾选隐私政策和用户协议
2026-05-11 21:21:14,139 - INFO - ✅ 隐私政策复选框已勾选
2026-05-11 21:21:15,641 - INFO - 🔄 步骤5.1: 收起键盘（Done）
2026-05-11 21:21:16,912 - INFO - ✅ 已点击Done收起键盘
2026-05-11 21:21:17,917 - INFO - 🔄 步骤6: 点击Next进入set password页面
2026-05-11 21:21:18,635 - INFO - ✅ 步骤6: 点击Next进入set password页面 - 完成，已点击Next按钮
2026-05-11 21:21:21,641 - INFO - 🔄 步骤7: 验证进入set password页面
2026-05-11 21:21:21,923 - INFO - ✅ 成功进入set password页面
2026-05-11 21:21:23,429 - INFO - 🔄 步骤8: 输入密码并验证默认密文
2026-05-11 21:21:25,059 - INFO - ✅ 已输入密码: Csx150128
2026-05-11 21:21:26,243 - INFO - 📝 默认状态 value: '•••••••••', type: 'XCUIElementTypeSecureTextField'
2026-05-11 21:21:26,244 - INFO - ✅ 默认为密文显示
2026-05-11 21:21:27,252 - INFO - 🔄 步骤9: 点击眼睛切换明文
2026-05-11 21:21:29,528 - INFO - 📝 明文状态 value: 'Csx150128', type: 'XCUIElementTypeTextField'
2026-05-11 21:21:29,528 - INFO - ✅ 点击一次眼睛后显示明文
2026-05-11 21:21:30,530 - INFO - 🔄 步骤10: 再次点击眼睛切回密文
2026-05-11 21:21:32,805 - INFO - 📝 再次密文状态 value: '•••••••••', type: 'XCUIElementTypeSecureTextField'
2026-05-11 21:21:32,806 - INFO - ✅ 再点击一次眼睛后恢复密文显示
2026-05-11 21:21:33,814 - INFO - 🎉 测试用例102240执行成功！
2026-05-11 21:21:33,815 - INFO - ✅ 密码默认密文，点击眼睛切换明文，再点击恢复密文
2026-05-11 21:21:35,850 - INFO - ✅ 报告已生成: /Users/ambrose.chen/Desktop/iot/project/APP外壳/2测试报告/platform/ios_20260511_212020/ios_20260511_212020_report.xlsx
