2026-05-12 13:14:06,083 - INFO - 🔄 步骤1: 重启APP并处理登录状态
2026-05-12 13:14:27,249 - INFO - ✅ 步骤1: 重启APP并处理登录状态 - 完成
2026-05-12 13:14:27,250 - INFO - 🔄 步骤2: 点击Sign In进入登录页
2026-05-12 13:14:30,172 - INFO - ✅ 步骤2: 点击Sign In进入登录页 - 完成
2026-05-12 13:14:30,173 - INFO - 🔄 步骤3: 点击Forgot password进入忘记密码页
2026-05-12 13:14:33,215 - INFO - ✅ 步骤3: 点击Forgot password进入忘记密码页 - 完成
2026-05-12 13:14:33,215 - INFO - 🔄 步骤4: 输入邮箱并点击Next进入验证码页
2026-05-12 13:14:43,565 - INFO - ✅ 步骤4: 输入邮箱并点击Next进入验证码页 - 完成，邮箱: haoc51888@gmail.com
2026-05-12 13:14:43,566 - INFO - 🔄 步骤5: Gmail获取最新验证码code
2026-05-12 13:16:33,000 - INFO - ✅ 步骤5: Gmail获取最新验证码code - 完成，code: 610711
2026-05-12 13:16:33,002 - INFO - 🔄 步骤6: 输入验证码进入Set Password页
2026-05-12 13:16:42,317 - INFO - ✅ 步骤6: 输入验证码进入Set Password页 - 完成
2026-05-12 13:16:42,317 - INFO - 🔄 步骤7: 两次输入同一密码以显示清除按钮
2026-05-12 13:16:47,707 - INFO - ✅ 步骤7: 两次输入同一密码以显示清除按钮 - 完成
2026-05-12 13:16:47,708 - INFO - 🔄 步骤8: 点击 login delete 清除
2026-05-12 13:16:49,700 - INFO - ✅ 步骤8: 点击 login delete 清除 - 完成
2026-05-12 13:16:49,701 - INFO - 🔄 步骤9: 断言密码框已清空
2026-05-12 13:16:50,109 - INFO - 📝 清除后密码框内容: 'Password'
2026-05-12 13:16:50,109 - INFO - ✅ 步骤9: 断言密码框已清空 - 完成
2026-05-12 13:16:50,109 - INFO - 🎉 测试用例102161执行成功！
2026-05-12 13:16:50,132 - INFO - ✅ 报告已生成: /Users/ambrose.chen/Desktop/iot/project/APP外壳/2测试报告/platform/ios_20260512_131404/ios_20260512_131404_report.xlsx
