2026-05-09 19:32:01,268 - INFO - 🔄 步骤0: 登出，确保从登出状态开始测试
2026-05-09 19:32:01,268 - INFO - 开始登出流程...
2026-05-09 19:32:32,182 - INFO - 未检测到home sel/mine sel/mine，跳过登出流程
2026-05-09 19:32:32,183 - INFO - ✅ 步骤0: 登出，确保从登出状态开始测试 - 完成
2026-05-09 19:32:34,192 - INFO - 🔄 步骤1: 验证在APP首页（登录页面）
2026-05-09 19:32:34,355 - INFO - ✅ 步骤1: 验证在APP首页（登录页面） - 完成，确认在APP首页（登录页面）
2026-05-09 19:32:36,364 - INFO - 🔄 步骤2: 点击Sign Up按钮进入注册页面
2026-05-09 19:32:37,319 - INFO - ✅ 步骤2: 点击Sign Up按钮进入注册页面 - 完成
2026-05-09 19:32:40,320 - INFO - 🔄 步骤3: 验证进入Sign Up页面
2026-05-09 19:32:40,546 - INFO - ✅ 步骤3: 验证进入Sign Up页面 - 完成，确认已进入Sign Up注册页面
2026-05-09 19:32:42,552 - INFO - 🔄 步骤4: 邮箱输入只有特殊字符的错误邮箱
2026-05-09 19:32:44,428 - INFO - ✅ 步骤4: 邮箱输入只有特殊字符的错误邮箱 - 完成，输入错误邮箱: !@#$.(@gmail.com
2026-05-09 19:32:46,437 - INFO - 🔄 步骤5: 勾选隐私政策和用户协议
2026-05-09 19:32:52,540 - INFO - ✅ 隐私政策复选框已勾选
2026-05-09 19:32:54,048 - INFO - 🔄 步骤5.1: 收起键盘（Done）
2026-05-09 19:32:55,312 - INFO - ✅ 已点击Done收起键盘
2026-05-09 19:32:56,320 - INFO - 🔄 步骤6: 点击Next按钮
2026-05-09 19:32:56,971 - INFO - ✅ 步骤6: 点击Next按钮 - 完成，已点击Next按钮
2026-05-09 19:32:58,981 - INFO - 🔄 步骤7: 验证停留当前页面并出现提示
2026-05-09 19:33:09,910 - INFO - ✅ 找到提示信息元素，选择器: //XCUIElementTypeStaticText[@name="Please sign up using your email address"]
2026-05-09 19:33:09,910 - INFO - ✅ 步骤7: 验证停留当前页面并出现提示 - 完成，提示信息: Please sign up using your email address
2026-05-09 19:33:11,918 - INFO - 🎉 测试用例102212执行成功！
2026-05-09 19:33:11,918 - INFO - ✅ 验证错误邮箱（特殊字符）勾选隐私后点击Next，停留当前页并提示“Please sign up using your email address”
2026-05-09 19:33:13,958 - INFO - ✅ 报告已生成: /Users/ambrose.chen/Desktop/iot/project/APP外壳/2测试报告/platform/ios_20260509_193159/ios_20260509_193159_report.xlsx
