2026-05-08 21:28:07,935 - INFO - 🔄 步骤0: 登出，确保从登出状态开始测试
2026-05-08 21:28:07,936 - INFO - 开始登出流程...
2026-05-08 21:28:38,835 - INFO - 未检测到home sel/mine sel/mine，跳过登出流程
2026-05-08 21:28:38,836 - INFO - ✅ 步骤0: 登出，确保从登出状态开始测试 - 完成
2026-05-08 21:28:40,837 - INFO - 🔄 步骤1: 验证在APP首页（登录页面）
2026-05-08 21:28:40,996 - INFO - ✅ 步骤1: 验证在APP首页（登录页面） - 完成，确认在APP首页（登录页面）
2026-05-08 21:28:43,005 - INFO - 🔄 步骤2: 点击Sign Up按钮进入注册页面
2026-05-08 21:28:43,978 - INFO - ✅ 步骤2: 点击Sign Up按钮进入注册页面 - 完成
2026-05-08 21:28:46,987 - INFO - 🔄 步骤3: 验证进入Sign Up页面
2026-05-08 21:28:47,212 - INFO - ✅ 步骤3: 验证进入Sign Up页面 - 完成，确认已进入Sign Up注册页面
2026-05-08 21:28:49,218 - INFO - 🔄 步骤4: 输入邮箱
2026-05-08 21:28:49,222 - INFO - 📧 生成简单邮箱地址: testuser178@163.com
2026-05-08 21:28:51,107 - INFO - ✅ 步骤4: 输入邮箱 - 完成，邮箱: testuser178@163.com
2026-05-08 21:28:53,110 - INFO - 🔄 步骤5: 勾选隐私政策和用户协议
2026-05-08 21:28:59,221 - INFO - ✅ 隐私政策复选框已勾选
2026-05-08 21:29:00,725 - INFO - 🔄 步骤5.1: 收起键盘（Done）
2026-05-08 21:29:01,990 - INFO - ✅ 已点击Done收起键盘
2026-05-08 21:29:02,998 - INFO - 🔄 步骤6: 点击Next进入set password页面
2026-05-08 21:29:03,694 - INFO - ✅ 步骤6: 点击Next进入set password页面 - 完成，已点击Next按钮
2026-05-08 21:29:06,703 - INFO - 🔄 步骤7: 验证进入set password页面
2026-05-08 21:29:06,981 - INFO - ✅ 成功进入set password页面
2026-05-08 21:29:08,490 - INFO - 🔄 步骤8: 输入密码并确认
2026-05-08 21:29:10,296 - INFO - ✅ 已输入密码: Csx150128
2026-05-08 21:29:12,278 - INFO - ✅ 已输入确认密码: Csx150128
2026-05-08 21:29:13,285 - INFO - 🔄 步骤9: 点击清除按钮“×”
2026-05-08 21:29:14,240 - INFO - ✅ 已点击清除按钮“×”
2026-05-08 21:29:15,747 - INFO - 🔄 步骤10: 验证密码被清空
2026-05-08 21:29:15,983 - INFO - 📝 清除后密码框内容: 'Password'
2026-05-08 21:29:15,983 - INFO - ✅ 密码框已清空
2026-05-08 21:29:16,989 - INFO - 🎉 测试用例102239执行成功！
2026-05-08 21:29:16,990 - INFO - ✅ 验证输入的密码可以一键“×”清空
2026-05-08 21:29:19,024 - INFO - ✅ 报告已生成: /Users/ambrose.chen/Desktop/iot/project/APP外壳/2测试报告/platform/ios_20260508_212806/ios_20260508_212806_report.xlsx
