2026-05-09 11:49:47,124 - INFO - 🔄 步骤1: 重启APP并处理登录状态
2026-05-09 11:50:08,310 - INFO - ✅ 步骤1: 重启APP并处理登录状态 - 完成
2026-05-09 11:50:08,312 - INFO - 🔄 步骤2: 点击Sign In进入登录页
2026-05-09 11:50:11,241 - INFO - ✅ 步骤2: 点击Sign In进入登录页 - 完成
2026-05-09 11:50:11,241 - INFO - 🔄 步骤3: 点击Forgot password进入忘记密码页
2026-05-09 11:50:14,269 - INFO - ✅ 步骤3: 点击Forgot password进入忘记密码页 - 完成
2026-05-09 11:50:14,270 - INFO - 🔄 步骤4: 输入邮箱并点击Next进入验证码页
2026-05-09 11:50:24,793 - INFO - ✅ 步骤4: 输入邮箱并点击Next进入验证码页 - 完成，邮箱: haoc51888@gmail.com
2026-05-09 11:50:24,795 - INFO - 🔄 步骤5: Gmail获取最新验证码code
2026-05-09 11:57:12,509 - INFO - ✅ 步骤5: Gmail获取最新验证码code - 完成，code: 311123
2026-05-09 11:57:12,511 - INFO - 🔄 步骤6: 输入验证码进入Set Password页
2026-05-09 11:58:57,749 - INFO - 
============================================================
2026-05-09 11:58:57,750 - INFO - ❌ 测试失败
2026-05-09 11:58:57,750 - INFO - 📍 失败步骤: 步骤6: 输入验证码进入Set Password页
2026-05-09 11:58:57,750 - INFO - 📝 失败原因: 步骤6: 输入验证码进入Set Password页失败
2026-05-09 11:58:57,751 - INFO - ============================================================
2026-05-09 11:58:57,755 - INFO - Traceback (most recent call last):

2026-05-09 11:58:57,756 - INFO -   File "/Users/ambrose.chen/Desktop/iot/project/APP外壳/3功能/1平台/IOS/3忘记密码/102148验证密码等于6个字符时，“完成”按钮可点击.py", line 510, in test_102148
    _assert_on_set_password_page(

2026-05-09 11:58:57,756 - INFO -   File "/Users/ambrose.chen/Desktop/iot/project/APP外壳/3功能/1平台/IOS/3忘记密码/102148验证密码等于6个字符时，“完成”按钮可点击.py", line 291, in _assert_on_set_password_page
    WebDriverWait(driver, timeout_s).until(lambda d: _ok(d))

2026-05-09 11:58:57,757 - INFO -   File "/Library/Frameworks/Python.framework/Versions/3.11/lib/python3.11/site-packages/selenium/webdriver/support/wait.py", line 138, in until
    raise TimeoutException(message, screen, stacktrace)

2026-05-09 11:58:57,757 - INFO - selenium.common.exceptions.TimeoutException: Message: 


2026-05-09 11:58:58,045 - INFO - 已保存test_102148_failed失败截图: screenshots/test_102148_failed_1778299137.png
2026-05-09 11:58:58,072 - INFO - ✅ 报告已生成: /Users/ambrose.chen/Desktop/iot/project/APP外壳/2测试报告/platform/ios_20260509_114944/ios_20260509_114944_report.xlsx
