2026-05-11 20:18:10,861 - INFO - 🔄 步骤0: 登出，确保从登出状态开始测试
2026-05-11 20:18:10,862 - INFO - 开始登出流程...
2026-05-11 20:18:41,766 - INFO - 未检测到home sel/mine sel/mine，跳过登出流程
2026-05-11 20:18:41,768 - INFO - ✅ 步骤0: 登出，确保从登出状态开始测试 - 完成
2026-05-11 20:18:43,774 - INFO - 🔄 步骤1: 验证在APP首页（登录页面）
2026-05-11 20:18:43,935 - INFO - ✅ 步骤1: 验证在APP首页（登录页面） - 完成，确认在APP首页（登录页面）
2026-05-11 20:18:45,936 - INFO - 🔄 步骤2: 点击Sign Up按钮进入注册页面
2026-05-11 20:18:46,903 - INFO - ✅ 步骤2: 点击Sign Up按钮进入注册页面 - 完成
2026-05-11 20:18:49,909 - INFO - 🔄 步骤3: 验证进入Sign Up页面
2026-05-11 20:18:50,139 - INFO - ✅ 步骤3: 验证进入Sign Up页面 - 完成，确认已进入Sign Up注册页面
2026-05-11 20:18:52,141 - INFO - 🔄 步骤4: 国家切为China，查看账号行的显示
2026-05-11 20:18:53,193 - INFO - ✅ 已点击国家栏下拉按钮
2026-05-11 20:20:05,664 - INFO - ✅ 已输入搜索关键词: China
2026-05-11 20:20:09,027 - INFO - ✅ 已选择国家: China，命中的元素: China
2026-05-11 20:20:23,106 - INFO - 📝 China国家下，账号行显示: Email
2026-05-11 20:20:23,106 - INFO - ✅ 步骤4: 国家切为China，查看账号行的显示 - 完成，China国家下账号行显示: Email
2026-05-11 20:20:25,112 - INFO - 🔄 步骤5: 国家切为美国，查看账号行的显示
2026-05-11 20:20:26,415 - INFO - ✅ 已点击国家栏下拉按钮
2026-05-11 20:21:39,189 - INFO - ✅ 已输入搜索关键词: United States of America
2026-05-11 20:21:47,664 - INFO - ✅ 已选择国家: United States of America，命中的元素: United States of America
2026-05-11 20:22:01,748 - INFO - 📝 美国国家下，账号行显示: Email
2026-05-11 20:22:01,749 - INFO - ✅ 步骤5: 国家切为美国，查看账号行的显示 - 完成，美国国家下账号行显示: Email
2026-05-11 20:22:03,756 - INFO - 🔄 步骤6: 验证两个国家下都显示Email
2026-05-11 20:22:14,815 - INFO - ✅ 步骤6: 验证两个国家下都显示Email - 完成
2026-05-11 20:22:14,815 - INFO - ✅ 验证通过：China和美国两个国家下，账号行都显示'Email'
2026-05-11 20:22:16,816 - INFO - 🎉 测试用例102194执行成功！
2026-05-11 20:22:16,817 - INFO - ✅ 验证注册地为任何国家时，提示文案均为"邮箱"：China和美国都显示Email
2026-05-11 20:22:18,859 - INFO - ✅ 报告已生成: /Users/ambrose.chen/Desktop/iot/project/APP外壳/2测试报告/platform/ios_20260511_201809/ios_20260511_201809_report.xlsx
