2026-05-19 16:10:27,403 - INFO - 🔄 步骤1: 重启APP
2026-05-19 16:10:32,334 - INFO - ✅ 步骤1: 重启APP - 完成
2026-05-19 16:10:32,334 - INFO - 🔄 步骤2: 检测登录状态并确保在登录/注册入口页
2026-05-19 16:10:32,489 - INFO -     [登出] 开始登出流程...
2026-05-19 16:10:32,489 - INFO -     [登出] 步骤1: 检查页面是否有 More 按钮
2026-05-19 16:10:32,534 - INFO -     [登出] ✅ 检测到 More 按钮: //android.view.View[@content-desc="More"]
2026-05-19 16:10:32,534 - INFO -     [登出] 步骤2: 点击 More 按钮，进入 more 页面
2026-05-19 16:10:32,579 - INFO -     [登出] ✅ 已点击 More 按钮 (使用: //android.view.View[@content-desc="More"])
2026-05-19 16:10:34,580 - INFO -     [登出] 步骤3: 点击 edit 按钮
2026-05-19 16:10:34,728 - INFO -     [登出] ✅ 已点击 edit 按钮
2026-05-19 16:10:36,732 - INFO -     [登出] 步骤4: 点击 Log Out 按钮
2026-05-19 16:10:36,877 - INFO -     [登出] ✅ 已点击 Log Out 按钮
2026-05-19 16:10:38,382 - INFO -     [登出] 步骤5: 点击 Confirm 按钮，确认登出
2026-05-19 16:10:40,173 - INFO -     [登出] ✅ 已点击 Confirm 按钮
2026-05-19 16:10:48,219 - INFO -     [登出] ⚠️ 登出完成，但无法确认是否已返回登录页面
2026-05-19 16:10:48,219 - INFO -     [登出] ✅ 登出流程完成
2026-05-19 16:10:50,276 - INFO - ✅ 步骤2: 检测登录状态并确保在登录/注册入口页 - 完成
2026-05-19 16:10:50,277 - INFO - 🔄 步骤3: 点击 Sign Up 进入注册页
2026-05-19 16:10:52,536 - INFO - ✅ 步骤3: 点击 Sign Up 进入注册页 - 完成
2026-05-19 16:10:52,540 - INFO - 📧 生成简单邮箱地址: testuser317@163.com
2026-05-19 16:10:52,540 - INFO - 🔄 步骤4: 输入符合规则的密码并 Next
2026-05-19 16:11:42,271 - INFO - ✅ 步骤4: 输入符合规则的密码并 Next - 完成
2026-05-19 16:11:42,272 - INFO - 🎉 测试用例 200074 执行成功！
2026-05-19 16:11:42,300 - INFO - ✅ 报告已生成: /Users/ambrose.chen/Desktop/iot/project/APP外壳/2测试报告/platform/android_20260519_161024/android_20260519_161024_report.xlsx
