2026-05-08 20:05:09,467 - INFO - 🔄 步骤0: 登出，确保从登出状态开始测试
2026-05-08 20:05:09,467 - INFO - 开始登出流程...
2026-05-08 20:05:40,371 - INFO - 未检测到home sel/mine sel/mine，跳过登出流程
2026-05-08 20:05:40,372 - INFO - ✅ 步骤0: 登出，确保从登出状态开始测试 - 完成
2026-05-08 20:05:42,374 - INFO - 🔄 步骤1: 获取设备地区设置
2026-05-08 20:05:42,375 - INFO - ℹ️ 使用默认设备地区: China
2026-05-08 20:05:42,375 - INFO - ℹ️ 提示：实际设备地区将通过注册页面显示的国家来验证和比较
2026-05-08 20:05:42,375 - INFO - ✅ 步骤1: 获取设备地区设置 - 完成
2026-05-08 20:05:42,375 - INFO - 📱 设备当前地区: China
2026-05-08 20:05:43,384 - INFO - 🔄 步骤2: 验证在APP首页（登录页面）
2026-05-08 20:05:43,538 - INFO - ✅ 步骤2: 验证在APP首页（登录页面） - 完成，确认在APP首页（登录页面）
2026-05-08 20:05:45,541 - INFO - 🔄 步骤3: 点击Sign Up按钮进入注册页面
2026-05-08 20:05:46,494 - INFO - ✅ 步骤3: 点击Sign Up按钮进入注册页面 - 完成
2026-05-08 20:05:49,496 - INFO - 🔄 步骤4: 验证进入Sign Up页面
2026-05-08 20:05:49,721 - INFO - ✅ 步骤4: 验证进入Sign Up页面 - 完成，确认已进入Sign Up注册页面
2026-05-08 20:05:51,727 - INFO - 🔄 步骤5: 查找并验证国家选择元素
2026-05-08 20:05:51,728 - INFO - 🔍 尝试滚动页面查找国家选择元素...
2026-05-08 20:05:52,058 - INFO - ✅ 找到国家元素，使用选择器: //XCUIElementTypeStaticText[@name="China"]
2026-05-08 20:05:52,058 - INFO - 📝 显示的国家名称: China
2026-05-08 20:05:52,058 - INFO - ✅ 步骤5: 查找并验证国家选择元素 - 完成
2026-05-08 20:05:52,059 - INFO - 📝 注册页面显示的国家: China
2026-05-08 20:05:53,067 - INFO - 🔄 步骤6: 验证国家选择与设备地区一致
2026-05-08 20:05:53,068 - INFO - 📝 设备地区（标准化后）: China
2026-05-08 20:05:53,068 - INFO - 📝 注册页面显示国家（标准化后）: China
2026-05-08 20:05:53,068 - INFO - ✅ 步骤6: 验证国家选择与设备地区一致 - 完成
2026-05-08 20:05:53,068 - INFO - ✅ 国家选择与设备地区一致: China
2026-05-08 20:05:54,073 - INFO - 🔄 步骤7: 测试国家选择器功能 - 搜索和切换国家
2026-05-08 20:05:54,073 - INFO - 🔍 尝试点击国家选择元素，打开国家选择列表...
2026-05-08 20:06:19,564 - INFO - 🔍 尝试点击国家显示元素或其父元素...
2026-05-08 20:06:22,408 - INFO - ✅ 已打开国家选择列表
2026-05-08 20:06:22,409 - INFO - 🔍 测试搜索France...
2026-05-08 20:06:48,955 - INFO - ✅ 找到France选项: France
2026-05-08 20:06:53,203 - INFO - ✅ 注册页面显示的国家已更新为France
2026-05-08 20:06:53,203 - INFO - 🔍 再次打开国家选择列表，测试搜索China...
2026-05-08 20:07:22,620 - INFO - ✅ 找到China选项: China
2026-05-08 20:07:26,869 - INFO - ✅ 注册页面显示的国家已更新为China
2026-05-08 20:07:26,869 - INFO - ✅ 步骤7: 测试国家选择器功能 - 搜索和切换国家 - 完成（部分功能可能未完全测试）
2026-05-08 20:07:27,879 - INFO - 🎉 测试用例102183执行成功！
2026-05-08 20:07:27,879 - INFO - ✅ 注册页面国家默认选择与设备地区一致: China
2026-05-08 20:07:29,918 - INFO - ✅ 报告已生成: /Users/ambrose.chen/Desktop/iot/project/APP外壳/2测试报告/platform/ios_20260508_200507/ios_20260508_200507_report.xlsx
