2026-05-09 19:15:45,139 - INFO - 🔄 步骤0: 登出，确保从登出状态开始测试
2026-05-09 19:15:45,139 - INFO - 开始登出流程...
2026-05-09 19:15:45,381 - INFO - 检测到home sel元素
2026-05-09 19:15:56,749 - INFO - ✅ 点击mine按钮: //XCUIElementTypeButton[@name="mine"]
2026-05-09 19:15:58,933 - INFO - ✅ 点击CommonEdit编辑按钮: //XCUIElementTypeButton[@name="CommonEdit"]
2026-05-09 19:16:01,117 - INFO - ✅ 点击Log Out: //XCUIElementTypeButton[@name="Log Out"]
2026-05-09 19:16:03,319 - INFO - ✅ 点击Confirm: //XCUIElementTypeButton[@name="Confirm"]
2026-05-09 19:16:04,820 - INFO - 登出操作完成
2026-05-09 19:16:05,171 - INFO - ✅ 成功回到登录页面
2026-05-09 19:16:05,172 - INFO - ✅ 步骤0: 登出，确保从登出状态开始测试 - 完成
2026-05-09 19:16:07,181 - INFO - 🔄 步骤1: 验证在APP首页（登录页面）
2026-05-09 19:16:07,353 - INFO - ✅ 步骤1: 验证在APP首页（登录页面） - 完成，确认在APP首页（登录页面）
2026-05-09 19:16:09,362 - INFO - 🔄 步骤2: 点击Sign Up按钮进入注册页面
2026-05-09 19:16:10,303 - INFO - ✅ 步骤2: 点击Sign Up按钮进入注册页面 - 完成
2026-05-09 19:16:13,313 - INFO - 🔄 步骤3: 验证进入Sign Up页面
2026-05-09 19:16:13,551 - INFO - ✅ 步骤3: 验证进入Sign Up页面 - 完成，确认已进入Sign Up注册页面
2026-05-09 19:16:15,553 - INFO - 🔄 步骤4: 国家切为France（中国以外地区）
2026-05-09 19:16:16,771 - INFO - ✅ 已点击国家栏下拉按钮
2026-05-09 19:17:29,306 - INFO - ✅ 已输入搜索关键词: France
2026-05-09 19:17:37,756 - INFO - ✅ 已选择国家: France，命中的元素: France
2026-05-09 19:17:40,766 - INFO - ✅ 步骤4: 国家切为France（中国以外地区） - 完成，已切换国家为France
2026-05-09 19:17:42,768 - INFO - 🔄 步骤5: 输入邮箱（value="Email"）
2026-05-09 19:17:42,773 - INFO - 📧 生成简单邮箱地址: testuser188@163.com
2026-05-09 19:17:44,639 - INFO - ✅ 步骤5: 输入邮箱（value="Email"） - 完成，邮箱: testuser188@163.com
2026-05-09 19:17:46,643 - INFO - 🔄 步骤6: 点击Done按钮收起键盘
2026-05-09 19:17:47,872 - INFO - ✅ 步骤6: 点击Done按钮收起键盘 - 完成
2026-05-09 19:17:49,880 - INFO - 🔄 步骤7: 勾选隐私政策和用户协议
2026-05-09 19:17:55,662 - INFO - ✅ 隐私政策复选框已勾选
2026-05-09 19:17:56,669 - INFO - ✅ 步骤7: 勾选隐私政策和用户协议 - 完成
2026-05-09 19:17:58,678 - INFO - 🔄 步骤8: 点击Next按钮进入密码设置
2026-05-09 19:17:59,383 - INFO - ✅ 步骤8: 点击Next按钮进入密码设置 - 完成
2026-05-09 19:18:02,387 - INFO - 🔄 步骤9: 设置密码
2026-05-09 19:18:07,668 - INFO - ✅ 步骤9: 设置密码 - 完成
2026-05-09 19:18:09,678 - INFO - 🔄 步骤10: 点击Done按钮收起键盘
2026-05-09 19:18:10,903 - INFO - ✅ 步骤10: 点击Done按钮收起键盘 - 完成
2026-05-09 19:18:12,913 - INFO - 🔄 步骤11: 点击Next按钮进入用户名设置页面
2026-05-09 19:18:13,916 - INFO - ✅ 步骤11: 点击Next按钮进入用户名设置页面 - 完成
2026-05-09 19:18:16,920 - INFO - 🔄 步骤12: 输入用户名（value="Username"）
2026-05-09 19:18:19,732 - INFO - ✅ 步骤12: 输入用户名（value="Username"） - 完成
2026-05-09 19:18:20,739 - INFO - 🔄 步骤13: 点击Done按钮收起键盘
2026-05-09 19:18:22,094 - INFO - ✅ 步骤13: 点击Done按钮收起键盘 - 完成
2026-05-09 19:18:23,104 - INFO - 🔄 步骤14: 点击Submit按钮完成注册
2026-05-09 19:18:23,757 - INFO - ✅ 步骤14: 点击Submit按钮完成注册 - 完成
2026-05-09 19:18:28,766 - INFO - 🔄 步骤15: 验证注册成功，跳转到APP主页面
2026-05-09 19:18:28,932 - INFO - ✅ 步骤15: 验证注册成功，跳转到APP主页面 - 完成
2026-05-09 19:18:28,933 - INFO - ✅ 验证通过：注册成功，已跳转到APP主页面
2026-05-09 19:18:30,940 - INFO - 🎉 测试用例102196执行成功！
2026-05-09 19:18:30,941 - INFO - ✅ 验证注册地为"中国"以外地区，正确邮箱，可以注册：注册成功并跳转到主页面
2026-05-09 19:18:32,971 - INFO - ✅ 报告已生成: /Users/ambrose.chen/Desktop/iot/project/APP外壳/2测试报告/platform/ios_20260509_191543/ios_20260509_191543_report.xlsx
