2026-05-09 20:01:43,625 - INFO - 🔄 步骤0: 登出，确保从登出状态开始测试
2026-05-09 20:01:43,625 - INFO - 开始登出流程...
2026-05-09 20:01:43,867 - INFO - 检测到home sel元素
2026-05-09 20:01:55,253 - INFO - ✅ 点击mine按钮: //XCUIElementTypeButton[@name="mine"]
2026-05-09 20:01:57,450 - INFO - ✅ 点击CommonEdit编辑按钮: //XCUIElementTypeButton[@name="CommonEdit"]
2026-05-09 20:01:59,631 - INFO - ✅ 点击Log Out: //XCUIElementTypeButton[@name="Log Out"]
2026-05-09 20:02:01,834 - INFO - ✅ 点击Confirm: //XCUIElementTypeButton[@name="Confirm"]
2026-05-09 20:02:03,337 - INFO - 登出操作完成
2026-05-09 20:02:03,673 - INFO - ✅ 成功回到登录页面
2026-05-09 20:02:03,674 - INFO - ✅ 步骤0: 登出，确保从登出状态开始测试 - 完成
2026-05-09 20:02:05,683 - INFO - 🔄 步骤1: 验证在APP首页（登录页面）
2026-05-09 20:02:05,852 - INFO - ✅ 步骤1: 验证在APP首页（登录页面） - 完成，确认在APP首页（登录页面）
2026-05-09 20:02:07,856 - INFO - 🔄 步骤2: 点击Sign Up按钮进入注册页面
2026-05-09 20:02:08,823 - INFO - ✅ 步骤2: 点击Sign Up按钮进入注册页面 - 完成
2026-05-09 20:02:11,825 - INFO - 🔄 步骤3: 验证进入Sign Up页面
2026-05-09 20:02:12,049 - INFO - ✅ 步骤3: 验证进入Sign Up页面 - 完成，确认已进入Sign Up注册页面
2026-05-09 20:02:14,059 - INFO - 🔄 步骤4: 输入邮箱
2026-05-09 20:02:14,064 - INFO - 📧 生成简单邮箱地址: testuser208@163.com
2026-05-09 20:02:16,003 - INFO - ✅ 步骤4: 输入邮箱 - 完成，邮箱: testuser208@163.com
2026-05-09 20:02:18,013 - INFO - 🔄 步骤5: 勾选隐私政策和用户协议
2026-05-09 20:02:24,140 - INFO - ✅ 隐私政策复选框已勾选
2026-05-09 20:02:25,649 - INFO - 🔄 步骤5.1: 收起键盘（Done）
2026-05-09 20:02:26,948 - INFO - ✅ 已点击Done收起键盘
2026-05-09 20:02:27,953 - INFO - 🔄 步骤6: 点击Next进入set password页面
2026-05-09 20:02:28,700 - INFO - ✅ 步骤6: 点击Next进入set password页面 - 完成，已点击Next按钮
2026-05-09 20:02:31,703 - INFO - 🔄 步骤7: 验证进入set password页面
2026-05-09 20:02:31,997 - INFO - ✅ 成功进入set password页面
2026-05-09 20:02:33,504 - INFO - 🔄 步骤8: 输入密码并确认
2026-05-09 20:02:35,434 - INFO - ✅ 已输入密码: XINGmai12?
2026-05-09 20:02:37,402 - INFO - ✅ 已输入确认密码: XINGmai12?
2026-05-09 20:02:39,619 - INFO - ✅ 密码页已点击Done收起键盘
2026-05-09 20:02:40,629 - INFO - 🔄 步骤9: 点击Next进入用户名页面
2026-05-09 20:02:41,617 - INFO - ✅ 已点击密码页Next按钮
2026-05-09 20:02:44,625 - INFO - 🔄 步骤10: 用户名页面点击Skip并验证主页面
2026-05-09 20:02:57,321 - INFO - ✅ 找到Skip元素: //XCUIElementTypeButton[@name="Skip"]
2026-05-09 20:02:57,836 - INFO - ✅ 已点击Skip跳过用户名
2026-05-09 20:03:01,049 - INFO - ✅ 主页面标识元素存在: //XCUIElementTypeButton[@name="home sel"]
2026-05-09 20:03:02,054 - INFO - 🎉 测试用例102234执行成功！
2026-05-09 20:03:02,055 - INFO - ✅ 数字+大+小写+字符密码可正常跳转，成功到主页面
2026-05-09 20:03:04,088 - INFO - ✅ 报告已生成: /Users/ambrose.chen/Desktop/iot/project/APP外壳/2测试报告/platform/ios_20260509_200141/ios_20260509_200141_report.xlsx
