2026-04-29 17:59:24,458 - INFO - 🔄 步骤0: 登出，确保从登出状态开始测试
2026-04-29 17:59:24,458 - INFO - 开始登出流程...
2026-04-29 17:59:24,684 - INFO - 检测到home sel元素
2026-04-29 17:59:36,079 - INFO - ✅ 点击mine按钮: //XCUIElementTypeButton[@name="mine"]
2026-04-29 17:59:38,247 - INFO - ✅ 点击CommonEdit编辑按钮: //XCUIElementTypeButton[@name="CommonEdit"]
2026-04-29 17:59:40,446 - INFO - ✅ 点击Log Out: //XCUIElementTypeButton[@name="Log Out"]
2026-04-29 17:59:42,674 - INFO - ✅ 点击Confirm: //XCUIElementTypeButton[@name="Confirm"]
2026-04-29 17:59:44,176 - INFO - 登出操作完成
2026-04-29 17:59:44,521 - INFO - ✅ 成功回到登录页面
2026-04-29 17:59:44,522 - INFO - ✅ 步骤0: 登出，确保从登出状态开始测试 - 完成
2026-04-29 17:59:46,523 - INFO - 🔄 步骤1: 点击Sign Up按钮进入注册页面
2026-04-29 17:59:47,517 - INFO - ✅ 步骤1: 点击Sign Up按钮进入注册页面 - 完成
2026-04-29 17:59:49,523 - INFO - 🔄 步骤2: 输入邮箱地址
2026-04-29 17:59:49,529 - INFO - 📧 生成邮箱地址: 1+2-3.4%5_627@163.com
2026-04-29 17:59:51,614 - INFO - ✅ 步骤2: 输入邮箱地址 - 完成，邮箱: 1+2-3.4%5_627@163.com
2026-04-29 17:59:53,615 - INFO - 🔄 步骤3: 同意隐私政策
2026-04-29 17:59:54,688 - INFO - ✅ 步骤3: 同意隐私政策 - 完成
2026-04-29 17:59:56,692 - INFO - 🔄 步骤4: 点击Done按钮（收起键盘）
2026-04-29 17:59:57,982 - INFO - ✅ 步骤4: 点击Done按钮（收起键盘） - 完成
2026-04-29 17:59:59,987 - INFO - 🔄 步骤5: 点击Next按钮进入密码设置
2026-04-29 18:00:00,720 - INFO - ✅ 步骤5: 点击Next按钮进入密码设置 - 完成
2026-04-29 18:00:02,729 - INFO - 🔄 步骤6: 设置密码
2026-04-29 18:00:08,067 - INFO - ✅ 步骤6: 设置密码 - 完成
2026-04-29 18:00:10,071 - INFO - 🔄 步骤7: 点击Done按钮（收起键盘）
2026-04-29 18:00:11,327 - INFO - ✅ 步骤7: 点击Done按钮（收起键盘） - 完成
2026-04-29 18:00:13,329 - INFO - 🔄 步骤8: 点击Next按钮进入个人信息页面
2026-04-29 18:00:14,331 - INFO - ✅ 步骤8: 点击Next按钮进入个人信息页面 - 完成
2026-04-29 18:00:16,337 - INFO - 🔄 步骤9: 验证用户名输入框存在但不输入任何信息
2026-04-29 18:00:17,968 - INFO - ❌ 步骤9: 验证用户名输入框存在但不输入任何信息失败: 无法找到用户名输入框或验证失败 - 用户名输入框应该为空，但实际有内容: Username
assert 'Username' == ''
  
  + Username
2026-04-29 18:00:17,970 - INFO - 
============================================================
2026-04-29 18:00:17,970 - INFO - ❌ 测试失败
2026-04-29 18:00:17,970 - INFO - 📍 失败步骤: 步骤9: 验证用户名输入框存在但不输入任何信息
2026-04-29 18:00:17,971 - INFO - 📝 失败原因: 步骤9: 验证用户名输入框存在但不输入任何信息失败: 无法找到用户名输入框或验证失败 - 用户名输入框应该为空，但实际有内容: Username
assert 'Username' == ''
  
  + Username
2026-04-29 18:00:17,971 - INFO - ============================================================
2026-04-29 18:00:17,975 - INFO - Traceback (most recent call last):

2026-04-29 18:00:17,978 - INFO -   File "/Users/ambrose.chen/Desktop/iot/project/APP外壳/3功能/1平台/IOS/2注册/102247验证不输入用户名，点击返回按钮.py", line 253, in test_102247
    assert input_value == "", f"用户名输入框应该为空，但实际有内容: {input_value}"

2026-04-29 18:00:17,978 - INFO - AssertionError: 用户名输入框应该为空，但实际有内容: Username
assert 'Username' == ''
  
  + Username

2026-04-29 18:00:18,279 - INFO - 已保存test_102247_failed失败截图: screenshots/test_102247_failed_1777456817.png
2026-04-29 18:00:18,302 - INFO - ✅ 报告已生成: /Users/ambrose.chen/Desktop/iot/project/APP外壳/2测试报告/platform/ios_20260429_175922/ios_20260429_175922_report.xlsx
