2026-05-07 22:22:34,225 - INFO - 🔄 步骤0: 登出，确保从登出状态开始测试
2026-05-07 22:22:34,226 - INFO - 开始登出流程...
2026-05-07 22:22:34,477 - INFO - 检测到home sel元素
2026-05-07 22:22:45,844 - INFO - ✅ 点击mine按钮: //XCUIElementTypeButton[@name="mine"]
2026-05-07 22:22:48,046 - INFO - ✅ 点击CommonEdit编辑按钮: //XCUIElementTypeButton[@name="CommonEdit"]
2026-05-07 22:22:50,246 - INFO - ✅ 点击Log Out: //XCUIElementTypeButton[@name="Log Out"]
2026-05-07 22:22:52,432 - INFO - ✅ 点击Confirm: //XCUIElementTypeButton[@name="Confirm"]
2026-05-07 22:22:53,934 - INFO - 登出操作完成
2026-05-07 22:22:54,273 - INFO - ✅ 成功回到登录页面
2026-05-07 22:22:54,274 - INFO - ✅ 步骤0: 登出，确保从登出状态开始测试 - 完成
2026-05-07 22:22:56,284 - INFO - 🔄 步骤1: 验证在APP首页（登录页面）
2026-05-07 22:22:56,463 - INFO - ✅ 步骤1: 验证在APP首页（登录页面） - 完成，确认在APP首页（登录页面）
2026-05-07 22:22:58,472 - INFO - 🔄 步骤2: 点击Sign Up按钮进入注册页面
2026-05-07 22:22:59,431 - INFO - ✅ 步骤2: 点击Sign Up按钮进入注册页面 - 完成
2026-05-07 22:23:02,438 - INFO - 🔄 步骤3: 验证进入Sign Up页面
2026-05-07 22:23:02,664 - INFO - ✅ 步骤3: 验证进入Sign Up页面 - 完成，确认已进入Sign Up注册页面
2026-05-07 22:23:04,672 - INFO - 🔄 步骤4: 输入邮箱
2026-05-07 22:23:04,676 - INFO - 📧 生成简单邮箱地址: testuser129@163.com
2026-05-07 22:23:06,595 - INFO - ✅ 步骤4: 输入邮箱 - 完成，邮箱: testuser129@163.com
2026-05-07 22:23:08,605 - INFO - 🔄 步骤5: 勾选隐私政策和用户协议
2026-05-07 22:23:14,560 - INFO - ✅ 隐私政策复选框已勾选
2026-05-07 22:23:16,070 - INFO - 🔄 步骤5.1: 收起键盘（Done）
2026-05-07 22:23:17,350 - INFO - ✅ 已点击Done收起键盘
2026-05-07 22:23:18,358 - INFO - 🔄 步骤6: 点击Next进入set password页面
2026-05-07 22:23:19,087 - INFO - ✅ 步骤6: 点击Next进入set password页面 - 完成，已点击Next按钮
2026-05-07 22:23:22,093 - INFO - 🔄 步骤7: 验证进入set password页面
2026-05-07 22:23:22,375 - INFO - ✅ 成功进入set password页面
2026-05-07 22:23:23,881 - INFO - 🔄 步骤8: 输入密码并确认
2026-05-07 22:23:25,765 - INFO - ✅ 已输入密码: Csx150128
2026-05-07 22:23:27,695 - INFO - ✅ 已输入确认密码: Csx150128
2026-05-07 22:23:29,962 - INFO - ✅ 密码页已点击Done收起键盘
2026-05-07 22:23:30,967 - INFO - 🔄 步骤9: 点击Next进入Personal Information页面
2026-05-07 22:23:31,948 - INFO - ✅ 已点击密码页Next按钮
2026-05-07 22:23:34,955 - INFO - 🔄 步骤10: 输入用户名，点击Skip，验证跳转主界面
2026-05-07 22:23:35,510 - INFO - ✅ 确认已进入Personal Information页面
2026-05-07 22:23:39,485 - INFO - ✅ 已输入用户名: HEudqUsIwnNHQyTgBRCQSmp4V18dkatKrjQ7WbOiEnHbqXJKeR
2026-05-07 22:23:41,758 - INFO - ✅ 已点击Done收起键盘
2026-05-07 22:23:53,536 - INFO - ✅ 找到Skip元素: //XCUIElementTypeButton[@name="Skip"]
2026-05-07 22:23:53,945 - INFO - ✅ 已点击Skip按钮
2026-05-07 22:23:57,157 - INFO - ✅ 主页面标识元素存在: //XCUIElementTypeButton[@name="home sel"]
2026-05-07 22:23:57,358 - INFO - ✅ Username元素仍显示在主界面
2026-05-07 22:23:58,369 - INFO - 🎉 测试用例102246执行成功！
2026-05-07 22:23:58,369 - INFO - ✅ 输入用户名后点击Skip成功跳转至主界面
2026-05-07 22:24:00,407 - INFO - ✅ 报告已生成: /Users/ambrose.chen/Desktop/iot/project/APP外壳/2测试报告/platform/ios_20260507_222232/ios_20260507_222232_report.xlsx
