2026-05-08 16:24:52,730 - INFO - 🔄 步骤0: 登出，确保从登出状态开始测试
2026-05-08 16:24:52,731 - INFO - 开始登出流程...
2026-05-08 16:25:23,626 - INFO - 未检测到home sel/mine sel/mine，跳过登出流程
2026-05-08 16:25:23,627 - INFO - ✅ 步骤0: 登出，确保从登出状态开始测试 - 完成
2026-05-08 16:25:25,633 - INFO - 🔄 步骤1: 验证在APP首页（登录页面）
2026-05-08 16:25:25,826 - INFO - ✅ 步骤1: 验证在APP首页（登录页面） - 完成，确认在APP首页（登录页面）
2026-05-08 16:25:27,827 - INFO - 🔄 步骤2: 点击Sign Up按钮进入注册页面
2026-05-08 16:25:28,776 - INFO - ✅ 步骤2: 点击Sign Up按钮进入注册页面 - 完成
2026-05-08 16:25:31,779 - INFO - 🔄 步骤3: 验证进入Sign Up页面
2026-05-08 16:25:32,011 - INFO - ✅ 步骤3: 验证进入Sign Up页面 - 完成，确认已进入Sign Up注册页面
2026-05-08 16:25:34,014 - INFO - 🔄 步骤4: 输入错误邮箱（tank163.@163.com）
2026-05-08 16:25:35,776 - INFO - ✅ 步骤4: 输入错误邮箱（tank163.@163.com） - 完成，输入错误邮箱: tank163.@163.com
2026-05-08 16:25:37,084 - INFO - ✅ 已出现提示：Please sign up using your email address
2026-05-08 16:25:37,084 - INFO - 🔄 步骤5: 勾选隐私政策和用户协议
2026-05-08 16:25:43,175 - INFO - ✅ 隐私政策复选框已勾选
2026-05-08 16:25:44,679 - INFO - 🔄 步骤6: 点击Next按钮（错误邮箱）
2026-05-08 16:25:52,690 - INFO - ❌ 步骤6: 点击Next按钮（错误邮箱）失败: 无法找到或点击Next按钮 - Message: 

2026-05-08 16:25:52,691 - INFO - 
============================================================
2026-05-08 16:25:52,691 - INFO - ❌ 测试失败
2026-05-08 16:25:52,691 - INFO - 📍 失败步骤: 步骤6: 点击Next按钮（错误邮箱）
2026-05-08 16:25:52,691 - INFO - 📝 失败原因: 步骤6: 点击Next按钮（错误邮箱）失败: 无法找到或点击Next按钮 - Message: 

2026-05-08 16:25:52,691 - INFO - ============================================================
2026-05-08 16:25:52,694 - INFO - Traceback (most recent call last):

2026-05-08 16:25:52,695 - INFO -   File "/Users/ambrose.chen/Desktop/iot/project/APP外壳/3功能/1平台/IOS/2注册/102209 验证修改错误邮箱，错误提示就会消失.py", line 227, in test_102209
    next_btn = WebDriverWait(driver, 8).until(
               ^^^^^^^^^^^^^^^^^^^^^^^^^^^^^^^

2026-05-08 16:25:52,695 - INFO -   File "/Library/Frameworks/Python.framework/Versions/3.11/lib/python3.11/site-packages/selenium/webdriver/support/wait.py", line 138, in until
    raise TimeoutException(message, screen, stacktrace)

2026-05-08 16:25:52,695 - INFO - selenium.common.exceptions.TimeoutException: Message: 


2026-05-08 16:25:52,944 - INFO - 已保存test_102209_failed失败截图: screenshots/test_102209_failed_1778228752.png
2026-05-08 16:25:52,960 - INFO - ✅ 报告已生成: /Users/ambrose.chen/Desktop/iot/project/APP外壳/2测试报告/platform/ios_20260508_162450/ios_20260508_162450_report.xlsx
