2026-05-09 18:42:18,138 - INFO - 🔄 步骤0: 登出，确保从登出状态开始测试
2026-05-09 18:42:18,139 - INFO - 开始登出流程...
2026-05-09 18:42:18,390 - INFO - 检测到home sel元素
2026-05-09 18:42:29,802 - INFO - ✅ 点击mine按钮: //XCUIElementTypeButton[@name="mine"]
2026-05-09 18:42:32,006 - INFO - ✅ 点击CommonEdit编辑按钮: //XCUIElementTypeButton[@name="CommonEdit"]
2026-05-09 18:42:34,153 - INFO - ✅ 点击Log Out: //XCUIElementTypeButton[@name="Log Out"]
2026-05-09 18:42:36,351 - INFO - ✅ 点击Confirm: //XCUIElementTypeButton[@name="Confirm"]
2026-05-09 18:42:37,861 - INFO - 登出操作完成
2026-05-09 18:42:38,208 - INFO - ✅ 成功回到登录页面
2026-05-09 18:42:38,209 - INFO - ✅ 步骤0: 登出，确保从登出状态开始测试 - 完成
2026-05-09 18:42:40,216 - INFO - 🔄 步骤1: 点击Sign Up按钮进入注册页面
2026-05-09 18:42:41,209 - INFO - ✅ 步骤1: 点击Sign Up按钮进入注册页面 - 完成
2026-05-09 18:42:43,211 - INFO - 🔄 步骤2-5: 输入邮箱并进入设置密码页面
2026-05-09 18:42:43,215 - INFO - 📧 生成未使用过的特殊字符邮箱: 1+2-3.4%5_682373@163.com
2026-05-09 18:42:45,265 - INFO - ✅ 步骤2: 输入邮箱 - 完成（第1次尝试），邮箱: 1+2-3.4%5_682373@163.com
2026-05-09 18:42:52,538 - INFO - ✅ 步骤3: 同意隐私政策 - 完成
2026-05-09 18:42:54,636 - INFO - ✅ 步骤4: Done收起键盘 - 完成
2026-05-09 18:42:56,187 - INFO - ✅ 步骤5: 点击Next - 完成
2026-05-09 18:42:58,204 - INFO - ✅ 已进入set password页面
2026-05-09 18:42:58,204 - INFO - 🔄 步骤6: 设置密码
2026-05-09 18:43:03,277 - INFO - ✅ 步骤6: 设置密码 - 完成
2026-05-09 18:43:05,286 - INFO - 🔄 步骤7: 点击Done按钮（收起键盘）
2026-05-09 18:43:06,523 - INFO - ✅ 步骤7: 点击Done按钮（收起键盘） - 完成
2026-05-09 18:43:08,533 - INFO - 🔄 步骤8: 点击Next按钮进入个人信息页面
2026-05-09 18:43:09,517 - INFO - ✅ 步骤8: 点击Next按钮进入个人信息页面 - 完成
2026-05-09 18:43:11,526 - INFO - 🔄 步骤9: 设置49个字符的用户名
2026-05-09 18:43:11,527 - INFO - 📝 生成的用户名长度: 49 个字符
2026-05-09 18:43:13,938 - INFO - ✅ 已点击用户名区域: //XCUIElementTypeTextField[@value="Username"]
2026-05-09 18:43:14,956 - INFO - ✅ 命中用户名输入框定位: //XCUIElementTypeTextField[@value="Username"]
2026-05-09 18:43:16,344 - INFO - ✅ 步骤9: 设置49个字符的用户名 - 完成，输入的用户名长度: 49 个字符
2026-05-09 18:43:16,345 - INFO - 📝 输入的用户名: DI9VqBGffXEd749X9m7Ax5ttUgd5nsg7hIzbzqwm02UfWYuQ6
2026-05-09 18:43:19,350 - INFO - 🔄 步骤10: 点击Done按钮收起键盘
2026-05-09 18:43:20,602 - INFO - ✅ 步骤10: 点击Done按钮收起键盘 - 完成
2026-05-09 18:43:22,612 - INFO - 🔄 步骤11: 点击submit
2026-05-09 18:43:23,283 - INFO - ✅ 步骤11: 点击submit - 完成
2026-05-09 18:43:26,289 - INFO - 🔄 步骤12: 验证跳转到APP主页面
2026-05-09 18:43:26,720 - INFO - ✅ 步骤12: 验证跳转到APP主页面 - 完成
2026-05-09 18:43:26,720 - INFO - 🔄 步骤13: 验证用户名显示为完整的49个字符
2026-05-09 18:43:26,895 - INFO - ✅ 找到用户名元素，使用选择器: //XCUIElementTypeStaticText[contains(@name, "Hi")]
2026-05-09 18:43:26,949 - INFO - 📝 用户名显示内容: Hi, DI9VqBGffXEd749X9m7Ax5ttUgd5nsg7hIzbzqwm02UfWYuQ6
2026-05-09 18:43:26,950 - INFO - ✅ 步骤13: 验证用户名显示为完整的49个字符 - 完成
2026-05-09 18:43:26,950 - INFO - 📝 输入的用户名长度: 49 个字符
2026-05-09 18:43:26,950 - INFO - 📝 显示的用户名长度: 49 个字符（完整显示）
2026-05-09 18:43:26,950 - INFO - 📝 显示的用户名: DI9VqBGffXEd749X9m7Ax5ttUgd5nsg7hIzbzqwm02UfWYuQ6
2026-05-09 18:43:26,950 - INFO - 🎉 测试用例102180执行成功！
2026-05-09 18:43:28,994 - INFO - ✅ 报告已生成: /Users/ambrose.chen/Desktop/iot/project/APP外壳/2测试报告/platform/ios_20260509_184216/ios_20260509_184216_report.xlsx
