2026-05-11 20:57:46,566 - INFO - 🔄 步骤0: 登出，确保从登出状态开始测试
2026-05-11 20:57:46,566 - INFO - 开始登出流程...
2026-05-11 20:58:17,485 - INFO - 未检测到home sel/mine sel/mine，跳过登出流程
2026-05-11 20:58:17,486 - INFO - ✅ 步骤0: 登出，确保从登出状态开始测试 - 完成
2026-05-11 20:58:19,494 - INFO - 🔄 步骤1: 验证在APP首页（登录页面）
2026-05-11 20:58:19,660 - INFO - ✅ 步骤1: 验证在APP首页（登录页面） - 完成，确认在APP首页（登录页面）
2026-05-11 20:58:21,663 - INFO - 🔄 步骤2: 点击Sign Up按钮进入注册页面
2026-05-11 20:58:22,627 - INFO - ✅ 步骤2: 点击Sign Up按钮进入注册页面 - 完成
2026-05-11 20:58:25,637 - INFO - 🔄 步骤3: 验证进入Sign Up页面
2026-05-11 20:58:25,876 - INFO - ✅ 步骤3: 验证进入Sign Up页面 - 完成，确认已进入Sign Up注册页面
2026-05-11 20:58:27,877 - INFO - 🔄 步骤4: 输入邮箱
2026-05-11 20:58:27,881 - INFO - 📧 生成简单邮箱地址: testuser235@163.com
2026-05-11 20:58:29,854 - INFO - ✅ 步骤4: 输入邮箱 - 完成，邮箱: testuser235@163.com
2026-05-11 20:58:31,862 - INFO - 🔄 步骤5: 勾选隐私政策和用户协议
2026-05-11 20:58:37,980 - INFO - ✅ 隐私政策复选框已勾选
2026-05-11 20:58:39,489 - INFO - 🔄 步骤5.1: 收起键盘（Done）
2026-05-11 20:58:40,750 - INFO - ✅ 已点击Done收起键盘
2026-05-11 20:58:41,755 - INFO - 🔄 步骤6: 点击Next进入set password页面
2026-05-11 20:58:42,457 - INFO - ✅ 步骤6: 点击Next进入set password页面 - 完成，已点击Next按钮
2026-05-11 20:58:45,465 - INFO - 🔄 步骤7: 验证进入set password页面
2026-05-11 20:58:45,763 - INFO - ✅ 成功进入set password页面
2026-05-11 20:58:47,272 - INFO - 🔄 步骤8: 输入小于6位密码并验证规则颜色
2026-05-11 20:58:48,816 - INFO - ✅ 已输入密码: Csx15
2026-05-11 20:58:50,719 - INFO - 📝 规则提示: • 6-20 characters 颜色: None
2026-05-11 20:58:51,117 - INFO - 📝 规则提示: • contains letters 颜色: None
2026-05-11 20:58:51,502 - INFO - 📝 规则提示: • contains numbers 颜色: None
2026-05-11 20:58:51,892 - INFO - 📝 规则提示: • Supports special characters:! @ # $ % ^ & * ( ) - _ = + \ | [ ] { } ; : / ? . , ~ > < ` 颜色: None
2026-05-11 20:58:51,892 - INFO - ✅ 规则颜色检查完成（无法获取颜色时已记录）
2026-05-11 20:58:52,901 - INFO - 🔄 步骤9: 收起键盘并点击Next，验证停留当前页面
2026-05-11 20:58:54,102 - INFO - ✅ 已点击Done收起键盘
2026-05-11 20:58:55,671 - INFO - ✅ 已尝试点击密码页Next按钮
2026-05-11 20:58:57,984 - INFO - ✅ 点击后仍停留在set password页面，Next按钮不可使页面跳转
2026-05-11 20:58:58,987 - INFO - 🎉 测试用例102224执行成功！
2026-05-11 20:58:58,988 - INFO - ✅ 密码小于6位时规则颜色符合预期，Next按钮不可跳转
2026-05-11 20:59:01,027 - INFO - ✅ 报告已生成: /Users/ambrose.chen/Desktop/iot/project/APP外壳/2测试报告/platform/ios_20260511_205744/ios_20260511_205744_report.xlsx
