2026-05-11 10:40:30,522 - INFO - 🔄 步骤1: 重启APP并处理登录状态
2026-05-11 10:40:51,684 - INFO - ✅ 步骤1: 重启APP并处理登录状态 - 完成
2026-05-11 10:40:51,685 - INFO - 🔄 步骤2: 点击Sign In进入登录页
2026-05-11 10:40:54,608 - INFO - ✅ 步骤2: 点击Sign In进入登录页 - 完成
2026-05-11 10:40:54,608 - INFO - 🔄 步骤3: 点击Forgot password进入忘记密码页
2026-05-11 10:40:57,712 - INFO - ✅ 步骤3: 点击Forgot password进入忘记密码页 - 完成
2026-05-11 10:40:57,713 - INFO - 🔄 步骤4: 输入邮箱并点击Next进入验证码页
2026-05-11 10:41:05,911 - INFO - ✅ 步骤4: 输入邮箱并点击Next进入验证码页 - 完成，邮箱: haoc51888@gmail.com
2026-05-11 10:41:05,912 - INFO - 🔄 步骤5: Gmail获取最新验证码code
2026-05-11 10:42:49,593 - INFO - ✅ 步骤5: Gmail获取最新验证码code - 完成，code: 117990
2026-05-11 10:42:49,594 - INFO - 🔄 步骤6: 输入验证码进入Set Password页
2026-05-11 10:42:59,056 - INFO - ✅ 步骤6: 输入验证码进入Set Password页 - 完成
2026-05-11 10:42:59,057 - INFO - 🔄 步骤7: 输入纯特殊字符密码(两次)并收起键盘
2026-05-11 10:43:05,296 - INFO - ✅ 步骤7: 输入纯特殊字符密码(两次)并收起键盘 - 完成，password: !@#$%^&*()-==+\'l[};:/?...~><`
2026-05-11 10:43:05,297 - INFO - 🔄 步骤8: 校验密码规则文案颜色（若能取到color）
2026-05-11 10:43:05,535 - INFO - 📝 规则提示: • 6-20 characters 颜色: None
2026-05-11 10:43:05,766 - INFO - 📝 规则提示: • contains letters 颜色: None
2026-05-11 10:43:05,989 - INFO - 📝 规则提示: • contains numbers 颜色: None
2026-05-11 10:43:06,217 - INFO - 📝 规则提示: • Supports special characters:! @ # $ % ^ & * ( ) - _ = + \ | [ ] { } ; : / ? . , ~ > < ` 颜色: None
2026-05-11 10:43:06,217 - INFO - ✅ 步骤8: 校验密码规则文案颜色（若能取到color） - 完成
2026-05-11 10:43:06,217 - INFO - 🔄 步骤9: 点击Submit，断言不可完成修改密码（仍停留Set Password页）
2026-05-11 10:43:06,500 - INFO - ✅ 步骤9: 点击Submit，断言不可完成修改密码（仍停留Set Password页） - 完成
2026-05-11 10:43:06,500 - INFO - 🎉 测试用例102153执行成功！
2026-05-11 10:43:06,522 - INFO - ✅ 报告已生成: /Users/ambrose.chen/Desktop/iot/project/APP外壳/2测试报告/platform/ios_20260511_104028/ios_20260511_104028_report.xlsx
