2026-05-12 11:17:19,419 - INFO - 🔄 步骤0: 登出，确保从登出状态开始测试
2026-05-12 11:17:19,420 - INFO - 开始登出流程...
2026-05-12 11:17:50,308 - INFO - 未检测到home sel/mine sel/mine，跳过登出流程
2026-05-12 11:17:50,310 - INFO - ✅ 步骤0: 登出，确保从登出状态开始测试 - 完成
2026-05-12 11:17:52,319 - INFO - 🔄 步骤1: 验证在APP首页（登录页面）
2026-05-12 11:17:52,480 - INFO - ✅ 步骤1: 验证在APP首页（登录页面） - 完成，确认在APP首页（登录页面）
2026-05-12 11:17:54,489 - INFO - 🔄 步骤2: 点击Sign Up按钮进入注册页面
2026-05-12 11:17:55,438 - INFO - ✅ 步骤2: 点击Sign Up按钮进入注册页面 - 完成
2026-05-12 11:17:58,447 - INFO - 🔄 步骤3: 验证进入Sign Up页面
2026-05-12 11:17:58,689 - INFO - ✅ 步骤3: 验证进入Sign Up页面 - 完成，确认已进入Sign Up注册页面
2026-05-12 11:18:00,696 - INFO - 🔄 步骤4: 输入已注册邮箱
2026-05-12 11:18:02,603 - INFO - ✅ 步骤4: 输入已注册邮箱 - 完成，输入邮箱: haoc51888@gmail.com
2026-05-12 11:18:04,612 - INFO - 🔄 步骤5: 勾选隐私政策和用户协议
2026-05-12 11:18:10,739 - INFO - ✅ 隐私政策复选框已勾选
2026-05-12 11:18:12,248 - INFO - 🔄 步骤5.1: 收起键盘（Done）
2026-05-12 11:18:13,523 - INFO - ✅ 已点击Done收起键盘
2026-05-12 11:18:14,531 - INFO - 🔄 步骤6: 点击Next按钮
2026-05-12 11:18:15,230 - INFO - ✅ 步骤6: 点击Next按钮 - 完成，已点击Next按钮
2026-05-12 11:18:17,233 - INFO - 🔄 步骤7: 验证弹框提示已注册
2026-05-12 11:18:17,528 - INFO - ✅ 弹框提示已注册: This email is already registered. Ready to sign in now?
2026-05-12 11:18:18,537 - INFO - 🔄 步骤8: 点击Cancel
2026-05-12 11:18:19,313 - INFO - ✅ 已点击Cancel
2026-05-12 11:18:21,322 - INFO - 🔄 步骤9: 断言仍停留在注册页面
2026-05-12 11:18:21,564 - INFO - ✅ 步骤9: 断言仍停留在注册页面 - 完成，仍停留在注册页面
2026-05-12 11:18:22,565 - INFO - 🎉 测试用例102220执行成功！
2026-05-12 11:18:22,565 - INFO - ✅ 已注册邮箱再次注册，弹框后点击Cancel，仍停留在注册页
2026-05-12 11:18:24,605 - INFO - ✅ 报告已生成: /Users/ambrose.chen/Desktop/iot/project/APP外壳/2测试报告/platform/ios_20260512_111717/ios_20260512_111717_report.xlsx
