2026-05-20 11:34:37,812 - INFO - 🔄 步骤1: 重启APP
2026-05-20 11:34:42,712 - INFO - ✅ 步骤1: 重启APP - 完成
2026-05-20 11:34:42,715 - INFO - 🔄 步骤2: 检测登录状态并确保在登录/注册入口页
2026-05-20 11:34:43,521 - INFO - ✅ 步骤2: 检测登录状态并确保在登录/注册入口页 - 完成
2026-05-20 11:34:43,522 - INFO - 🔄 步骤3: 点击 Sign Up 进入注册页
2026-05-20 11:34:45,782 - INFO - ✅ 步骤3: 点击 Sign Up 进入注册页 - 完成
2026-05-20 11:34:45,787 - INFO - 📧 生成简单邮箱地址: testuser352@163.com
2026-05-20 11:34:45,787 - INFO -     📧 生成邮箱: testuser352@163.com
2026-05-20 11:34:45,787 - INFO - 🔄 步骤4: 在邮箱栏输入邮箱
2026-05-20 11:35:20,009 - INFO -     🔄 断言已输入: //android.widget.EditText[@text="testuser352@163.com"]
2026-05-20 11:35:20,445 - INFO - ✅ 步骤4: 在邮箱栏输入邮箱 - 完成
2026-05-20 11:35:20,445 - INFO - 🔄 步骤5: 点击邮箱右侧 clear（×）
2026-05-20 11:35:20,445 - INFO -     🔄 可选聚焦: //android.widget.EditText[@text="testuser352@163.com"]/android.view.View
2026-05-20 11:35:20,840 - INFO -     🔄 定位清空: //android.widget.ImageView[@content-desc="clear"]
2026-05-20 11:35:22,499 - INFO - ✅ 步骤5: 点击邮箱右侧 clear（×） - 完成
2026-05-20 11:35:22,500 - INFO - 🔄 步骤6: 断言邮箱框内容已清除
2026-05-20 11:35:37,817 - INFO -     📝 清除后邮箱框: ''
2026-05-20 11:35:37,818 - INFO - ✅ 步骤6: 断言邮箱框内容已清除 - 完成
2026-05-20 11:35:37,818 - INFO - 🎉 测试用例 200047 执行成功！
2026-05-20 11:35:37,847 - INFO - ✅ 报告已生成: /Users/ambrose.chen/Desktop/iot/project/APP外壳/2测试报告/platform/android_20260520_113435/android_20260520_113435_report.xlsx
