2026-05-11 21:07:13,838 - INFO - 🔄 步骤0: 登出，确保从登出状态开始测试
2026-05-11 21:07:13,839 - INFO - 开始登出流程...
2026-05-11 21:07:44,748 - INFO - 未检测到home sel/mine sel/mine，跳过登出流程
2026-05-11 21:07:44,749 - INFO - ✅ 步骤0: 登出，确保从登出状态开始测试 - 完成
2026-05-11 21:07:46,756 - INFO - 🔄 步骤1: 验证在APP首页（登录页面）
2026-05-11 21:07:46,930 - INFO - ✅ 步骤1: 验证在APP首页（登录页面） - 完成，确认在APP首页（登录页面）
2026-05-11 21:07:48,939 - INFO - 🔄 步骤2: 点击Sign Up按钮进入注册页面
2026-05-11 21:07:49,904 - INFO - ✅ 步骤2: 点击Sign Up按钮进入注册页面 - 完成
2026-05-11 21:07:52,907 - INFO - 🔄 步骤3: 验证进入Sign Up页面
2026-05-11 21:07:53,144 - INFO - ✅ 步骤3: 验证进入Sign Up页面 - 完成，确认已进入Sign Up注册页面
2026-05-11 21:07:55,149 - INFO - 🔄 步骤4: 输入邮箱
2026-05-11 21:07:55,153 - INFO - 📧 生成简单邮箱地址: testuser242@163.com
2026-05-11 21:07:57,155 - INFO - ✅ 步骤4: 输入邮箱 - 完成，邮箱: testuser242@163.com
2026-05-11 21:07:59,164 - INFO - 🔄 步骤5: 勾选隐私政策和用户协议
2026-05-11 21:08:05,290 - INFO - ✅ 隐私政策复选框已勾选
2026-05-11 21:08:06,800 - INFO - 🔄 步骤5.1: 收起键盘（Done）
2026-05-11 21:08:08,061 - INFO - ✅ 已点击Done收起键盘
2026-05-11 21:08:09,069 - INFO - 🔄 步骤6: 点击Next进入set password页面
2026-05-11 21:08:09,776 - INFO - ✅ 步骤6: 点击Next进入set password页面 - 完成，已点击Next按钮
2026-05-11 21:08:12,785 - INFO - 🔄 步骤7: 验证进入set password页面
2026-05-11 21:08:13,082 - INFO - ✅ 成功进入set password页面
2026-05-11 21:08:14,593 - INFO - 🔄 步骤8: 输入纯特殊字符密码并验证规则颜色
2026-05-11 21:08:16,702 - INFO - ✅ 已输入密码: !@#$%^&*()-==+\'l[};:/?...~><`
2026-05-11 21:08:19,011 - INFO - ✅ 已输入确认密码: !@#$%^&*()-==+\'l[};:/?...~><`
2026-05-11 21:08:20,420 - INFO - 📝 规则提示: • 6-20 characters 颜色: None
2026-05-11 21:08:20,817 - INFO - 📝 规则提示: • contains letters 颜色: None
2026-05-11 21:08:21,207 - INFO - 📝 规则提示: • contains numbers 颜色: None
2026-05-11 21:08:21,587 - INFO - 📝 规则提示: • Supports special characters:! @ # $ % ^ & * ( ) - _ = + \ | [ ] { } ; : / ? . , ~ > < ` 颜色: None
2026-05-11 21:08:22,782 - INFO - ✅ 密码页已点击Done收起键盘
2026-05-11 21:08:23,786 - INFO - 🔄 步骤9: 点击Next验证仍停留在set password页面
2026-05-11 21:08:24,355 - INFO - ✅ 已尝试点击密码页Next按钮（应无跳转）
2026-05-11 21:08:26,657 - INFO - ✅ 点击后仍停留在set password页面，Next按钮不可使页面跳转
2026-05-11 21:08:27,665 - INFO - 🎉 测试用例102231执行成功！
2026-05-11 21:08:27,666 - INFO - ✅ 纯字符密码规则提示符合预期，Next不可跳转
2026-05-11 21:08:29,707 - INFO - ✅ 报告已生成: /Users/ambrose.chen/Desktop/iot/project/APP外壳/2测试报告/platform/ios_20260511_210712/ios_20260511_210712_report.xlsx
