2026-05-09 18:19:50,734 - INFO - 🔄 步骤1: 重置APP，检测登录状态并登出
2026-05-09 18:19:56,676 - INFO -     ✅ APP已重置
2026-05-09 18:20:11,879 - INFO -     ℹ️ 未检测到登录状态，已在登录页面
2026-05-09 18:20:11,881 - INFO - ✅ 步骤1: 重置APP，检测登录状态并登出 - 完成
2026-05-09 18:20:11,881 - INFO - 🔄 步骤2: 点击登录按钮进入Sign in页面
2026-05-09 18:20:12,865 - INFO - ✅ 步骤2: 点击登录按钮进入Sign in页面 - 完成
2026-05-09 18:20:14,374 - INFO - 🔄 步骤3: 点击邮箱框，输入邮箱
2026-05-09 18:20:55,175 - INFO -     ✅ 邮箱输入完成: haoc51888@gmail.com
2026-05-09 18:20:56,182 - INFO - ✅ 步骤3: 点击邮箱框，输入邮箱 - 完成
2026-05-09 18:20:56,182 - INFO - 🔄 步骤4: 点击密码框，输入密码
2026-05-09 18:21:37,549 - INFO -     ✅ 密码输入完成
2026-05-09 18:21:38,559 - INFO - ✅ 步骤4: 点击密码框，输入密码 - 完成
2026-05-09 18:21:38,559 - INFO - 🔄 步骤5: 点击键盘Done，收起键盘
2026-05-09 18:21:39,811 - INFO - ✅ 步骤5: 点击键盘Done，收起键盘 - 完成
2026-05-09 18:21:40,812 - INFO - 🔄 步骤6: 点击登录按钮（不勾选用户协议和隐私政策）
2026-05-09 18:21:41,644 - INFO - ✅ 步骤6: 点击登录按钮（不勾选用户协议和隐私政策） - 完成
2026-05-09 18:21:43,652 - INFO - 🔄 步骤7: 断言页面显示错误提示信息
2026-05-09 18:21:43,997 - INFO -     ✅ 找到错误提示信息: Please confirm and tick the Privacy Policy and User Agreement
2026-05-09 18:21:43,997 - INFO - ✅ 步骤7: 断言页面显示错误提示信息 - 完成，错误提示信息已显示
2026-05-09 18:21:43,997 - INFO - 🎉 测试用例102660执行成功！
2026-05-09 18:21:44,029 - INFO - ✅ 报告已生成: /Users/ambrose.chen/Desktop/iot/project/APP外壳/2测试报告/platform/ios_20260509_181948/ios_20260509_181948_report.xlsx
