2026-05-07 22:12:28,682 - INFO - 🔄 步骤0: 登出，确保从登出状态开始测试
2026-05-07 22:12:28,683 - INFO - 开始登出流程...
2026-05-07 22:12:59,570 - INFO - 未检测到home sel/mine sel/mine，跳过登出流程
2026-05-07 22:12:59,571 - INFO - ✅ 步骤0: 登出，确保从登出状态开始测试 - 完成
2026-05-07 22:13:01,577 - INFO - 🔄 步骤1: 验证在APP首页（登录页面）
2026-05-07 22:13:01,740 - INFO - ✅ 步骤1: 验证在APP首页（登录页面） - 完成，确认在APP首页（登录页面）
2026-05-07 22:13:03,745 - INFO - 🔄 步骤2: 点击Sign Up按钮进入注册页面
2026-05-07 22:13:04,694 - INFO - ✅ 步骤2: 点击Sign Up按钮进入注册页面 - 完成
2026-05-07 22:13:07,705 - INFO - 🔄 步骤3: 验证进入Sign Up页面
2026-05-07 22:13:07,941 - INFO - ✅ 步骤3: 验证进入Sign Up页面 - 完成，确认已进入Sign Up注册页面
2026-05-07 22:13:09,949 - INFO - 🔄 步骤4: 输入邮箱
2026-05-07 22:13:09,952 - INFO - 📧 生成简单邮箱地址: testuser121@163.com
2026-05-07 22:13:11,861 - INFO - ✅ 步骤4: 输入邮箱 - 完成，邮箱: testuser121@163.com
2026-05-07 22:13:13,863 - INFO - 🔄 步骤5: 勾选隐私政策和用户协议
2026-05-07 22:13:19,827 - INFO - ✅ 隐私政策复选框已勾选
2026-05-07 22:13:21,337 - INFO - 🔄 步骤5.1: 收起键盘（Done）
2026-05-07 22:13:22,653 - INFO - ✅ 已点击Done收起键盘
2026-05-07 22:13:23,659 - INFO - 🔄 步骤6: 点击Next进入set password页面
2026-05-07 22:13:24,363 - INFO - ✅ 步骤6: 点击Next进入set password页面 - 完成，已点击Next按钮
2026-05-07 22:13:27,372 - INFO - 🔄 步骤7: 验证进入set password页面
2026-05-07 22:13:27,662 - INFO - ✅ 成功进入set password页面
2026-05-07 22:13:29,163 - INFO - 🔄 步骤8: 输入大写+特殊字符密码并验证规则颜色
2026-05-07 22:13:31,032 - INFO - ✅ 已输入密码: !@#*XINGMAI
2026-05-07 22:13:32,990 - INFO - ✅ 已输入确认密码: !@#*XINGMAI
2026-05-07 22:13:34,413 - INFO - 📝 规则提示: • 6-20 characters 颜色: None
2026-05-07 22:13:34,820 - INFO - 📝 规则提示: • contains letters 颜色: None
2026-05-07 22:13:35,245 - INFO - 📝 规则提示: • contains numbers 颜色: None
2026-05-07 22:13:35,662 - INFO - 📝 规则提示: • Supports special characters:! @ # $ % ^ & * ( ) - _ = + \ | [ ] { } ; : / ? . , ~ > < ` 颜色: None
2026-05-07 22:13:36,899 - INFO - ✅ 密码页已点击Done收起键盘
2026-05-07 22:13:37,907 - INFO - 🔄 步骤9: 点击Next验证仍停留在set password页面
2026-05-07 22:13:38,481 - INFO - ✅ 已尝试点击密码页Next按钮（应无跳转）
2026-05-07 22:13:40,803 - INFO - ✅ 点击后仍停留在set password页面，Next按钮不可使页面跳转
2026-05-07 22:13:41,813 - INFO - 🎉 测试用例102238执行成功！
2026-05-07 22:13:41,813 - INFO - ✅ 大写+特殊字符密码规则提示符合预期，Next不可跳转
2026-05-07 22:13:43,845 - INFO - ✅ 报告已生成: /Users/ambrose.chen/Desktop/iot/project/APP外壳/2测试报告/platform/ios_20260507_221226/ios_20260507_221226_report.xlsx
