2026-05-07 22:01:41,737 - INFO - 🔄 步骤0: 登出，确保从登出状态开始测试
2026-05-07 22:01:41,738 - INFO - 开始登出流程...
2026-05-07 22:02:12,648 - INFO - 未检测到home sel/mine sel/mine，跳过登出流程
2026-05-07 22:02:12,649 - INFO - ✅ 步骤0: 登出，确保从登出状态开始测试 - 完成
2026-05-07 22:02:14,654 - INFO - 🔄 步骤1: 验证在APP首页（登录页面）
2026-05-07 22:02:14,815 - INFO - ✅ 步骤1: 验证在APP首页（登录页面） - 完成，确认在APP首页（登录页面）
2026-05-07 22:02:16,825 - INFO - 🔄 步骤2: 点击Sign Up按钮进入注册页面
2026-05-07 22:02:17,781 - INFO - ✅ 步骤2: 点击Sign Up按钮进入注册页面 - 完成
2026-05-07 22:02:20,791 - INFO - 🔄 步骤3: 验证进入Sign Up页面
2026-05-07 22:02:21,017 - INFO - ✅ 步骤3: 验证进入Sign Up页面 - 完成，确认已进入Sign Up注册页面
2026-05-07 22:02:23,026 - INFO - 🔄 步骤4: 输入邮箱
2026-05-07 22:02:23,030 - INFO - 📧 生成简单邮箱地址: testuser113@163.com
2026-05-07 22:02:25,036 - INFO - ✅ 步骤4: 输入邮箱 - 完成，邮箱: testuser113@163.com
2026-05-07 22:02:27,037 - INFO - 🔄 步骤5: 勾选隐私政策和用户协议
2026-05-07 22:02:33,010 - INFO - ✅ 隐私政策复选框已勾选
2026-05-07 22:02:34,517 - INFO - 🔄 步骤5.1: 收起键盘（Done）
2026-05-07 22:02:35,821 - INFO - ✅ 已点击Done收起键盘
2026-05-07 22:02:36,829 - INFO - 🔄 步骤6: 点击Next进入set password页面
2026-05-07 22:02:37,534 - INFO - ✅ 步骤6: 点击Next进入set password页面 - 完成，已点击Next按钮
2026-05-07 22:02:40,544 - INFO - 🔄 步骤7: 验证进入set password页面
2026-05-07 22:02:40,844 - INFO - ✅ 成功进入set password页面
2026-05-07 22:02:42,348 - INFO - 🔄 步骤8: 输入纯大写密码并验证规则颜色
2026-05-07 22:02:44,094 - INFO - ✅ 已输入密码: XINGMAI
2026-05-07 22:02:46,053 - INFO - ✅ 已输入确认密码: XINGMAI
2026-05-07 22:02:47,470 - INFO - 📝 规则提示: • 6-20 characters 颜色: None
2026-05-07 22:02:47,905 - INFO - 📝 规则提示: • contains letters 颜色: None
2026-05-07 22:02:48,324 - INFO - 📝 规则提示: • contains numbers 颜色: None
2026-05-07 22:02:48,735 - INFO - 📝 规则提示: • Supports special characters:! @ # $ % ^ & * ( ) - _ = + \ | [ ] { } ; : / ? . , ~ > < ` 颜色: None
2026-05-07 22:02:49,954 - INFO - ✅ 密码页已点击Done收起键盘
2026-05-07 22:02:50,956 - INFO - 🔄 步骤9: 点击Next验证仍停留在set password页面
2026-05-07 22:02:51,539 - INFO - ✅ 已尝试点击密码页Next按钮（应无跳转）
2026-05-07 22:02:53,870 - INFO - ✅ 点击后仍停留在set password页面，Next按钮不可使页面跳转
2026-05-07 22:02:54,873 - INFO - 🎉 测试用例102230执行成功！
2026-05-07 22:02:54,873 - INFO - ✅ 纯大写密码规则提示符合预期，Next不可跳转
2026-05-07 22:02:56,900 - INFO - ✅ 报告已生成: /Users/ambrose.chen/Desktop/iot/project/APP外壳/2测试报告/platform/ios_20260507_220139/ios_20260507_220139_report.xlsx
