2026-05-07 21:45:10,776 - INFO - 🔄 步骤0: 登出，确保从登出状态开始测试
2026-05-07 21:45:10,776 - INFO - 开始登出流程...
2026-05-07 21:45:41,694 - INFO - 未检测到home sel/mine sel/mine，跳过登出流程
2026-05-07 21:45:41,696 - INFO - ✅ 步骤0: 登出，确保从登出状态开始测试 - 完成
2026-05-07 21:45:43,705 - INFO - 🔄 步骤1: 验证在APP首页（登录页面）
2026-05-07 21:45:43,873 - INFO - ✅ 步骤1: 验证在APP首页（登录页面） - 完成，确认在APP首页（登录页面）
2026-05-07 21:45:45,879 - INFO - 🔄 步骤2: 点击Sign Up按钮进入注册页面
2026-05-07 21:45:46,843 - INFO - ✅ 步骤2: 点击Sign Up按钮进入注册页面 - 完成
2026-05-07 21:45:49,851 - INFO - 🔄 步骤3: 验证进入Sign Up页面
2026-05-07 21:45:50,076 - INFO - ✅ 步骤3: 验证进入Sign Up页面 - 完成，确认已进入Sign Up注册页面
2026-05-07 21:45:52,077 - INFO - 🔄 步骤4: 邮箱输入错误格式
2026-05-07 21:45:53,973 - INFO - ✅ 步骤4: 邮箱输入错误格式 - 完成，输入错误邮箱: asd@gmail@163.com
2026-05-07 21:45:55,975 - INFO - 🔄 步骤5: 勾选隐私政策和用户协议
2026-05-07 21:46:01,979 - INFO - ✅ 隐私政策复选框已勾选
2026-05-07 21:46:03,488 - INFO - 🔄 步骤5.1: 收起键盘（Done）
2026-05-07 21:46:04,785 - INFO - ✅ 已点击Done收起键盘
2026-05-07 21:46:05,787 - INFO - 🔄 步骤6: 点击Next按钮
2026-05-07 21:46:06,431 - INFO - ✅ 步骤6: 点击Next按钮 - 完成，已点击Next按钮
2026-05-07 21:46:08,439 - INFO - 🔄 步骤7: 验证停留当前页面并出现提示
2026-05-07 21:46:19,364 - INFO - ✅ 找到提示信息元素，选择器: //XCUIElementTypeStaticText[@name="Please sign up using your email address"]
2026-05-07 21:46:19,364 - INFO - ✅ 步骤7: 验证停留当前页面并出现提示 - 完成，提示信息: Please sign up using your email address
2026-05-07 21:46:21,368 - INFO - 🎉 测试用例102218执行成功！
2026-05-07 21:46:21,368 - INFO - ✅ 验证错误邮箱 asd@gmail@163.com 勾选隐私后点击Next，停留当前页并提示“Please sign up using your email address”
2026-05-07 21:46:23,398 - INFO - ✅ 报告已生成: /Users/ambrose.chen/Desktop/iot/project/APP外壳/2测试报告/platform/ios_20260507_214508/ios_20260507_214508_report.xlsx
