2026-05-09 18:47:28,968 - INFO - 🔄 步骤0: 登出，确保从登出状态开始测试
2026-05-09 18:47:28,968 - INFO - 开始登出流程...
2026-05-09 18:47:59,894 - INFO - 未检测到home sel/mine sel/mine，跳过登出流程
2026-05-09 18:47:59,895 - INFO - ✅ 步骤0: 登出，确保从登出状态开始测试 - 完成
2026-05-09 18:48:01,899 - INFO - 🔄 步骤1: 验证在APP首页（登录页面）
2026-05-09 18:48:02,082 - INFO - ✅ 步骤1: 验证在APP首页（登录页面） - 完成，确认在APP首页（登录页面）
2026-05-09 18:48:04,090 - INFO - 🔄 步骤2: 点击Sign Up按钮进入注册页面
2026-05-09 18:48:05,046 - INFO - ✅ 步骤2: 点击Sign Up按钮进入注册页面 - 完成
2026-05-09 18:48:08,056 - INFO - 🔄 步骤3: 验证进入Sign Up页面
2026-05-09 18:48:08,295 - INFO - ✅ 步骤3: 验证进入Sign Up页面 - 完成，确认已进入Sign Up注册页面
2026-05-09 18:48:10,301 - INFO - 🔄 步骤4: 点击国家栏下拉按钮
2026-05-09 18:48:11,407 - INFO - ✅ 步骤4: 点击国家栏下拉按钮 - 完成，已点击国家栏下拉按钮
2026-05-09 18:48:14,411 - INFO - 🔄 步骤5: 验证跳转至国家选择页面
2026-05-09 18:48:47,632 - INFO - ✅ 步骤5: 验证跳转至国家选择页面 - 完成，确认已跳转至国家选择页面
2026-05-09 18:48:49,637 - INFO - 🔄 步骤6: 点击搜索框并输入america
2026-05-09 18:49:25,990 - INFO - ✅ 步骤6: 点击搜索框并输入america - 完成，已输入america
2026-05-09 18:49:27,998 - INFO - 🔄 步骤7: 选择United States of America
2026-05-09 18:49:34,577 - INFO - ✅ 步骤7: 选择United States of America - 完成，已选择国家项: United States of America
2026-05-09 18:49:37,585 - INFO - 🔄 步骤8: 验证注册页面显示的国家与选择的一致
2026-05-09 18:49:37,889 - INFO - ✅ 找到国家显示元素，使用选择器: //XCUIElementTypeStaticText[@name="United States of America"]
2026-05-09 18:49:37,889 - INFO - 📝 注册页面显示的国家: United States of America
2026-05-09 18:49:37,889 - INFO - ✅ 步骤8: 验证注册页面显示的国家与选择的一致 - 完成
2026-05-09 18:49:37,890 - INFO - ✅ 注册页面显示的国家与选择的一致: United States of America
2026-05-09 18:49:39,898 - INFO - 🎉 测试用例102184执行成功！
2026-05-09 18:49:39,899 - INFO - ✅ 注册页面国家切换功能正常，选择的国家已正确显示
2026-05-09 18:49:41,940 - INFO - ✅ 报告已生成: /Users/ambrose.chen/Desktop/iot/project/APP外壳/2测试报告/platform/ios_20260509_184727/ios_20260509_184727_report.xlsx
