2026-05-09 20:05:35,927 - INFO - 🔄 步骤0: 登出，确保从登出状态开始测试
2026-05-09 20:05:35,928 - INFO - 开始登出流程...
2026-05-09 20:06:06,840 - INFO - 未检测到home sel/mine sel/mine，跳过登出流程
2026-05-09 20:06:06,840 - INFO - ✅ 步骤0: 登出，确保从登出状态开始测试 - 完成
2026-05-09 20:06:08,848 - INFO - 🔄 步骤1: 验证在APP首页（登录页面）
2026-05-09 20:06:09,004 - INFO - ✅ 步骤1: 验证在APP首页（登录页面） - 完成，确认在APP首页（登录页面）
2026-05-09 20:06:11,011 - INFO - 🔄 步骤2: 点击Sign Up按钮进入注册页面
2026-05-09 20:06:11,969 - INFO - ✅ 步骤2: 点击Sign Up按钮进入注册页面 - 完成
2026-05-09 20:06:14,974 - INFO - 🔄 步骤3: 验证进入Sign Up页面
2026-05-09 20:06:15,208 - INFO - ✅ 步骤3: 验证进入Sign Up页面 - 完成，确认已进入Sign Up注册页面
2026-05-09 20:06:17,218 - INFO - 🔄 步骤4: 输入邮箱
2026-05-09 20:06:17,221 - INFO - 📧 生成简单邮箱地址: testuser211@163.com
2026-05-09 20:06:19,116 - INFO - ✅ 步骤4: 输入邮箱 - 完成，邮箱: testuser211@163.com
2026-05-09 20:06:21,125 - INFO - 🔄 步骤5: 勾选隐私政策和用户协议
2026-05-09 20:06:27,242 - INFO - ✅ 隐私政策复选框已勾选
2026-05-09 20:06:28,749 - INFO - 🔄 步骤5.1: 收起键盘（Done）
2026-05-09 20:06:29,994 - INFO - ✅ 已点击Done收起键盘
2026-05-09 20:06:31,004 - INFO - 🔄 步骤6: 点击Next进入set password页面
2026-05-09 20:06:31,687 - INFO - ✅ 步骤6: 点击Next进入set password页面 - 完成，已点击Next按钮
2026-05-09 20:06:34,694 - INFO - 🔄 步骤7: 验证进入set password页面
2026-05-09 20:06:34,988 - INFO - ✅ 成功进入set password页面
2026-05-09 20:06:36,498 - INFO - 🔄 步骤8: 输入小写+特殊字符密码并验证规则颜色
2026-05-09 20:06:38,317 - INFO - ✅ 已输入密码: !@#&xingmai
2026-05-09 20:06:40,257 - INFO - ✅ 已输入确认密码: !@#&xingmai
2026-05-09 20:06:41,657 - INFO - 📝 规则提示: • 6-20 characters 颜色: None
2026-05-09 20:06:42,059 - INFO - 📝 规则提示: • contains letters 颜色: None
2026-05-09 20:06:42,451 - INFO - 📝 规则提示: • contains numbers 颜色: None
2026-05-09 20:06:42,844 - INFO - 📝 规则提示: • Supports special characters:! @ # $ % ^ & * ( ) - _ = + \ | [ ] { } ; : / ? . , ~ > < ` 颜色: None
2026-05-09 20:06:44,043 - INFO - ✅ 密码页已点击Done收起键盘
2026-05-09 20:06:45,048 - INFO - 🔄 步骤9: 点击Next验证仍停留在set password页面
2026-05-09 20:06:45,634 - INFO - ✅ 已尝试点击密码页Next按钮（应无跳转）
2026-05-09 20:06:47,951 - INFO - ✅ 点击后仍停留在set password页面，Next按钮不可使页面跳转
2026-05-09 20:06:48,960 - INFO - 🎉 测试用例102237执行成功！
2026-05-09 20:06:48,961 - INFO - ✅ 小写+特殊字符密码规则提示符合预期，Next不可跳转
2026-05-09 20:06:50,997 - INFO - ✅ 报告已生成: /Users/ambrose.chen/Desktop/iot/project/APP外壳/2测试报告/platform/ios_20260509_200534/ios_20260509_200534_report.xlsx
