2026-05-11 21:28:10,768 - INFO - 🔄 步骤0: 登出，确保从登出状态开始测试
2026-05-11 21:28:10,770 - INFO - 开始登出流程...
2026-05-11 21:28:11,059 - INFO - 检测到home sel元素
2026-05-11 21:28:22,533 - INFO - ✅ 点击mine按钮: //XCUIElementTypeButton[@name="mine"]
2026-05-11 21:28:24,731 - INFO - ✅ 点击CommonEdit编辑按钮: //XCUIElementTypeButton[@name="CommonEdit"]
2026-05-11 21:28:26,897 - INFO - ✅ 点击Log Out: //XCUIElementTypeButton[@name="Log Out"]
2026-05-11 21:28:29,071 - INFO - ✅ 点击Confirm: //XCUIElementTypeButton[@name="Confirm"]
2026-05-11 21:28:30,581 - INFO - 登出操作完成
2026-05-11 21:28:31,068 - INFO - ✅ 成功回到登录页面（通过等待）
2026-05-11 21:28:31,068 - INFO - ✅ 步骤0: 登出，确保从登出状态开始测试 - 完成
2026-05-11 21:28:33,079 - INFO - 🔄 步骤1: 验证在APP首页（登录页面）
2026-05-11 21:28:33,248 - INFO - ✅ 步骤1: 验证在APP首页（登录页面） - 完成，确认在APP首页（登录页面）
2026-05-11 21:28:35,251 - INFO - 🔄 步骤2: 点击Sign Up按钮进入注册页面
2026-05-11 21:28:36,206 - INFO - ✅ 步骤2: 点击Sign Up按钮进入注册页面 - 完成
2026-05-11 21:28:39,216 - INFO - 🔄 步骤3: 验证进入Sign Up页面
2026-05-11 21:28:39,469 - INFO - ✅ 步骤3: 验证进入Sign Up页面 - 完成，确认已进入Sign Up注册页面
2026-05-11 21:28:41,476 - INFO - 🔄 步骤4: 输入邮箱
2026-05-11 21:28:41,481 - INFO - 📧 生成简单邮箱地址: testuser257@163.com
2026-05-11 21:28:43,487 - INFO - ✅ 步骤4: 输入邮箱 - 完成，邮箱: testuser257@163.com
2026-05-11 21:28:45,492 - INFO - 🔄 步骤5: 勾选隐私政策和用户协议
2026-05-11 21:28:51,623 - INFO - ✅ 隐私政策复选框已勾选
2026-05-11 21:28:53,130 - INFO - 🔄 步骤5.1: 收起键盘（Done）
2026-05-11 21:28:54,388 - INFO - ✅ 已点击Done收起键盘
2026-05-11 21:28:55,399 - INFO - 🔄 步骤6: 点击Next进入set password页面
2026-05-11 21:28:56,132 - INFO - ✅ 步骤6: 点击Next进入set password页面 - 完成，已点击Next按钮
2026-05-11 21:28:59,138 - INFO - 🔄 步骤7: 验证进入set password页面
2026-05-11 21:28:59,437 - INFO - ✅ 成功进入set password页面
2026-05-11 21:29:00,944 - INFO - 🔄 步骤8: 输入密码并确认
2026-05-11 21:29:02,789 - INFO - ✅ 已输入密码: Csx150128
2026-05-11 21:29:04,779 - INFO - ✅ 已输入确认密码: Csx150128
2026-05-11 21:29:07,001 - INFO - ✅ 密码页已点击Done收起键盘
2026-05-11 21:29:08,009 - INFO - 🔄 步骤9: 点击Next进入Personal Information页面
2026-05-11 21:29:08,998 - INFO - ✅ 已点击密码页Next按钮
2026-05-11 21:29:12,000 - INFO - 🔄 步骤10: 输入用户名，点击Skip，验证跳转主界面
2026-05-11 21:29:22,716 - INFO - ❌ 步骤10: 输入用户名，点击Skip，验证跳转主界面失败: Message: 
Stacktrace:
NoSuchElementError: An element could not be located on the page using the given search parameters.
    at XCUITestDriver.doNativeFind (/Users/ambrose.chen/.appium/node_modules/appium-xcuitest-driver/lib/commands/find.js:116:11)
    at processTicksAndRejections (node:internal/process/task_queues:103:5)
    at XCUITestDriver.findNativeElementOrElements (/Users/ambrose.chen/.appium/node_modules/appium-xcuitest-driver/lib/commands/find.js:69:10)
    at XCUITestDriver.findElOrEls (/Users/ambrose.chen/.appium/node_modules/appium-xcuitest-driver/lib/commands/find.js:13:12)
    at XCUITestDriver.findElOrElsWithProcessing (/Users/ambrose.chen/.appium/node_modules/appium-xcuitest-driver/node_modules/@appium/base-driver/lib/basedriver/commands/find.ts:60:12)
    at XCUITestDriver.findElement (/Users/ambrose.chen/.appium/node_modules/appium-xcuitest-driver/node_modules/@appium/base-driver/lib/basedriver/commands/find.ts:75:12)
2026-05-11 21:29:22,717 - INFO - 
============================================================
2026-05-11 21:29:22,717 - INFO - ❌ 测试失败
2026-05-11 21:29:22,718 - INFO - 📍 失败步骤: 步骤10: 输入用户名，点击Skip，验证跳转主界面
2026-05-11 21:29:22,718 - INFO - 📝 失败原因: 步骤10: 输入用户名，点击Skip，验证跳转主界面失败: Message: 
Stacktrace:
NoSuchElementError: An element could not be located on the page using the given search parameters.
    at XCUITestDriver.doNativeFind (/Users/ambrose.chen/.appium/node_modules/appium-xcuitest-driver/lib/commands/find.js:116:11)
    at processTicksAndRejections (node:internal/process/task_queues:103:5)
    at XCUITestDriver.findNativeElementOrElements (/Users/ambrose.chen/.appium/node_modules/appium-xcuitest-driver/lib/commands/find.js:69:10)
    at XCUITestDriver.findElOrEls (/Users/ambrose.chen/.appium/node_modules/appium-xcuitest-driver/lib/commands/find.js:13:12)
    at XCUITestDriver.findElOrElsWithProcessing (/Users/ambrose.chen/.appium/node_modules/appium-xcuitest-driver/node_modules/@appium/base-driver/lib/basedriver/commands/find.ts:60:12)
    at XCUITestDriver.findElement (/Users/ambrose.chen/.appium/node_modules/appium-xcuitest-driver/node_modules/@appium/base-driver/lib/basedriver/commands/find.ts:75:12)
2026-05-11 21:29:22,718 - INFO - ============================================================
2026-05-11 21:29:22,724 - INFO - Traceback (most recent call last):

2026-05-11 21:29:22,725 - INFO -   File "/Users/ambrose.chen/Desktop/iot/project/APP外壳/3功能/1平台/IOS/2注册/102246 验证输入用户名，点击"Skip"按钮.py", line 308, in test_102246
    personal_info_text = WebDriverWait(driver, 10).until(
                         ^^^^^^^^^^^^^^^^^^^^^^^^^^^^^^^^

2026-05-11 21:29:22,726 - INFO -   File "/Library/Frameworks/Python.framework/Versions/3.11/lib/python3.11/site-packages/selenium/webdriver/support/wait.py", line 138, in until
    raise TimeoutException(message, screen, stacktrace)

2026-05-11 21:29:22,726 - INFO - selenium.common.exceptions.TimeoutException: Message: 
Stacktrace:
NoSuchElementError: An element could not be located on the page using the given search parameters.
    at XCUITestDriver.doNativeFind (/Users/ambrose.chen/.appium/node_modules/appium-xcuitest-driver/lib/commands/find.js:116:11)
    at processTicksAndRejections (node:internal/process/task_queues:103:5)
    at XCUITestDriver.findNativeElementOrElements (/Users/ambrose.chen/.appium/node_modules/appium-xcuitest-driver/lib/commands/find.js:69:10)
    at XCUITestDriver.findElOrEls (/Users/ambrose.chen/.appium/node_modules/appium-xcuitest-driver/lib/commands/find.js:13:12)
    at XCUITestDriver.findElOrElsWithProcessing (/Users/ambrose.chen/.appium/node_modules/appium-xcuitest-driver/node_modules/@appium/base-driver/lib/basedriver/commands/find.ts:60:12)
    at XCUITestDriver.findElement (/Users/ambrose.chen/.appium/node_modules/appium-xcuitest-driver/node_modules/@appium/base-driver/lib/basedriver/commands/find.ts:75:12)

2026-05-11 21:29:22,988 - INFO - 已保存test_102246_failed失败截图: screenshots/test_102246_failed_1778506162.png
2026-05-11 21:29:23,013 - INFO - ✅ 报告已生成: /Users/ambrose.chen/Desktop/iot/project/APP外壳/2测试报告/platform/ios_20260511_212808/ios_20260511_212808_report.xlsx
