2026-05-12 10:08:18,861 - INFO - 🔄 步骤1: 重置APP，检测登录状态并登出
2026-05-12 10:08:24,725 - INFO -     ✅ APP已重置
2026-05-12 10:08:39,929 - INFO -     ℹ️ 未检测到登录状态，已在登录页面
2026-05-12 10:08:39,931 - INFO - ✅ 步骤1: 重置APP，检测登录状态并登出 - 完成
2026-05-12 10:08:39,931 - INFO - 🔄 步骤2: 点击登录按钮进入Sign in页面
2026-05-12 10:08:40,919 - INFO - ✅ 步骤2: 点击登录按钮进入Sign in页面 - 完成
2026-05-12 10:08:42,423 - INFO - 🔄 步骤3: 点击密码框，输入密码，验证密码被隐藏
2026-05-12 10:09:23,104 - INFO -     ✅ 密码输入完成
2026-05-12 10:09:24,352 - INFO -     ✅ 验证密码被隐藏成功（类型: XCUIElementTypeSecureTextField）
2026-05-12 10:09:24,353 - INFO - ✅ 步骤3: 点击密码框，输入密码，验证密码被隐藏 - 完成
2026-05-12 10:09:24,353 - INFO - 🔄 步骤4: 点击眼睛按钮，验证密码显示明文
2026-05-12 10:09:25,440 - INFO -     ✅ 已点击眼睛按钮
2026-05-12 10:09:32,880 - INFO -     ✅ 密码已显示明文（状态: type=XCUIElementTypeTextField, value='Csx150128'）
2026-05-12 10:09:32,880 - INFO - ✅ 步骤4: 点击眼睛按钮，验证密码显示明文 - 完成，密码已显示明文
2026-05-12 10:09:32,880 - INFO - 🔄 步骤5: 再次点击眼睛按钮，验证密码被隐藏
2026-05-12 10:09:33,979 - INFO -     ✅ 已再次点击眼睛按钮
2026-05-12 10:09:40,948 - INFO -     ✅ 验证密码被隐藏成功（状态: type=XCUIElementTypeSecureTextField, value='•••••••••'）
2026-05-12 10:09:40,948 - INFO - ✅ 步骤5: 再次点击眼睛按钮，验证密码被隐藏 - 完成，密码已隐藏
2026-05-12 10:09:40,948 - INFO - 🎉 测试用例102671执行成功！
2026-05-12 10:09:40,976 - INFO - ✅ 报告已生成: /Users/ambrose.chen/Desktop/iot/project/APP外壳/2测试报告/platform/ios_20260512_100817/ios_20260512_100817_report.xlsx
