2026-05-09 19:29:11,101 - INFO - 🔄 步骤0: 登出，确保从登出状态开始测试
2026-05-09 19:29:11,104 - INFO - 开始登出流程...
2026-05-09 19:29:42,011 - INFO - 未检测到home sel/mine sel/mine，跳过登出流程
2026-05-09 19:29:42,012 - INFO - ✅ 步骤0: 登出，确保从登出状态开始测试 - 完成
2026-05-09 19:29:44,021 - INFO - 🔄 步骤1: 验证在APP首页（登录页面）
2026-05-09 19:29:44,172 - INFO - ✅ 步骤1: 验证在APP首页（登录页面） - 完成，确认在APP首页（登录页面）
2026-05-09 19:29:46,180 - INFO - 🔄 步骤2: 点击Sign Up按钮进入注册页面
2026-05-09 19:29:47,126 - INFO - ✅ 步骤2: 点击Sign Up按钮进入注册页面 - 完成
2026-05-09 19:29:50,136 - INFO - 🔄 步骤3: 验证进入Sign Up页面
2026-05-09 19:29:50,380 - INFO - ✅ 步骤3: 验证进入Sign Up页面 - 完成，确认已进入Sign Up注册页面
2026-05-09 19:29:52,387 - INFO - 🔄 步骤4: 输入错误邮箱（tank163.@163.com）
2026-05-09 19:29:54,132 - INFO - ✅ 步骤4: 输入错误邮箱（tank163.@163.com） - 完成，输入错误邮箱: tank163.@163.com
2026-05-09 19:29:56,474 - INFO - ✅ 已出现提示：Please sign up using your email address
2026-05-09 19:29:56,474 - INFO - 🔄 步骤5: 勾选隐私政策和用户协议
2026-05-09 19:30:02,230 - INFO - ✅ 隐私政策复选框已勾选
2026-05-09 19:30:03,735 - INFO - 🔄 步骤6: 点击Next按钮（错误邮箱）
2026-05-09 19:30:04,394 - INFO - ✅ 步骤6: 点击Next按钮（错误邮箱） - 已尝试点击Next按钮
2026-05-09 19:30:05,399 - INFO - 🔄 步骤7: 验证停留当前页面并出现提示（错误邮箱）
2026-05-09 19:30:05,911 - INFO - ✅ 步骤7: 验证停留当前页面并出现提示（错误邮箱） - 完成，提示信息: Please sign up using your email address
2026-05-09 19:30:07,919 - INFO - 🔄 步骤8: 修正邮箱为正确邮箱
2026-05-09 19:30:07,923 - INFO - 📧 生成简单邮箱地址: testuser195@163.com
2026-05-09 19:30:20,927 - INFO - ✅ 步骤8: 修正邮箱为正确邮箱 - 完成，输入正确邮箱: testuser195@163.com
2026-05-09 19:30:33,324 - INFO - ✅ 修正邮箱后错误提示已消失
2026-05-09 19:30:33,326 - INFO - 🔄 步骤9: 再次点击Next按钮（正确邮箱）
2026-05-09 19:30:33,973 - INFO - ✅ 步骤9: 再次点击Next按钮（正确邮箱） - 已尝试点击Next按钮（正确邮箱）
2026-05-09 19:30:36,981 - INFO - 🔄 步骤10: 验证跳转到set password页面
2026-05-09 19:30:37,169 - INFO - ✅ 步骤10: 验证跳转到set password页面 - 完成，已进入 Set Password 页面
2026-05-09 19:30:39,175 - INFO - 🎉 测试用例102209执行成功！
2026-05-09 19:30:39,176 - INFO - ✅ 错误邮箱提示后，改正邮箱再次点击Next，成功跳转到set password页面
2026-05-09 19:30:41,218 - INFO - ✅ 报告已生成: /Users/ambrose.chen/Desktop/iot/project/APP外壳/2测试报告/platform/ios_20260509_192909/ios_20260509_192909_report.xlsx
