2026-05-09 18:54:36,464 - INFO - 🔄 步骤0: 登出，确保从登出状态开始测试
2026-05-09 18:54:36,465 - INFO - 开始登出流程...
2026-05-09 18:55:07,357 - INFO - 未检测到home sel/mine sel/mine，跳过登出流程
2026-05-09 18:55:07,358 - INFO - ✅ 步骤0: 登出，确保从登出状态开始测试 - 完成
2026-05-09 18:55:09,363 - INFO - 🔄 步骤1: 验证在APP首页（登录页面）
2026-05-09 18:55:09,542 - INFO - ✅ 步骤1: 验证在APP首页（登录页面） - 完成，确认在APP首页（登录页面）
2026-05-09 18:55:11,547 - INFO - 🔄 步骤2: 点击Sign Up按钮进入注册页面
2026-05-09 18:55:12,519 - INFO - ✅ 步骤2: 点击Sign Up按钮进入注册页面 - 完成
2026-05-09 18:55:15,527 - INFO - 🔄 步骤3: 验证进入Sign Up页面
2026-05-09 18:55:15,751 - INFO - ✅ 步骤3: 验证进入Sign Up页面 - 完成，确认已进入Sign Up注册页面
2026-05-09 18:55:17,760 - INFO - 🔄 步骤4: 点击国家栏下拉按钮
2026-05-09 18:55:18,867 - INFO - ✅ 步骤4: 点击国家栏下拉按钮 - 完成，已点击国家栏下拉按钮
2026-05-09 18:55:21,877 - INFO - 🔄 步骤5: 验证跳转至国家选择页面
2026-05-09 18:55:55,295 - INFO - ✅ 步骤5: 验证跳转至国家选择页面 - 完成，确认已跳转至国家选择页面
2026-05-09 18:55:57,298 - INFO - 🔄 步骤6: 点击搜索框并输入Americ
2026-05-09 18:56:33,580 - INFO - ✅ 步骤6: 点击搜索框并输入Americ - 完成，已输入Americ
2026-05-09 18:56:36,582 - INFO - 🔄 步骤7: 验证下面显示多个国家
2026-05-09 18:56:52,614 - INFO - 📝 找到的国家数量: 2
2026-05-09 18:56:52,615 - INFO - 📝 找到的国家（前10个）: ['American Samoa', 'United States of America']
2026-05-09 18:56:52,616 - INFO - ✅ 步骤7: 验证下面显示多个国家 - 完成，找到 2 个匹配的国家
2026-05-09 18:56:54,624 - INFO - 🔄 步骤8: 点击清除按钮
2026-05-09 18:57:12,298 - INFO - ✅ 步骤8: 点击清除按钮 - 完成，已点击清除按钮
2026-05-09 18:57:14,309 - INFO - 🔄 步骤9: 验证筛选出来的国家消失了，显示默认状态下的国家
2026-05-09 18:57:31,028 - INFO - 📝 搜索框当前内容: 'Search'
2026-05-09 18:58:36,809 - INFO - 📝 清除后显示的默认国家数量: 12
2026-05-09 18:58:36,809 - INFO - 📝 显示的默认国家（前20个）: ['dictation', 'Return', 'Afghanistan', 'Albania', 'Algeria', 'American Samoa', 'Andorra', 'Angola', 'Anguilla', 'SystemInputAssistantView', 'CenterPageView', 'UIKeyboardLayoutStar Preview']
2026-05-09 18:58:36,809 - INFO - 📝 清除后新增的非筛选国家数量: 11
2026-05-09 18:58:36,810 - INFO - 📝 清除后新增的非筛选国家（前10个）: ['dictation', 'Return', 'Afghanistan', 'Albania', 'Algeria', 'Andorra', 'Angola', 'Anguilla', 'SystemInputAssistantView', 'CenterPageView']
2026-05-09 18:58:36,810 - INFO - ✅ 步骤9: 验证筛选出来的国家消失了，显示默认状态下的国家 - 完成
2026-05-09 18:58:36,810 - INFO - ✅ 验证通过：筛选出来的国家已消失，显示默认状态下的国家列表（共 12 个国家）
2026-05-09 18:58:38,814 - INFO - 🎉 测试用例102187执行成功！
2026-05-09 18:58:38,814 - INFO - ✅ 注册页面国家切换-清空搜索内容：清除按钮功能正常，筛选出来的国家已消失，显示默认状态下的国家
2026-05-09 18:58:40,855 - INFO - ✅ 报告已生成: /Users/ambrose.chen/Desktop/iot/project/APP外壳/2测试报告/platform/ios_20260509_185434/ios_20260509_185434_report.xlsx
